
 *******************************************************************************
 **                 BAND EVALUATION OF ENERGIES AND FORCES                    **
 *******************************************************************************
 **                                                                           **
 **                                                                           **
 ** Replica Env Nr. :    5              Replica Band Nr. :   13               **
 ** Band  Step  Nr. :    0                                                    **
 *******************************************************************************

 Number of electrons:                                                        674
 Number of occupied orbitals:                                                370
 Number of molecular orbitals:                                               437

 Number of orbital functions:                                               1844
 Number of independent orbital functions:                                   1844

 Parameters for the always stable predictor-corrector (ASPC) method:

  ASPC order: 0

  B(1) =   1.000000

 *** WARNING in fm/cp_fm_elpa.F:521 :: Setting real_kernel for ELPA failed ***


 Extrapolation method: ASPC


 SCF WAVEFUNCTION OPTIMIZATION

  Step     Update method      Time    Convergence         Total energy    Change
  ------------------------------------------------------------------------------

 *** WARNING in fm/cp_fm_elpa.F:521 :: Setting real_kernel for ELPA failed ***

     1 Broy./Diag. 0.15E+00    8.4     0.00090233     -1608.4515212174 -1.61E+03

 *** WARNING in fm/cp_fm_elpa.F:521 :: Setting real_kernel for ELPA failed ***

     2 Broy./Diag. 0.15E+00   11.9     0.00198426     -1608.4510933727  4.28E-04

 *** WARNING in fm/cp_fm_elpa.F:521 :: Setting real_kernel for ELPA failed ***

     3 Broy./Diag. 0.15E+00   12.6     0.00114131     -1608.4466623806  4.43E-03

 *** WARNING in fm/cp_fm_elpa.F:521 :: Setting real_kernel for ELPA failed ***

     4 Broy./Diag. 0.15E+00   12.7     0.00005826     -1608.4506788641 -4.02E-03

 *** WARNING in fm/cp_fm_elpa.F:521 :: Setting real_kernel for ELPA failed ***

     5 Broy./Diag. 0.15E+00   12.4     0.00003923     -1608.4511186675 -4.40E-04

  *** SCF run converged in     5 steps ***


  Electronic density on regular grids:       -673.9999999284        0.0000000716
  Core density on regular grids:              673.9999999671       -0.0000000329
  Total charge density on r-space grids:        0.0000000386
  Total charge density g-space grids:           0.0000000386

  Overlap energy of the core charge distribution:               0.16169868524120
  Self energy of the core charge distribution:              -3774.19779000501012
  Core Hamiltonian energy:                                   1120.14386515201727
  Hartree energy:                                            1403.54462098862086
  Exchange-correlation energy:                               -357.87161607299032
  Dispersion energy:                                           -0.21783980537984
  Electronic entropic energy:                                  -0.01405780533200
  Fermi energy:                                                 0.01342431918648

  Total energy:                                             -1608.45111866749835

 !-----------------------------------------------------------------------------!
                     Mulliken Population Analysis

 #  Atom  Element  Kind  Atomic population                           Net charge
       1     Ti       1         11.030054                              0.969946
       2     Ti       1         11.017675                              0.982325
       3     Ti       1         10.962397                              1.037603
       4     Ti       1         10.964474                              1.035526
       5     Ti       1         11.031337                              0.968663
       6     Ti       1         11.029600                              0.970400
       7     Ti       1         10.986848                              1.013152
       8     Ti       1         10.984361                              1.015639
       9     H        2          0.930649                              0.069351
      10     H        2          0.928855                              0.071145
      11     H        2          0.936997                              0.063003
      12     H        2          0.918980                              0.081020
      13     H        2          0.940630                              0.059370
      14     H        2          0.947808                              0.052192
      15     H        2          0.925353                              0.074647
      16     H        2          0.946320                              0.053680
      17     H        2          0.933002                              0.066998
      18     H        2          0.927460                              0.072540
      19     H        2          0.927007                              0.072993
      20     H        2          0.927869                              0.072131
      21     H        2          0.872666                              0.127334
      22     H        2          0.867466                              0.132534
      23     H        2          0.936559                              0.063441
      24     H        2          0.942176                              0.057824
      25     H        2          0.936300                              0.063700
      26     H        2          0.930434                              0.069566
      27     H        2          0.925953                              0.074047
      28     H        2          0.934990                              0.065010
      29     H        2          0.884475                              0.115525
      30     H        2          0.925934                              0.074066
      31     H        2          0.838306                              0.161694
      32     H        2          0.839978                              0.160022
      33     H        2          0.887622                              0.112378
      34     H        2          0.890262                              0.109738
      35     H        2          0.896108                              0.103892
      36     H        2          0.885184                              0.114816
      37     H        2          0.904365                              0.095635
      38     H        2          0.892915                              0.107085
      39     H        2          0.936785                              0.063215
      40     H        2          0.923681                              0.076319
      41     H        2          0.942195                              0.057805
      42     H        2          0.867916                              0.132084
      43     C        3          3.773294                              0.226706
      44     C        3          3.776635                              0.223365
      45     C        3          3.787333                              0.212667
      46     C        3          3.781173                              0.218827
      47     C        3          4.069586                             -0.069586
      48     C        3          4.031147                             -0.031147
      49     C        3          4.084908                             -0.084908
      50     C        3          4.064633                             -0.064633
      51     C        3          3.969627                              0.030373
      52     C        3          4.032285                             -0.032285
      53     C        3          3.924775                              0.075225
      54     C        3          3.961760                              0.038240
      55     C        3          4.041646                             -0.041646
      56     C        3          4.007036                             -0.007036
      57     C        3          4.003950                             -0.003950
      58     C        3          4.038724                             -0.038724
      59     C        3          4.040643                             -0.040643
      60     C        3          4.043890                             -0.043890
      61     C        3          4.039500                             -0.039500
      62     C        3          4.088736                             -0.088736
      63     C        3          4.020078                             -0.020078
      64     C        3          4.062192                             -0.062192
      65     C        3          4.027049                             -0.027049
      66     C        3          4.033433                             -0.033433
      67     C        3          3.785673                              0.214327
      68     C        3          3.806196                              0.193804
      69     C        3          3.801853                              0.198147
      70     C        3          3.806748                              0.193252
      71     C        3          3.811035                              0.188965
      72     C        3          3.801459                              0.198541
      73     C        3          4.019041                             -0.019041
      74     C        3          4.037032                             -0.037032
      75     C        3          3.997176                              0.002824
      76     C        3          4.014390                             -0.014390
      77     C        3          4.057030                             -0.057030
      78     C        3          4.043763                             -0.043763
      79     C        3          4.049357                             -0.049357
      80     C        3          4.016664                             -0.016664
      81     C        3          4.046409                             -0.046409
      82     C        3          3.996648                              0.003352
      83     C        3          4.024978                             -0.024978
      84     C        3          4.037645                             -0.037645
      85     C        3          4.009777                             -0.009777
      86     C        3          4.038985                             -0.038985
      87     C        3          3.978474                              0.021526
      88     C        3          4.044585                             -0.044585
      89     N        4          4.976286                              0.023714
      90     N        4          5.094488                             -0.094488
      91     N        4          5.058559                             -0.058559
      92     N        4          5.076657                             -0.076657
      93     O        5          6.362514                             -0.362514
      94     O        5          6.332984                             -0.332984
      95     O        5          6.306593                             -0.306593
      96     O        5          6.294223                             -0.294223
      97     O        5          6.337672                             -0.337672
      98     O        5          6.345734                             -0.345734
      99     O        5          6.293507                             -0.293507
     100     O        5          6.259664                             -0.259664
     101     O        5          6.457274                             -0.457274
     102     O        5          6.515772                             -0.515772
     103     O        5          6.504455                             -0.504455
     104     O        5          6.474363                             -0.474363
     105     O        5          6.472302                             -0.472302
     106     O        5          6.533685                             -0.533685
     107     O        5          6.514576                             -0.514576
     108     O        5          6.460558                             -0.460558
     109     O        5          6.365093                             -0.365093
     110     O        5          6.367224                             -0.367224
     111     O        5          6.396107                             -0.396107
     112     O        5          6.333299                             -0.333299
     113     O        5          6.510132                             -0.510132
     114     O        5          6.280223                             -0.280223
     115     O        5          6.370547                             -0.370547
     116     O        5          6.355147                             -0.355147
     117     O        5          6.294482                             -0.294482
     118     O        5          6.411151                             -0.411151
     119     O        5          6.277616                             -0.277616
     120     O        5          6.466121                             -0.466121
     121     O        5          6.538498                             -0.538498
     122     O        5          6.534946                             -0.534946
     123     O        5          6.506346                             -0.506346
     124     O        5          6.485336                             -0.485336
     125     N        4          4.871327                              0.128673
     126     N        4          4.846464                              0.153536
     127     C        3          3.915516                              0.084484
     128     C        3          3.980278                              0.019722
     129     C        3          4.179696                             -0.179696
     130     H        2          0.926484                              0.073516
     131     H        2          0.936867                              0.063133
     132     H        2          0.916716                              0.083284
     133     H        2          0.910329                              0.089671
     134     H        2          0.917819                              0.082181
     135     C        3          3.989186                              0.010814
     136     C        3          4.154323                             -0.154323
     137     H        2          0.917146                              0.082854
     138     H        2          0.922205                              0.077795
     139     H        2          0.915043                              0.084957
     140     C        3          4.265545                             -0.265545
     141     H        2          0.925693                              0.074307
     142     H        2          0.914154                              0.085846
     143     H        2          0.912415                              0.087585
     144     C        3          4.081325                             -0.081325
     145     C        3          4.153195                             -0.153195
     146     H        2          0.901909                              0.098091
     147     H        2          0.904589                              0.095411
     148     H        2          0.920731                              0.079269
     149     H        2          0.941411                              0.058589
     150     F        6          6.761274                              0.238726
     151     F        6          6.744083                              0.255917
     152     F        6          7.035659                             -0.035659
     153     F        6          6.807090                              0.192910
     154     O        5          6.325526                             -0.325526
     155     C        3          3.296227                              0.703773
     156     F        6          6.744318                              0.255682
     157     C        3          3.111902                              0.888098
     158     F        6          7.146126                             -0.146126
     159     S        7          8.187372                             -2.187372
     160     S        7          8.403005                             -2.403005
     161     O        5          5.112261                              0.887739
     162     O        5          5.013321                              0.986679
     163     O        5          5.909120                              0.090880
     164     N        4          4.029318                              0.970682
 # Total charge                            674.000000                  0.000000

 !-----------------------------------------------------------------------------!

 !-----------------------------------------------------------------------------!
                           Hirshfeld Charges

  #Atom  Element  Kind  Ref Charge     Population                    Net charge
      1       Ti     1      12.000         13.330                        -1.330
      2       Ti     1      12.000         13.477                        -1.477
      3       Ti     1      12.000         13.204                        -1.204
      4       Ti     1      12.000         13.212                        -1.212
      5       Ti     1      12.000         13.520                        -1.520
      6       Ti     1      12.000         13.341                        -1.341
      7       Ti     1      12.000         13.228                        -1.228
      8       Ti     1      12.000         13.282                        -1.282
      9       H      2       1.000          0.545                         0.455
     10       H      2       1.000          0.539                         0.461
     11       H      2       1.000          0.551                         0.449
     12       H      2       1.000          0.511                         0.489
     13       H      2       1.000          0.554                         0.446
     14       H      2       1.000          0.527                         0.473
     15       H      2       1.000          0.527                         0.473
     16       H      2       1.000          0.528                         0.472
     17       H      2       1.000          0.555                         0.445
     18       H      2       1.000          0.544                         0.456
     19       H      2       1.000          0.541                         0.459
     20       H      2       1.000          0.556                         0.444
     21       H      2       1.000          0.432                         0.568
     22       H      2       1.000          0.435                         0.565
     23       H      2       1.000          0.546                         0.454
     24       H      2       1.000          0.547                         0.453
     25       H      2       1.000          0.559                         0.441
     26       H      2       1.000          0.559                         0.441
     27       H      2       1.000          0.529                         0.471
     28       H      2       1.000          0.559                         0.441
     29       H      2       1.000          0.440                         0.560
     30       H      2       1.000          0.557                         0.443
     31       H      2       1.000          0.418                         0.582
     32       H      2       1.000          0.420                         0.580
     33       H      2       1.000          0.483                         0.517
     34       H      2       1.000          0.468                         0.532
     35       H      2       1.000          0.479                         0.521
     36       H      2       1.000          0.459                         0.541
     37       H      2       1.000          0.489                         0.511
     38       H      2       1.000          0.466                         0.534
     39       H      2       1.000          0.542                         0.458
     40       H      2       1.000          0.542                         0.458
     41       H      2       1.000          0.544                         0.456
     42       H      2       1.000          0.592                         0.408
     43       C      3       4.000          3.473                         0.527
     44       C      3       4.000          3.468                         0.532
     45       C      3       4.000          3.490                         0.510
     46       C      3       4.000          3.479                         0.521
     47       C      3       4.000          4.021                        -0.021
     48       C      3       4.000          3.976                         0.024
     49       C      3       4.000          4.024                        -0.024
     50       C      3       4.000          3.986                         0.014
     51       C      3       4.000          3.876                         0.124
     52       C      3       4.000          4.422                        -0.422
     53       C      3       4.000          3.871                         0.129
     54       C      3       4.000          4.372                        -0.372
     55       C      3       4.000          4.364                        -0.364
     56       C      3       4.000          4.390                        -0.390
     57       C      3       4.000          4.363                        -0.363
     58       C      3       4.000          4.406                        -0.406
     59       C      3       4.000          4.005                        -0.005
     60       C      3       4.000          4.355                        -0.355
     61       C      3       4.000          4.301                        -0.301
     62       C      3       4.000          4.005                        -0.005
     63       C      3       4.000          4.025                        -0.025
     64       C      3       4.000          4.055                        -0.055
     65       C      3       4.000          4.027                        -0.027
     66       C      3       4.000          4.058                        -0.058
     67       C      3       4.000          3.469                         0.531
     68       C      3       4.000          3.498                         0.502
     69       C      3       4.000          3.510                         0.490
     70       C      3       4.000          3.691                         0.309
     71       C      3       4.000          3.708                         0.292
     72       C      3       4.000          3.526                         0.474
     73       C      3       4.000          4.381                        -0.381
     74       C      3       4.000          4.412                        -0.412
     75       C      3       4.000          4.394                        -0.394
     76       C      3       4.000          4.356                        -0.356
     77       C      3       4.000          4.416                        -0.416
     78       C      3       4.000          4.380                        -0.380
     79       C      3       4.000          4.399                        -0.399
     80       C      3       4.000          4.469                        -0.469
     81       C      3       4.000          4.271                        -0.271
     82       C      3       4.000          4.341                        -0.341
     83       C      3       4.000          4.390                        -0.390
     84       C      3       4.000          4.390                        -0.390
     85       C      3       4.000          3.888                         0.112
     86       C      3       4.000          4.371                        -0.371
     87       C      3       4.000          4.448                        -0.448
     88       C      3       4.000          3.922                         0.078
     89       N      4       5.000          5.801                        -0.801
     90       N      4       5.000          5.939                        -0.939
     91       N      4       5.000          5.919                        -0.919
     92       N      4       5.000          5.955                        -0.955
     93       O      5       6.000          6.173                        -0.173
     94       O      5       6.000          6.130                        -0.130
     95       O      5       6.000          6.158                        -0.158
     96       O      5       6.000          6.138                        -0.138
     97       O      5       6.000          6.135                        -0.135
     98       O      5       6.000          6.135                        -0.135
     99       O      5       6.000          6.114                        -0.114
    100       O      5       6.000          6.100                        -0.100
    101       O      5       6.000          5.710                         0.290
    102       O      5       6.000          5.740                         0.260
    103       O      5       6.000          5.764                         0.236
    104       O      5       6.000          5.706                         0.294
    105       O      5       6.000          5.689                         0.311
    106       O      5       6.000          5.800                         0.200
    107       O      5       6.000          5.761                         0.239
    108       O      5       6.000          5.693                         0.307
    109       O      5       6.000          6.131                        -0.131
    110       O      5       6.000          6.131                        -0.131
    111       O      5       6.000          6.131                        -0.131
    112       O      5       6.000          6.067                        -0.067
    113       O      5       6.000          6.166                        -0.166
    114       O      5       6.000          6.039                        -0.039
    115       O      5       6.000          6.127                        -0.127
    116       O      5       6.000          6.120                        -0.120
    117       O      5       6.000          5.995                         0.005
    118       O      5       6.000          6.125                        -0.125
    119       O      5       6.000          6.032                        -0.032
    120       O      5       6.000          6.097                        -0.097
    121       O      5       6.000          5.992                         0.008
    122       O      5       6.000          5.992                         0.008
    123       O      5       6.000          6.237                        -0.237
    124       O      5       6.000          6.163                        -0.163
    125       N      4       5.000          5.157                        -0.157
    126       N      4       5.000          5.145                        -0.145
    127       C      3       4.000          4.181                        -0.181
    128       C      3       4.000          4.285                        -0.285
    129       C      3       4.000          4.919                        -0.919
    130       H      2       1.000          0.523                         0.477
    131       H      2       1.000          0.524                         0.476
    132       H      2       1.000          0.546                         0.454
    133       H      2       1.000          0.512                         0.488
    134       H      2       1.000          0.553                         0.447
    135       C      3       4.000          4.305                        -0.305
    136       C      3       4.000          4.817                        -0.817
    137       H      2       1.000          0.547                         0.453
    138       H      2       1.000          0.572                         0.428
    139       H      2       1.000          0.558                         0.442
    140       C      3       4.000          5.310                        -1.310
    141       H      2       1.000          0.564                         0.436
    142       H      2       1.000          0.552                         0.448
    143       H      2       1.000          0.555                         0.445
    144       C      3       4.000          4.536                        -0.536
    145       C      3       4.000          4.781                        -0.781
    146       H      2       1.000          0.539                         0.461
    147       H      2       1.000          0.547                         0.453
    148       H      2       1.000          0.565                         0.435
    149       H      2       1.000          0.528                         0.472
    150       F      6       7.000          6.955                         0.045
    151       F      6       7.000          6.971                         0.029
    152       F      6       7.000          7.274                        -0.274
    153       F      6       7.000          6.935                         0.065
    154       O      5       6.000          6.445                        -0.445
    155       C      3       4.000          3.425                         0.575
    156       F      6       7.000          7.095                        -0.095
    157       C      3       4.000          3.488                         0.512
    158       F      6       7.000          7.320                        -0.320
    159       S      7       6.000          5.476                         0.524
    160       S      7       6.000          5.338                         0.662
    161       O      5       6.000          6.228                        -0.228
    162       O      5       6.000          6.275                        -0.275
    163       O      5       6.000          6.262                        -0.262
    164       N      4       5.000          5.142                        -0.142

  Total Charge                                                            0.060
 !-----------------------------------------------------------------------------!

 ENERGY| Total FORCE_EVAL ( QS ) energy [hartree]          -1608.451521274835613

 *******************************************************************************
 **                 BAND EVALUATION OF ENERGIES AND FORCES                    **
 *******************************************************************************
 **                                                                           **
 **                                                                           **
 ** Replica Env Nr. :    5              Replica Band Nr. :   13               **
 ** Band  Step  Nr. :    1                                                    **
 *******************************************************************************

 Number of electrons:                                                        674
 Number of occupied orbitals:                                                370
 Number of molecular orbitals:                                               437

 Number of orbital functions:                                               1844
 Number of independent orbital functions:                                   1844

 Parameters for the always stable predictor-corrector (ASPC) method:

  ASPC order: 1

  B(1) =   2.500000
  B(2) =  -2.000000
  B(3) =   0.500000

 *** WARNING in fm/cp_fm_elpa.F:521 :: Setting real_kernel for ELPA failed ***


 Extrapolation method: ASPC


 SCF WAVEFUNCTION OPTIMIZATION

  Step     Update method      Time    Convergence         Total energy    Change
  ------------------------------------------------------------------------------

 *** WARNING in fm/cp_fm_elpa.F:521 :: Setting real_kernel for ELPA failed ***

     1 Broy./Diag. 0.15E+00    8.9     0.00240255     -1608.4594756259 -1.61E+03

 *** WARNING in fm/cp_fm_elpa.F:521 :: Setting real_kernel for ELPA failed ***

     2 Broy./Diag. 0.15E+00   12.6     0.00106495     -1608.4521282594  7.35E-03

 *** WARNING in fm/cp_fm_elpa.F:521 :: Setting real_kernel for ELPA failed ***

     3 Broy./Diag. 0.15E+00   13.0     0.00078496     -1608.4585395869 -6.41E-03

 *** WARNING in fm/cp_fm_elpa.F:521 :: Setting real_kernel for ELPA failed ***

     4 Broy./Diag. 0.15E+00   13.1     0.00022289     -1608.4567338968  1.81E-03

 *** WARNING in fm/cp_fm_elpa.F:521 :: Setting real_kernel for ELPA failed ***

     5 Broy./Diag. 0.15E+00   13.0     0.00011381     -1608.4586390610 -1.91E-03

 *** WARNING in fm/cp_fm_elpa.F:521 :: Setting real_kernel for ELPA failed ***

     6 Broy./Diag. 0.15E+00   12.9     0.00003786     -1608.4594213968 -7.82E-04

  *** SCF run converged in     6 steps ***


  Electronic density on regular grids:       -673.9999999284        0.0000000716
  Core density on regular grids:              673.9999999671       -0.0000000329
  Total charge density on r-space grids:        0.0000000387
  Total charge density g-space grids:           0.0000000387

  Overlap energy of the core charge distribution:               0.16137433363641
  Self energy of the core charge distribution:              -3774.19779000501012
  Core Hamiltonian energy:                                   1120.13301578053665
  Hartree energy:                                            1403.54629899687097
  Exchange-correlation energy:                               -357.87042107640514
  Dispersion energy:                                           -0.21783993044768
  Electronic entropic energy:                                  -0.01405915667419
  Fermi energy:                                                 0.01342722510351

  Total energy:                                             -1608.45942139679710

 !-----------------------------------------------------------------------------!
                     Mulliken Population Analysis

 #  Atom  Element  Kind  Atomic population                           Net charge
       1     Ti       1         11.030052                              0.969948
       2     Ti       1         11.017637                              0.982363
       3     Ti       1         10.962398                              1.037602
       4     Ti       1         10.964473                              1.035527
       5     Ti       1         11.031383                              0.968617
       6     Ti       1         11.029600                              0.970400
       7     Ti       1         10.986844                              1.013156
       8     Ti       1         10.984355                              1.015645
       9     H        2          0.930654                              0.069346
      10     H        2          0.928863                              0.071137
      11     H        2          0.937002                              0.062998
      12     H        2          0.918980                              0.081020
      13     H        2          0.940631                              0.059369
      14     H        2          0.947807                              0.052193
      15     H        2          0.925354                              0.074646
      16     H        2          0.946322                              0.053678
      17     H        2          0.933003                              0.066997
      18     H        2          0.927464                              0.072536
      19     H        2          0.927012                              0.072988
      20     H        2          0.927875                              0.072125
      21     H        2          0.872664                              0.127336
      22     H        2          0.867464                              0.132536
      23     H        2          0.936560                              0.063440
      24     H        2          0.942179                              0.057821
      25     H        2          0.936292                              0.063708
      26     H        2          0.930429                              0.069571
      27     H        2          0.925950                              0.074050
      28     H        2          0.934990                              0.065010
      29     H        2          0.884477                              0.115523
      30     H        2          0.925938                              0.074062
      31     H        2          0.838308                              0.161692
      32     H        2          0.839981                              0.160019
      33     H        2          0.887622                              0.112378
      34     H        2          0.890259                              0.109741
      35     H        2          0.896099                              0.103901
      36     H        2          0.885179                              0.114821
      37     H        2          0.904363                              0.095637
      38     H        2          0.892915                              0.107085
      39     H        2          0.936791                              0.063209
      40     H        2          0.923685                              0.076315
      41     H        2          0.942194                              0.057806
      42     H        2          0.867911                              0.132089
      43     C        3          3.773309                              0.226691
      44     C        3          3.776650                              0.223350
      45     C        3          3.787351                              0.212649
      46     C        3          3.781175                              0.218825
      47     C        3          4.069598                             -0.069598
      48     C        3          4.031155                             -0.031155
      49     C        3          4.084896                             -0.084896
      50     C        3          4.064621                             -0.064621
      51     C        3          3.969642                              0.030358
      52     C        3          4.032295                             -0.032295
      53     C        3          3.924795                              0.075205
      54     C        3          3.961772                              0.038228
      55     C        3          4.041654                             -0.041654
      56     C        3          4.007044                             -0.007044
      57     C        3          4.003959                             -0.003959
      58     C        3          4.038731                             -0.038731
      59     C        3          4.040639                             -0.040639
      60     C        3          4.043885                             -0.043885
      61     C        3          4.039513                             -0.039513
      62     C        3          4.088719                             -0.088719
      63     C        3          4.020082                             -0.020082
      64     C        3          4.062186                             -0.062186
      65     C        3          4.027043                             -0.027043
      66     C        3          4.033423                             -0.033423
      67     C        3          3.785668                              0.214332
      68     C        3          3.806195                              0.193805
      69     C        3          3.801847                              0.198153
      70     C        3          3.806775                              0.193225
      71     C        3          3.811037                              0.188963
      72     C        3          3.801458                              0.198542
      73     C        3          4.019038                             -0.019038
      74     C        3          4.037030                             -0.037030
      75     C        3          3.997173                              0.002827
      76     C        3          4.014386                             -0.014386
      77     C        3          4.057021                             -0.057021
      78     C        3          4.043768                             -0.043768
      79     C        3          4.049354                             -0.049354
      80     C        3          4.016657                             -0.016657
      81     C        3          4.046406                             -0.046406
      82     C        3          3.996647                              0.003353
      83     C        3          4.024975                             -0.024975
      84     C        3          4.037645                             -0.037645
      85     C        3          4.009778                             -0.009778
      86     C        3          4.038976                             -0.038976
      87     C        3          3.978465                              0.021535
      88     C        3          4.044584                             -0.044584
      89     N        4          4.976278                              0.023722
      90     N        4          5.094491                             -0.094491
      91     N        4          5.058559                             -0.058559
      92     N        4          5.076658                             -0.076658
      93     O        5          6.362511                             -0.362511
      94     O        5          6.332983                             -0.332983
      95     O        5          6.306590                             -0.306590
      96     O        5          6.294217                             -0.294217
      97     O        5          6.337669                             -0.337669
      98     O        5          6.345731                             -0.345731
      99     O        5          6.293501                             -0.293501
     100     O        5          6.259657                             -0.259657
     101     O        5          6.457264                             -0.457264
     102     O        5          6.515778                             -0.515778
     103     O        5          6.504460                             -0.504460
     104     O        5          6.474352                             -0.474352
     105     O        5          6.472293                             -0.472293
     106     O        5          6.533689                             -0.533689
     107     O        5          6.514589                             -0.514589
     108     O        5          6.460542                             -0.460542
     109     O        5          6.365094                             -0.365094
     110     O        5          6.367223                             -0.367223
     111     O        5          6.396097                             -0.396097
     112     O        5          6.333291                             -0.333291
     113     O        5          6.510126                             -0.510126
     114     O        5          6.280208                             -0.280208
     115     O        5          6.370544                             -0.370544
     116     O        5          6.355145                             -0.355145
     117     O        5          6.294479                             -0.294479
     118     O        5          6.411140                             -0.411140
     119     O        5          6.277609                             -0.277609
     120     O        5          6.466125                             -0.466125
     121     O        5          6.538499                             -0.538499
     122     O        5          6.534950                             -0.534950
     123     O        5          6.506359                             -0.506359
     124     O        5          6.485339                             -0.485339
     125     N        4          4.871326                              0.128674
     126     N        4          4.846461                              0.153539
     127     C        3          3.915520                              0.084480
     128     C        3          3.980276                              0.019724
     129     C        3          4.179689                             -0.179689
     130     H        2          0.926493                              0.073507
     131     H        2          0.936872                              0.063128
     132     H        2          0.916720                              0.083280
     133     H        2          0.910333                              0.089667
     134     H        2          0.917824                              0.082176
     135     C        3          3.989186                              0.010814
     136     C        3          4.154313                             -0.154313
     137     H        2          0.917152                              0.082848
     138     H        2          0.922208                              0.077792
     139     H        2          0.915049                              0.084951
     140     C        3          4.265538                             -0.265538
     141     H        2          0.925694                              0.074306
     142     H        2          0.914156                              0.085844
     143     H        2          0.912413                              0.087587
     144     C        3          4.081319                             -0.081319
     145     C        3          4.153185                             -0.153185
     146     H        2          0.901919                              0.098081
     147     H        2          0.904598                              0.095402
     148     H        2          0.920737                              0.079263
     149     H        2          0.941418                              0.058582
     150     F        6          6.761209                              0.238791
     151     F        6          6.743914                              0.256086
     152     F        6          7.035571                             -0.035571
     153     F        6          6.807033                              0.192967
     154     O        5          6.325428                             -0.325428
     155     C        3          3.296440                              0.703560
     156     F        6          6.744338                              0.255662
     157     C        3          3.112109                              0.887891
     158     F        6          7.146067                             -0.146067
     159     S        7          8.187085                             -2.187085
     160     S        7          8.403102                             -2.403102
     161     O        5          5.112542                              0.887458
     162     O        5          5.013320                              0.986680
     163     O        5          5.909095                              0.090905
     164     N        4          4.029325                              0.970675
 # Total charge                            674.000000                  0.000000

 !-----------------------------------------------------------------------------!

 !-----------------------------------------------------------------------------!
                           Hirshfeld Charges

  #Atom  Element  Kind  Ref Charge     Population                    Net charge
      1       Ti     1      12.000         13.330                        -1.330
      2       Ti     1      12.000         13.477                        -1.477
      3       Ti     1      12.000         13.204                        -1.204
      4       Ti     1      12.000         13.212                        -1.212
      5       Ti     1      12.000         13.520                        -1.520
      6       Ti     1      12.000         13.341                        -1.341
      7       Ti     1      12.000         13.228                        -1.228
      8       Ti     1      12.000         13.282                        -1.282
      9       H      2       1.000          0.545                         0.455
     10       H      2       1.000          0.539                         0.461
     11       H      2       1.000          0.551                         0.449
     12       H      2       1.000          0.511                         0.489
     13       H      2       1.000          0.554                         0.446
     14       H      2       1.000          0.527                         0.473
     15       H      2       1.000          0.527                         0.473
     16       H      2       1.000          0.528                         0.472
     17       H      2       1.000          0.555                         0.445
     18       H      2       1.000          0.544                         0.456
     19       H      2       1.000          0.541                         0.459
     20       H      2       1.000          0.556                         0.444
     21       H      2       1.000          0.432                         0.568
     22       H      2       1.000          0.435                         0.565
     23       H      2       1.000          0.546                         0.454
     24       H      2       1.000          0.547                         0.453
     25       H      2       1.000          0.559                         0.441
     26       H      2       1.000          0.559                         0.441
     27       H      2       1.000          0.529                         0.471
     28       H      2       1.000          0.559                         0.441
     29       H      2       1.000          0.440                         0.560
     30       H      2       1.000          0.557                         0.443
     31       H      2       1.000          0.418                         0.582
     32       H      2       1.000          0.420                         0.580
     33       H      2       1.000          0.483                         0.517
     34       H      2       1.000          0.468                         0.532
     35       H      2       1.000          0.479                         0.521
     36       H      2       1.000          0.459                         0.541
     37       H      2       1.000          0.489                         0.511
     38       H      2       1.000          0.466                         0.534
     39       H      2       1.000          0.542                         0.458
     40       H      2       1.000          0.542                         0.458
     41       H      2       1.000          0.544                         0.456
     42       H      2       1.000          0.592                         0.408
     43       C      3       4.000          3.473                         0.527
     44       C      3       4.000          3.468                         0.532
     45       C      3       4.000          3.490                         0.510
     46       C      3       4.000          3.479                         0.521
     47       C      3       4.000          4.021                        -0.021
     48       C      3       4.000          3.976                         0.024
     49       C      3       4.000          4.024                        -0.024
     50       C      3       4.000          3.986                         0.014
     51       C      3       4.000          3.876                         0.124
     52       C      3       4.000          4.422                        -0.422
     53       C      3       4.000          3.871                         0.129
     54       C      3       4.000          4.372                        -0.372
     55       C      3       4.000          4.364                        -0.364
     56       C      3       4.000          4.390                        -0.390
     57       C      3       4.000          4.363                        -0.363
     58       C      3       4.000          4.406                        -0.406
     59       C      3       4.000          4.005                        -0.005
     60       C      3       4.000          4.355                        -0.355
     61       C      3       4.000          4.301                        -0.301
     62       C      3       4.000          4.005                        -0.005
     63       C      3       4.000          4.025                        -0.025
     64       C      3       4.000          4.055                        -0.055
     65       C      3       4.000          4.027                        -0.027
     66       C      3       4.000          4.058                        -0.058
     67       C      3       4.000          3.469                         0.531
     68       C      3       4.000          3.498                         0.502
     69       C      3       4.000          3.510                         0.490
     70       C      3       4.000          3.691                         0.309
     71       C      3       4.000          3.708                         0.292
     72       C      3       4.000          3.526                         0.474
     73       C      3       4.000          4.381                        -0.381
     74       C      3       4.000          4.412                        -0.412
     75       C      3       4.000          4.394                        -0.394
     76       C      3       4.000          4.356                        -0.356
     77       C      3       4.000          4.416                        -0.416
     78       C      3       4.000          4.380                        -0.380
     79       C      3       4.000          4.399                        -0.399
     80       C      3       4.000          4.469                        -0.469
     81       C      3       4.000          4.271                        -0.271
     82       C      3       4.000          4.341                        -0.341
     83       C      3       4.000          4.390                        -0.390
     84       C      3       4.000          4.390                        -0.390
     85       C      3       4.000          3.888                         0.112
     86       C      3       4.000          4.371                        -0.371
     87       C      3       4.000          4.448                        -0.448
     88       C      3       4.000          3.922                         0.078
     89       N      4       5.000          5.801                        -0.801
     90       N      4       5.000          5.939                        -0.939
     91       N      4       5.000          5.919                        -0.919
     92       N      4       5.000          5.955                        -0.955
     93       O      5       6.000          6.173                        -0.173
     94       O      5       6.000          6.130                        -0.130
     95       O      5       6.000          6.158                        -0.158
     96       O      5       6.000          6.138                        -0.138
     97       O      5       6.000          6.135                        -0.135
     98       O      5       6.000          6.135                        -0.135
     99       O      5       6.000          6.114                        -0.114
    100       O      5       6.000          6.100                        -0.100
    101       O      5       6.000          5.710                         0.290
    102       O      5       6.000          5.740                         0.260
    103       O      5       6.000          5.764                         0.236
    104       O      5       6.000          5.706                         0.294
    105       O      5       6.000          5.689                         0.311
    106       O      5       6.000          5.800                         0.200
    107       O      5       6.000          5.761                         0.239
    108       O      5       6.000          5.693                         0.307
    109       O      5       6.000          6.131                        -0.131
    110       O      5       6.000          6.131                        -0.131
    111       O      5       6.000          6.131                        -0.131
    112       O      5       6.000          6.067                        -0.067
    113       O      5       6.000          6.166                        -0.166
    114       O      5       6.000          6.039                        -0.039
    115       O      5       6.000          6.127                        -0.127
    116       O      5       6.000          6.120                        -0.120
    117       O      5       6.000          5.995                         0.005
    118       O      5       6.000          6.125                        -0.125
    119       O      5       6.000          6.032                        -0.032
    120       O      5       6.000          6.097                        -0.097
    121       O      5       6.000          5.992                         0.008
    122       O      5       6.000          5.992                         0.008
    123       O      5       6.000          6.237                        -0.237
    124       O      5       6.000          6.163                        -0.163
    125       N      4       5.000          5.157                        -0.157
    126       N      4       5.000          5.145                        -0.145
    127       C      3       4.000          4.181                        -0.181
    128       C      3       4.000          4.285                        -0.285
    129       C      3       4.000          4.919                        -0.919
    130       H      2       1.000          0.523                         0.477
    131       H      2       1.000          0.524                         0.476
    132       H      2       1.000          0.546                         0.454
    133       H      2       1.000          0.512                         0.488
    134       H      2       1.000          0.553                         0.447
    135       C      3       4.000          4.305                        -0.305
    136       C      3       4.000          4.817                        -0.817
    137       H      2       1.000          0.547                         0.453
    138       H      2       1.000          0.572                         0.428
    139       H      2       1.000          0.558                         0.442
    140       C      3       4.000          5.310                        -1.310
    141       H      2       1.000          0.564                         0.436
    142       H      2       1.000          0.552                         0.448
    143       H      2       1.000          0.555                         0.445
    144       C      3       4.000          4.536                        -0.536
    145       C      3       4.000          4.781                        -0.781
    146       H      2       1.000          0.539                         0.461
    147       H      2       1.000          0.547                         0.453
    148       H      2       1.000          0.565                         0.435
    149       H      2       1.000          0.528                         0.472
    150       F      6       7.000          6.955                         0.045
    151       F      6       7.000          6.971                         0.029
    152       F      6       7.000          7.274                        -0.274
    153       F      6       7.000          6.935                         0.065
    154       O      5       6.000          6.445                        -0.445
    155       C      3       4.000          3.425                         0.575
    156       F      6       7.000          7.095                        -0.095
    157       C      3       4.000          3.488                         0.512
    158       F      6       7.000          7.320                        -0.320
    159       S      7       6.000          5.476                         0.524
    160       S      7       6.000          5.338                         0.662
    161       O      5       6.000          6.228                        -0.228
    162       O      5       6.000          6.275                        -0.275
    163       O      5       6.000          6.262                        -0.262
    164       N      4       5.000          5.142                        -0.142

  Total Charge                                                            0.060
 !-----------------------------------------------------------------------------!

 ENERGY| Total FORCE_EVAL ( QS ) energy [hartree]          -1608.459476871056722

 *******************************************************************************
 **                 BAND EVALUATION OF ENERGIES AND FORCES                    **
 *******************************************************************************
 **                                                                           **
 **                                                                           **
 ** Replica Env Nr. :    5              Replica Band Nr. :   13               **
 ** Band  Step  Nr. :    1                                                    **
 *******************************************************************************

 Number of electrons:                                                        674
 Number of occupied orbitals:                                                370
 Number of molecular orbitals:                                               437

 Number of orbital functions:                                               1844
 Number of independent orbital functions:                                   1844

 Parameters for the always stable predictor-corrector (ASPC) method:

  ASPC order: 3

  B(1) =   3.000000
  B(2) =  -3.428571
  B(3) =   1.928571
  B(4) =  -0.571429
  B(5) =   0.071429

 *** WARNING in fm/cp_fm_elpa.F:521 :: Setting real_kernel for ELPA failed ***


 Extrapolation method: ASPC


 SCF WAVEFUNCTION OPTIMIZATION

  Step     Update method      Time    Convergence         Total energy    Change
  ------------------------------------------------------------------------------

 *** WARNING in fm/cp_fm_elpa.F:521 :: Setting real_kernel for ELPA failed ***

     1 Broy./Diag. 0.15E+00    8.8     0.00079434     -1608.4594759528 -1.61E+03

 *** WARNING in fm/cp_fm_elpa.F:521 :: Setting real_kernel for ELPA failed ***

     2 Broy./Diag. 0.15E+00   11.9     0.00070327     -1608.4570248223  2.45E-03

 *** WARNING in fm/cp_fm_elpa.F:521 :: Setting real_kernel for ELPA failed ***

     3 Broy./Diag. 0.15E+00   12.4     0.00051602     -1608.4601922166 -3.17E-03

 *** WARNING in fm/cp_fm_elpa.F:521 :: Setting real_kernel for ELPA failed ***

     4 Broy./Diag. 0.15E+00   12.5     0.00022844     -1608.4585660128  1.63E-03

 *** WARNING in fm/cp_fm_elpa.F:521 :: Setting real_kernel for ELPA failed ***

     5 Broy./Diag. 0.15E+00   12.5     0.00012396     -1608.4594303670 -8.64E-04

 *** WARNING in fm/cp_fm_elpa.F:521 :: Setting real_kernel for ELPA failed ***

     6 Broy./Diag. 0.15E+00   12.2     0.00002412     -1608.4593609992  6.94E-05

  *** SCF run converged in     6 steps ***


  Electronic density on regular grids:       -673.9999999284        0.0000000716
  Core density on regular grids:              673.9999999671       -0.0000000329
  Total charge density on r-space grids:        0.0000000387
  Total charge density g-space grids:           0.0000000387

  Overlap energy of the core charge distribution:               0.16137433363641
  Self energy of the core charge distribution:              -3774.19779000501012
  Core Hamiltonian energy:                                   1120.13289245274223
  Hartree energy:                                            1403.54642323257303
  Exchange-correlation energy:                               -357.87036084690959
  Dispersion energy:                                           -0.21783993044768
  Electronic entropic energy:                                  -0.01405970499004
  Fermi energy:                                                 0.01342815843664

  Total energy:                                             -1608.45936099922642

 !-----------------------------------------------------------------------------!
                     Mulliken Population Analysis

 #  Atom  Element  Kind  Atomic population                           Net charge
       1     Ti       1         11.030059                              0.969941
       2     Ti       1         11.017633                              0.982367
       3     Ti       1         10.962405                              1.037595
       4     Ti       1         10.964472                              1.035528
       5     Ti       1         11.031382                              0.968618
       6     Ti       1         11.029610                              0.970390
       7     Ti       1         10.986853                              1.013147
       8     Ti       1         10.984356                              1.015644
       9     H        2          0.930657                              0.069343
      10     H        2          0.928862                              0.071138
      11     H        2          0.937001                              0.062999
      12     H        2          0.918978                              0.081022
      13     H        2          0.940631                              0.059369
      14     H        2          0.947805                              0.052195
      15     H        2          0.925351                              0.074649
      16     H        2          0.946322                              0.053678
      17     H        2          0.933000                              0.067000
      18     H        2          0.927466                              0.072534
      19     H        2          0.927014                              0.072986
      20     H        2          0.927874                              0.072126
      21     H        2          0.872664                              0.127336
      22     H        2          0.867467                              0.132533
      23     H        2          0.936557                              0.063443
      24     H        2          0.942177                              0.057823
      25     H        2          0.936291                              0.063709
      26     H        2          0.930430                              0.069570
      27     H        2          0.925948                              0.074052
      28     H        2          0.934986                              0.065014
      29     H        2          0.884474                              0.115526
      30     H        2          0.925936                              0.074064
      31     H        2          0.838313                              0.161687
      32     H        2          0.839986                              0.160014
      33     H        2          0.887620                              0.112380
      34     H        2          0.890256                              0.109744
      35     H        2          0.896099                              0.103901
      36     H        2          0.885179                              0.114821
      37     H        2          0.904361                              0.095639
      38     H        2          0.892915                              0.107085
      39     H        2          0.936793                              0.063207
      40     H        2          0.923685                              0.076315
      41     H        2          0.942191                              0.057809
      42     H        2          0.867907                              0.132093
      43     C        3          3.773305                              0.226695
      44     C        3          3.776645                              0.223355
      45     C        3          3.787344                              0.212656
      46     C        3          3.781172                              0.218828
      47     C        3          4.069594                             -0.069594
      48     C        3          4.031153                             -0.031153
      49     C        3          4.084900                             -0.084900
      50     C        3          4.064626                             -0.064626
      51     C        3          3.969635                              0.030365
      52     C        3          4.032294                             -0.032294
      53     C        3          3.924789                              0.075211
      54     C        3          3.961761                              0.038239
      55     C        3          4.041651                             -0.041651
      56     C        3          4.007037                             -0.007037
      57     C        3          4.003949                             -0.003949
      58     C        3          4.038725                             -0.038725
      59     C        3          4.040640                             -0.040640
      60     C        3          4.043899                             -0.043899
      61     C        3          4.039523                             -0.039523
      62     C        3          4.088719                             -0.088719
      63     C        3          4.020078                             -0.020078
      64     C        3          4.062190                             -0.062190
      65     C        3          4.027047                             -0.027047
      66     C        3          4.033422                             -0.033422
      67     C        3          3.785671                              0.214329
      68     C        3          3.806195                              0.193805
      69     C        3          3.801842                              0.198158
      70     C        3          3.806789                              0.193211
      71     C        3          3.811043                              0.188957
      72     C        3          3.801455                              0.198545
      73     C        3          4.019032                             -0.019032
      74     C        3          4.037035                             -0.037035
      75     C        3          3.997178                              0.002822
      76     C        3          4.014389                             -0.014389
      77     C        3          4.057015                             -0.057015
      78     C        3          4.043765                             -0.043765
      79     C        3          4.049345                             -0.049345
      80     C        3          4.016651                             -0.016651
      81     C        3          4.046406                             -0.046406
      82     C        3          3.996657                              0.003343
      83     C        3          4.024975                             -0.024975
      84     C        3          4.037646                             -0.037646
      85     C        3          4.009773                             -0.009773
      86     C        3          4.038961                             -0.038961
      87     C        3          3.978454                              0.021546
      88     C        3          4.044583                             -0.044583
      89     N        4          4.976282                              0.023718
      90     N        4          5.094501                             -0.094501
      91     N        4          5.058561                             -0.058561
      92     N        4          5.076650                             -0.076650
      93     O        5          6.362509                             -0.362509
      94     O        5          6.332983                             -0.332983
      95     O        5          6.306589                             -0.306589
      96     O        5          6.294211                             -0.294211
      97     O        5          6.337666                             -0.337666
      98     O        5          6.345730                             -0.345730
      99     O        5          6.293493                             -0.293493
     100     O        5          6.259652                             -0.259652
     101     O        5          6.457261                             -0.457261
     102     O        5          6.515792                             -0.515792
     103     O        5          6.504465                             -0.504465
     104     O        5          6.474348                             -0.474348
     105     O        5          6.472290                             -0.472290
     106     O        5          6.533702                             -0.533702
     107     O        5          6.514606                             -0.514606
     108     O        5          6.460532                             -0.460532
     109     O        5          6.365095                             -0.365095
     110     O        5          6.367226                             -0.367226
     111     O        5          6.396093                             -0.396093
     112     O        5          6.333296                             -0.333296
     113     O        5          6.510122                             -0.510122
     114     O        5          6.280203                             -0.280203
     115     O        5          6.370545                             -0.370545
     116     O        5          6.355144                             -0.355144
     117     O        5          6.294476                             -0.294476
     118     O        5          6.411132                             -0.411132
     119     O        5          6.277602                             -0.277602
     120     O        5          6.466124                             -0.466124
     121     O        5          6.538504                             -0.538504
     122     O        5          6.534958                             -0.534958
     123     O        5          6.506373                             -0.506373
     124     O        5          6.485352                             -0.485352
     125     N        4          4.871333                              0.128667
     126     N        4          4.846466                              0.153534
     127     C        3          3.915529                              0.084471
     128     C        3          3.980272                              0.019728
     129     C        3          4.179678                             -0.179678
     130     H        2          0.926503                              0.073497
     131     H        2          0.936880                              0.063120
     132     H        2          0.916725                              0.083275
     133     H        2          0.910335                              0.089665
     134     H        2          0.917830                              0.082170
     135     C        3          3.989191                              0.010809
     136     C        3          4.154317                             -0.154317
     137     H        2          0.917162                              0.082838
     138     H        2          0.922209                              0.077791
     139     H        2          0.915053                              0.084947
     140     C        3          4.265527                             -0.265527
     141     H        2          0.925690                              0.074310
     142     H        2          0.914157                              0.085843
     143     H        2          0.912408                              0.087592
     144     C        3          4.081313                             -0.081313
     145     C        3          4.153179                             -0.153179
     146     H        2          0.901928                              0.098072
     147     H        2          0.904608                              0.095392
     148     H        2          0.920743                              0.079257
     149     H        2          0.941426                              0.058574
     150     F        6          6.761228                              0.238772
     151     F        6          6.743917                              0.256083
     152     F        6          7.035536                             -0.035536
     153     F        6          6.807028                              0.192972
     154     O        5          6.325404                             -0.325404
     155     C        3          3.296438                              0.703562
     156     F        6          6.744337                              0.255663
     157     C        3          3.112109                              0.887891
     158     F        6          7.146067                             -0.146067
     159     S        7          8.187068                             -2.187068
     160     S        7          8.403103                             -2.403103
     161     O        5          5.112554                              0.887446
     162     O        5          5.013355                              0.986645
     163     O        5          5.909079                              0.090921
     164     N        4          4.029325                              0.970675
 # Total charge                            674.000000                  0.000000

 !-----------------------------------------------------------------------------!

 !-----------------------------------------------------------------------------!
                           Hirshfeld Charges

  #Atom  Element  Kind  Ref Charge     Population                    Net charge
      1       Ti     1      12.000         13.330                        -1.330
      2       Ti     1      12.000         13.477                        -1.477
      3       Ti     1      12.000         13.204                        -1.204
      4       Ti     1      12.000         13.212                        -1.212
      5       Ti     1      12.000         13.520                        -1.520
      6       Ti     1      12.000         13.341                        -1.341
      7       Ti     1      12.000         13.228                        -1.228
      8       Ti     1      12.000         13.282                        -1.282
      9       H      2       1.000          0.545                         0.455
     10       H      2       1.000          0.539                         0.461
     11       H      2       1.000          0.551                         0.449
     12       H      2       1.000          0.511                         0.489
     13       H      2       1.000          0.554                         0.446
     14       H      2       1.000          0.527                         0.473
     15       H      2       1.000          0.527                         0.473
     16       H      2       1.000          0.528                         0.472
     17       H      2       1.000          0.555                         0.445
     18       H      2       1.000          0.544                         0.456
     19       H      2       1.000          0.541                         0.459
     20       H      2       1.000          0.556                         0.444
     21       H      2       1.000          0.432                         0.568
     22       H      2       1.000          0.435                         0.565
     23       H      2       1.000          0.546                         0.454
     24       H      2       1.000          0.547                         0.453
     25       H      2       1.000          0.559                         0.441
     26       H      2       1.000          0.559                         0.441
     27       H      2       1.000          0.529                         0.471
     28       H      2       1.000          0.559                         0.441
     29       H      2       1.000          0.440                         0.560
     30       H      2       1.000          0.557                         0.443
     31       H      2       1.000          0.418                         0.582
     32       H      2       1.000          0.420                         0.580
     33       H      2       1.000          0.483                         0.517
     34       H      2       1.000          0.468                         0.532
     35       H      2       1.000          0.479                         0.521
     36       H      2       1.000          0.459                         0.541
     37       H      2       1.000          0.489                         0.511
     38       H      2       1.000          0.466                         0.534
     39       H      2       1.000          0.542                         0.458
     40       H      2       1.000          0.542                         0.458
     41       H      2       1.000          0.544                         0.456
     42       H      2       1.000          0.592                         0.408
     43       C      3       4.000          3.473                         0.527
     44       C      3       4.000          3.468                         0.532
     45       C      3       4.000          3.490                         0.510
     46       C      3       4.000          3.479                         0.521
     47       C      3       4.000          4.021                        -0.021
     48       C      3       4.000          3.976                         0.024
     49       C      3       4.000          4.024                        -0.024
     50       C      3       4.000          3.986                         0.014
     51       C      3       4.000          3.876                         0.124
     52       C      3       4.000          4.422                        -0.422
     53       C      3       4.000          3.871                         0.129
     54       C      3       4.000          4.372                        -0.372
     55       C      3       4.000          4.364                        -0.364
     56       C      3       4.000          4.390                        -0.390
     57       C      3       4.000          4.363                        -0.363
     58       C      3       4.000          4.406                        -0.406
     59       C      3       4.000          4.005                        -0.005
     60       C      3       4.000          4.355                        -0.355
     61       C      3       4.000          4.301                        -0.301
     62       C      3       4.000          4.005                        -0.005
     63       C      3       4.000          4.025                        -0.025
     64       C      3       4.000          4.055                        -0.055
     65       C      3       4.000          4.027                        -0.027
     66       C      3       4.000          4.058                        -0.058
     67       C      3       4.000          3.469                         0.531
     68       C      3       4.000          3.498                         0.502
     69       C      3       4.000          3.510                         0.490
     70       C      3       4.000          3.691                         0.309
     71       C      3       4.000          3.708                         0.292
     72       C      3       4.000          3.526                         0.474
     73       C      3       4.000          4.381                        -0.381
     74       C      3       4.000          4.412                        -0.412
     75       C      3       4.000          4.394                        -0.394
     76       C      3       4.000          4.356                        -0.356
     77       C      3       4.000          4.416                        -0.416
     78       C      3       4.000          4.380                        -0.380
     79       C      3       4.000          4.399                        -0.399
     80       C      3       4.000          4.469                        -0.469
     81       C      3       4.000          4.271                        -0.271
     82       C      3       4.000          4.341                        -0.341
     83       C      3       4.000          4.390                        -0.390
     84       C      3       4.000          4.390                        -0.390
     85       C      3       4.000          3.888                         0.112
     86       C      3       4.000          4.371                        -0.371
     87       C      3       4.000          4.448                        -0.448
     88       C      3       4.000          3.922                         0.078
     89       N      4       5.000          5.801                        -0.801
     90       N      4       5.000          5.939                        -0.939
     91       N      4       5.000          5.919                        -0.919
     92       N      4       5.000          5.955                        -0.955
     93       O      5       6.000          6.173                        -0.173
     94       O      5       6.000          6.130                        -0.130
     95       O      5       6.000          6.158                        -0.158
     96       O      5       6.000          6.138                        -0.138
     97       O      5       6.000          6.135                        -0.135
     98       O      5       6.000          6.135                        -0.135
     99       O      5       6.000          6.114                        -0.114
    100       O      5       6.000          6.100                        -0.100
    101       O      5       6.000          5.710                         0.290
    102       O      5       6.000          5.740                         0.260
    103       O      5       6.000          5.764                         0.236
    104       O      5       6.000          5.706                         0.294
    105       O      5       6.000          5.689                         0.311
    106       O      5       6.000          5.800                         0.200
    107       O      5       6.000          5.761                         0.239
    108       O      5       6.000          5.693                         0.307
    109       O      5       6.000          6.131                        -0.131
    110       O      5       6.000          6.131                        -0.131
    111       O      5       6.000          6.131                        -0.131
    112       O      5       6.000          6.067                        -0.067
    113       O      5       6.000          6.166                        -0.166
    114       O      5       6.000          6.039                        -0.039
    115       O      5       6.000          6.127                        -0.127
    116       O      5       6.000          6.120                        -0.120
    117       O      5       6.000          5.995                         0.005
    118       O      5       6.000          6.125                        -0.125
    119       O      5       6.000          6.032                        -0.032
    120       O      5       6.000          6.097                        -0.097
    121       O      5       6.000          5.992                         0.008
    122       O      5       6.000          5.992                         0.008
    123       O      5       6.000          6.237                        -0.237
    124       O      5       6.000          6.163                        -0.163
    125       N      4       5.000          5.157                        -0.157
    126       N      4       5.000          5.145                        -0.145
    127       C      3       4.000          4.181                        -0.181
    128       C      3       4.000          4.285                        -0.285
    129       C      3       4.000          4.919                        -0.919
    130       H      2       1.000          0.523                         0.477
    131       H      2       1.000          0.524                         0.476
    132       H      2       1.000          0.546                         0.454
    133       H      2       1.000          0.512                         0.488
    134       H      2       1.000          0.553                         0.447
    135       C      3       4.000          4.305                        -0.305
    136       C      3       4.000          4.817                        -0.817
    137       H      2       1.000          0.547                         0.453
    138       H      2       1.000          0.572                         0.428
    139       H      2       1.000          0.558                         0.442
    140       C      3       4.000          5.310                        -1.310
    141       H      2       1.000          0.564                         0.436
    142       H      2       1.000          0.552                         0.448
    143       H      2       1.000          0.555                         0.445
    144       C      3       4.000          4.536                        -0.536
    145       C      3       4.000          4.781                        -0.781
    146       H      2       1.000          0.539                         0.461
    147       H      2       1.000          0.547                         0.453
    148       H      2       1.000          0.565                         0.435
    149       H      2       1.000          0.528                         0.472
    150       F      6       7.000          6.955                         0.045
    151       F      6       7.000          6.971                         0.029
    152       F      6       7.000          7.274                        -0.274
