
 *******************************************************************************
 **                 BAND EVALUATION OF ENERGIES AND FORCES                    **
 *******************************************************************************
 **                                                                           **
 **                                                                           **
 ** Replica Env Nr. :    6              Replica Band Nr. :   14               **
 ** Band  Step  Nr. :    0                                                    **
 *******************************************************************************

 Number of electrons:                                                        674
 Number of occupied orbitals:                                                361
 Number of molecular orbitals:                                               437

 Number of orbital functions:                                               1844
 Number of independent orbital functions:                                   1844

 Parameters for the always stable predictor-corrector (ASPC) method:

  ASPC order: 0

  B(1) =   1.000000

 *** WARNING in fm/cp_fm_elpa.F:521 :: Setting real_kernel for ELPA failed ***


 Extrapolation method: ASPC


 SCF WAVEFUNCTION OPTIMIZATION

  Step     Update method      Time    Convergence         Total energy    Change
  ------------------------------------------------------------------------------

 *** WARNING in fm/cp_fm_elpa.F:521 :: Setting real_kernel for ELPA failed ***

     1 Broy./Diag. 0.15E+00    8.4     0.00032547     -1622.7073675181 -1.62E+03

 *** WARNING in fm/cp_fm_elpa.F:521 :: Setting real_kernel for ELPA failed ***

     2 Broy./Diag. 0.15E+00   11.9     0.00022299     -1622.7064595559  9.08E-04

 *** WARNING in fm/cp_fm_elpa.F:521 :: Setting real_kernel for ELPA failed ***

     3 Broy./Diag. 0.15E+00   12.4     0.00006743     -1622.7069063758 -4.47E-04

 *** WARNING in fm/cp_fm_elpa.F:521 :: Setting real_kernel for ELPA failed ***

     4 Broy./Diag. 0.15E+00   12.8     0.00004316     -1622.7071233429 -2.17E-04

  *** SCF run converged in     4 steps ***


  Electronic density on regular grids:       -673.9999999300        0.0000000700
  Core density on regular grids:              673.9999999671       -0.0000000329
  Total charge density on r-space grids:        0.0000000372
  Total charge density g-space grids:           0.0000000372

  Overlap energy of the core charge distribution:               0.00320396655074
  Self energy of the core charge distribution:              -3774.19779000501012
  Core Hamiltonian energy:                                   1086.78784043760334
  Hartree energy:                                            1417.73793761608476
  Exchange-correlation energy:                               -352.80361553571413
  Dispersion energy:                                           -0.22329054490354
  Electronic entropic energy:                                  -0.01141136012317
  Fermi energy:                                                -0.01904538121402

  Total energy:                                             -1622.70712334293353

 !-----------------------------------------------------------------------------!
                     Mulliken Population Analysis

 #  Atom  Element  Kind  Atomic population                           Net charge
       1     Ti       1         11.021578                              0.978422
       2     Ti       1         11.009703                              0.990297
       3     Ti       1         10.940747                              1.059253
       4     Ti       1         10.932299                              1.067701
       5     Ti       1         11.016525                              0.983475
       6     Ti       1         11.027822                              0.972178
       7     Ti       1         10.964745                              1.035255
       8     Ti       1         10.961195                              1.038805
       9     H        2          0.932288                              0.067712
      10     H        2          0.925021                              0.074979
      11     H        2          0.931362                              0.068638
      12     H        2          0.915476                              0.084524
      13     H        2          0.935902                              0.064098
      14     H        2          0.941598                              0.058402
      15     H        2          0.919915                              0.080085
      16     H        2          0.945232                              0.054768
      17     H        2          0.927550                              0.072450
      18     H        2          0.928003                              0.071997
      19     H        2          0.927570                              0.072430
      20     H        2          0.922254                              0.077746
      21     H        2          0.862185                              0.137815
      22     H        2          0.860909                              0.139091
      23     H        2          0.936268                              0.063732
      24     H        2          0.941544                              0.058456
      25     H        2          0.937935                              0.062065
      26     H        2          0.929279                              0.070721
      27     H        2          0.920789                              0.079211
      28     H        2          0.935606                              0.064394
      29     H        2          0.879785                              0.120215
      30     H        2          0.919626                              0.080374
      31     H        2          0.840172                              0.159828
      32     H        2          0.839465                              0.160535
      33     H        2          0.886521                              0.113479
      34     H        2          0.888409                              0.111591
      35     H        2          0.893205                              0.106795
      36     H        2          0.883299                              0.116701
      37     H        2          0.897116                              0.102884
      38     H        2          0.894573                              0.105427
      39     H        2          0.937731                              0.062269
      40     H        2          0.922916                              0.077084
      41     H        2          0.936651                              0.063349
      42     H        2          0.877251                              0.122749
      43     C        3          3.771851                              0.228149
      44     C        3          3.774928                              0.225072
      45     C        3          3.785861                              0.214139
      46     C        3          3.776712                              0.223288
      47     C        3          4.070199                             -0.070199
      48     C        3          4.029547                             -0.029547
      49     C        3          4.090472                             -0.090472
      50     C        3          4.069085                             -0.069085
      51     C        3          3.964627                              0.035373
      52     C        3          4.019091                             -0.019091
      53     C        3          3.908994                              0.091006
      54     C        3          3.940120                              0.059880
      55     C        3          4.027897                             -0.027897
      56     C        3          3.994697                              0.005303
      57     C        3          4.003887                             -0.003887
      58     C        3          4.043765                             -0.043765
      59     C        3          4.034244                             -0.034244
      60     C        3          4.044359                             -0.044359
      61     C        3          4.011489                             -0.011489
      62     C        3          4.083864                             -0.083864
      63     C        3          3.998593                              0.001407
      64     C        3          4.042791                             -0.042791
      65     C        3          4.007069                             -0.007069
      66     C        3          4.014181                             -0.014181
      67     C        3          3.775423                              0.224577
      68     C        3          3.801512                              0.198488
      69     C        3          3.781611                              0.218389
      70     C        3          3.804379                              0.195621
      71     C        3          3.798337                              0.201663
      72     C        3          3.784505                              0.215495
      73     C        3          4.011746                             -0.011746
      74     C        3          4.038636                             -0.038636
      75     C        3          3.966024                              0.033976
      76     C        3          3.999139                              0.000861
      77     C        3          4.030953                             -0.030953
      78     C        3          4.034429                             -0.034429
      79     C        3          4.021212                             -0.021212
      80     C        3          3.967836                              0.032164
      81     C        3          4.025239                             -0.025239
      82     C        3          3.993090                              0.006910
      83     C        3          4.022268                             -0.022268
      84     C        3          4.036314                             -0.036314
      85     C        3          3.993385                              0.006615
      86     C        3          4.014843                             -0.014843
      87     C        3          3.951510                              0.048490
      88     C        3          4.023550                             -0.023550
      89     N        4          4.964331                              0.035669
      90     N        4          5.065517                             -0.065517
      91     N        4          5.050191                             -0.050191
      92     N        4          5.052706                             -0.052706
      93     O        5          6.357775                             -0.357775
      94     O        5          6.329879                             -0.329879
      95     O        5          6.303652                             -0.303652
      96     O        5          6.295111                             -0.295111
      97     O        5          6.329635                             -0.329635
      98     O        5          6.341734                             -0.341734
      99     O        5          6.292214                             -0.292214
     100     O        5          6.257991                             -0.257991
     101     O        5          6.437978                             -0.437978
     102     O        5          6.514764                             -0.514764
     103     O        5          6.501534                             -0.501534
     104     O        5          6.449690                             -0.449690
     105     O        5          6.460324                             -0.460324
     106     O        5          6.534169                             -0.534169
     107     O        5          6.511194                             -0.511194
     108     O        5          6.421676                             -0.421676
     109     O        5          6.364932                             -0.364932
     110     O        5          6.367425                             -0.367425
     111     O        5          6.390282                             -0.390282
     112     O        5          6.330152                             -0.330152
     113     O        5          6.508684                             -0.508684
     114     O        5          6.262430                             -0.262430
     115     O        5          6.371791                             -0.371791
     116     O        5          6.352186                             -0.352186
     117     O        5          6.286852                             -0.286852
     118     O        5          6.405050                             -0.405050
     119     O        5          6.254591                             -0.254591
     120     O        5          6.460234                             -0.460234
     121     O        5          6.534746                             -0.534746
     122     O        5          6.533009                             -0.533009
     123     O        5          6.496351                             -0.496351
     124     O        5          6.471609                             -0.471609
     125     N        4          4.867743                              0.132257
     126     N        4          4.840850                              0.159150
     127     C        3          3.918193                              0.081807
     128     C        3          3.974785                              0.025215
     129     C        3          4.182023                             -0.182023
     130     H        2          0.928786                              0.071214
     131     H        2          0.936914                              0.063086
     132     H        2          0.917552                              0.082448
     133     H        2          0.915507                              0.084493
     134     H        2          0.918313                              0.081687
     135     C        3          3.982822                              0.017178
     136     C        3          4.148751                             -0.148751
     137     H        2          0.919853                              0.080147
     138     H        2          0.914341                              0.085659
     139     H        2          0.920551                              0.079449
     140     C        3          4.261207                             -0.261207
     141     H        2          0.920690                              0.079310
     142     H        2          0.919607                              0.080393
     143     H        2          0.907072                              0.092928
     144     C        3          4.083693                             -0.083693
     145     C        3          4.154115                             -0.154115
     146     H        2          0.902458                              0.097542
     147     H        2          0.907697                              0.092303
     148     H        2          0.918472                              0.081528
     149     H        2          0.940068                              0.059932
     150     F        6          6.986805                              0.013195
     151     F        6          6.932035                              0.067965
     152     F        6          7.204684                             -0.204684
     153     F        6          6.981430                              0.018570
     154     O        5          6.432717                             -0.432717
     155     C        3          3.848699                              0.151301
     156     F        6          7.060084                             -0.060084
     157     C        3          3.804291                              0.195709
     158     F        6          7.176244                             -0.176244
     159     S        7          6.338168                             -0.338168
     160     S        7          6.321375                             -0.321375
     161     O        5          5.832139                              0.167861
     162     O        5          5.673183                              0.326817
     163     O        5          6.151525                             -0.151525
     164     N        4          4.959884                              0.040116
 # Total charge                            674.000000                  0.000000

 !-----------------------------------------------------------------------------!

 !-----------------------------------------------------------------------------!
                           Hirshfeld Charges

  #Atom  Element  Kind  Ref Charge     Population                    Net charge
      1       Ti     1      12.000         13.289                        -1.289
      2       Ti     1      12.000         13.468                        -1.468
      3       Ti     1      12.000         13.186                        -1.186
      4       Ti     1      12.000         13.183                        -1.183
      5       Ti     1      12.000         13.504                        -1.504
      6       Ti     1      12.000         13.305                        -1.305
      7       Ti     1      12.000         13.209                        -1.209
      8       Ti     1      12.000         13.266                        -1.266
      9       H      2       1.000          0.546                         0.454
     10       H      2       1.000          0.536                         0.464
     11       H      2       1.000          0.548                         0.452
     12       H      2       1.000          0.504                         0.496
     13       H      2       1.000          0.552                         0.448
     14       H      2       1.000          0.519                         0.481
     15       H      2       1.000          0.521                         0.479
     16       H      2       1.000          0.523                         0.477
     17       H      2       1.000          0.551                         0.449
     18       H      2       1.000          0.545                         0.455
     19       H      2       1.000          0.542                         0.458
     20       H      2       1.000          0.548                         0.452
     21       H      2       1.000          0.427                         0.573
     22       H      2       1.000          0.432                         0.568
     23       H      2       1.000          0.544                         0.456
     24       H      2       1.000          0.546                         0.454
     25       H      2       1.000          0.561                         0.439
     26       H      2       1.000          0.558                         0.442
     27       H      2       1.000          0.523                         0.477
     28       H      2       1.000          0.559                         0.441
     29       H      2       1.000          0.434                         0.566
     30       H      2       1.000          0.566                         0.434
     31       H      2       1.000          0.419                         0.581
     32       H      2       1.000          0.419                         0.581
     33       H      2       1.000          0.481                         0.519
     34       H      2       1.000          0.467                         0.533
     35       H      2       1.000          0.478                         0.522
     36       H      2       1.000          0.458                         0.542
     37       H      2       1.000          0.485                         0.515
     38       H      2       1.000          0.468                         0.532
     39       H      2       1.000          0.543                         0.457
     40       H      2       1.000          0.542                         0.458
     41       H      2       1.000          0.539                         0.461
     42       H      2       1.000          0.604                         0.396
     43       C      3       4.000          3.472                         0.528
     44       C      3       4.000          3.468                         0.532
     45       C      3       4.000          3.489                         0.511
     46       C      3       4.000          3.474                         0.526
     47       C      3       4.000          4.020                        -0.020
     48       C      3       4.000          3.973                         0.027
     49       C      3       4.000          4.016                        -0.016
     50       C      3       4.000          3.977                         0.023
     51       C      3       4.000          3.881                         0.119
     52       C      3       4.000          4.417                        -0.417
     53       C      3       4.000          3.872                         0.128
     54       C      3       4.000          4.356                        -0.356
     55       C      3       4.000          4.340                        -0.340
     56       C      3       4.000          4.389                        -0.389
     57       C      3       4.000          4.355                        -0.355
     58       C      3       4.000          4.403                        -0.403
     59       C      3       4.000          4.000                         0.000
     60       C      3       4.000          4.355                        -0.355
     61       C      3       4.000          4.268                        -0.268
     62       C      3       4.000          3.997                         0.003
     63       C      3       4.000          4.004                        -0.004
     64       C      3       4.000          4.049                        -0.049
     65       C      3       4.000          4.016                        -0.016
     66       C      3       4.000          4.039                        -0.039
     67       C      3       4.000          3.461                         0.539
     68       C      3       4.000          3.500                         0.500
     69       C      3       4.000          3.493                         0.507
     70       C      3       4.000          3.699                         0.301
     71       C      3       4.000          3.707                         0.293
     72       C      3       4.000          3.518                         0.482
     73       C      3       4.000          4.373                        -0.373
     74       C      3       4.000          4.414                        -0.414
     75       C      3       4.000          4.381                        -0.381
     76       C      3       4.000          4.350                        -0.350
     77       C      3       4.000          4.385                        -0.385
     78       C      3       4.000          4.368                        -0.368
     79       C      3       4.000          4.372                        -0.372
     80       C      3       4.000          4.419                        -0.419
     81       C      3       4.000          4.227                        -0.227
     82       C      3       4.000          4.320                        -0.320
     83       C      3       4.000          4.387                        -0.387
     84       C      3       4.000          4.389                        -0.389
     85       C      3       4.000          3.878                         0.122
     86       C      3       4.000          4.339                        -0.339
     87       C      3       4.000          4.426                        -0.426
     88       C      3       4.000          3.912                         0.088
     89       N      4       5.000          5.761                        -0.761
     90       N      4       5.000          5.907                        -0.907
     91       N      4       5.000          5.907                        -0.907
     92       N      4       5.000          5.931                        -0.931
     93       O      5       6.000          6.169                        -0.169
     94       O      5       6.000          6.127                        -0.127
     95       O      5       6.000          6.156                        -0.156
     96       O      5       6.000          6.140                        -0.140
     97       O      5       6.000          6.127                        -0.127
     98       O      5       6.000          6.131                        -0.131
     99       O      5       6.000          6.114                        -0.114
    100       O      5       6.000          6.100                        -0.100
    101       O      5       6.000          5.694                         0.306
    102       O      5       6.000          5.738                         0.262
    103       O      5       6.000          5.771                         0.229
    104       O      5       6.000          5.685                         0.315
    105       O      5       6.000          5.678                         0.322
    106       O      5       6.000          5.805                         0.195
    107       O      5       6.000          5.757                         0.243
    108       O      5       6.000          5.663                         0.337
    109       O      5       6.000          6.129                        -0.129
    110       O      5       6.000          6.130                        -0.130
    111       O      5       6.000          6.116                        -0.116
    112       O      5       6.000          6.062                        -0.062
    113       O      5       6.000          6.163                        -0.163
    114       O      5       6.000          6.020                        -0.020
    115       O      5       6.000          6.127                        -0.127
    116       O      5       6.000          6.114                        -0.114
    117       O      5       6.000          5.982                         0.018
    118       O      5       6.000          6.107                        -0.107
    119       O      5       6.000          6.011                        -0.011
    120       O      5       6.000          6.091                        -0.091
    121       O      5       6.000          5.987                         0.013
    122       O      5       6.000          5.988                         0.012
    123       O      5       6.000          6.261                        -0.261
    124       O      5       6.000          6.181                        -0.181
    125       N      4       5.000          5.156                        -0.156
    126       N      4       5.000          5.144                        -0.144
    127       C      3       4.000          4.179                        -0.179
    128       C      3       4.000          4.278                        -0.278
    129       C      3       4.000          4.902                        -0.902
    130       H      2       1.000          0.525                         0.475
    131       H      2       1.000          0.525                         0.475
    132       H      2       1.000          0.548                         0.452
    133       H      2       1.000          0.510                         0.490
    134       H      2       1.000          0.554                         0.446
    135       C      3       4.000          4.298                        -0.298
    136       C      3       4.000          4.808                        -0.808
    137       H      2       1.000          0.548                         0.452
    138       H      2       1.000          0.567                         0.433
    139       H      2       1.000          0.561                         0.439
    140       C      3       4.000          5.303                        -1.303
    141       H      2       1.000          0.561                         0.439
    142       H      2       1.000          0.557                         0.443
    143       H      2       1.000          0.552                         0.448
    144       C      3       4.000          4.535                        -0.535
    145       C      3       4.000          4.781                        -0.781
    146       H      2       1.000          0.540                         0.460
    147       H      2       1.000          0.550                         0.450
    148       H      2       1.000          0.563                         0.437
    149       H      2       1.000          0.527                         0.473
    150       F      6       7.000          7.220                        -0.220
    151       F      6       7.000          7.197                        -0.197
    152       F      6       7.000          7.360                        -0.360
    153       F      6       7.000          7.216                        -0.216
    154       O      5       6.000          6.452                        -0.452
    155       C      3       4.000          3.225                         0.775
    156       F      6       7.000          7.277                        -0.277
    157       C      3       4.000          3.216                         0.784
    158       F      6       7.000          7.341                        -0.341
    159       S      7       6.000          5.479                         0.521
    160       S      7       6.000          5.391                         0.609
    161       O      5       6.000          6.371                        -0.371
    162       O      5       6.000          6.346                        -0.346
    163       O      5       6.000          6.385                        -0.385
    164       N      4       5.000          5.222                        -0.222

  Total Charge                                                            0.056
 !-----------------------------------------------------------------------------!

 ENERGY| Total FORCE_EVAL ( QS ) energy [hartree]          -1622.707367543283226

 *******************************************************************************
 **                 BAND EVALUATION OF ENERGIES AND FORCES                    **
 *******************************************************************************
 **                                                                           **
 **                                                                           **
 ** Replica Env Nr. :    6              Replica Band Nr. :   14               **
 ** Band  Step  Nr. :    1                                                    **
 *******************************************************************************

 Number of electrons:                                                        674
 Number of occupied orbitals:                                                361
 Number of molecular orbitals:                                               437

 Number of orbital functions:                                               1844
 Number of independent orbital functions:                                   1844

 Parameters for the always stable predictor-corrector (ASPC) method:

  ASPC order: 1

  B(1) =   2.500000
  B(2) =  -2.000000
  B(3) =   0.500000

 *** WARNING in fm/cp_fm_elpa.F:521 :: Setting real_kernel for ELPA failed ***


 Extrapolation method: ASPC


 SCF WAVEFUNCTION OPTIMIZATION

  Step     Update method      Time    Convergence         Total energy    Change
  ------------------------------------------------------------------------------

 *** WARNING in fm/cp_fm_elpa.F:521 :: Setting real_kernel for ELPA failed ***

     1 Broy./Diag. 0.15E+00    8.7     0.00038766     -1622.7076794009 -1.62E+03

 *** WARNING in fm/cp_fm_elpa.F:521 :: Setting real_kernel for ELPA failed ***

     2 Broy./Diag. 0.15E+00   12.4     0.00026061     -1622.7043013571  3.38E-03

 *** WARNING in fm/cp_fm_elpa.F:521 :: Setting real_kernel for ELPA failed ***

     3 Broy./Diag. 0.15E+00   12.9     0.00012007     -1622.7056282089 -1.33E-03

 *** WARNING in fm/cp_fm_elpa.F:521 :: Setting real_kernel for ELPA failed ***

     4 Broy./Diag. 0.15E+00   13.3     0.00008305     -1622.7069650340 -1.34E-03

 *** WARNING in fm/cp_fm_elpa.F:521 :: Setting real_kernel for ELPA failed ***

     5 Broy./Diag. 0.15E+00   13.1     0.00005159     -1622.7081974058 -1.23E-03

 *** WARNING in fm/cp_fm_elpa.F:521 :: Setting real_kernel for ELPA failed ***

     6 Broy./Diag. 0.15E+00   13.3     0.00002126     -1622.7080068058  1.91E-04

  *** SCF run converged in     6 steps ***


  Electronic density on regular grids:       -673.9999999300        0.0000000700
  Core density on regular grids:              673.9999999671       -0.0000000329
  Total charge density on r-space grids:        0.0000000372
  Total charge density g-space grids:           0.0000000372

  Overlap energy of the core charge distribution:               0.00320281488051
  Self energy of the core charge distribution:              -3774.19779000501012
  Core Hamiltonian energy:                                   1086.78668842194998
  Hartree energy:                                            1417.73804593346131
  Exchange-correlation energy:                               -352.80345280576523
  Dispersion energy:                                           -0.22329062937179
  Electronic entropic energy:                                  -0.01141127485973
  Fermi energy:                                                -0.01905080609516

  Total energy:                                             -1622.70800680583920

 !-----------------------------------------------------------------------------!
                     Mulliken Population Analysis

 #  Atom  Element  Kind  Atomic population                           Net charge
       1     Ti       1         11.021599                              0.978401
       2     Ti       1         11.009724                              0.990276
       3     Ti       1         10.940729                              1.059271
       4     Ti       1         10.932302                              1.067698
       5     Ti       1         11.016528                              0.983472
       6     Ti       1         11.027837                              0.972163
       7     Ti       1         10.964748                              1.035252
       8     Ti       1         10.961182                              1.038818
       9     H        2          0.932280                              0.067720
      10     H        2          0.925027                              0.074973
      11     H        2          0.931363                              0.068637
      12     H        2          0.915484                              0.084516
      13     H        2          0.935894                              0.064106
      14     H        2          0.941609                              0.058391
      15     H        2          0.919916                              0.080084
      16     H        2          0.945232                              0.054768
      17     H        2          0.927559                              0.072441
      18     H        2          0.927995                              0.072005
      19     H        2          0.927559                              0.072441
      20     H        2          0.922253                              0.077747
      21     H        2          0.862192                              0.137808
      22     H        2          0.860907                              0.139093
      23     H        2          0.936267                              0.063733
      24     H        2          0.941543                              0.058457
      25     H        2          0.937934                              0.062066
      26     H        2          0.929267                              0.070733
      27     H        2          0.920781                              0.079219
      28     H        2          0.935601                              0.064399
      29     H        2          0.879788                              0.120212
      30     H        2          0.919628                              0.080372
      31     H        2          0.840172                              0.159828
      32     H        2          0.839469                              0.160531
      33     H        2          0.886529                              0.113471
      34     H        2          0.888420                              0.111580
      35     H        2          0.893200                              0.106800
      36     H        2          0.883299                              0.116701
      37     H        2          0.897109                              0.102891
      38     H        2          0.894565                              0.105435
      39     H        2          0.937720                              0.062280
      40     H        2          0.922908                              0.077092
      41     H        2          0.936650                              0.063350
      42     H        2          0.877234                              0.122766
      43     C        3          3.771839                              0.228161
      44     C        3          3.774939                              0.225061
      45     C        3          3.785859                              0.214141
      46     C        3          3.776719                              0.223281
      47     C        3          4.070203                             -0.070203
      48     C        3          4.029557                             -0.029557
      49     C        3          4.090479                             -0.090479
      50     C        3          4.069095                             -0.069095
      51     C        3          3.964631                              0.035369
      52     C        3          4.019084                             -0.019084
      53     C        3          3.909004                              0.090996
      54     C        3          3.940130                              0.059870
      55     C        3          4.027901                             -0.027901
      56     C        3          3.994702                              0.005298
      57     C        3          4.003881                             -0.003881
      58     C        3          4.043775                             -0.043775
      59     C        3          4.034252                             -0.034252
      60     C        3          4.044360                             -0.044360
      61     C        3          4.011489                             -0.011489
      62     C        3          4.083854                             -0.083854
      63     C        3          3.998584                              0.001416
      64     C        3          4.042781                             -0.042781
      65     C        3          4.007076                             -0.007076
      66     C        3          4.014180                             -0.014180
      67     C        3          3.775430                              0.224570
      68     C        3          3.801492                              0.198508
      69     C        3          3.781620                              0.218380
      70     C        3          3.804355                              0.195645
      71     C        3          3.798337                              0.201663
      72     C        3          3.784504                              0.215496
      73     C        3          4.011752                             -0.011752
      74     C        3          4.038645                             -0.038645
      75     C        3          3.966017                              0.033983
      76     C        3          3.999144                              0.000856
      77     C        3          4.030938                             -0.030938
      78     C        3          4.034420                             -0.034420
      79     C        3          4.021211                             -0.021211
      80     C        3          3.967821                              0.032179
      81     C        3          4.025227                             -0.025227
      82     C        3          3.993090                              0.006910
      83     C        3          4.022276                             -0.022276
      84     C        3          4.036314                             -0.036314
      85     C        3          3.993410                              0.006590
      86     C        3          4.014855                             -0.014855
      87     C        3          3.951483                              0.048517
      88     C        3          4.023557                             -0.023557
      89     N        4          4.964310                              0.035690
      90     N        4          5.065504                             -0.065504
      91     N        4          5.050181                             -0.050181
      92     N        4          5.052691                             -0.052691
      93     O        5          6.357773                             -0.357773
      94     O        5          6.329870                             -0.329870
      95     O        5          6.303649                             -0.303649
      96     O        5          6.295109                             -0.295109
      97     O        5          6.329633                             -0.329633
      98     O        5          6.341731                             -0.341731
      99     O        5          6.292208                             -0.292208
     100     O        5          6.257992                             -0.257992
     101     O        5          6.437976                             -0.437976
     102     O        5          6.514776                             -0.514776
     103     O        5          6.501533                             -0.501533
     104     O        5          6.449701                             -0.449701
     105     O        5          6.460315                             -0.460315
     106     O        5          6.534164                             -0.534164
     107     O        5          6.511195                             -0.511195
     108     O        5          6.421692                             -0.421692
     109     O        5          6.364927                             -0.364927
     110     O        5          6.367420                             -0.367420
     111     O        5          6.390273                             -0.390273
     112     O        5          6.330154                             -0.330154
     113     O        5          6.508693                             -0.508693
     114     O        5          6.262440                             -0.262440
     115     O        5          6.371790                             -0.371790
     116     O        5          6.352186                             -0.352186
     117     O        5          6.286852                             -0.286852
     118     O        5          6.405060                             -0.405060
     119     O        5          6.254583                             -0.254583
     120     O        5          6.460230                             -0.460230
     121     O        5          6.534754                             -0.534754
     122     O        5          6.533012                             -0.533012
     123     O        5          6.496352                             -0.496352
     124     O        5          6.471619                             -0.471619
     125     N        4          4.867741                              0.132259
     126     N        4          4.840843                              0.159157
     127     C        3          3.918182                              0.081818
     128     C        3          3.974788                              0.025212
     129     C        3          4.182011                             -0.182011
     130     H        2          0.928782                              0.071218
     131     H        2          0.936916                              0.063084
     132     H        2          0.917556                              0.082444
     133     H        2          0.915504                              0.084496
     134     H        2          0.918313                              0.081687
     135     C        3          3.982836                              0.017164
     136     C        3          4.148772                             -0.148772
     137     H        2          0.919847                              0.080153
     138     H        2          0.914336                              0.085664
     139     H        2          0.920540                              0.079460
     140     C        3          4.261221                             -0.261221
     141     H        2          0.920684                              0.079316
     142     H        2          0.919598                              0.080402
     143     H        2          0.907057                              0.092943
     144     C        3          4.083692                             -0.083692
     145     C        3          4.154131                             -0.154131
     146     H        2          0.902458                              0.097542
     147     H        2          0.907690                              0.092310
     148     H        2          0.918471                              0.081529
     149     H        2          0.940078                              0.059922
     150     F        6          6.986808                              0.013192
     151     F        6          6.932047                              0.067953
     152     F        6          7.204675                             -0.204675
     153     F        6          6.981431                              0.018569
     154     O        5          6.432708                             -0.432708
     155     C        3          3.848700                              0.151300
     156     F        6          7.060086                             -0.060086
     157     C        3          3.804285                              0.195715
     158     F        6          7.176236                             -0.176236
     159     S        7          6.338125                             -0.338125
     160     S        7          6.321314                             -0.321314
     161     O        5          5.832210                              0.167790
     162     O        5          5.673275                              0.326725
     163     O        5          6.151520                             -0.151520
     164     N        4          4.959911                              0.040089
 # Total charge                            674.000000                  0.000000

 !-----------------------------------------------------------------------------!

 !-----------------------------------------------------------------------------!
                           Hirshfeld Charges

  #Atom  Element  Kind  Ref Charge     Population                    Net charge
      1       Ti     1      12.000         13.289                        -1.289
      2       Ti     1      12.000         13.468                        -1.468
      3       Ti     1      12.000         13.186                        -1.186
      4       Ti     1      12.000         13.183                        -1.183
      5       Ti     1      12.000         13.504                        -1.504
      6       Ti     1      12.000         13.305                        -1.305
      7       Ti     1      12.000         13.209                        -1.209
      8       Ti     1      12.000         13.266                        -1.266
      9       H      2       1.000          0.546                         0.454
     10       H      2       1.000          0.536                         0.464
     11       H      2       1.000          0.548                         0.452
     12       H      2       1.000          0.504                         0.496
     13       H      2       1.000          0.552                         0.448
     14       H      2       1.000          0.519                         0.481
     15       H      2       1.000          0.521                         0.479
     16       H      2       1.000          0.523                         0.477
     17       H      2       1.000          0.551                         0.449
     18       H      2       1.000          0.545                         0.455
     19       H      2       1.000          0.542                         0.458
     20       H      2       1.000          0.548                         0.452
     21       H      2       1.000          0.427                         0.573
     22       H      2       1.000          0.432                         0.568
     23       H      2       1.000          0.544                         0.456
     24       H      2       1.000          0.546                         0.454
     25       H      2       1.000          0.561                         0.439
     26       H      2       1.000          0.558                         0.442
     27       H      2       1.000          0.523                         0.477
     28       H      2       1.000          0.559                         0.441
     29       H      2       1.000          0.434                         0.566
     30       H      2       1.000          0.566                         0.434
     31       H      2       1.000          0.419                         0.581
     32       H      2       1.000          0.419                         0.581
     33       H      2       1.000          0.481                         0.519
     34       H      2       1.000          0.467                         0.533
     35       H      2       1.000          0.478                         0.522
     36       H      2       1.000          0.458                         0.542
     37       H      2       1.000          0.485                         0.515
     38       H      2       1.000          0.468                         0.532
     39       H      2       1.000          0.543                         0.457
     40       H      2       1.000          0.542                         0.458
     41       H      2       1.000          0.539                         0.461
     42       H      2       1.000          0.604                         0.396
     43       C      3       4.000          3.472                         0.528
     44       C      3       4.000          3.468                         0.532
     45       C      3       4.000          3.489                         0.511
     46       C      3       4.000          3.474                         0.526
     47       C      3       4.000          4.020                        -0.020
     48       C      3       4.000          3.973                         0.027
     49       C      3       4.000          4.016                        -0.016
     50       C      3       4.000          3.977                         0.023
     51       C      3       4.000          3.881                         0.119
     52       C      3       4.000          4.417                        -0.417
     53       C      3       4.000          3.872                         0.128
     54       C      3       4.000          4.356                        -0.356
     55       C      3       4.000          4.340                        -0.340
     56       C      3       4.000          4.389                        -0.389
     57       C      3       4.000          4.355                        -0.355
     58       C      3       4.000          4.403                        -0.403
     59       C      3       4.000          4.000                         0.000
     60       C      3       4.000          4.355                        -0.355
     61       C      3       4.000          4.268                        -0.268
     62       C      3       4.000          3.997                         0.003
     63       C      3       4.000          4.004                        -0.004
     64       C      3       4.000          4.049                        -0.049
     65       C      3       4.000          4.016                        -0.016
     66       C      3       4.000          4.039                        -0.039
     67       C      3       4.000          3.461                         0.539
     68       C      3       4.000          3.500                         0.500
     69       C      3       4.000          3.493                         0.507
     70       C      3       4.000          3.699                         0.301
     71       C      3       4.000          3.707                         0.293
     72       C      3       4.000          3.518                         0.482
     73       C      3       4.000          4.373                        -0.373
     74       C      3       4.000          4.414                        -0.414
     75       C      3       4.000          4.381                        -0.381
     76       C      3       4.000          4.350                        -0.350
     77       C      3       4.000          4.385                        -0.385
     78       C      3       4.000          4.368                        -0.368
     79       C      3       4.000          4.372                        -0.372
     80       C      3       4.000          4.419                        -0.419
     81       C      3       4.000          4.227                        -0.227
     82       C      3       4.000          4.320                        -0.320
     83       C      3       4.000          4.387                        -0.387
     84       C      3       4.000          4.389                        -0.389
     85       C      3       4.000          3.878                         0.122
     86       C      3       4.000          4.339                        -0.339
     87       C      3       4.000          4.426                        -0.426
     88       C      3       4.000          3.912                         0.088
     89       N      4       5.000          5.761                        -0.761
     90       N      4       5.000          5.907                        -0.907
     91       N      4       5.000          5.907                        -0.907
     92       N      4       5.000          5.931                        -0.931
     93       O      5       6.000          6.169                        -0.169
     94       O      5       6.000          6.127                        -0.127
     95       O      5       6.000          6.156                        -0.156
     96       O      5       6.000          6.140                        -0.140
     97       O      5       6.000          6.127                        -0.127
     98       O      5       6.000          6.131                        -0.131
     99       O      5       6.000          6.114                        -0.114
    100       O      5       6.000          6.100                        -0.100
    101       O      5       6.000          5.694                         0.306
    102       O      5       6.000          5.738                         0.262
    103       O      5       6.000          5.771                         0.229
    104       O      5       6.000          5.685                         0.315
    105       O      5       6.000          5.678                         0.322
    106       O      5       6.000          5.805                         0.195
    107       O      5       6.000          5.757                         0.243
    108       O      5       6.000          5.663                         0.337
    109       O      5       6.000          6.129                        -0.129
    110       O      5       6.000          6.130                        -0.130
    111       O      5       6.000          6.116                        -0.116
    112       O      5       6.000          6.062                        -0.062
    113       O      5       6.000          6.163                        -0.163
    114       O      5       6.000          6.020                        -0.020
    115       O      5       6.000          6.127                        -0.127
    116       O      5       6.000          6.114                        -0.114
    117       O      5       6.000          5.982                         0.018
    118       O      5       6.000          6.107                        -0.107
    119       O      5       6.000          6.011                        -0.011
    120       O      5       6.000          6.091                        -0.091
    121       O      5       6.000          5.987                         0.013
    122       O      5       6.000          5.988                         0.012
    123       O      5       6.000          6.261                        -0.261
    124       O      5       6.000          6.181                        -0.181
    125       N      4       5.000          5.155                        -0.155
    126       N      4       5.000          5.144                        -0.144
    127       C      3       4.000          4.179                        -0.179
    128       C      3       4.000          4.278                        -0.278
    129       C      3       4.000          4.902                        -0.902
    130       H      2       1.000          0.525                         0.475
    131       H      2       1.000          0.525                         0.475
    132       H      2       1.000          0.548                         0.452
    133       H      2       1.000          0.510                         0.490
    134       H      2       1.000          0.554                         0.446
    135       C      3       4.000          4.298                        -0.298
    136       C      3       4.000          4.808                        -0.808
    137       H      2       1.000          0.548                         0.452
    138       H      2       1.000          0.567                         0.433
    139       H      2       1.000          0.561                         0.439
    140       C      3       4.000          5.303                        -1.303
    141       H      2       1.000          0.561                         0.439
    142       H      2       1.000          0.557                         0.443
    143       H      2       1.000          0.552                         0.448
    144       C      3       4.000          4.535                        -0.535
    145       C      3       4.000          4.781                        -0.781
    146       H      2       1.000          0.540                         0.460
    147       H      2       1.000          0.550                         0.450
    148       H      2       1.000          0.563                         0.437
    149       H      2       1.000          0.527                         0.473
    150       F      6       7.000          7.220                        -0.220
    151       F      6       7.000          7.197                        -0.197
    152       F      6       7.000          7.360                        -0.360
    153       F      6       7.000          7.216                        -0.216
    154       O      5       6.000          6.452                        -0.452
    155       C      3       4.000          3.225                         0.775
    156       F      6       7.000          7.277                        -0.277
    157       C      3       4.000          3.216                         0.784
    158       F      6       7.000          7.341                        -0.341
    159       S      7       6.000          5.479                         0.521
    160       S      7       6.000          5.391                         0.609
    161       O      5       6.000          6.371                        -0.371
    162       O      5       6.000          6.346                        -0.346
    163       O      5       6.000          6.385                        -0.385
    164       N      4       5.000          5.222                        -0.222

  Total Charge                                                            0.056
 !-----------------------------------------------------------------------------!

 ENERGY| Total FORCE_EVAL ( QS ) energy [hartree]          -1622.707679962629300

 *******************************************************************************
 **                 BAND EVALUATION OF ENERGIES AND FORCES                    **
 *******************************************************************************
 **                                                                           **
 **                                                                           **
 ** Replica Env Nr. :    6              Replica Band Nr. :   14               **
 ** Band  Step  Nr. :    1                                                    **
 *******************************************************************************

 Number of electrons:                                                        674
 Number of occupied orbitals:                                                361
 Number of molecular orbitals:                                               437

 Number of orbital functions:                                               1844
 Number of independent orbital functions:                                   1844

 Parameters for the always stable predictor-corrector (ASPC) method:

  ASPC order: 3

  B(1) =   3.000000
  B(2) =  -3.428571
  B(3) =   1.928571
  B(4) =  -0.571429
  B(5) =   0.071429

 *** WARNING in fm/cp_fm_elpa.F:521 :: Setting real_kernel for ELPA failed ***


 Extrapolation method: ASPC


 SCF WAVEFUNCTION OPTIMIZATION

  Step     Update method      Time    Convergence         Total energy    Change
  ------------------------------------------------------------------------------

 *** WARNING in fm/cp_fm_elpa.F:521 :: Setting real_kernel for ELPA failed ***

     1 Broy./Diag. 0.15E+00    8.7     0.00050771     -1622.7076783381 -1.62E+03

 *** WARNING in fm/cp_fm_elpa.F:521 :: Setting real_kernel for ELPA failed ***

     2 Broy./Diag. 0.15E+00   11.8     0.00076574     -1622.7042351079  3.44E-03

 *** WARNING in fm/cp_fm_elpa.F:521 :: Setting real_kernel for ELPA failed ***

     3 Broy./Diag. 0.15E+00   12.3     0.00030502     -1622.7054184624 -1.18E-03

 *** WARNING in fm/cp_fm_elpa.F:521 :: Setting real_kernel for ELPA failed ***

     4 Broy./Diag. 0.15E+00   12.3     0.00009948     -1622.7065276407 -1.11E-03

 *** WARNING in fm/cp_fm_elpa.F:521 :: Setting real_kernel for ELPA failed ***

     5 Broy./Diag. 0.15E+00   12.5     0.00004492     -1622.7078472236 -1.32E-03

  *** SCF run converged in     5 steps ***


  Electronic density on regular grids:       -673.9999999300        0.0000000700
  Core density on regular grids:              673.9999999671       -0.0000000329
  Total charge density on r-space grids:        0.0000000372
  Total charge density g-space grids:           0.0000000372

  Overlap energy of the core charge distribution:               0.00320281488051
  Self energy of the core charge distribution:              -3774.19779000501012
  Core Hamiltonian energy:                                   1086.78743542396273
  Hartree energy:                                            1417.73744851910692
  Exchange-correlation energy:                               -352.80344264868791
  Dispersion energy:                                           -0.22329062937179
  Electronic entropic energy:                                  -0.01141112170331
  Fermi energy:                                                -0.01906403744208

  Total energy:                                             -1622.70784722356461

 !-----------------------------------------------------------------------------!
                     Mulliken Population Analysis

 #  Atom  Element  Kind  Atomic population                           Net charge
       1     Ti       1         11.021594                              0.978406
       2     Ti       1         11.009707                              0.990293
       3     Ti       1         10.940743                              1.059257
       4     Ti       1         10.932325                              1.067675
       5     Ti       1         11.016558                              0.983442
       6     Ti       1         11.027836                              0.972164
       7     Ti       1         10.964764                              1.035236
       8     Ti       1         10.961201                              1.038799
       9     H        2          0.932269                              0.067731
      10     H        2          0.925025                              0.074975
      11     H        2          0.931359                              0.068641
      12     H        2          0.915479                              0.084521
      13     H        2          0.935891                              0.064109
      14     H        2          0.941597                              0.058403
      15     H        2          0.919915                              0.080085
      16     H        2          0.945226                              0.054774
      17     H        2          0.927559                              0.072441
      18     H        2          0.927983                              0.072017
      19     H        2          0.927556                              0.072444
      20     H        2          0.922248                              0.077752
      21     H        2          0.862218                              0.137782
      22     H        2          0.860933                              0.139067
      23     H        2          0.936261                              0.063739
      24     H        2          0.941535                              0.058465
      25     H        2          0.937927                              0.062073
      26     H        2          0.929267                              0.070733
      27     H        2          0.920774                              0.079226
      28     H        2          0.935601                              0.064399
      29     H        2          0.879788                              0.120212
      30     H        2          0.919621                              0.080379
      31     H        2          0.840192                              0.159808
      32     H        2          0.839485                              0.160515
      33     H        2          0.886515                              0.113485
      34     H        2          0.888416                              0.111584
      35     H        2          0.893181                              0.106819
      36     H        2          0.883293                              0.116707
      37     H        2          0.897097                              0.102903
      38     H        2          0.894565                              0.105435
      39     H        2          0.937728                              0.062272
      40     H        2          0.922904                              0.077096
      41     H        2          0.936658                              0.063342
      42     H        2          0.877233                              0.122767
      43     C        3          3.771848                              0.228152
      44     C        3          3.774934                              0.225066
      45     C        3          3.785863                              0.214137
      46     C        3          3.776721                              0.223279
      47     C        3          4.070188                             -0.070188
      48     C        3          4.029551                             -0.029551
      49     C        3          4.090470                             -0.090470
      50     C        3          4.069079                             -0.069079
      51     C        3          3.964623                              0.035377
      52     C        3          4.019078                             -0.019078
      53     C        3          3.908989                              0.091011
      54     C        3          3.940125                              0.059875
      55     C        3          4.027893                             -0.027893
      56     C        3          3.994697                              0.005303
      57     C        3          4.003878                             -0.003878
      58     C        3          4.043752                             -0.043752
      59     C        3          4.034247                             -0.034247
      60     C        3          4.044359                             -0.044359
      61     C        3          4.011475                             -0.011475
      62     C        3          4.083874                             -0.083874
      63     C        3          3.998594                              0.001406
      64     C        3          4.042783                             -0.042783
      65     C        3          4.007080                             -0.007080
      66     C        3          4.014186                             -0.014186
      67     C        3          3.775435                              0.224565
      68     C        3          3.801506                              0.198494
      69     C        3          3.781640                              0.218360
      70     C        3          3.804377                              0.195623
      71     C        3          3.798305                              0.201695
      72     C        3          3.784509                              0.215491
      73     C        3          4.011742                             -0.011742
      74     C        3          4.038633                             -0.038633
      75     C        3          3.966017                              0.033983
      76     C        3          3.999137                              0.000863
      77     C        3          4.030945                             -0.030945
      78     C        3          4.034388                             -0.034388
      79     C        3          4.021205                             -0.021205
      80     C        3          3.967802                              0.032198
      81     C        3          4.025233                             -0.025233
      82     C        3          3.993072                              0.006928
      83     C        3          4.022260                             -0.022260
      84     C        3          4.036309                             -0.036309
      85     C        3          3.993400                              0.006600
      86     C        3          4.014858                             -0.014858
      87     C        3          3.951483                              0.048517
      88     C        3          4.023565                             -0.023565
      89     N        4          4.964295                              0.035705
      90     N        4          5.065451                             -0.065451
      91     N        4          5.050167                             -0.050167
      92     N        4          5.052668                             -0.052668
      93     O        5          6.357759                             -0.357759
      94     O        5          6.329852                             -0.329852
      95     O        5          6.303638                             -0.303638
      96     O        5          6.295103                             -0.295103
      97     O        5          6.329614                             -0.329614
      98     O        5          6.341717                             -0.341717
      99     O        5          6.292200                             -0.292200
     100     O        5          6.257980                             -0.257980
     101     O        5          6.438030                             -0.438030
     102     O        5          6.514754                             -0.514754
     103     O        5          6.501559                             -0.501559
     104     O        5          6.449726                             -0.449726
     105     O        5          6.460374                             -0.460374
     106     O        5          6.534182                             -0.534182
     107     O        5          6.511169                             -0.511169
     108     O        5          6.421724                             -0.421724
     109     O        5          6.364916                             -0.364916
     110     O        5          6.367421                             -0.367421
     111     O        5          6.390276                             -0.390276
     112     O        5          6.330153                             -0.330153
     113     O        5          6.508675                             -0.508675
     114     O        5          6.262440                             -0.262440
     115     O        5          6.371793                             -0.371793
     116     O        5          6.352181                             -0.352181
     117     O        5          6.286856                             -0.286856
     118     O        5          6.405046                             -0.405046
     119     O        5          6.254595                             -0.254595
     120     O        5          6.460254                             -0.460254
     121     O        5          6.534797                             -0.534797
     122     O        5          6.533042                             -0.533042
     123     O        5          6.496414                             -0.496414
     124     O        5          6.471663                             -0.471663
     125     N        4          4.867741                              0.132259
     126     N        4          4.840856                              0.159144
     127     C        3          3.918196                              0.081804
     128     C        3          3.974787                              0.025213
     129     C        3          4.182012                             -0.182012
     130     H        2          0.928795                              0.071205
     131     H        2          0.936913                              0.063087
     132     H        2          0.917557                              0.082443
     133     H        2          0.915511                              0.084489
     134     H        2          0.918314                              0.081686
     135     C        3          3.982820                              0.017180
     136     C        3          4.148775                             -0.148775
     137     H        2          0.919857                              0.080143
     138     H        2          0.914328                              0.085672
     139     H        2          0.920541                              0.079459
     140     C        3          4.261226                             -0.261226
     141     H        2          0.920669                              0.079331
     142     H        2          0.919589                              0.080411
     143     H        2          0.907051                              0.092949
     144     C        3          4.083698                             -0.083698
     145     C        3          4.154117                             -0.154117
     146     H        2          0.902466                              0.097534
     147     H        2          0.907679                              0.092321
     148     H        2          0.918455                              0.081545
     149     H        2          0.940069                              0.059931
     150     F        6          6.986787                              0.013213
     151     F        6          6.932025                              0.067975
     152     F        6          7.204670                             -0.204670
     153     F        6          6.981424                              0.018576
     154     O        5          6.432697                             -0.432697
     155     C        3          3.848694                              0.151306
     156     F        6          7.060073                             -0.060073
     157     C        3          3.804284                              0.195716
     158     F        6          7.176238                             -0.176238
     159     S        7          6.338150                             -0.338150
     160     S        7          6.321377                             -0.321377
     161     O        5          5.832221                              0.167779
     162     O        5          5.673284                              0.326716
     163     O        5          6.151535                             -0.151535
     164     N        4          4.959902                              0.040098
 # Total charge                            674.000000                  0.000000

 !-----------------------------------------------------------------------------!

 !-----------------------------------------------------------------------------!
                           Hirshfeld Charges

  #Atom  Element  Kind  Ref Charge     Population                    Net charge
      1       Ti     1      12.000         13.289                        -1.289
      2       Ti     1      12.000         13.468                        -1.468
      3       Ti     1      12.000         13.186                        -1.186
      4       Ti     1      12.000         13.183                        -1.183
      5       Ti     1      12.000         13.505                        -1.505
      6       Ti     1      12.000         13.305                        -1.305
      7       Ti     1      12.000         13.209                        -1.209
      8       Ti     1      12.000         13.266                        -1.266
      9       H      2       1.000          0.546                         0.454
     10       H      2       1.000          0.536                         0.464
     11       H      2       1.000          0.548                         0.452
     12       H      2       1.000          0.504                         0.496
     13       H      2       1.000          0.552                         0.448
     14       H      2       1.000          0.519                         0.481
     15       H      2       1.000          0.521                         0.479
     16       H      2       1.000          0.523                         0.477
     17       H      2       1.000          0.551                         0.449
     18       H      2       1.000          0.545                         0.455
     19       H      2       1.000          0.542                         0.458
     20       H      2       1.000          0.548                         0.452
     21       H      2       1.000          0.427                         0.573
     22       H      2       1.000          0.432                         0.568
     23       H      2       1.000          0.544                         0.456
     24       H      2       1.000          0.546                         0.454
     25       H      2       1.000          0.561                         0.439
     26       H      2       1.000          0.558                         0.442
     27       H      2       1.000          0.523                         0.477
     28       H      2       1.000          0.559                         0.441
     29       H      2       1.000          0.434                         0.566
     30       H      2       1.000          0.566                         0.434
     31       H      2       1.000          0.419                         0.581
     32       H      2       1.000          0.420                         0.580
     33       H      2       1.000          0.481                         0.519
     34       H      2       1.000          0.467                         0.533
     35       H      2       1.000          0.478                         0.522
     36       H      2       1.000          0.458                         0.542
     37       H      2       1.000          0.485                         0.515
     38       H      2       1.000          0.468                         0.532
     39       H      2       1.000          0.543                         0.457
     40       H      2       1.000          0.542                         0.458
     41       H      2       1.000          0.539                         0.461
     42       H      2       1.000          0.604                         0.396
     43       C      3       4.000          3.472                         0.528
     44       C      3       4.000          3.468                         0.532
     45       C      3       4.000          3.489                         0.511
     46       C      3       4.000          3.474                         0.526
     47       C      3       4.000          4.020                        -0.020
     48       C      3       4.000          3.973                         0.027
     49       C      3       4.000          4.016                        -0.016
     50       C      3       4.000          3.977                         0.023
     51       C      3       4.000          3.881                         0.119
     52       C      3       4.000          4.417                        -0.417
     53       C      3       4.000          3.872                         0.128
     54       C      3       4.000          4.356                        -0.356
     55       C      3       4.000          4.340                        -0.340
     56       C      3       4.000          4.389                        -0.389
     57       C      3       4.000          4.355                        -0.355
     58       C      3       4.000          4.403                        -0.403
     59       C      3       4.000          4.000                         0.000
     60       C      3       4.000          4.355                        -0.355
     61       C      3       4.000          4.268                        -0.268
     62       C      3       4.000          3.998                         0.002
     63       C      3       4.000          4.004                        -0.004
     64       C      3       4.000          4.049                        -0.049
     65       C      3       4.000          4.016                        -0.016
     66       C      3       4.000          4.039                        -0.039
     67       C      3       4.000          3.461                         0.539
     68       C      3       4.000          3.500                         0.500
     69       C      3       4.000          3.493                         0.507
     70       C      3       4.000          3.699                         0.301
     71       C      3       4.000          3.707                         0.293
     72       C      3       4.000          3.518                         0.482
     73       C      3       4.000          4.373                        -0.373
     74       C      3       4.000          4.414                        -0.414
     75       C      3       4.000          4.381                        -0.381
     76       C      3       4.000          4.350                        -0.350
     77       C      3       4.000          4.385                        -0.385
     78       C      3       4.000          4.368                        -0.368
     79       C      3       4.000          4.372                        -0.372
     80       C      3       4.000          4.419                        -0.419
     81       C      3       4.000          4.227                        -0.227
     82       C      3       4.000          4.320                        -0.320
     83       C      3       4.000          4.387                        -0.387
     84       C      3       4.000          4.389                        -0.389
     85       C      3       4.000          3.878                         0.122
     86       C      3       4.000          4.339                        -0.339
     87       C      3       4.000          4.426                        -0.426
     88       C      3       4.000          3.912                         0.088
     89       N      4       5.000          5.761                        -0.761
     90       N      4       5.000          5.907                        -0.907
     91       N      4       5.000          5.907                        -0.907
     92       N      4       5.000          5.931                        -0.931
     93       O      5       6.000          6.169                        -0.169
     94       O      5       6.000          6.127                        -0.127
     95       O      5       6.000          6.156                        -0.156
     96       O      5       6.000          6.140                        -0.140
     97       O      5       6.000          6.127                        -0.127
     98       O      5       6.000          6.131                        -0.131
     99       O      5       6.000          6.114                        -0.114
    100       O      5       6.000          6.100                        -0.100
    101       O      5       6.000          5.694                         0.306
    102       O      5       6.000          5.738                         0.262
    103       O      5       6.000          5.771                         0.229
    104       O      5       6.000          5.685                         0.315
    105       O      5       6.000          5.678                         0.322
    106       O      5       6.000          5.805                         0.195
    107       O      5       6.000          5.757                         0.243
    108       O      5       6.000          5.663                         0.337
    109       O      5       6.000          6.129                        -0.129
    110       O      5       6.000          6.130                        -0.130
    111       O      5       6.000          6.116                        -0.116
    112       O      5       6.000          6.062                        -0.062
    113       O      5       6.000          6.163                        -0.163
    114       O      5       6.000          6.020                        -0.020
    115       O      5       6.000          6.127                        -0.127
    116       O      5       6.000          6.114                        -0.114
    117       O      5       6.000          5.982                         0.018
    118       O      5       6.000          6.107                        -0.107
    119       O      5       6.000          6.011                        -0.011
    120       O      5       6.000          6.091                        -0.091
    121       O      5       6.000          5.987                         0.013
    122       O      5       6.000          5.988                         0.012
    123       O      5       6.000          6.261                        -0.261
    124       O      5       6.000          6.181                        -0.181
    125       N      4       5.000          5.155                        -0.155
    126       N      4       5.000          5.144                        -0.144
    127       C      3       4.000          4.179                        -0.179
    128       C      3       4.000          4.278                        -0.278
    129       C      3       4.000          4.902                        -0.902
    130       H      2       1.000          0.525                         0.475
    131       H      2       1.000          0.525                         0.475
    132       H      2       1.000          0.548                         0.452
    133       H      2       1.000          0.510                         0.490
    134       H      2       1.000          0.554                         0.446
    135       C      3       4.000          4.298                        -0.298
    136       C      3       4.000          4.808                        -0.808
    137       H      2       1.000          0.548                         0.452
    138       H      2       1.000          0.567                         0.433
    139       H      2       1.000          0.561                         0.439
    140       C      3       4.000          5.303                        -1.303
    141       H      2       1.000          0.561                         0.439
    142       H      2       1.000          0.557                         0.443
    143       H      2       1.000          0.552                         0.448
    144       C      3       4.000          4.535                        -0.535
    145       C      3       4.000          4.781                        -0.781
    146       H      2       1.000          0.540                         0.460
    147       H      2       1.000          0.550                         0.450
    148       H      2       1.000          0.563                         0.437
    149       H      2       1.000          0.527                         0.473
    150       F      6       7.000          7.220                        -0.220
    151       F      6       7.000          7.197                        -0.197
    152       F      6       7.000          7.360                        -0.360
