
 *******************************************************************************
 **                 BAND EVALUATION OF ENERGIES AND FORCES                    **
 *******************************************************************************
 **                                                                           **
 **                                                                           **
 ** Replica Env Nr. :    0              Replica Band Nr. :    8               **
 ** Band  Step  Nr. :    0                                                    **
 *******************************************************************************

 Number of electrons:                                                        674
 Number of occupied orbitals:                                                366
 Number of molecular orbitals:                                               437

 Number of orbital functions:                                               1844
 Number of independent orbital functions:                                   1844

 Parameters for the always stable predictor-corrector (ASPC) method:

  ASPC order: 0

  B(1) =   1.000000

 *** WARNING in fm/cp_fm_elpa.F:521 :: Setting real_kernel for ELPA failed ***


 Extrapolation method: ASPC


 SCF WAVEFUNCTION OPTIMIZATION

  Step     Update method      Time    Convergence         Total energy    Change
  ------------------------------------------------------------------------------

 *** WARNING in fm/cp_fm_elpa.F:521 :: Setting real_kernel for ELPA failed ***

     1 Broy./Diag. 0.15E+00    8.0     1.89939115     -1605.7841834491 -1.61E+03

 *** WARNING in fm/cp_fm_elpa.F:521 :: Setting real_kernel for ELPA failed ***

     2 Broy./Diag. 0.15E+00   11.9     0.88433478     -1663.5455597271 -5.78E+01

 *** WARNING in fm/cp_fm_elpa.F:521 :: Setting real_kernel for ELPA failed ***

     3 Broy./Diag. 0.15E+00   12.1     0.39097797     -1647.2592357884  1.63E+01

 *** WARNING in fm/cp_fm_elpa.F:521 :: Setting real_kernel for ELPA failed ***

     4 Broy./Diag. 0.15E+00   12.0     0.23146470     -1634.8809229025  1.24E+01

 *** WARNING in fm/cp_fm_elpa.F:521 :: Setting real_kernel for ELPA failed ***

     5 Broy./Diag. 0.15E+00   11.9     0.13143128     -1627.6492841354  7.23E+00

 *** WARNING in fm/cp_fm_elpa.F:521 :: Setting real_kernel for ELPA failed ***

     6 Broy./Diag. 0.15E+00   12.1     0.05262356     -1623.7287990164  3.92E+00

 *** WARNING in fm/cp_fm_elpa.F:521 :: Setting real_kernel for ELPA failed ***

     7 Broy./Diag. 0.15E+00   10.8     0.04545255     -1623.0190429286  7.10E-01

 *** WARNING in fm/cp_fm_elpa.F:521 :: Setting real_kernel for ELPA failed ***

     8 Broy./Diag. 0.15E+00   10.9     0.01724756     -1623.4978273947 -4.79E-01

 *** WARNING in fm/cp_fm_elpa.F:521 :: Setting real_kernel for ELPA failed ***

     9 Broy./Diag. 0.15E+00   10.8     0.00844071     -1623.6168101997 -1.19E-01

 *** WARNING in fm/cp_fm_elpa.F:521 :: Setting real_kernel for ELPA failed ***

    10 Broy./Diag. 0.15E+00   10.7     0.01001692     -1623.6537182699 -3.69E-02

 *** WARNING in fm/cp_fm_elpa.F:521 :: Setting real_kernel for ELPA failed ***

    11 Broy./Diag. 0.15E+00   10.7     0.00722802     -1623.7160663396 -6.23E-02

 *** WARNING in fm/cp_fm_elpa.F:521 :: Setting real_kernel for ELPA failed ***

    12 Broy./Diag. 0.15E+00   10.7     0.00310659     -1623.7596532539 -4.36E-02

 *** WARNING in fm/cp_fm_elpa.F:521 :: Setting real_kernel for ELPA failed ***

    13 Broy./Diag. 0.15E+00   10.7     0.00214322     -1623.8100954137 -5.04E-02

 *** WARNING in fm/cp_fm_elpa.F:521 :: Setting real_kernel for ELPA failed ***

    14 Broy./Diag. 0.15E+00   11.1     0.00332829     -1623.8312379656 -2.11E-02

 *** WARNING in fm/cp_fm_elpa.F:521 :: Setting real_kernel for ELPA failed ***

    15 Broy./Diag. 0.15E+00   11.2     0.00102649     -1623.8360431330 -4.81E-03

 *** WARNING in fm/cp_fm_elpa.F:521 :: Setting real_kernel for ELPA failed ***

    16 Broy./Diag. 0.15E+00   11.1     0.00150505     -1623.8353608546  6.82E-04

 *** WARNING in fm/cp_fm_elpa.F:521 :: Setting real_kernel for ELPA failed ***

    17 Broy./Diag. 0.15E+00   11.1     0.00146169     -1623.8412960389 -5.94E-03

 *** WARNING in fm/cp_fm_elpa.F:521 :: Setting real_kernel for ELPA failed ***

    18 Broy./Diag. 0.15E+00   11.0     0.00085550     -1623.8454584604 -4.16E-03

 *** WARNING in fm/cp_fm_elpa.F:521 :: Setting real_kernel for ELPA failed ***

    19 Broy./Diag. 0.15E+00   11.0     0.00054430     -1623.8525701946 -7.11E-03

 *** WARNING in fm/cp_fm_elpa.F:521 :: Setting real_kernel for ELPA failed ***

    20 Broy./Diag. 0.15E+00   11.0     0.00040445     -1623.8526457205 -7.55E-05

 *** WARNING in fm/cp_fm_elpa.F:521 :: Setting real_kernel for ELPA failed ***

    21 Broy./Diag. 0.15E+00   11.0     0.00033560     -1623.8486984579  3.95E-03

 *** WARNING in fm/cp_fm_elpa.F:521 :: Setting real_kernel for ELPA failed ***

    22 Broy./Diag. 0.15E+00   11.0     0.00030992     -1623.8447964818  3.90E-03

 *** WARNING in fm/cp_fm_elpa.F:521 :: Setting real_kernel for ELPA failed ***

    23 Broy./Diag. 0.15E+00   11.0     0.00036511     -1623.8440625984  7.34E-04

 *** WARNING in fm/cp_fm_elpa.F:521 :: Setting real_kernel for ELPA failed ***

    24 Broy./Diag. 0.15E+00   11.1     0.00019335     -1623.8444298895 -3.67E-04

 *** WARNING in fm/cp_fm_elpa.F:521 :: Setting real_kernel for ELPA failed ***

    25 Broy./Diag. 0.15E+00   11.0     0.00012340     -1623.8453631944 -9.33E-04

 *** WARNING in fm/cp_fm_elpa.F:521 :: Setting real_kernel for ELPA failed ***

    26 Broy./Diag. 0.15E+00   11.1     0.00009678     -1623.8441807104  1.18E-03

 *** WARNING in fm/cp_fm_elpa.F:521 :: Setting real_kernel for ELPA failed ***

    27 Broy./Diag. 0.15E+00   11.0     0.00006361     -1623.8421691104  2.01E-03

 *** WARNING in fm/cp_fm_elpa.F:521 :: Setting real_kernel for ELPA failed ***

    28 Broy./Diag. 0.15E+00   11.0     0.00008201     -1623.8407523388  1.42E-03

 *** WARNING in fm/cp_fm_elpa.F:521 :: Setting real_kernel for ELPA failed ***

    29 Broy./Diag. 0.15E+00   11.1     0.00006282     -1623.8405917856  1.61E-04

 *** WARNING in fm/cp_fm_elpa.F:521 :: Setting real_kernel for ELPA failed ***

    30 Broy./Diag. 0.15E+00   11.1     0.00007440     -1623.8408934158 -3.02E-04

 *** WARNING in fm/cp_fm_elpa.F:521 :: Setting real_kernel for ELPA failed ***

    31 Broy./Diag. 0.15E+00   11.0     0.00004526     -1623.8412541336 -3.61E-04

  *** SCF run converged in    31 steps ***


  Electronic density on regular grids:       -673.9999999311        0.0000000689
  Core density on regular grids:              673.9999999671       -0.0000000329
  Total charge density on r-space grids:        0.0000000359
  Total charge density g-space grids:           0.0000000359

  Overlap energy of the core charge distribution:               0.00441354270211
  Self energy of the core charge distribution:              -3774.19779000501012
  Core Hamiltonian energy:                                   1074.86332759867287
  Hartree energy:                                            1425.86994188798508
  Exchange-correlation energy:                               -350.13971420646197
  Dispersion energy:                                           -0.22930081284328
  Electronic entropic energy:                                  -0.01213244840804
  Fermi energy:                                                -0.02339529044119

  Total energy:                                             -1623.84125413362767

 !-----------------------------------------------------------------------------!
                     Mulliken Population Analysis

 #  Atom  Element  Kind  Atomic population                           Net charge
       1     Ti       1         11.033692                              0.966308
       2     Ti       1         11.023622                              0.976378
       3     Ti       1         10.944158                              1.055842
       4     Ti       1         10.938594                              1.061406
       5     Ti       1         11.030671                              0.969329
       6     Ti       1         11.044643                              0.955357
       7     Ti       1         10.971925                              1.028075
       8     Ti       1         10.975638                              1.024362
       9     H        2          0.932714                              0.067286
      10     H        2          0.919641                              0.080359
      11     H        2          0.922175                              0.077825
      12     H        2          0.916864                              0.083136
      13     H        2          0.934911                              0.065089
      14     H        2          0.939409                              0.060591
      15     H        2          0.918530                              0.081470
      16     H        2          0.948277                              0.051723
      17     H        2          0.925278                              0.074722
      18     H        2          0.928210                              0.071790
      19     H        2          0.927825                              0.072175
      20     H        2          0.910361                              0.089639
      21     H        2          0.863228                              0.136772
      22     H        2          0.862457                              0.137543
      23     H        2          0.938954                              0.061046
      24     H        2          0.945352                              0.054648
      25     H        2          0.939834                              0.060166
      26     H        2          0.931202                              0.068798
      27     H        2          0.919606                              0.080394
      28     H        2          0.938273                              0.061727
      29     H        2          0.875288                              0.124712
      30     H        2          0.921318                              0.078682
      31     H        2          0.843114                              0.156886
      32     H        2          0.837569                              0.162431
      33     H        2          0.889461                              0.110539
      34     H        2          0.887292                              0.112708
      35     H        2          0.892469                              0.107531
      36     H        2          0.882035                              0.117965
      37     H        2          0.898145                              0.101855
      38     H        2          0.895814                              0.104186
      39     H        2          0.937596                              0.062404
      40     H        2          0.923292                              0.076708
      41     H        2          0.927239                              0.072761
      42     H        2          0.867365                              0.132635
      43     C        3          3.772741                              0.227259
      44     C        3          3.775978                              0.224022
      45     C        3          3.788362                              0.211638
      46     C        3          3.779420                              0.220580
      47     C        3          4.069563                             -0.069563
      48     C        3          4.028669                             -0.028669
      49     C        3          4.101000                             -0.101000
      50     C        3          4.077109                             -0.077109
      51     C        3          3.959254                              0.040746
      52     C        3          4.016488                             -0.016488
      53     C        3          3.896358                              0.103642
      54     C        3          3.925266                              0.074734
      55     C        3          4.023005                             -0.023005
      56     C        3          3.986453                              0.013547
      57     C        3          4.009421                             -0.009421
      58     C        3          4.049511                             -0.049511
      59     C        3          4.032852                             -0.032852
      60     C        3          4.044882                             -0.044882
      61     C        3          3.975798                              0.024202
      62     C        3          4.085156                             -0.085156
      63     C        3          3.995175                              0.004825
      64     C        3          4.031732                             -0.031732
      65     C        3          3.999532                              0.000468
      66     C        3          4.011909                             -0.011909
      67     C        3          3.771717                              0.228283
      68     C        3          3.802764                              0.197236
      69     C        3          3.776108                              0.223892
      70     C        3          3.818765                              0.181235
      71     C        3          3.803935                              0.196065
      72     C        3          3.776718                              0.223282
      73     C        3          4.012360                             -0.012360
      74     C        3          4.039523                             -0.039523
      75     C        3          3.942890                              0.057110
      76     C        3          3.996992                              0.003008
      77     C        3          4.023882                             -0.023882
      78     C        3          4.033846                             -0.033846
      79     C        3          4.013104                             -0.013104
      80     C        3          3.945886                              0.054114
      81     C        3          3.996939                              0.003061
      82     C        3          3.989366                              0.010634
      83     C        3          4.022232                             -0.022232
      84     C        3          4.037346                             -0.037346
      85     C        3          3.987503                              0.012497
      86     C        3          4.010574                             -0.010574
      87     C        3          3.943730                              0.056270
      88     C        3          4.012084                             -0.012084
      89     N        4          4.972071                              0.027929
      90     N        4          5.051882                             -0.051882
      91     N        4          5.048683                             -0.048683
      92     N        4          5.043846                             -0.043846
      93     O        5          6.358057                             -0.358057
      94     O        5          6.334242                             -0.334242
      95     O        5          6.301546                             -0.301546
      96     O        5          6.296719                             -0.296719
      97     O        5          6.331309                             -0.331309
      98     O        5          6.344673                             -0.344673
      99     O        5          6.292586                             -0.292586
     100     O        5          6.255349                             -0.255349
     101     O        5          6.411170                             -0.411170
     102     O        5          6.515446                             -0.515446
     103     O        5          6.511007                             -0.511007
     104     O        5          6.448204                             -0.448204
     105     O        5          6.461946                             -0.461946
     106     O        5          6.539575                             -0.539575
     107     O        5          6.511493                             -0.511493
     108     O        5          6.403740                             -0.403740
     109     O        5          6.363109                             -0.363109
     110     O        5          6.372099                             -0.372099
     111     O        5          6.392321                             -0.392321
     112     O        5          6.333800                             -0.333800
     113     O        5          6.510482                             -0.510482
     114     O        5          6.248837                             -0.248837
     115     O        5          6.372918                             -0.372918
     116     O        5          6.350872                             -0.350872
     117     O        5          6.289143                             -0.289143
     118     O        5          6.404154                             -0.404154
     119     O        5          6.241839                             -0.241839
     120     O        5          6.455567                             -0.455567
     121     O        5          6.523621                             -0.523621
     122     O        5          6.532806                             -0.532806
     123     O        5          6.487640                             -0.487640
     124     O        5          6.456413                             -0.456413
     125     N        4          4.866925                              0.133075
     126     N        4          4.840226                              0.159774
     127     C        3          3.919739                              0.080261
     128     C        3          3.972600                              0.027400
     129     C        3          4.184562                             -0.184562
     130     H        2          0.930400                              0.069600
     131     H        2          0.937790                              0.062210
     132     H        2          0.919324                              0.080676
     133     H        2          0.918590                              0.081410
     134     H        2          0.922054                              0.077946
     135     C        3          3.982251                              0.017749
     136     C        3          4.147391                             -0.147391
     137     H        2          0.920135                              0.079865
     138     H        2          0.913616                              0.086384
     139     H        2          0.923569                              0.076431
     140     C        3          4.261901                             -0.261901
     141     H        2          0.920783                              0.079217
     142     H        2          0.920493                              0.079507
     143     H        2          0.906442                              0.093558
     144     C        3          4.082385                             -0.082385
     145     C        3          4.154964                             -0.154964
     146     H        2          0.902125                              0.097875
     147     H        2          0.908735                              0.091265
     148     H        2          0.918429                              0.081571
     149     H        2          0.939852                              0.060148
     150     F        6          7.123696                             -0.123696
     151     F        6          7.117511                             -0.117511
     152     F        6          7.114263                             -0.114263
     153     F        6          7.122425                             -0.122425
     154     O        5          6.397316                             -0.397316
     155     C        3          3.818751                              0.181249
     156     F        6          7.122194                             -0.122194
     157     C        3          3.818612                              0.181388
     158     F        6          7.122597                             -0.122597
     159     S        7          5.278068                              0.721932
     160     S        7          5.286075                              0.713925
     161     O        5          6.365256                             -0.365256
     162     O        5          6.388348                             -0.388348
     163     O        5          6.359871                             -0.359871
     164     N        4          5.482631                             -0.482631
 # Total charge                            674.000000                  0.000000

 !-----------------------------------------------------------------------------!

 !-----------------------------------------------------------------------------!
                           Hirshfeld Charges

  #Atom  Element  Kind  Ref Charge     Population                    Net charge
      1       Ti     1      12.000         13.271                        -1.271
      2       Ti     1      12.000         13.482                        -1.482
      3       Ti     1      12.000         13.189                        -1.189
      4       Ti     1      12.000         13.191                        -1.191
      5       Ti     1      12.000         13.514                        -1.514
      6       Ti     1      12.000         13.291                        -1.291
      7       Ti     1      12.000         13.213                        -1.213
      8       Ti     1      12.000         13.274                        -1.274
      9       H      2       1.000          0.546                         0.454
     10       H      2       1.000          0.533                         0.467
     11       H      2       1.000          0.543                         0.457
     12       H      2       1.000          0.501                         0.499
     13       H      2       1.000          0.552                         0.448
     14       H      2       1.000          0.514                         0.486
     15       H      2       1.000          0.518                         0.482
     16       H      2       1.000          0.521                         0.479
     17       H      2       1.000          0.547                         0.453
     18       H      2       1.000          0.545                         0.455
     19       H      2       1.000          0.542                         0.458
     20       H      2       1.000          0.529                         0.471
     21       H      2       1.000          0.425                         0.575
     22       H      2       1.000          0.431                         0.569
     23       H      2       1.000          0.545                         0.455
     24       H      2       1.000          0.548                         0.452
     25       H      2       1.000          0.562                         0.438
     26       H      2       1.000          0.560                         0.440
     27       H      2       1.000          0.520                         0.480
     28       H      2       1.000          0.559                         0.441
     29       H      2       1.000          0.429                         0.571
     30       H      2       1.000          0.570                         0.430
     31       H      2       1.000          0.420                         0.580
     32       H      2       1.000          0.419                         0.581
     33       H      2       1.000          0.481                         0.519
     34       H      2       1.000          0.466                         0.534
     35       H      2       1.000          0.478                         0.522
     36       H      2       1.000          0.458                         0.542
     37       H      2       1.000          0.485                         0.515
     38       H      2       1.000          0.469                         0.531
     39       H      2       1.000          0.543                         0.457
     40       H      2       1.000          0.542                         0.458
     41       H      2       1.000          0.532                         0.468
     42       H      2       1.000          0.593                         0.407
     43       C      3       4.000          3.473                         0.527
     44       C      3       4.000          3.470                         0.530
     45       C      3       4.000          3.493                         0.507
     46       C      3       4.000          3.479                         0.521
     47       C      3       4.000          4.018                        -0.018
     48       C      3       4.000          3.971                         0.029
     49       C      3       4.000          4.013                        -0.013
     50       C      3       4.000          3.975                         0.025
     51       C      3       4.000          3.888                         0.112
     52       C      3       4.000          4.425                        -0.425
     53       C      3       4.000          3.875                         0.125
     54       C      3       4.000          4.340                        -0.340
     55       C      3       4.000          4.328                        -0.328
     56       C      3       4.000          4.398                        -0.398
     57       C      3       4.000          4.349                        -0.349
     58       C      3       4.000          4.399                        -0.399
     59       C      3       4.000          3.998                         0.002
     60       C      3       4.000          4.355                        -0.355
     61       C      3       4.000          4.232                        -0.232
     62       C      3       4.000          3.999                         0.001
     63       C      3       4.000          4.000                        -0.000
     64       C      3       4.000          4.052                        -0.052
     65       C      3       4.000          4.019                        -0.019
     66       C      3       4.000          4.039                        -0.039
     67       C      3       4.000          3.459                         0.541
     68       C      3       4.000          3.506                         0.494
     69       C      3       4.000          3.494                         0.506
     70       C      3       4.000          3.724                         0.276
     71       C      3       4.000          3.724                         0.276
     72       C      3       4.000          3.522                         0.478
     73       C      3       4.000          4.374                        -0.374
     74       C      3       4.000          4.415                        -0.415
     75       C      3       4.000          4.372                        -0.372
     76       C      3       4.000          4.359                        -0.359
     77       C      3       4.000          4.374                        -0.374
     78       C      3       4.000          4.364                        -0.364
     79       C      3       4.000          4.369                        -0.369
     80       C      3       4.000          4.395                        -0.395
     81       C      3       4.000          4.181                        -0.181
     82       C      3       4.000          4.302                        -0.302
     83       C      3       4.000          4.387                        -0.387
     84       C      3       4.000          4.390                        -0.390
     85       C      3       4.000          3.877                         0.123
     86       C      3       4.000          4.323                        -0.323
     87       C      3       4.000          4.426                        -0.426
     88       C      3       4.000          3.920                         0.080
     89       N      4       5.000          5.744                        -0.744
     90       N      4       5.000          5.886                        -0.886
     91       N      4       5.000          5.902                        -0.902
     92       N      4       5.000          5.922                        -0.922
     93       O      5       6.000          6.169                        -0.169
     94       O      5       6.000          6.130                        -0.130
     95       O      5       6.000          6.156                        -0.156
     96       O      5       6.000          6.145                        -0.145
     97       O      5       6.000          6.130                        -0.130
     98       O      5       6.000          6.133                        -0.133
     99       O      5       6.000          6.117                        -0.117
    100       O      5       6.000          6.099                        -0.099
    101       O      5       6.000          5.684                         0.316
    102       O      5       6.000          5.739                         0.261
    103       O      5       6.000          5.786                         0.214
    104       O      5       6.000          5.685                         0.315
    105       O      5       6.000          5.680                         0.320
    106       O      5       6.000          5.815                         0.185
    107       O      5       6.000          5.757                         0.243
    108       O      5       6.000          5.656                         0.344
    109       O      5       6.000          6.128                        -0.128
    110       O      5       6.000          6.134                        -0.134
    111       O      5       6.000          6.111                        -0.111
    112       O      5       6.000          6.065                        -0.065
    113       O      5       6.000          6.167                        -0.167
    114       O      5       6.000          6.009                        -0.009
    115       O      5       6.000          6.129                        -0.129
    116       O      5       6.000          6.114                        -0.114
    117       O      5       6.000          5.980                         0.020
    118       O      5       6.000          6.099                        -0.099
    119       O      5       6.000          6.000                         0.000
    120       O      5       6.000          6.089                        -0.089
    121       O      5       6.000          5.984                         0.016
    122       O      5       6.000          5.988                         0.012
    123       O      5       6.000          6.286                        -0.286
    124       O      5       6.000          6.201                        -0.201
    125       N      4       5.000          5.155                        -0.155
    126       N      4       5.000          5.144                        -0.144
    127       C      3       4.000          4.178                        -0.178
    128       C      3       4.000          4.276                        -0.276
    129       C      3       4.000          4.887                        -0.887
    130       H      2       1.000          0.526                         0.474
    131       H      2       1.000          0.525                         0.475
    132       H      2       1.000          0.548                         0.452
    133       H      2       1.000          0.505                         0.495
    134       H      2       1.000          0.557                         0.443
    135       C      3       4.000          4.297                        -0.297
    136       C      3       4.000          4.804                        -0.804
    137       H      2       1.000          0.547                         0.453
    138       H      2       1.000          0.566                         0.434
    139       H      2       1.000          0.561                         0.439
    140       C      3       4.000          5.304                        -1.304
    141       H      2       1.000          0.561                         0.439
    142       H      2       1.000          0.557                         0.443
    143       H      2       1.000          0.552                         0.448
    144       C      3       4.000          4.533                        -0.533
    145       C      3       4.000          4.781                        -0.781
    146       H      2       1.000          0.540                         0.460
    147       H      2       1.000          0.550                         0.450
    148       H      2       1.000          0.563                         0.437
    149       H      2       1.000          0.527                         0.473
    150       F      6       7.000          7.308                        -0.308
    151       F      6       7.000          7.312                        -0.312
    152       F      6       7.000          7.302                        -0.302
    153       F      6       7.000          7.315                        -0.315
    154       O      5       6.000          6.399                        -0.399
    155       C      3       4.000          3.088                         0.912
    156       F      6       7.000          7.310                        -0.310
    157       C      3       4.000          3.088                         0.912
    158       F      6       7.000          7.304                        -0.304
    159       S      7       6.000          5.554                         0.446
    160       S      7       6.000          5.550                         0.450
    161       O      5       6.000          6.381                        -0.381
    162       O      5       6.000          6.367                        -0.367
    163       O      5       6.000          6.379                        -0.379
    164       N      4       5.000          5.237                        -0.237

  Total Charge                                                            0.054
 !-----------------------------------------------------------------------------!

 ENERGY| Total FORCE_EVAL ( QS ) energy [hartree]          -1623.841132123604666

 *******************************************************************************
 **                 BAND EVALUATION OF ENERGIES AND FORCES                    **
 *******************************************************************************
 **                                                                           **
 **                                                                           **
 ** Replica Env Nr. :    0              Replica Band Nr. :    8               **
 ** Band  Step  Nr. :    1                                                    **
 *******************************************************************************

 Number of electrons:                                                        674
 Number of occupied orbitals:                                                366
 Number of molecular orbitals:                                               437

 Number of orbital functions:                                               1844
 Number of independent orbital functions:                                   1844

 Parameters for the always stable predictor-corrector (ASPC) method:

  ASPC order: 1

  B(1) =   2.500000
  B(2) =  -2.000000
  B(3) =   0.500000

 *** WARNING in fm/cp_fm_elpa.F:521 :: Setting real_kernel for ELPA failed ***


 Extrapolation method: ASPC


 SCF WAVEFUNCTION OPTIMIZATION

  Step     Update method      Time    Convergence         Total energy    Change
  ------------------------------------------------------------------------------

 *** WARNING in fm/cp_fm_elpa.F:521 :: Setting real_kernel for ELPA failed ***

     1 Broy./Diag. 0.15E+00    7.9     1.87870448     -1581.1145187642 -1.58E+03

 *** WARNING in fm/cp_fm_elpa.F:521 :: Setting real_kernel for ELPA failed ***

     2 Broy./Diag. 0.15E+00   11.7     0.88613186     -1667.9605241580 -8.68E+01

 *** WARNING in fm/cp_fm_elpa.F:521 :: Setting real_kernel for ELPA failed ***

     3 Broy./Diag. 0.15E+00   12.5     0.25275414     -1657.4432623738  1.05E+01

 *** WARNING in fm/cp_fm_elpa.F:521 :: Setting real_kernel for ELPA failed ***

     4 Broy./Diag. 0.15E+00   12.2     0.23355912     -1641.4485277461  1.60E+01

 *** WARNING in fm/cp_fm_elpa.F:521 :: Setting real_kernel for ELPA failed ***

     5 Broy./Diag. 0.15E+00   12.1     0.30172756     -1630.4179241385  1.10E+01

 *** WARNING in fm/cp_fm_elpa.F:521 :: Setting real_kernel for ELPA failed ***

     6 Broy./Diag. 0.15E+00   12.3     0.15467888     -1625.6298666007  4.79E+00

 *** WARNING in fm/cp_fm_elpa.F:521 :: Setting real_kernel for ELPA failed ***

     7 Broy./Diag. 0.15E+00   12.1     0.07619918     -1623.6267305842  2.00E+00

 *** WARNING in fm/cp_fm_elpa.F:521 :: Setting real_kernel for ELPA failed ***

     8 Broy./Diag. 0.15E+00   12.1     0.04831552     -1623.1847535764  4.42E-01

 *** WARNING in fm/cp_fm_elpa.F:521 :: Setting real_kernel for ELPA failed ***

     9 Broy./Diag. 0.15E+00   11.7     0.02444524     -1623.5192845457 -3.35E-01

 *** WARNING in fm/cp_fm_elpa.F:521 :: Setting real_kernel for ELPA failed ***

    10 Broy./Diag. 0.15E+00   11.7     0.01700238     -1623.7273334976 -2.08E-01

 *** WARNING in fm/cp_fm_elpa.F:521 :: Setting real_kernel for ELPA failed ***

    11 Broy./Diag. 0.15E+00   11.4     0.01127559     -1623.8382603560 -1.11E-01

 *** WARNING in fm/cp_fm_elpa.F:521 :: Setting real_kernel for ELPA failed ***

    12 Broy./Diag. 0.15E+00   11.2     0.00586733     -1623.7969386323  4.13E-02

 *** WARNING in fm/cp_fm_elpa.F:521 :: Setting real_kernel for ELPA failed ***

    13 Broy./Diag. 0.15E+00   11.7     0.00400297     -1623.7989249938 -1.99E-03

 *** WARNING in fm/cp_fm_elpa.F:521 :: Setting real_kernel for ELPA failed ***

    14 Broy./Diag. 0.15E+00   11.3     0.00409109     -1623.8093900310 -1.05E-02

 *** WARNING in fm/cp_fm_elpa.F:521 :: Setting real_kernel for ELPA failed ***

    15 Broy./Diag. 0.15E+00   11.2     0.00256420     -1623.8455079753 -3.61E-02

 *** WARNING in fm/cp_fm_elpa.F:521 :: Setting real_kernel for ELPA failed ***

    16 Broy./Diag. 0.15E+00   11.2     0.00143874     -1623.8670863009 -2.16E-02

 *** WARNING in fm/cp_fm_elpa.F:521 :: Setting real_kernel for ELPA failed ***

    17 Broy./Diag. 0.15E+00   11.2     0.00077618     -1623.8683274079 -1.24E-03

 *** WARNING in fm/cp_fm_elpa.F:521 :: Setting real_kernel for ELPA failed ***

    18 Broy./Diag. 0.15E+00   11.1     0.00042490     -1623.8568169518  1.15E-02

 *** WARNING in fm/cp_fm_elpa.F:521 :: Setting real_kernel for ELPA failed ***

    19 Broy./Diag. 0.15E+00   11.0     0.00038658     -1623.8468122961  1.00E-02

 *** WARNING in fm/cp_fm_elpa.F:521 :: Setting real_kernel for ELPA failed ***

    20 Broy./Diag. 0.15E+00   10.9     0.00065428     -1623.8448686731  1.94E-03

 *** WARNING in fm/cp_fm_elpa.F:521 :: Setting real_kernel for ELPA failed ***

    21 Broy./Diag. 0.15E+00   10.9     0.00057451     -1623.8458617662 -9.93E-04

 *** WARNING in fm/cp_fm_elpa.F:521 :: Setting real_kernel for ELPA failed ***

    22 Broy./Diag. 0.15E+00   10.8     0.00037775     -1623.8450088237  8.53E-04

 *** WARNING in fm/cp_fm_elpa.F:521 :: Setting real_kernel for ELPA failed ***

    23 Broy./Diag. 0.15E+00   10.8     0.00013938     -1623.8427530281  2.26E-03

 *** WARNING in fm/cp_fm_elpa.F:521 :: Setting real_kernel for ELPA failed ***

    24 Broy./Diag. 0.15E+00   10.8     0.00012010     -1623.8415156485  1.24E-03

 *** WARNING in fm/cp_fm_elpa.F:521 :: Setting real_kernel for ELPA failed ***

    25 Broy./Diag. 0.15E+00   10.8     0.00012961     -1623.8416262050 -1.11E-04

 *** WARNING in fm/cp_fm_elpa.F:521 :: Setting real_kernel for ELPA failed ***

    26 Broy./Diag. 0.15E+00   10.9     0.00007239     -1623.8421391780 -5.13E-04

 *** WARNING in fm/cp_fm_elpa.F:521 :: Setting real_kernel for ELPA failed ***

    27 Broy./Diag. 0.15E+00   10.9     0.00021313     -1623.8420574980  8.17E-05

 *** WARNING in fm/cp_fm_elpa.F:521 :: Setting real_kernel for ELPA failed ***

    28 Broy./Diag. 0.15E+00   10.9     0.00011479     -1623.8410078095  1.05E-03

 *** WARNING in fm/cp_fm_elpa.F:521 :: Setting real_kernel for ELPA failed ***

    29 Broy./Diag. 0.15E+00   10.8     0.00004153     -1623.8404832287  5.25E-04

  *** SCF run converged in    29 steps ***


  Electronic density on regular grids:       -673.9999999311        0.0000000689
  Core density on regular grids:              673.9999999671       -0.0000000329
  Total charge density on r-space grids:        0.0000000359
  Total charge density g-space grids:           0.0000000359

  Overlap energy of the core charge distribution:               0.00441354270211
  Self energy of the core charge distribution:              -3774.19779000501012
  Core Hamiltonian energy:                                   1074.86382512444402
  Hartree energy:                                            1425.87023684214728
  Exchange-correlation energy:                               -350.13973366124088
  Dispersion energy:                                           -0.22930081284328
  Electronic entropic energy:                                  -0.01213425342981
  Fermi energy:                                                -0.02339949533278

  Total energy:                                             -1623.84048322866943

 !-----------------------------------------------------------------------------!
                     Mulliken Population Analysis

 #  Atom  Element  Kind  Atomic population                           Net charge
       1     Ti       1         11.033636                              0.966364
       2     Ti       1         11.023599                              0.976401
       3     Ti       1         10.944165                              1.055835
       4     Ti       1         10.938558                              1.061442
       5     Ti       1         11.030675                              0.969325
       6     Ti       1         11.044604                              0.955396
       7     Ti       1         10.971926                              1.028074
       8     Ti       1         10.975621                              1.024379
       9     H        2          0.932722                              0.067278
      10     H        2          0.919647                              0.080353
      11     H        2          0.922164                              0.077836
      12     H        2          0.916858                              0.083142
      13     H        2          0.934913                              0.065087
      14     H        2          0.939405                              0.060595
      15     H        2          0.918533                              0.081467
      16     H        2          0.948285                              0.051715
      17     H        2          0.925284                              0.074716
      18     H        2          0.928206                              0.071794
      19     H        2          0.927822                              0.072178
      20     H        2          0.910361                              0.089639
      21     H        2          0.863184                              0.136816
      22     H        2          0.862408                              0.137592
      23     H        2          0.938979                              0.061021
      24     H        2          0.945367                              0.054633
      25     H        2          0.939829                              0.060171
      26     H        2          0.931203                              0.068797
      27     H        2          0.919613                              0.080387
      28     H        2          0.938285                              0.061715
      29     H        2          0.875296                              0.124704
      30     H        2          0.921317                              0.078683
      31     H        2          0.843092                              0.156908
      32     H        2          0.837539                              0.162461
      33     H        2          0.889472                              0.110528
      34     H        2          0.887306                              0.112694
      35     H        2          0.892453                              0.107547
      36     H        2          0.882039                              0.117961
      37     H        2          0.898164                              0.101836
      38     H        2          0.895827                              0.104173
      39     H        2          0.937593                              0.062407
      40     H        2          0.923292                              0.076708
      41     H        2          0.927226                              0.072774
      42     H        2          0.867362                              0.132638
      43     C        3          3.772737                              0.227263
      44     C        3          3.775984                              0.224016
      45     C        3          3.788356                              0.211644
      46     C        3          3.779410                              0.220590
      47     C        3          4.069541                             -0.069541
      48     C        3          4.028656                             -0.028656
      49     C        3          4.100900                             -0.100900
      50     C        3          4.077019                             -0.077019
      51     C        3          3.959227                              0.040773
      52     C        3          4.016505                             -0.016505
      53     C        3          3.896457                              0.103543
      54     C        3          3.925349                              0.074651
      55     C        3          4.023083                             -0.023083
      56     C        3          3.986557                              0.013443
      57     C        3          4.009427                             -0.009427
      58     C        3          4.049504                             -0.049504
      59     C        3          4.032855                             -0.032855
      60     C        3          4.044890                             -0.044890
      61     C        3          3.975768                              0.024232
      62     C        3          4.085131                             -0.085131
      63     C        3          3.995166                              0.004834
      64     C        3          4.031741                             -0.031741
      65     C        3          3.999526                              0.000474
      66     C        3          4.011863                             -0.011863
      67     C        3          3.771714                              0.228286
      68     C        3          3.802772                              0.197228
      69     C        3          3.776125                              0.223875
      70     C        3          3.818793                              0.181207
      71     C        3          3.803920                              0.196080
      72     C        3          3.776747                              0.223253
      73     C        3          4.012362                             -0.012362
      74     C        3          4.039546                             -0.039546
      75     C        3          3.943017                              0.056983
      76     C        3          3.997119                              0.002881
      77     C        3          4.023863                             -0.023863
      78     C        3          4.033797                             -0.033797
      79     C        3          4.013105                             -0.013105
      80     C        3          3.945866                              0.054134
      81     C        3          3.996978                              0.003022
      82     C        3          3.989459                              0.010541
      83     C        3          4.022237                             -0.022237
      84     C        3          4.037351                             -0.037351
      85     C        3          3.987516                              0.012484
      86     C        3          4.010604                             -0.010604
      87     C        3          3.943719                              0.056281
      88     C        3          4.012057                             -0.012057
      89     N        4          4.972099                              0.027901
      90     N        4          5.051890                             -0.051890
      91     N        4          5.048672                             -0.048672
      92     N        4          5.043779                             -0.043779
      93     O        5          6.358049                             -0.358049
      94     O        5          6.334270                             -0.334270
      95     O        5          6.301564                             -0.301564
      96     O        5          6.296737                             -0.296737
      97     O        5          6.331337                             -0.331337
      98     O        5          6.344740                             -0.344740
      99     O        5          6.292586                             -0.292586
     100     O        5          6.255343                             -0.255343
     101     O        5          6.411112                             -0.411112
     102     O        5          6.515452                             -0.515452
     103     O        5          6.511014                             -0.511014
     104     O        5          6.448184                             -0.448184
     105     O        5          6.461910                             -0.461910
     106     O        5          6.539572                             -0.539572
     107     O        5          6.511510                             -0.511510
     108     O        5          6.403668                             -0.403668
     109     O        5          6.363099                             -0.363099
     110     O        5          6.372140                             -0.372140
     111     O        5          6.392346                             -0.392346
     112     O        5          6.333794                             -0.333794
     113     O        5          6.510493                             -0.510493
     114     O        5          6.248841                             -0.248841
     115     O        5          6.372972                             -0.372972
     116     O        5          6.350871                             -0.350871
     117     O        5          6.289139                             -0.289139
     118     O        5          6.404151                             -0.404151
     119     O        5          6.241826                             -0.241826
     120     O        5          6.455580                             -0.455580
     121     O        5          6.523576                             -0.523576
     122     O        5          6.532802                             -0.532802
     123     O        5          6.487611                             -0.487611
     124     O        5          6.456383                             -0.456383
     125     N        4          4.866913                              0.133087
     126     N        4          4.840222                              0.159778
     127     C        3          3.919731                              0.080269
     128     C        3          3.972599                              0.027401
     129     C        3          4.184571                             -0.184571
     130     H        2          0.930398                              0.069602
     131     H        2          0.937790                              0.062210
     132     H        2          0.919327                              0.080673
     133     H        2          0.918585                              0.081415
     134     H        2          0.922064                              0.077936
     135     C        3          3.982247                              0.017753
     136     C        3          4.147416                             -0.147416
     137     H        2          0.920133                              0.079867
     138     H        2          0.913623                              0.086377
     139     H        2          0.923573                              0.076427
     140     C        3          4.261876                             -0.261876
     141     H        2          0.920778                              0.079222
     142     H        2          0.920486                              0.079514
     143     H        2          0.906430                              0.093570
     144     C        3          4.082379                             -0.082379
     145     C        3          4.154965                             -0.154965
     146     H        2          0.902122                              0.097878
     147     H        2          0.908733                              0.091267
     148     H        2          0.918429                              0.081571
     149     H        2          0.939852                              0.060148
     150     F        6          7.123712                             -0.123712
     151     F        6          7.117524                             -0.117524
     152     F        6          7.114280                             -0.114280
     153     F        6          7.122456                             -0.122456
     154     O        5          6.397349                             -0.397349
     155     C        3          3.818667                              0.181333
     156     F        6          7.122264                             -0.122264
     157     C        3          3.818556                              0.181444
     158     F        6          7.122568                             -0.122568
     159     S        7          5.277954                              0.722046
     160     S        7          5.285867                              0.714133
     161     O        5          6.365283                             -0.365283
     162     O        5          6.388400                             -0.388400
     163     O        5          6.359898                             -0.359898
     164     N        4          5.482714                             -0.482714
 # Total charge                            674.000000                  0.000000

 !-----------------------------------------------------------------------------!

 !-----------------------------------------------------------------------------!
                           Hirshfeld Charges

  #Atom  Element  Kind  Ref Charge     Population                    Net charge
      1       Ti     1      12.000         13.271                        -1.271
      2       Ti     1      12.000         13.482                        -1.482
      3       Ti     1      12.000         13.189                        -1.189
      4       Ti     1      12.000         13.191                        -1.191
      5       Ti     1      12.000         13.514                        -1.514
      6       Ti     1      12.000         13.291                        -1.291
      7       Ti     1      12.000         13.213                        -1.213
      8       Ti     1      12.000         13.274                        -1.274
      9       H      2       1.000          0.546                         0.454
     10       H      2       1.000          0.533                         0.467
     11       H      2       1.000          0.543                         0.457
     12       H      2       1.000          0.501                         0.499
     13       H      2       1.000          0.552                         0.448
     14       H      2       1.000          0.514                         0.486
     15       H      2       1.000          0.518                         0.482
     16       H      2       1.000          0.521                         0.479
     17       H      2       1.000          0.547                         0.453
     18       H      2       1.000          0.545                         0.455
     19       H      2       1.000          0.542                         0.458
     20       H      2       1.000          0.529                         0.471
     21       H      2       1.000          0.425                         0.575
     22       H      2       1.000          0.431                         0.569
     23       H      2       1.000          0.545                         0.455
     24       H      2       1.000          0.548                         0.452
     25       H      2       1.000          0.562                         0.438
     26       H      2       1.000          0.560                         0.440
     27       H      2       1.000          0.520                         0.480
     28       H      2       1.000          0.559                         0.441
     29       H      2       1.000          0.429                         0.571
     30       H      2       1.000          0.570                         0.430
     31       H      2       1.000          0.420                         0.580
     32       H      2       1.000          0.419                         0.581
     33       H      2       1.000          0.481                         0.519
     34       H      2       1.000          0.466                         0.534
     35       H      2       1.000          0.478                         0.522
     36       H      2       1.000          0.458                         0.542
     37       H      2       1.000          0.485                         0.515
     38       H      2       1.000          0.469                         0.531
     39       H      2       1.000          0.543                         0.457
     40       H      2       1.000          0.542                         0.458
     41       H      2       1.000          0.532                         0.468
     42       H      2       1.000          0.593                         0.407
     43       C      3       4.000          3.473                         0.527
     44       C      3       4.000          3.470                         0.530
     45       C      3       4.000          3.493                         0.507
     46       C      3       4.000          3.479                         0.521
     47       C      3       4.000          4.018                        -0.018
     48       C      3       4.000          3.971                         0.029
     49       C      3       4.000          4.013                        -0.013
     50       C      3       4.000          3.975                         0.025
     51       C      3       4.000          3.888                         0.112
     52       C      3       4.000          4.425                        -0.425
     53       C      3       4.000          3.875                         0.125
     54       C      3       4.000          4.340                        -0.340
     55       C      3       4.000          4.328                        -0.328
     56       C      3       4.000          4.398                        -0.398
     57       C      3       4.000          4.349                        -0.349
     58       C      3       4.000          4.399                        -0.399
     59       C      3       4.000          3.998                         0.002
     60       C      3       4.000          4.355                        -0.355
     61       C      3       4.000          4.232                        -0.232
     62       C      3       4.000          3.999                         0.001
     63       C      3       4.000          4.000                        -0.000
     64       C      3       4.000          4.052                        -0.052
     65       C      3       4.000          4.019                        -0.019
     66       C      3       4.000          4.039                        -0.039
     67       C      3       4.000          3.459                         0.541
     68       C      3       4.000          3.506                         0.494
     69       C      3       4.000          3.494                         0.506
     70       C      3       4.000          3.724                         0.276
     71       C      3       4.000          3.724                         0.276
     72       C      3       4.000          3.522                         0.478
     73       C      3       4.000          4.374                        -0.374
     74       C      3       4.000          4.415                        -0.415
     75       C      3       4.000          4.372                        -0.372
     76       C      3       4.000          4.359                        -0.359
     77       C      3       4.000          4.374                        -0.374
     78       C      3       4.000          4.364                        -0.364
     79       C      3       4.000          4.369                        -0.369
     80       C      3       4.000          4.395                        -0.395
     81       C      3       4.000          4.181                        -0.181
     82       C      3       4.000          4.302                        -0.302
     83       C      3       4.000          4.387                        -0.387
     84       C      3       4.000          4.390                        -0.390
     85       C      3       4.000          3.877                         0.123
     86       C      3       4.000          4.323                        -0.323
     87       C      3       4.000          4.426                        -0.426
     88       C      3       4.000          3.920                         0.080
     89       N      4       5.000          5.744                        -0.744
     90       N      4       5.000          5.886                        -0.886
     91       N      4       5.000          5.902                        -0.902
     92       N      4       5.000          5.922                        -0.922
     93       O      5       6.000          6.169                        -0.169
     94       O      5       6.000          6.130                        -0.130
     95       O      5       6.000          6.156                        -0.156
     96       O      5       6.000          6.145                        -0.145
     97       O      5       6.000          6.130                        -0.130
     98       O      5       6.000          6.133                        -0.133
     99       O      5       6.000          6.117                        -0.117
    100       O      5       6.000          6.099                        -0.099
    101       O      5       6.000          5.684                         0.316
    102       O      5       6.000          5.739                         0.261
    103       O      5       6.000          5.786                         0.214
    104       O      5       6.000          5.685                         0.315
    105       O      5       6.000          5.680                         0.320
    106       O      5       6.000          5.815                         0.185
    107       O      5       6.000          5.757                         0.243
    108       O      5       6.000          5.656                         0.344
    109       O      5       6.000          6.128                        -0.128
    110       O      5       6.000          6.134                        -0.134
    111       O      5       6.000          6.111                        -0.111
    112       O      5       6.000          6.065                        -0.065
    113       O      5       6.000          6.167                        -0.167
    114       O      5       6.000          6.009                        -0.009
    115       O      5       6.000          6.129                        -0.129
    116       O      5       6.000          6.114                        -0.114
    117       O      5       6.000          5.980                         0.020
    118       O      5       6.000          6.099                        -0.099
    119       O      5       6.000          6.000                         0.000
    120       O      5       6.000          6.089                        -0.089
    121       O      5       6.000          5.984                         0.016
    122       O      5       6.000          5.988                         0.012
    123       O      5       6.000          6.286                        -0.286
    124       O      5       6.000          6.201                        -0.201
    125       N      4       5.000          5.155                        -0.155
    126       N      4       5.000          5.144                        -0.144
    127       C      3       4.000          4.178                        -0.178
    128       C      3       4.000          4.276                        -0.276
    129       C      3       4.000          4.887                        -0.887
    130       H      2       1.000          0.526                         0.474
    131       H      2       1.000          0.525                         0.475
    132       H      2       1.000          0.548                         0.452
    133       H      2       1.000          0.505                         0.495
    134       H      2       1.000          0.557                         0.443
    135       C      3       4.000          4.297                        -0.297
    136       C      3       4.000          4.804                        -0.804
    137       H      2       1.000          0.547                         0.453
    138       H      2       1.000          0.566                         0.434
    139       H      2       1.000          0.561                         0.439
    140       C      3       4.000          5.304                        -1.304
    141       H      2       1.000          0.561                         0.439
    142       H      2       1.000          0.557                         0.443
    143       H      2       1.000          0.552                         0.448
    144       C      3       4.000          4.532                        -0.532
    145       C      3       4.000          4.781                        -0.781
    146       H      2       1.000          0.540                         0.460
    147       H      2       1.000          0.550                         0.450
    148       H      2       1.000          0.563                         0.437
    149       H      2       1.000          0.527                         0.473
    150       F      6       7.000          7.308                        -0.308
    151       F      6       7.000          7.312                        -0.312
    152       F      6       7.000          7.302                        -0.302
