
 *******************************************************************************
 **                 BAND EVALUATION OF ENERGIES AND FORCES                    **
 *******************************************************************************
 **                                                                           **
 **                                                                           **
 ** Replica Env Nr. :    2              Replica Band Nr. :   10               **
 ** Band  Step  Nr. :    0                                                    **
 *******************************************************************************

 Number of electrons:                                                        674
 Number of occupied orbitals:                                                369
 Number of molecular orbitals:                                               437

 Number of orbital functions:                                               1844
 Number of independent orbital functions:                                   1844

 Parameters for the always stable predictor-corrector (ASPC) method:

  ASPC order: 0

  B(1) =   1.000000

 *** WARNING in fm/cp_fm_elpa.F:521 :: Setting real_kernel for ELPA failed ***


 Extrapolation method: ASPC


 SCF WAVEFUNCTION OPTIMIZATION

  Step     Update method      Time    Convergence         Total energy    Change
  ------------------------------------------------------------------------------

 *** WARNING in fm/cp_fm_elpa.F:521 :: Setting real_kernel for ELPA failed ***

     1 Broy./Diag. 0.15E+00    9.3     0.00089010     -1610.5966002375 -1.61E+03

 *** WARNING in fm/cp_fm_elpa.F:521 :: Setting real_kernel for ELPA failed ***

     2 Broy./Diag. 0.15E+00   12.8     0.00199549     -1610.5961118813  4.88E-04

 *** WARNING in fm/cp_fm_elpa.F:521 :: Setting real_kernel for ELPA failed ***

     3 Broy./Diag. 0.15E+00   13.4     0.00118921     -1610.5990437009 -2.93E-03

 *** WARNING in fm/cp_fm_elpa.F:521 :: Setting real_kernel for ELPA failed ***

     4 Broy./Diag. 0.15E+00   13.3     0.00005058     -1610.5971842590  1.86E-03

 *** WARNING in fm/cp_fm_elpa.F:521 :: Setting real_kernel for ELPA failed ***

     5 Broy./Diag. 0.15E+00   13.2     0.00001900     -1610.5970525788  1.32E-04

  *** SCF run converged in     5 steps ***


  Electronic density on regular grids:       -673.9999999287        0.0000000713
  Core density on regular grids:              673.9999999671       -0.0000000329
  Total charge density on r-space grids:        0.0000000384
  Total charge density g-space grids:           0.0000000384

  Overlap energy of the core charge distribution:               0.16006997259679
  Self energy of the core charge distribution:              -3774.19779000501012
  Core Hamiltonian energy:                                   1118.56817997338226
  Hartree energy:                                            1403.13357010580512
  Exchange-correlation energy:                               -358.02666983457601
  Dispersion energy:                                           -0.21825272675268
  Electronic entropic energy:                                  -0.01616012084306
  Fermi energy:                                                 0.02302337677480

  Total energy:                                             -1610.59705257884730

 !-----------------------------------------------------------------------------!
                     Mulliken Population Analysis

 #  Atom  Element  Kind  Atomic population                           Net charge
       1     Ti       1         10.969040                              1.030960
       2     Ti       1         10.989341                              1.010659
       3     Ti       1         10.960676                              1.039324
       4     Ti       1         10.972736                              1.027264
       5     Ti       1         11.008290                              0.991710
       6     Ti       1         10.983429                              1.016571
       7     Ti       1         10.974608                              1.025392
       8     Ti       1         10.980205                              1.019795
       9     H        2          0.932191                              0.067809
      10     H        2          0.927032                              0.072968
      11     H        2          0.937466                              0.062534
      12     H        2          0.925298                              0.074702
      13     H        2          0.935855                              0.064145
      14     H        2          0.939191                              0.060809
      15     H        2          0.928459                              0.071541
      16     H        2          0.934827                              0.065173
      17     H        2          0.931442                              0.068558
      18     H        2          0.927388                              0.072612
      19     H        2          0.928910                              0.071090
      20     H        2          0.927356                              0.072644
      21     H        2          0.843782                              0.156218
      22     H        2          0.843029                              0.156971
      23     H        2          0.929676                              0.070324
      24     H        2          0.933552                              0.066448
      25     H        2          0.934327                              0.065673
      26     H        2          0.926559                              0.073441
      27     H        2          0.927671                              0.072329
      28     H        2          0.931103                              0.068897
      29     H        2          0.888821                              0.111179
      30     H        2          0.918463                              0.081537
      31     H        2          0.837504                              0.162496
      32     H        2          0.838795                              0.161205
      33     H        2          0.882340                              0.117660
      34     H        2          0.887537                              0.112463
      35     H        2          0.896606                              0.103394
      36     H        2          0.888294                              0.111706
      37     H        2          0.893593                              0.106407
      38     H        2          0.887718                              0.112282
      39     H        2          0.939322                              0.060678
      40     H        2          0.924361                              0.075639
      41     H        2          0.944171                              0.055829
      42     H        2          0.887127                              0.112873
      43     C        3          3.776380                              0.223620
      44     C        3          3.775492                              0.224508
      45     C        3          3.780567                              0.219433
      46     C        3          3.776483                              0.223517
      47     C        3          4.061540                             -0.061540
      48     C        3          4.029747                             -0.029747
      49     C        3          4.061293                             -0.061293
      50     C        3          4.035585                             -0.035585
      51     C        3          3.982624                              0.017376
      52     C        3          4.042435                             -0.042435
      53     C        3          3.972575                              0.027425
      54     C        3          4.030413                             -0.030413
      55     C        3          4.053545                             -0.053545
      56     C        3          4.020056                             -0.020056
      57     C        3          4.009562                             -0.009562
      58     C        3          4.042950                             -0.042950
      59     C        3          4.041633                             -0.041633
      60     C        3          4.051579                             -0.051579
      61     C        3          4.051060                             -0.051060
      62     C        3          4.053966                             -0.053966
      63     C        3          4.037571                             -0.037571
      64     C        3          4.075641                             -0.075641
      65     C        3          4.053355                             -0.053355
      66     C        3          4.038996                             -0.038996
      67     C        3          3.790244                              0.209756
      68     C        3          3.792296                              0.207704
      69     C        3          3.796086                              0.203914
      70     C        3          3.804320                              0.195680
      71     C        3          3.816616                              0.183384
      72     C        3          3.798220                              0.201780
      73     C        3          4.022694                             -0.022694
      74     C        3          4.040990                             -0.040990
      75     C        3          4.043675                             -0.043675
      76     C        3          4.019941                             -0.019941
      77     C        3          4.048316                             -0.048316
      78     C        3          4.038236                             -0.038236
      79     C        3          4.043861                             -0.043861
      80     C        3          4.057019                             -0.057019
      81     C        3          4.059664                             -0.059664
      82     C        3          4.003761                             -0.003761
      83     C        3          4.025778                             -0.025778
      84     C        3          4.042646                             -0.042646
      85     C        3          3.992540                              0.007460
      86     C        3          4.032568                             -0.032568
      87     C        3          4.022437                             -0.022437
      88     C        3          4.022509                             -0.022509
      89     N        4          5.001887                             -0.001887
      90     N        4          5.087083                             -0.087083
      91     N        4          5.052513                             -0.052513
      92     N        4          5.061060                             -0.061060
      93     O        5          6.363502                             -0.363502
      94     O        5          6.325818                             -0.325818
      95     O        5          6.320183                             -0.320183
      96     O        5          6.291500                             -0.291500
      97     O        5          6.331441                             -0.331441
      98     O        5          6.340050                             -0.340050
      99     O        5          6.295229                             -0.295229
     100     O        5          6.277714                             -0.277714
     101     O        5          6.468725                             -0.468725
     102     O        5          6.510273                             -0.510273
     103     O        5          6.510817                             -0.510817
     104     O        5          6.471709                             -0.471709
     105     O        5          6.473808                             -0.473808
     106     O        5          6.526189                             -0.526189
     107     O        5          6.515805                             -0.515805
     108     O        5          6.474739                             -0.474739
     109     O        5          6.366132                             -0.366132
     110     O        5          6.361075                             -0.361075
     111     O        5          6.356320                             -0.356320
     112     O        5          6.338129                             -0.338129
     113     O        5          6.455470                             -0.455470
     114     O        5          6.303402                             -0.303402
     115     O        5          6.362248                             -0.362248
     116     O        5          6.358219                             -0.358219
     117     O        5          6.304152                             -0.304152
     118     O        5          6.349611                             -0.349611
     119     O        5          6.305186                             -0.305186
     120     O        5          6.425984                             -0.425984
     121     O        5          6.541461                             -0.541461
     122     O        5          6.536278                             -0.536278
     123     O        5          6.517753                             -0.517753
     124     O        5          6.507324                             -0.507324
     125     N        4          4.872352                              0.127648
     126     N        4          4.845244                              0.154756
     127     C        3          3.913918                              0.086082
     128     C        3          3.983853                              0.016147
     129     C        3          4.170634                             -0.170634
     130     H        2          0.924480                              0.075520
     131     H        2          0.932954                              0.067046
     132     H        2          0.912084                              0.087916
     133     H        2          0.904190                              0.095810
     134     H        2          0.911781                              0.088219
     135     C        3          3.984854                              0.015146
     136     C        3          4.150481                             -0.150481
     137     H        2          0.913577                              0.086423
     138     H        2          0.923401                              0.076599
     139     H        2          0.911655                              0.088345
     140     C        3          4.260110                             -0.260110
     141     H        2          0.920453                              0.079547
     142     H        2          0.918653                              0.081347
     143     H        2          0.912024                              0.087976
     144     C        3          4.091025                             -0.091025
     145     C        3          4.149867                             -0.149867
     146     H        2          0.903184                              0.096816
     147     H        2          0.905253                              0.094747
     148     H        2          0.917440                              0.082560
     149     H        2          0.939986                              0.060014
     150     F        6          6.761271                              0.238729
     151     F        6          6.736452                              0.263548
     152     F        6          7.039977                             -0.039977
     153     F        6          6.817770                              0.182230
     154     O        5          6.333717                             -0.333717
     155     C        3          3.303999                              0.696001
     156     F        6          6.740341                              0.259659
     157     C        3          3.118589                              0.881411
     158     F        6          7.160005                             -0.160005
     159     S        7          8.214284                             -2.214284
     160     S        7          8.421401                             -2.421401
     161     O        5          5.107025                              0.892975
     162     O        5          5.019854                              0.980146
     163     O        5          5.919593                              0.080407
     164     N        4          4.075924                              0.924076
 # Total charge                            674.000000                  0.000000

 !-----------------------------------------------------------------------------!

 !-----------------------------------------------------------------------------!
                           Hirshfeld Charges

  #Atom  Element  Kind  Ref Charge     Population                    Net charge
      1       Ti     1      12.000         13.368                        -1.368
      2       Ti     1      12.000         13.417                        -1.417
      3       Ti     1      12.000         13.204                        -1.204
      4       Ti     1      12.000         13.217                        -1.217
      5       Ti     1      12.000         13.468                        -1.468
      6       Ti     1      12.000         13.418                        -1.418
      7       Ti     1      12.000         13.219                        -1.219
      8       Ti     1      12.000         13.265                        -1.265
      9       H      2       1.000          0.546                         0.454
     10       H      2       1.000          0.543                         0.457
     11       H      2       1.000          0.550                         0.450
     12       H      2       1.000          0.535                         0.465
     13       H      2       1.000          0.549                         0.451
     14       H      2       1.000          0.542                         0.458
     15       H      2       1.000          0.540                         0.460
     16       H      2       1.000          0.540                         0.460
     17       H      2       1.000          0.549                         0.451
     18       H      2       1.000          0.544                         0.456
     19       H      2       1.000          0.543                         0.457
     20       H      2       1.000          0.550                         0.450
     21       H      2       1.000          0.425                         0.575
     22       H      2       1.000          0.426                         0.574
     23       H      2       1.000          0.546                         0.454
     24       H      2       1.000          0.546                         0.454
     25       H      2       1.000          0.550                         0.450
     26       H      2       1.000          0.549                         0.451
     27       H      2       1.000          0.539                         0.461
     28       H      2       1.000          0.549                         0.451
     29       H      2       1.000          0.458                         0.542
     30       H      2       1.000          0.503                         0.497
     31       H      2       1.000          0.419                         0.581
     32       H      2       1.000          0.419                         0.581
     33       H      2       1.000          0.482                         0.518
     34       H      2       1.000          0.465                         0.535
     35       H      2       1.000          0.479                         0.521
     36       H      2       1.000          0.462                         0.538
     37       H      2       1.000          0.483                         0.517
     38       H      2       1.000          0.462                         0.538
     39       H      2       1.000          0.544                         0.456
     40       H      2       1.000          0.543                         0.457
     41       H      2       1.000          0.547                         0.453
     42       H      2       1.000          0.548                         0.452
     43       C      3       4.000          3.476                         0.524
     44       C      3       4.000          3.464                         0.536
     45       C      3       4.000          3.482                         0.518
     46       C      3       4.000          3.470                         0.530
     47       C      3       4.000          4.027                        -0.027
     48       C      3       4.000          3.987                         0.013
     49       C      3       4.000          4.031                        -0.031
     50       C      3       4.000          3.992                         0.008
     51       C      3       4.000          3.865                         0.135
     52       C      3       4.000          4.419                        -0.419
     53       C      3       4.000          3.864                         0.136
     54       C      3       4.000          4.412                        -0.412
     55       C      3       4.000          4.411                        -0.411
     56       C      3       4.000          4.389                        -0.389
     57       C      3       4.000          4.379                        -0.379
     58       C      3       4.000          4.419                        -0.419
     59       C      3       4.000          4.006                        -0.006
     60       C      3       4.000          4.363                        -0.363
     61       C      3       4.000          4.342                        -0.342
     62       C      3       4.000          4.006                        -0.006
     63       C      3       4.000          4.014                        -0.014
     64       C      3       4.000          4.047                        -0.047
     65       C      3       4.000          4.032                        -0.032
     66       C      3       4.000          4.019                        -0.019
     67       C      3       4.000          3.475                         0.525
     68       C      3       4.000          3.477                         0.523
     69       C      3       4.000          3.492                         0.508
     70       C      3       4.000          3.583                         0.417
     71       C      3       4.000          3.600                         0.400
     72       C      3       4.000          3.497                         0.503
     73       C      3       4.000          4.384                        -0.384
     74       C      3       4.000          4.416                        -0.416
     75       C      3       4.000          4.404                        -0.404
     76       C      3       4.000          4.366                        -0.366
     77       C      3       4.000          4.420                        -0.420
     78       C      3       4.000          4.397                        -0.397
     79       C      3       4.000          4.398                        -0.398
     80       C      3       4.000          4.457                        -0.457
     81       C      3       4.000          4.362                        -0.362
     82       C      3       4.000          4.376                        -0.376
     83       C      3       4.000          4.391                        -0.391
     84       C      3       4.000          4.395                        -0.395
     85       C      3       4.000          3.884                         0.116
     86       C      3       4.000          4.400                        -0.400
     87       C      3       4.000          4.432                        -0.432
     88       C      3       4.000          3.896                         0.104
     89       N      4       5.000          5.893                        -0.893
     90       N      4       5.000          5.959                        -0.959
     91       N      4       5.000          5.928                        -0.928
     92       N      4       5.000          5.936                        -0.936
     93       O      5       6.000          6.175                        -0.175
     94       O      5       6.000          6.125                        -0.125
     95       O      5       6.000          6.166                        -0.166
     96       O      5       6.000          6.132                        -0.132
     97       O      5       6.000          6.131                        -0.131
     98       O      5       6.000          6.131                        -0.131
     99       O      5       6.000          6.110                        -0.110
    100       O      5       6.000          6.107                        -0.107
    101       O      5       6.000          5.718                         0.282
    102       O      5       6.000          5.736                         0.264
    103       O      5       6.000          5.743                         0.257
    104       O      5       6.000          5.709                         0.291
    105       O      5       6.000          5.694                         0.306
    106       O      5       6.000          5.778                         0.222
    107       O      5       6.000          5.762                         0.238
    108       O      5       6.000          5.702                         0.298
    109       O      5       6.000          6.132                        -0.132
    110       O      5       6.000          6.119                        -0.119
    111       O      5       6.000          6.133                        -0.133
    112       O      5       6.000          6.087                        -0.087
    113       O      5       6.000          6.140                        -0.140
    114       O      5       6.000          6.074                        -0.074
    115       O      5       6.000          6.119                        -0.119
    116       O      5       6.000          6.123                        -0.123
    117       O      5       6.000          6.027                        -0.027
    118       O      5       6.000          6.116                        -0.116
    119       O      5       6.000          6.072                        -0.072
    120       O      5       6.000          6.078                        -0.078
    121       O      5       6.000          5.994                         0.006
    122       O      5       6.000          5.993                         0.007
    123       O      5       6.000          6.096                        -0.096
    124       O      5       6.000          6.060                        -0.060
    125       N      4       5.000          5.158                        -0.158
    126       N      4       5.000          5.143                        -0.143
    127       C      3       4.000          4.187                        -0.187
    128       C      3       4.000          4.284                        -0.284
    129       C      3       4.000          4.955                        -0.955
    130       H      2       1.000          0.523                         0.477
    131       H      2       1.000          0.525                         0.475
    132       H      2       1.000          0.543                         0.457
    133       H      2       1.000          0.527                         0.473
    134       H      2       1.000          0.547                         0.453
    135       C      3       4.000          4.298                        -0.298
    136       C      3       4.000          4.812                        -0.812
    137       H      2       1.000          0.551                         0.449
    138       H      2       1.000          0.568                         0.432
    139       H      2       1.000          0.560                         0.440
    140       C      3       4.000          5.294                        -1.294
    141       H      2       1.000          0.559                         0.441
    142       H      2       1.000          0.556                         0.444
    143       H      2       1.000          0.556                         0.444
    144       C      3       4.000          4.549                        -0.549
    145       C      3       4.000          4.778                        -0.778
    146       H      2       1.000          0.541                         0.459
    147       H      2       1.000          0.548                         0.452
    148       H      2       1.000          0.562                         0.438
    149       H      2       1.000          0.527                         0.473
    150       F      6       7.000          6.957                         0.043
    151       F      6       7.000          6.966                         0.034
    152       F      6       7.000          7.281                        -0.281
    153       F      6       7.000          6.946                         0.054
    154       O      5       6.000          6.463                        -0.463
    155       C      3       4.000          3.430                         0.570
    156       F      6       7.000          7.096                        -0.096
    157       C      3       4.000          3.491                         0.509
    158       F      6       7.000          7.329                        -0.329
    159       S      7       6.000          5.507                         0.493
    160       S      7       6.000          5.371                         0.629
    161       O      5       6.000          6.258                        -0.258
    162       O      5       6.000          6.284                        -0.284
    163       O      5       6.000          6.298                        -0.298
    164       N      4       5.000          5.149                        -0.149

  Total Charge                                                            0.056
 !-----------------------------------------------------------------------------!

 ENERGY| Total FORCE_EVAL ( QS ) energy [hartree]          -1610.596600240479574

 *******************************************************************************
 **                 BAND EVALUATION OF ENERGIES AND FORCES                    **
 *******************************************************************************
 **                                                                           **
 **                                                                           **
 ** Replica Env Nr. :    2              Replica Band Nr. :   10               **
 ** Band  Step  Nr. :    1                                                    **
 *******************************************************************************

 Number of electrons:                                                        674
 Number of occupied orbitals:                                                369
 Number of molecular orbitals:                                               437

 Number of orbital functions:                                               1844
 Number of independent orbital functions:                                   1844

 Parameters for the always stable predictor-corrector (ASPC) method:

  ASPC order: 1

  B(1) =   2.500000
  B(2) =  -2.000000
  B(3) =   0.500000

 *** WARNING in fm/cp_fm_elpa.F:521 :: Setting real_kernel for ELPA failed ***


 Extrapolation method: ASPC


 SCF WAVEFUNCTION OPTIMIZATION

  Step     Update method      Time    Convergence         Total energy    Change
  ------------------------------------------------------------------------------

 *** WARNING in fm/cp_fm_elpa.F:521 :: Setting real_kernel for ELPA failed ***

     1 Broy./Diag. 0.15E+00    9.3     0.00235721     -1610.6043220896 -1.61E+03

 *** WARNING in fm/cp_fm_elpa.F:521 :: Setting real_kernel for ELPA failed ***

     2 Broy./Diag. 0.15E+00   13.0     0.00067212     -1610.6005196183  3.80E-03

 *** WARNING in fm/cp_fm_elpa.F:521 :: Setting real_kernel for ELPA failed ***

     3 Broy./Diag. 0.15E+00   13.3     0.00053442     -1610.6027461239 -2.23E-03

 *** WARNING in fm/cp_fm_elpa.F:521 :: Setting real_kernel for ELPA failed ***

     4 Broy./Diag. 0.15E+00   13.2     0.00018120     -1610.6026799456  6.62E-05

 *** WARNING in fm/cp_fm_elpa.F:521 :: Setting real_kernel for ELPA failed ***

     5 Broy./Diag. 0.15E+00   13.8     0.00012082     -1610.6038562255 -1.18E-03

 *** WARNING in fm/cp_fm_elpa.F:521 :: Setting real_kernel for ELPA failed ***

     6 Broy./Diag. 0.15E+00   13.8     0.00006080     -1610.6043251904 -4.69E-04

 *** WARNING in fm/cp_fm_elpa.F:521 :: Setting real_kernel for ELPA failed ***

     7 Broy./Diag. 0.15E+00   13.5     0.00001587     -1610.6044492110 -1.24E-04

  *** SCF run converged in     7 steps ***


  Electronic density on regular grids:       -673.9999999287        0.0000000713
  Core density on regular grids:              673.9999999671       -0.0000000329
  Total charge density on r-space grids:        0.0000000384
  Total charge density g-space grids:           0.0000000384

  Overlap energy of the core charge distribution:               0.15974821042904
  Self energy of the core charge distribution:              -3774.19779000501012
  Core Hamiltonian energy:                                   1118.55833402367398
  Hartree energy:                                            1403.13520281041451
  Exchange-correlation energy:                               -358.02552985004513
  Dispersion energy:                                           -0.21825278824583
  Electronic entropic energy:                                  -0.01616169738230
  Fermi energy:                                                 0.02302407044277

  Total energy:                                             -1610.60444921103999

 !-----------------------------------------------------------------------------!
                     Mulliken Population Analysis

 #  Atom  Element  Kind  Atomic population                           Net charge
       1     Ti       1         10.969049                              1.030951
       2     Ti       1         10.989344                              1.010656
       3     Ti       1         10.960683                              1.039317
       4     Ti       1         10.972740                              1.027260
       5     Ti       1         11.008256                              0.991744
       6     Ti       1         10.983449                              1.016551
       7     Ti       1         10.974616                              1.025384
       8     Ti       1         10.980205                              1.019795
       9     H        2          0.932189                              0.067811
      10     H        2          0.927032                              0.072968
      11     H        2          0.937467                              0.062533
      12     H        2          0.925298                              0.074702
      13     H        2          0.935853                              0.064147
      14     H        2          0.939192                              0.060808
      15     H        2          0.928459                              0.071541
      16     H        2          0.934828                              0.065172
      17     H        2          0.931443                              0.068557
      18     H        2          0.927386                              0.072614
      19     H        2          0.928911                              0.071089
      20     H        2          0.927358                              0.072642
      21     H        2          0.843782                              0.156218
      22     H        2          0.843027                              0.156973
      23     H        2          0.929675                              0.070325
      24     H        2          0.933555                              0.066445
      25     H        2          0.934327                              0.065673
      26     H        2          0.926559                              0.073441
      27     H        2          0.927674                              0.072326
      28     H        2          0.931102                              0.068898
      29     H        2          0.888820                              0.111180
      30     H        2          0.918461                              0.081539
      31     H        2          0.837503                              0.162497
      32     H        2          0.838794                              0.161206
      33     H        2          0.882340                              0.117660
      34     H        2          0.887537                              0.112463
      35     H        2          0.896605                              0.103395
      36     H        2          0.888295                              0.111705
      37     H        2          0.893592                              0.106408
      38     H        2          0.887719                              0.112281
      39     H        2          0.939322                              0.060678
      40     H        2          0.924364                              0.075636
      41     H        2          0.944172                              0.055828
      42     H        2          0.887127                              0.112873
      43     C        3          3.776379                              0.223621
      44     C        3          3.775501                              0.224499
      45     C        3          3.780570                              0.219430
      46     C        3          3.776490                              0.223510
      47     C        3          4.061539                             -0.061539
      48     C        3          4.029750                             -0.029750
      49     C        3          4.061294                             -0.061294
      50     C        3          4.035588                             -0.035588
      51     C        3          3.982623                              0.017377
      52     C        3          4.042441                             -0.042441
      53     C        3          3.972581                              0.027419
      54     C        3          4.030412                             -0.030412
      55     C        3          4.053552                             -0.053552
      56     C        3          4.020054                             -0.020054
      57     C        3          4.009562                             -0.009562
      58     C        3          4.042951                             -0.042951
      59     C        3          4.041635                             -0.041635
      60     C        3          4.051580                             -0.051580
      61     C        3          4.051060                             -0.051060
      62     C        3          4.053968                             -0.053968
      63     C        3          4.037567                             -0.037567
      64     C        3          4.075636                             -0.075636
      65     C        3          4.053354                             -0.053354
      66     C        3          4.038995                             -0.038995
      67     C        3          3.790249                              0.209751
      68     C        3          3.792301                              0.207699
      69     C        3          3.796087                              0.203913
      70     C        3          3.804315                              0.195685
      71     C        3          3.816615                              0.183385
      72     C        3          3.798222                              0.201778
      73     C        3          4.022700                             -0.022700
      74     C        3          4.040988                             -0.040988
      75     C        3          4.043678                             -0.043678
      76     C        3          4.019941                             -0.019941
      77     C        3          4.048309                             -0.048309
      78     C        3          4.038235                             -0.038235
      79     C        3          4.043861                             -0.043861
      80     C        3          4.057019                             -0.057019
      81     C        3          4.059665                             -0.059665
      82     C        3          4.003763                             -0.003763
      83     C        3          4.025775                             -0.025775
      84     C        3          4.042651                             -0.042651
      85     C        3          3.992541                              0.007459
      86     C        3          4.032570                             -0.032570
      87     C        3          4.022436                             -0.022436
      88     C        3          4.022500                             -0.022500
      89     N        4          5.001885                             -0.001885
      90     N        4          5.087082                             -0.087082
      91     N        4          5.052512                             -0.052512
      92     N        4          5.061060                             -0.061060
      93     O        5          6.363503                             -0.363503
      94     O        5          6.325824                             -0.325824
      95     O        5          6.320186                             -0.320186
      96     O        5          6.291503                             -0.291503
      97     O        5          6.331447                             -0.331447
      98     O        5          6.340051                             -0.340051
      99     O        5          6.295229                             -0.295229
     100     O        5          6.277716                             -0.277716
     101     O        5          6.468719                             -0.468719
     102     O        5          6.510276                             -0.510276
     103     O        5          6.510815                             -0.510815
     104     O        5          6.471710                             -0.471710
     105     O        5          6.473808                             -0.473808
     106     O        5          6.526194                             -0.526194
     107     O        5          6.515805                             -0.515805
     108     O        5          6.474744                             -0.474744
     109     O        5          6.366132                             -0.366132
     110     O        5          6.361080                             -0.361080
     111     O        5          6.356320                             -0.356320
     112     O        5          6.338129                             -0.338129
     113     O        5          6.455470                             -0.455470
     114     O        5          6.303408                             -0.303408
     115     O        5          6.362250                             -0.362250
     116     O        5          6.358225                             -0.358225
     117     O        5          6.304150                             -0.304150
     118     O        5          6.349614                             -0.349614
     119     O        5          6.305183                             -0.305183
     120     O        5          6.425983                             -0.425983
     121     O        5          6.541463                             -0.541463
     122     O        5          6.536280                             -0.536280
     123     O        5          6.517751                             -0.517751
     124     O        5          6.507326                             -0.507326
     125     N        4          4.872351                              0.127649
     126     N        4          4.845241                              0.154759
     127     C        3          3.913914                              0.086086
     128     C        3          3.983850                              0.016150
     129     C        3          4.170634                             -0.170634
     130     H        2          0.924480                              0.075520
     131     H        2          0.932954                              0.067046
     132     H        2          0.912084                              0.087916
     133     H        2          0.904192                              0.095808
     134     H        2          0.911782                              0.088218
     135     C        3          3.984853                              0.015147
     136     C        3          4.150478                             -0.150478
     137     H        2          0.913577                              0.086423
     138     H        2          0.923398                              0.076602
     139     H        2          0.911656                              0.088344
     140     C        3          4.260110                             -0.260110
     141     H        2          0.920455                              0.079545
     142     H        2          0.918656                              0.081344
     143     H        2          0.912024                              0.087976
     144     C        3          4.091025                             -0.091025
     145     C        3          4.149867                             -0.149867
     146     H        2          0.903186                              0.096814
     147     H        2          0.905254                              0.094746
     148     H        2          0.917441                              0.082559
     149     H        2          0.939987                              0.060013
     150     F        6          6.761203                              0.238797
     151     F        6          6.736279                              0.263721
     152     F        6          7.039863                             -0.039863
     153     F        6          6.817706                              0.182294
     154     O        5          6.333607                             -0.333607
     155     C        3          3.304206                              0.695794
     156     F        6          6.740355                              0.259645
     157     C        3          3.118799                              0.881201
     158     F        6          7.159946                             -0.159946
     159     S        7          8.213982                             -2.213982
     160     S        7          8.421506                             -2.421506
     161     O        5          5.107311                              0.892689
     162     O        5          5.019859                              0.980141
     163     O        5          5.919554                              0.080446
     164     N        4          4.075927                              0.924073
 # Total charge                            674.000000                  0.000000

 !-----------------------------------------------------------------------------!

 !-----------------------------------------------------------------------------!
                           Hirshfeld Charges

  #Atom  Element  Kind  Ref Charge     Population                    Net charge
      1       Ti     1      12.000         13.368                        -1.368
      2       Ti     1      12.000         13.417                        -1.417
      3       Ti     1      12.000         13.204                        -1.204
      4       Ti     1      12.000         13.217                        -1.217
      5       Ti     1      12.000         13.468                        -1.468
      6       Ti     1      12.000         13.418                        -1.418
      7       Ti     1      12.000         13.219                        -1.219
      8       Ti     1      12.000         13.265                        -1.265
      9       H      2       1.000          0.546                         0.454
     10       H      2       1.000          0.543                         0.457
     11       H      2       1.000          0.550                         0.450
     12       H      2       1.000          0.535                         0.465
     13       H      2       1.000          0.549                         0.451
     14       H      2       1.000          0.542                         0.458
     15       H      2       1.000          0.540                         0.460
     16       H      2       1.000          0.540                         0.460
     17       H      2       1.000          0.549                         0.451
     18       H      2       1.000          0.544                         0.456
     19       H      2       1.000          0.543                         0.457
     20       H      2       1.000          0.550                         0.450
     21       H      2       1.000          0.425                         0.575
     22       H      2       1.000          0.426                         0.574
     23       H      2       1.000          0.546                         0.454
     24       H      2       1.000          0.546                         0.454
     25       H      2       1.000          0.550                         0.450
     26       H      2       1.000          0.549                         0.451
     27       H      2       1.000          0.539                         0.461
     28       H      2       1.000          0.549                         0.451
     29       H      2       1.000          0.458                         0.542
     30       H      2       1.000          0.503                         0.497
     31       H      2       1.000          0.419                         0.581
     32       H      2       1.000          0.419                         0.581
     33       H      2       1.000          0.482                         0.518
     34       H      2       1.000          0.465                         0.535
     35       H      2       1.000          0.479                         0.521
     36       H      2       1.000          0.462                         0.538
     37       H      2       1.000          0.483                         0.517
     38       H      2       1.000          0.462                         0.538
     39       H      2       1.000          0.544                         0.456
     40       H      2       1.000          0.543                         0.457
     41       H      2       1.000          0.547                         0.453
     42       H      2       1.000          0.548                         0.452
     43       C      3       4.000          3.476                         0.524
     44       C      3       4.000          3.464                         0.536
     45       C      3       4.000          3.482                         0.518
     46       C      3       4.000          3.470                         0.530
     47       C      3       4.000          4.027                        -0.027
     48       C      3       4.000          3.987                         0.013
     49       C      3       4.000          4.031                        -0.031
     50       C      3       4.000          3.992                         0.008
     51       C      3       4.000          3.865                         0.135
     52       C      3       4.000          4.419                        -0.419
     53       C      3       4.000          3.864                         0.136
     54       C      3       4.000          4.412                        -0.412
     55       C      3       4.000          4.411                        -0.411
     56       C      3       4.000          4.389                        -0.389
     57       C      3       4.000          4.379                        -0.379
     58       C      3       4.000          4.419                        -0.419
     59       C      3       4.000          4.006                        -0.006
     60       C      3       4.000          4.363                        -0.363
     61       C      3       4.000          4.342                        -0.342
     62       C      3       4.000          4.006                        -0.006
     63       C      3       4.000          4.014                        -0.014
     64       C      3       4.000          4.047                        -0.047
     65       C      3       4.000          4.032                        -0.032
     66       C      3       4.000          4.019                        -0.019
     67       C      3       4.000          3.475                         0.525
     68       C      3       4.000          3.477                         0.523
     69       C      3       4.000          3.492                         0.508
     70       C      3       4.000          3.583                         0.417
     71       C      3       4.000          3.600                         0.400
     72       C      3       4.000          3.497                         0.503
     73       C      3       4.000          4.384                        -0.384
     74       C      3       4.000          4.416                        -0.416
     75       C      3       4.000          4.404                        -0.404
     76       C      3       4.000          4.366                        -0.366
     77       C      3       4.000          4.420                        -0.420
     78       C      3       4.000          4.397                        -0.397
     79       C      3       4.000          4.398                        -0.398
     80       C      3       4.000          4.457                        -0.457
     81       C      3       4.000          4.362                        -0.362
     82       C      3       4.000          4.376                        -0.376
     83       C      3       4.000          4.391                        -0.391
     84       C      3       4.000          4.395                        -0.395
     85       C      3       4.000          3.884                         0.116
     86       C      3       4.000          4.400                        -0.400
     87       C      3       4.000          4.432                        -0.432
     88       C      3       4.000          3.896                         0.104
     89       N      4       5.000          5.893                        -0.893
     90       N      4       5.000          5.959                        -0.959
     91       N      4       5.000          5.928                        -0.928
     92       N      4       5.000          5.936                        -0.936
     93       O      5       6.000          6.175                        -0.175
     94       O      5       6.000          6.125                        -0.125
     95       O      5       6.000          6.166                        -0.166
     96       O      5       6.000          6.132                        -0.132
     97       O      5       6.000          6.131                        -0.131
     98       O      5       6.000          6.131                        -0.131
     99       O      5       6.000          6.110                        -0.110
    100       O      5       6.000          6.107                        -0.107
    101       O      5       6.000          5.718                         0.282
    102       O      5       6.000          5.736                         0.264
    103       O      5       6.000          5.743                         0.257
    104       O      5       6.000          5.709                         0.291
    105       O      5       6.000          5.694                         0.306
    106       O      5       6.000          5.778                         0.222
    107       O      5       6.000          5.762                         0.238
    108       O      5       6.000          5.702                         0.298
    109       O      5       6.000          6.132                        -0.132
    110       O      5       6.000          6.119                        -0.119
    111       O      5       6.000          6.133                        -0.133
    112       O      5       6.000          6.087                        -0.087
    113       O      5       6.000          6.140                        -0.140
    114       O      5       6.000          6.074                        -0.074
    115       O      5       6.000          6.119                        -0.119
    116       O      5       6.000          6.123                        -0.123
    117       O      5       6.000          6.027                        -0.027
    118       O      5       6.000          6.116                        -0.116
    119       O      5       6.000          6.072                        -0.072
    120       O      5       6.000          6.078                        -0.078
    121       O      5       6.000          5.994                         0.006
    122       O      5       6.000          5.993                         0.007
    123       O      5       6.000          6.096                        -0.096
    124       O      5       6.000          6.060                        -0.060
    125       N      4       5.000          5.158                        -0.158
    126       N      4       5.000          5.143                        -0.143
    127       C      3       4.000          4.187                        -0.187
    128       C      3       4.000          4.284                        -0.284
    129       C      3       4.000          4.955                        -0.955
    130       H      2       1.000          0.523                         0.477
    131       H      2       1.000          0.525                         0.475
    132       H      2       1.000          0.543                         0.457
    133       H      2       1.000          0.527                         0.473
    134       H      2       1.000          0.547                         0.453
    135       C      3       4.000          4.298                        -0.298
    136       C      3       4.000          4.812                        -0.812
    137       H      2       1.000          0.551                         0.449
    138       H      2       1.000          0.568                         0.432
    139       H      2       1.000          0.560                         0.440
    140       C      3       4.000          5.294                        -1.294
    141       H      2       1.000          0.559                         0.441
    142       H      2       1.000          0.556                         0.444
    143       H      2       1.000          0.556                         0.444
    144       C      3       4.000          4.549                        -0.549
    145       C      3       4.000          4.778                        -0.778
    146       H      2       1.000          0.541                         0.459
    147       H      2       1.000          0.548                         0.452
    148       H      2       1.000          0.562                         0.438
    149       H      2       1.000          0.527                         0.473
    150       F      6       7.000          6.957                         0.043
    151       F      6       7.000          6.966                         0.034
    152       F      6       7.000          7.281                        -0.281
