
 *******************************************************************************
 **                 BAND EVALUATION OF ENERGIES AND FORCES                    **
 *******************************************************************************
 **                                                                           **
 **                                                                           **
 ** Replica Env Nr. :    3              Replica Band Nr. :   11               **
 ** Band  Step  Nr. :    0                                                    **
 *******************************************************************************

 Number of electrons:                                                        674
 Number of occupied orbitals:                                                374
 Number of molecular orbitals:                                               437

 Number of orbital functions:                                               1844
 Number of independent orbital functions:                                   1844

 Parameters for the always stable predictor-corrector (ASPC) method:

  ASPC order: 0

  B(1) =   1.000000

 *** WARNING in fm/cp_fm_elpa.F:521 :: Setting real_kernel for ELPA failed ***


 Extrapolation method: ASPC


 SCF WAVEFUNCTION OPTIMIZATION

  Step     Update method      Time    Convergence         Total energy    Change
  ------------------------------------------------------------------------------

 *** WARNING in fm/cp_fm_elpa.F:521 :: Setting real_kernel for ELPA failed ***

     1 Broy./Diag. 0.15E+00    8.4     0.00553827       835.4957118005  8.35E+02

 *** WARNING in fm/cp_fm_elpa.F:521 :: Setting real_kernel for ELPA failed ***

     2 Broy./Diag. 0.15E+00   12.0     0.01841916       835.4957844622  7.27E-05

 *** WARNING in fm/cp_fm_elpa.F:521 :: Setting real_kernel for ELPA failed ***

     3 Broy./Diag. 0.15E+00   12.2     0.01315344       835.4954784453 -3.06E-04

 *** WARNING in fm/cp_fm_elpa.F:521 :: Setting real_kernel for ELPA failed ***

     4 Broy./Diag. 0.15E+00   11.9     0.00010062       835.4957152558  2.37E-04

 *** WARNING in fm/cp_fm_elpa.F:521 :: Setting real_kernel for ELPA failed ***

     5 Broy./Diag. 0.15E+00   12.2     0.00001622       835.4957117048 -3.55E-06

  *** SCF run converged in     5 steps ***


  Electronic density on regular grids:       -673.9999997792        0.0000002208
  Core density on regular grids:              673.9999999671       -0.0000000329
  Total charge density on r-space grids:        0.0000001880
  Total charge density g-space grids:           0.0000001880

  Overlap energy of the core charge distribution:            2116.02704970026571
  Self energy of the core charge distribution:              -3774.19779000501012
  Core Hamiltonian energy:                                   1417.68177990219920
  Hartree energy:                                            1469.35971309392676
  Exchange-correlation energy:                               -393.14260705180743
  Dispersion energy:                                           -0.21155064306383
  Electronic entropic energy:                                  -0.02088329231354
  Fermi energy:                                                 0.01689640014589

  Total energy:                                               835.49571170484217

 !-----------------------------------------------------------------------------!
                     Mulliken Population Analysis

 #  Atom  Element  Kind  Atomic population                           Net charge
       1     Ti       1         10.984791                              1.015209
       2     Ti       1         10.996668                              1.003332
       3     Ti       1         10.969560                              1.030440
       4     Ti       1         10.962794                              1.037206
       5     Ti       1         11.010301                              0.989699
       6     Ti       1         10.995811                              1.004189
       7     Ti       1         10.982985                              1.017015
       8     Ti       1         10.978780                              1.021220
       9     H        2          0.931359                              0.068641
      10     H        2          0.930430                              0.069570
      11     H        2          0.939856                              0.060144
      12     H        2          0.921727                              0.078273
      13     H        2          0.938649                              0.061351
      14     H        2          0.944619                              0.055381
      15     H        2          0.927453                              0.072547
      16     H        2          0.940403                              0.059597
      17     H        2          0.932242                              0.067758
      18     H        2          0.927452                              0.072548
      19     H        2          0.928210                              0.071790
      20     H        2          0.929165                              0.070835
      21     H        2          0.856456                              0.143544
      22     H        2          0.856880                              0.143120
      23     H        2          0.931861                              0.068139
      24     H        2          0.937047                              0.062953
      25     H        2          0.935492                              0.064508
      26     H        2          0.927599                              0.072401
      27     H        2          0.927769                              0.072231
      28     H        2          0.932581                              0.067419
      29     H        2          0.888724                              0.111276
      30     H        2          0.931952                              0.068048
      31     H        2          0.837891                              0.162109
      32     H        2          0.838530                              0.161470
      33     H        2          0.883955                              0.116045
      34     H        2          0.889242                              0.110758
      35     H        2          0.899016                              0.100984
      36     H        2          0.887161                              0.112839
      37     H        2          0.896669                              0.103331
      38     H        2          0.889997                              0.110003
      39     H        2          0.938488                              0.061512
      40     H        2          0.923746                              0.076254
      41     H        2          0.945125                              0.054875
      42     H        2          0.862338                              0.137662
      43     C        3          3.775402                              0.224598
      44     C        3          3.775601                              0.224399
      45     C        3          3.784399                              0.215601
      46     C        3          3.778263                              0.221737
      47     C        3          4.066085                             -0.066085
      48     C        3          4.031097                             -0.031097
      49     C        3          4.070960                             -0.070960
      50     C        3          4.047539                             -0.047539
      51     C        3          3.978177                              0.021823
      52     C        3          4.037796                             -0.037796
      53     C        3          3.953813                              0.046187
      54     C        3          4.000717                             -0.000717
      55     C        3          4.048580                             -0.048580
      56     C        3          4.012525                             -0.012525
      57     C        3          4.002730                             -0.002730
      58     C        3          4.038177                             -0.038177
      59     C        3          4.040352                             -0.040352
      60     C        3          4.047793                             -0.047793
      61     C        3          4.056721                             -0.056721
      62     C        3          4.078308                             -0.078308
      63     C        3          4.025050                             -0.025050
      64     C        3          4.071761                             -0.071761
      65     C        3          4.040066                             -0.040066
      66     C        3          4.032425                             -0.032425
      67     C        3          3.787043                              0.212957
      68     C        3          3.803152                              0.196848
      69     C        3          3.795478                              0.204522
      70     C        3          3.794612                              0.205388
      71     C        3          3.806727                              0.193273
      72     C        3          3.798232                              0.201768
      73     C        3          4.019372                             -0.019372
      74     C        3          4.038795                             -0.038795
      75     C        3          4.032130                             -0.032130
      76     C        3          4.023997                             -0.023997
      77     C        3          4.050903                             -0.050903
      78     C        3          4.043082                             -0.043082
      79     C        3          4.049861                             -0.049861
      80     C        3          4.035731                             -0.035731
      81     C        3          4.063074                             -0.063074
      82     C        3          3.990504                              0.009496
      83     C        3          4.025205                             -0.025205
      84     C        3          4.039894                             -0.039894
      85     C        3          4.000379                             -0.000379
      86     C        3          4.029801                             -0.029801
      87     C        3          3.997847                              0.002153
      88     C        3          4.042038                             -0.042038
      89     N        4          4.970351                              0.029649
      90     N        4          5.094779                             -0.094779
      91     N        4          5.065584                             -0.065584
      92     N        4          5.065714                             -0.065714
      93     O        5          6.364596                             -0.364596
      94     O        5          6.328529                             -0.328529
      95     O        5          6.312344                             -0.312344
      96     O        5          6.292722                             -0.292722
      97     O        5          6.334970                             -0.334970
      98     O        5          6.341909                             -0.341909
      99     O        5          6.293803                             -0.293803
     100     O        5          6.268806                             -0.268806
     101     O        5          6.461673                             -0.461673
     102     O        5          6.510816                             -0.510816
     103     O        5          6.509029                             -0.509029
     104     O        5          6.470259                             -0.470259
     105     O        5          6.481356                             -0.481356
     106     O        5          6.530065                             -0.530065
     107     O        5          6.512360                             -0.512360
     108     O        5          6.459617                             -0.459617
     109     O        5          6.366507                             -0.366507
     110     O        5          6.363751                             -0.363751
     111     O        5          6.382085                             -0.382085
     112     O        5          6.331604                             -0.331604
     113     O        5          6.494990                             -0.494990
     114     O        5          6.292182                             -0.292182
     115     O        5          6.367104                             -0.367104
     116     O        5          6.355938                             -0.355938
     117     O        5          6.296050                             -0.296050
     118     O        5          6.385580                             -0.385580
     119     O        5          6.293057                             -0.293057
     120     O        5          6.460202                             -0.460202
     121     O        5          6.539726                             -0.539726
     122     O        5          6.535618                             -0.535618
     123     O        5          6.515720                             -0.515720
     124     O        5          6.501564                             -0.501564
     125     N        4          4.872275                              0.127725
     126     N        4          4.842481                              0.157519
     127     C        3          3.914311                              0.085689
     128     C        3          3.978984                              0.021016
     129     C        3          4.175149                             -0.175149
     130     H        2          0.925096                              0.074904
     131     H        2          0.933926                              0.066074
     132     H        2          0.913649                              0.086351
     133     H        2          0.906451                              0.093549
     134     H        2          0.913363                              0.086637
     135     C        3          3.987983                              0.012017
     136     C        3          4.148969                             -0.148969
     137     H        2          0.915323                              0.084677
     138     H        2          0.919688                              0.080312
     139     H        2          0.911290                              0.088710
     140     C        3          4.270231                             -0.270231
     141     H        2          0.931214                              0.068786
     142     H        2          0.913550                              0.086450
     143     H        2          0.912508                              0.087492
     144     C        3          4.085259                             -0.085259
     145     C        3          4.152437                             -0.152437
     146     H        2          0.902569                              0.097431
     147     H        2          0.904378                              0.095622
     148     H        2          0.920042                              0.079958
     149     H        2          0.941208                              0.058792
     150     F        6         25.075366                            -18.075366
     151     F        6         10.371083                             -3.371083
     152     F        6         14.474750                             -7.474750
     153     F        6          0.982446                              6.017554
     154     O        5          5.995618                              0.004382
     155     C        3          9.442703                             -5.442703
     156     F        6          9.057572                             -2.057572
     157     C        3         -4.294335                              8.294335
     158     F        6          7.186625                             -0.186625
     159     S        7          8.682592                             -2.682592
     160     S        7         -6.229200                             12.229200
     161     O        5         13.957256                             -7.957256
     162     O        5         12.796756                             -6.796756
     163     O        5          3.280294                              2.719706
     164     N        4        -20.076782                             25.076782
 # Total charge                            674.000000                  0.000000

 !-----------------------------------------------------------------------------!

 !-----------------------------------------------------------------------------!
                           Hirshfeld Charges

  #Atom  Element  Kind  Ref Charge     Population                    Net charge
      1       Ti     1      12.000         13.346                        -1.346
      2       Ti     1      12.000         13.444                        -1.444
      3       Ti     1      12.000         13.209                        -1.209
      4       Ti     1      12.000         13.213                        -1.213
      5       Ti     1      12.000         13.487                        -1.487
      6       Ti     1      12.000         13.376                        -1.376
      7       Ti     1      12.000         13.225                        -1.225
      8       Ti     1      12.000         13.273                        -1.273
      9       H      2       1.000          0.545                         0.455
     10       H      2       1.000          0.542                         0.458
     11       H      2       1.000          0.552                         0.448
     12       H      2       1.000          0.523                         0.477
     13       H      2       1.000          0.552                         0.448
     14       H      2       1.000          0.535                         0.465
     15       H      2       1.000          0.533                         0.467
     16       H      2       1.000          0.534                         0.466
     17       H      2       1.000          0.553                         0.447
     18       H      2       1.000          0.544                         0.456
     19       H      2       1.000          0.542                         0.458
     20       H      2       1.000          0.556                         0.444
     21       H      2       1.000          0.429                         0.571
     22       H      2       1.000          0.432                         0.568
     23       H      2       1.000          0.546                         0.454
     24       H      2       1.000          0.546                         0.454
     25       H      2       1.000          0.555                         0.445
     26       H      2       1.000          0.554                         0.446
     27       H      2       1.000          0.534                         0.466
     28       H      2       1.000          0.554                         0.446
     29       H      2       1.000          0.450                         0.550
     30       H      2       1.000          0.531                         0.469
     31       H      2       1.000          0.419                         0.581
     32       H      2       1.000          0.419                         0.581
     33       H      2       1.000          0.482                         0.518
     34       H      2       1.000          0.466                         0.534
     35       H      2       1.000          0.481                         0.519
     36       H      2       1.000          0.461                         0.539
     37       H      2       1.000          0.485                         0.515
     38       H      2       1.000          0.464                         0.536
     39       H      2       1.000          0.544                         0.456
     40       H      2       1.000          0.542                         0.458
     41       H      2       1.000          0.547                         0.453
     42       H      2       1.000          0.563                         0.437
     43       C      3       4.000          3.475                         0.525
     44       C      3       4.000          3.465                         0.535
     45       C      3       4.000          3.486                         0.514
     46       C      3       4.000          3.474                         0.526
     47       C      3       4.000          4.024                        -0.024
     48       C      3       4.000          3.982                         0.018
     49       C      3       4.000          4.030                        -0.030
     50       C      3       4.000          3.990                         0.010
     51       C      3       4.000          3.870                         0.130
     52       C      3       4.000          4.416                        -0.416
     53       C      3       4.000          3.866                         0.134
     54       C      3       4.000          4.395                        -0.395
     55       C      3       4.000          4.388                        -0.388
     56       C      3       4.000          4.385                        -0.385
     57       C      3       4.000          4.372                        -0.372
     58       C      3       4.000          4.414                        -0.414
     59       C      3       4.000          4.005                        -0.005
     60       C      3       4.000          4.359                        -0.359
     61       C      3       4.000          4.332                        -0.332
     62       C      3       4.000          4.009                        -0.009
     63       C      3       4.000          4.021                        -0.021
     64       C      3       4.000          4.047                        -0.047
     65       C      3       4.000          4.025                        -0.025
     66       C      3       4.000          4.037                        -0.037
     67       C      3       4.000          3.471                         0.529
     68       C      3       4.000          3.490                         0.510
     69       C      3       4.000          3.495                         0.505
     70       C      3       4.000          3.635                         0.365
     71       C      3       4.000          3.656                         0.344
     72       C      3       4.000          3.507                         0.493
     73       C      3       4.000          4.381                        -0.381
     74       C      3       4.000          4.414                        -0.414
     75       C      3       4.000          4.400                        -0.400
     76       C      3       4.000          4.360                        -0.360
     77       C      3       4.000          4.418                        -0.418
     78       C      3       4.000          4.390                        -0.390
     79       C      3       4.000          4.397                        -0.397
     80       C      3       4.000          4.464                        -0.464
     81       C      3       4.000          4.330                        -0.330
     82       C      3       4.000          4.364                        -0.364
     83       C      3       4.000          4.391                        -0.391
     84       C      3       4.000          4.392                        -0.392
     85       C      3       4.000          3.883                         0.117
     86       C      3       4.000          4.384                        -0.384
     87       C      3       4.000          4.441                        -0.441
     88       C      3       4.000          3.907                         0.093
     89       N      4       5.000          5.846                        -0.846
     90       N      4       5.000          5.953                        -0.953
     91       N      4       5.000          5.933                        -0.933
     92       N      4       5.000          5.945                        -0.945
     93       O      5       6.000          6.176                        -0.176
     94       O      5       6.000          6.126                        -0.126
     95       O      5       6.000          6.161                        -0.161
     96       O      5       6.000          6.134                        -0.134
     97       O      5       6.000          6.133                        -0.133
     98       O      5       6.000          6.132                        -0.132
     99       O      5       6.000          6.111                        -0.111
    100       O      5       6.000          6.103                        -0.103
    101       O      5       6.000          5.713                         0.287
    102       O      5       6.000          5.736                         0.264
    103       O      5       6.000          5.752                         0.248
    104       O      5       6.000          5.704                         0.296
    105       O      5       6.000          5.697                         0.303
    106       O      5       6.000          5.788                         0.212
    107       O      5       6.000          5.759                         0.241
    108       O      5       6.000          5.691                         0.309
    109       O      5       6.000          6.132                        -0.132
    110       O      5       6.000          6.125                        -0.125
    111       O      5       6.000          6.136                        -0.136
    112       O      5       6.000          6.074                        -0.074
    113       O      5       6.000          6.154                        -0.154
    114       O      5       6.000          6.055                        -0.055
    115       O      5       6.000          6.124                        -0.124
    116       O      5       6.000          6.120                        -0.120
    117       O      5       6.000          6.010                        -0.010
    118       O      5       6.000          6.123                        -0.123
    119       O      5       6.000          6.051                        -0.051
    120       O      5       6.000          6.090                        -0.090
    121       O      5       6.000          5.992                         0.008
    122       O      5       6.000          5.993                         0.007
    123       O      5       6.000          6.170                        -0.170
    124       O      5       6.000          6.110                        -0.110
    125       N      4       5.000          5.158                        -0.158
    126       N      4       5.000          5.143                        -0.143
    127       C      3       4.000          4.184                        -0.184
    128       C      3       4.000          4.283                        -0.283
    129       C      3       4.000          4.940                        -0.940
    130       H      2       1.000          0.523                         0.477
    131       H      2       1.000          0.524                         0.476
    132       H      2       1.000          0.544                         0.456
    133       H      2       1.000          0.520                         0.480
    134       H      2       1.000          0.550                         0.450
    135       C      3       4.000          4.304                        -0.304
    136       C      3       4.000          4.818                        -0.818
    137       H      2       1.000          0.549                         0.451
    138       H      2       1.000          0.569                         0.431
    139       H      2       1.000          0.558                         0.442
    140       C      3       4.000          5.315                        -1.315
    141       H      2       1.000          0.566                         0.434
    142       H      2       1.000          0.552                         0.448
    143       H      2       1.000          0.556                         0.444
    144       C      3       4.000          4.542                        -0.542
    145       C      3       4.000          4.781                        -0.781
    146       H      2       1.000          0.540                         0.460
    147       H      2       1.000          0.547                         0.453
    148       H      2       1.000          0.564                         0.436
    149       H      2       1.000          0.528                         0.472
    150       F      6       7.000          7.240                        -0.240
    151       F      6       7.000          7.062                        -0.062
    152       F      6       7.000          7.443                        -0.443
    153       F      6       7.000          7.112                        -0.112
    154       O      5       6.000          6.214                        -0.214
    155       C      3       4.000          3.680                         0.320
    156       F      6       7.000          6.789                         0.211
    157       C      3       4.000          3.872                         0.128
    158       F      6       7.000          6.870                         0.130
    159       S      7       6.000          5.813                         0.187
    160       S      7       6.000          6.164                        -0.164
    161       O      5       6.000          6.047                        -0.047
    162       O      5       6.000          6.064                        -0.064
    163       O      5       6.000          5.353                         0.647
    164       N      4       5.000          4.976                         0.024

  Total Charge                                                            0.063
 !-----------------------------------------------------------------------------!

 ENERGY| Total FORCE_EVAL ( QS ) energy [hartree]            835.495711800199274

 *******************************************************************************
 **                 BAND EVALUATION OF ENERGIES AND FORCES                    **
 *******************************************************************************
 **                                                                           **
 **                                                                           **
 ** Replica Env Nr. :    3              Replica Band Nr. :   11               **
 ** Band  Step  Nr. :    1                                                    **
 *******************************************************************************

 Number of electrons:                                                        674
 Number of occupied orbitals:                                                374
 Number of molecular orbitals:                                               437

 Number of orbital functions:                                               1844
 Number of independent orbital functions:                                   1844

 Parameters for the always stable predictor-corrector (ASPC) method:

  ASPC order: 1

  B(1) =   2.500000
  B(2) =  -2.000000
  B(3) =   0.500000

 *** WARNING in fm/cp_fm_elpa.F:521 :: Setting real_kernel for ELPA failed ***


 Extrapolation method: ASPC


 SCF WAVEFUNCTION OPTIMIZATION

  Step     Update method      Time    Convergence         Total energy    Change
  ------------------------------------------------------------------------------

 *** WARNING in fm/cp_fm_elpa.F:521 :: Setting real_kernel for ELPA failed ***

     1 Broy./Diag. 0.15E+00    8.4 31082.29703567      -546.5284834605 -5.47E+02

 *** WARNING in fm/cp_fm_elpa.F:521 :: Setting real_kernel for ELPA failed ***

     2 Broy./Diag. 0.15E+00   11.9 15729.91982919       -99.7260884774  4.47E+02

 *** WARNING in fm/cp_fm_elpa.F:521 :: Setting real_kernel for ELPA failed ***

     3 Broy./Diag. 0.15E+00   12.1  4723.87511870      -466.8808703405 -3.67E+02

 *** WARNING in fm/cp_fm_elpa.F:521 :: Setting real_kernel for ELPA failed ***

     4 Broy./Diag. 0.15E+00   12.0   233.17711794      -633.0344236082 -1.66E+02

 *** WARNING in fm/cp_fm_elpa.F:521 :: Setting real_kernel for ELPA failed ***

     5 Broy./Diag. 0.15E+00   12.2   245.93566516      -676.0235028862 -4.30E+01

 *** WARNING in fm/cp_fm_elpa.F:521 :: Setting real_kernel for ELPA failed ***

     6 Broy./Diag. 0.15E+00   12.4  1131.30639320      -710.5698606922 -3.45E+01

 *** WARNING in fm/cp_fm_elpa.F:521 :: Setting real_kernel for ELPA failed ***

     7 Broy./Diag. 0.15E+00   12.1    53.22540787      -734.5432908198 -2.40E+01

 *** WARNING in fm/cp_fm_elpa.F:521 :: Setting real_kernel for ELPA failed ***

     8 Broy./Diag. 0.15E+00   12.2   395.01216831      -734.4817341169  6.16E-02

 *** WARNING in fm/cp_fm_elpa.F:521 :: Setting real_kernel for ELPA failed ***

     9 Broy./Diag. 0.15E+00   11.7   124.59980778      -735.5617898825 -1.08E+00

 *** WARNING in fm/cp_fm_elpa.F:521 :: Setting real_kernel for ELPA failed ***

    10 Broy./Diag. 0.15E+00   12.0    61.65744274      -736.1251791575 -5.63E-01

 *** WARNING in fm/cp_fm_elpa.F:521 :: Setting real_kernel for ELPA failed ***

    11 Broy./Diag. 0.15E+00   12.3    39.17217510      -735.2994162907  8.26E-01

 *** WARNING in fm/cp_fm_elpa.F:521 :: Setting real_kernel for ELPA failed ***

    12 Broy./Diag. 0.15E+00   12.2    32.79840250      -733.5063550934  1.79E+00

 *** WARNING in fm/cp_fm_elpa.F:521 :: Setting real_kernel for ELPA failed ***

    13 Broy./Diag. 0.15E+00   11.7     4.45829030      -732.3900062666  1.12E+00

 *** WARNING in fm/cp_fm_elpa.F:521 :: Setting real_kernel for ELPA failed ***

    14 Broy./Diag. 0.15E+00   12.1    20.96919351      -732.2326656171  1.57E-01

 *** WARNING in fm/cp_fm_elpa.F:521 :: Setting real_kernel for ELPA failed ***

    15 Broy./Diag. 0.15E+00   12.0     9.71511881      -732.3333155343 -1.01E-01

 *** WARNING in fm/cp_fm_elpa.F:521 :: Setting real_kernel for ELPA failed ***

    16 Broy./Diag. 0.15E+00   11.8     4.45028127      -732.3593572586 -2.60E-02

 *** WARNING in fm/cp_fm_elpa.F:521 :: Setting real_kernel for ELPA failed ***

    17 Broy./Diag. 0.15E+00   11.7    12.65467462      -732.5449443046 -1.86E-01

 *** WARNING in fm/cp_fm_elpa.F:521 :: Setting real_kernel for ELPA failed ***

    18 Broy./Diag. 0.15E+00   11.6     5.33273490      -732.7743171128 -2.29E-01

 *** WARNING in fm/cp_fm_elpa.F:521 :: Setting real_kernel for ELPA failed ***

    19 Broy./Diag. 0.15E+00   12.0    14.40805216      -732.6595014526  1.15E-01

 *** WARNING in fm/cp_fm_elpa.F:521 :: Setting real_kernel for ELPA failed ***

    20 Broy./Diag. 0.15E+00   12.2     3.71355340      -732.6897873380 -3.03E-02

 *** WARNING in fm/cp_fm_elpa.F:521 :: Setting real_kernel for ELPA failed ***

    21 Broy./Diag. 0.15E+00   11.5     1.77418918      -732.6444942305  4.53E-02

 *** WARNING in fm/cp_fm_elpa.F:521 :: Setting real_kernel for ELPA failed ***

    22 Broy./Diag. 0.15E+00   11.5     1.27517116      -732.6683766396 -2.39E-02

 *** WARNING in fm/cp_fm_elpa.F:521 :: Setting real_kernel for ELPA failed ***

    23 Broy./Diag. 0.15E+00   11.5     0.55897816      -732.6716701132 -3.29E-03

 *** WARNING in fm/cp_fm_elpa.F:521 :: Setting real_kernel for ELPA failed ***

    24 Broy./Diag. 0.15E+00   11.4     1.19321943      -732.6883370110 -1.67E-02

 *** WARNING in fm/cp_fm_elpa.F:521 :: Setting real_kernel for ELPA failed ***

    25 Broy./Diag. 0.15E+00   11.4     0.98172356      -732.7048953619 -1.66E-02

 *** WARNING in fm/cp_fm_elpa.F:521 :: Setting real_kernel for ELPA failed ***

    26 Broy./Diag. 0.15E+00   11.5     1.18145734      -732.6939034949  1.10E-02

 *** WARNING in fm/cp_fm_elpa.F:521 :: Setting real_kernel for ELPA failed ***

    27 Broy./Diag. 0.15E+00   11.5     0.23858096      -732.6914184974  2.48E-03

 *** WARNING in fm/cp_fm_elpa.F:521 :: Setting real_kernel for ELPA failed ***

    28 Broy./Diag. 0.15E+00   11.4     0.33337959      -732.6815566834  9.86E-03

 *** WARNING in fm/cp_fm_elpa.F:521 :: Setting real_kernel for ELPA failed ***

    29 Broy./Diag. 0.15E+00   11.4     0.10357031      -732.6788621198  2.69E-03

 *** WARNING in fm/cp_fm_elpa.F:521 :: Setting real_kernel for ELPA failed ***

    30 Broy./Diag. 0.15E+00   10.8     0.22955793      -732.6787544198  1.08E-04

 *** WARNING in fm/cp_fm_elpa.F:521 :: Setting real_kernel for ELPA failed ***

    31 Broy./Diag. 0.15E+00   10.9     0.19702630      -732.6791059710 -3.52E-04

 *** WARNING in fm/cp_fm_elpa.F:521 :: Setting real_kernel for ELPA failed ***

    32 Broy./Diag. 0.15E+00   10.8     0.18404808      -732.6821092944 -3.00E-03

 *** WARNING in fm/cp_fm_elpa.F:521 :: Setting real_kernel for ELPA failed ***

    33 Broy./Diag. 0.15E+00   10.8     0.13051588      -732.6820042820  1.05E-04

 *** WARNING in fm/cp_fm_elpa.F:521 :: Setting real_kernel for ELPA failed ***

    34 Broy./Diag. 0.15E+00   10.7     0.03804034      -732.6826069696 -6.03E-04

 *** WARNING in fm/cp_fm_elpa.F:521 :: Setting real_kernel for ELPA failed ***

    35 Broy./Diag. 0.15E+00   10.8     0.05172586      -732.6816641648  9.43E-04

 *** WARNING in fm/cp_fm_elpa.F:521 :: Setting real_kernel for ELPA failed ***

    36 Broy./Diag. 0.15E+00   10.8     0.00567717      -732.6807626915  9.01E-04

 *** WARNING in fm/cp_fm_elpa.F:521 :: Setting real_kernel for ELPA failed ***

    37 Broy./Diag. 0.15E+00   10.8     0.03020410      -732.6801173879  6.45E-04

 *** WARNING in fm/cp_fm_elpa.F:521 :: Setting real_kernel for ELPA failed ***

    38 Broy./Diag. 0.15E+00   10.7     0.02433895      -732.6798788047  2.39E-04

 *** WARNING in fm/cp_fm_elpa.F:521 :: Setting real_kernel for ELPA failed ***

    39 Broy./Diag. 0.15E+00   10.7     0.01972323      -732.6801135469 -2.35E-04

 *** WARNING in fm/cp_fm_elpa.F:521 :: Setting real_kernel for ELPA failed ***

    40 Broy./Diag. 0.15E+00   10.8     0.01587771      -732.6800736749  3.99E-05

 *** WARNING in fm/cp_fm_elpa.F:521 :: Setting real_kernel for ELPA failed ***

    41 Broy./Diag. 0.15E+00   10.8     0.01063785      -732.6802079200 -1.34E-04

 *******************************************************************************
 **                 BAND EVALUATION OF ENERGIES AND FORCES                    **
 *******************************************************************************
 **                                                                           **
 **                                                                           **
 ** Replica Env Nr. :    3              Replica Band Nr. :   11               **
 ** Band  Step  Nr. :    1                                                    **
 *******************************************************************************

 Number of electrons:                                                        674
 Number of occupied orbitals:                                                374
 Number of molecular orbitals:                                               437

 Number of orbital functions:                                               1844
 Number of independent orbital functions:                                   1844

 Parameters for the always stable predictor-corrector (ASPC) method:

  ASPC order: 3

  B(1) =   3.000000
  B(2) =  -3.428571
  B(3) =   1.928571
  B(4) =  -0.571429
  B(5) =   0.071429

 *** WARNING in fm/cp_fm_elpa.F:521 :: Setting real_kernel for ELPA failed ***


 Extrapolation method: ASPC


 SCF WAVEFUNCTION OPTIMIZATION

  Step     Update method      Time    Convergence         Total energy    Change
  ------------------------------------------------------------------------------

 *** WARNING in fm/cp_fm_elpa.F:521 :: Setting real_kernel for ELPA failed ***

     1 Broy./Diag. 0.15E+00    9.3  7971.42737870      -654.6679202904 -6.55E+02

 *** WARNING in fm/cp_fm_elpa.F:521 :: Setting real_kernel for ELPA failed ***

     2 Broy./Diag. 0.15E+00   13.0  4082.28062723      -434.4675249882  2.20E+02

 *** WARNING in fm/cp_fm_elpa.F:521 :: Setting real_kernel for ELPA failed ***

     3 Broy./Diag. 0.15E+00   13.1   591.79326416      -614.5644977638 -1.80E+02

 *** WARNING in fm/cp_fm_elpa.F:521 :: Setting real_kernel for ELPA failed ***

     4 Broy./Diag. 0.15E+00   13.4   366.49201138      -681.8834068200 -6.73E+01

 *** WARNING in fm/cp_fm_elpa.F:521 :: Setting real_kernel for ELPA failed ***

     5 Broy./Diag. 0.15E+00   13.3   268.32311938      -726.9679388100 -4.51E+01

 *** WARNING in fm/cp_fm_elpa.F:521 :: Setting real_kernel for ELPA failed ***

     6 Broy./Diag. 0.15E+00   13.2   285.77369727      -724.4492963084  2.52E+00

 *** WARNING in fm/cp_fm_elpa.F:521 :: Setting real_kernel for ELPA failed ***

     7 Broy./Diag. 0.15E+00   12.3   125.72828706      -731.5271543929 -7.08E+00

 *** WARNING in fm/cp_fm_elpa.F:521 :: Setting real_kernel for ELPA failed ***

     8 Broy./Diag. 0.15E+00   11.9    18.11357580      -731.3698967076  1.57E-01

 *** WARNING in fm/cp_fm_elpa.F:521 :: Setting real_kernel for ELPA failed ***

     9 Broy./Diag. 0.15E+00   12.5    14.30263089      -734.3320354323 -2.96E+00

 *** WARNING in fm/cp_fm_elpa.F:521 :: Setting real_kernel for ELPA failed ***

    10 Broy./Diag. 0.15E+00   12.6   143.56850960      -734.2836977285  4.83E-02

 *** WARNING in fm/cp_fm_elpa.F:521 :: Setting real_kernel for ELPA failed ***

    11 Broy./Diag. 0.15E+00   12.0    21.93034581      -734.7096551424 -4.26E-01

 *** WARNING in fm/cp_fm_elpa.F:521 :: Setting real_kernel for ELPA failed ***

    12 Broy./Diag. 0.15E+00   12.0    54.55995899      -733.5649409080  1.14E+00

 *** WARNING in fm/cp_fm_elpa.F:521 :: Setting real_kernel for ELPA failed ***

    13 Broy./Diag. 0.15E+00   12.1     6.47415110      -732.8699083011  6.95E-01

 *** WARNING in fm/cp_fm_elpa.F:521 :: Setting real_kernel for ELPA failed ***

    14 Broy./Diag. 0.15E+00   11.1    10.46082239      -732.5288287615  3.41E-01

 *** WARNING in fm/cp_fm_elpa.F:521 :: Setting real_kernel for ELPA failed ***

    15 Broy./Diag. 0.15E+00   11.0     4.51098876      -732.4092398342  1.20E-01

 *** WARNING in fm/cp_fm_elpa.F:521 :: Setting real_kernel for ELPA failed ***

    16 Broy./Diag. 0.15E+00   11.5     1.27683036      -732.5278612000 -1.19E-01

 *** WARNING in fm/cp_fm_elpa.F:521 :: Setting real_kernel for ELPA failed ***

    17 Broy./Diag. 0.15E+00   11.2     5.42614450      -732.6105841675 -8.27E-02

 *** WARNING in fm/cp_fm_elpa.F:521 :: Setting real_kernel for ELPA failed ***

    18 Broy./Diag. 0.15E+00   10.8     2.76796057      -732.7299809731 -1.19E-01
