
 *******************************************************************************
 **                 BAND EVALUATION OF ENERGIES AND FORCES                    **
 *******************************************************************************
 **                                                                           **
 **                                                                           **
 ** Replica Env Nr. :    0              Replica Band Nr. :    1               **
 ** Band  Step  Nr. :    0                                                    **
 *******************************************************************************

 Number of electrons:                                                        674
 Number of occupied orbitals:                                                337
 Number of molecular orbitals:                                               437

 Number of orbital functions:                                               1844
 Number of independent orbital functions:                                   1844

 Extrapolation method: initial_guess

 *** WARNING in qs_initial_guess.F:303 :: User requested to restart the    ***
 *** wavefunction from the file named: BAMOF_NEB-BAND1-RESTART.wfn. This   ***
 *** file does not exist. Please check the existence of the file or change ***
 *** properly the value of the keyword WFN_RESTART_FILE_NAME. Calculation  ***
 *** continues using ATOMIC GUESS.                                         ***


 Atomic guess: The first density matrix is obtained in terms of atomic orbitals
               and electronic configurations assigned to each atomic kind

 Guess for atomic kind: Ti

 Electronic structure
    Total number of core electrons                                         10.00
    Total number of valence electrons                                      12.00
    Total number of electrons                                              22.00
    Multiplicity                                                   not specified
    S   [  2.00  2.00] 2.00  2.00
    P   [  6.00] 6.00
    D      2.00


 *******************************************************************************
                  Iteration          Convergence                     Energy [au]
 *******************************************************************************
                          1         2.59099                     -56.573945749309
                          2        0.737518                     -57.461623245624
                          3        0.123244E-01                 -57.676656834797
                          4        0.338536E-02                 -57.676690535970
                          5        0.252157E-03                 -57.676697146183
                          6        0.162704E-05                 -57.676697160103
                          7        0.846593E-06                 -57.676697160104

 Energy components [Hartree]           Total Energy ::          -57.676697160104
                                        Band Energy ::          -13.440549799540
                                     Kinetic Energy ::           25.008468428382
                                   Potential Energy ::          -82.685165588485
                                      Virial (-V/T) ::            3.306286661467
                                        Core Energy ::          -97.155838374470
                                          XC Energy ::           -6.919409696495
                                     Coulomb Energy ::           46.398550910862
                       Total Pseudopotential Energy ::         -122.259340742081
                       Local Pseudopotential Energy ::         -118.928992669456
                    Nonlocal Pseudopotential Energy ::           -3.330348072625
                                        Confinement ::            0.950339392289

 Orbital energies  State     L     Occupation   Energy[a.u.]          Energy[eV]

                       1     0          2.000      -2.312566          -62.928123
                       2     0          2.000      -0.123060           -3.348633

                       1     1          6.000      -1.385567          -37.703193

                       1     2          2.000      -0.127948           -3.481643


 Total Electron Density at R=0:                                         0.004726

 Guess for atomic kind: H

 Electronic structure
    Total number of core electrons                                          0.00
    Total number of valence electrons                                       1.00
    Total number of electrons                                               1.00
    Multiplicity                                                   not specified
    S      1.00


 *******************************************************************************
                  Iteration          Convergence                     Energy [au]
 *******************************************************************************
                          1        0.250972E-02                  -0.375256815885
                          2        0.570752E-04                  -0.375258666164
                          3        0.832404E-09                  -0.375258667122

 Energy components [Hartree]           Total Energy ::           -0.375258667122
                                        Band Energy ::           -0.076317618391
                                     Kinetic Energy ::            0.771356566341
                                   Potential Energy ::           -1.146615233463
                                      Virial (-V/T) ::            1.486491829455
                                        Core Energy ::           -0.456090715790
                                          XC Energy ::           -0.314218627334
                                     Coulomb Energy ::            0.395050676003
                       Total Pseudopotential Energy ::           -1.238482237174
                       Local Pseudopotential Energy ::           -1.238482237174
                    Nonlocal Pseudopotential Energy ::            0.000000000000
                                        Confinement ::            0.110349550431

 Orbital energies  State     L     Occupation   Energy[a.u.]          Energy[eV]

                       1     0          1.000      -0.076318           -2.076708


 Total Electron Density at R=0:                                         0.425022

 Guess for atomic kind: C

 Electronic structure
    Total number of core electrons                                          2.00
    Total number of valence electrons                                       4.00
    Total number of electrons                                               6.00
    Multiplicity                                                   not specified
    S   [  2.00] 2.00
    P      2.00


 *******************************************************************************
                  Iteration          Convergence                     Energy [au]
 *******************************************************************************
                          1        0.261814E-01                  -5.246264729087
                          2        0.905236E-02                  -5.246529568708
                          3        0.681743E-04                  -5.246565167452
                          4        0.792827E-08                  -5.246565169473

 Energy components [Hartree]           Total Energy ::           -5.246565169473
                                        Band Energy ::           -1.058732595430
                                     Kinetic Energy ::            3.518928170589
                                   Potential Energy ::           -8.765493340062
                                      Virial (-V/T) ::            2.490955460053
                                        Core Energy ::           -8.429377169956
                                          XC Energy ::           -1.450183342358
                                     Coulomb Energy ::            4.632995342842
                       Total Pseudopotential Energy ::          -11.978048809389
                       Local Pseudopotential Energy ::          -12.816738187351
                    Nonlocal Pseudopotential Energy ::            0.838689377962
                                        Confinement ::            0.297434688432

 Orbital energies  State     L     Occupation   Energy[a.u.]          Energy[eV]

                       1     0          2.000      -0.410911          -11.181458

                       1     1          2.000      -0.118455           -3.223332


 Total Electron Density at R=0:                                         0.001337

 Guess for atomic kind: N

 Electronic structure
    Total number of core electrons                                          2.00
    Total number of valence electrons                                       5.00
    Total number of electrons                                               7.00
    Multiplicity                                                   not specified
    S   [  2.00] 2.00
    P      3.00


 *******************************************************************************
                  Iteration          Convergence                     Energy [au]
 *******************************************************************************
                          1        0.314603                      -9.513311037226
                          2        0.240982                      -9.524715106536
                          3        0.171660E-02                  -9.545365478140
                          4        0.189497E-03                  -9.545366407342
                          5        0.115171E-03                  -9.545366414563
                          6        0.842367E-04                  -9.545366416530
                          7        0.416372E-07                  -9.545366418792

 Energy components [Hartree]           Total Energy ::           -9.545366418792
                                        Band Energy ::           -2.053285301135
                                     Kinetic Energy ::            6.740378038236
                                   Potential Energy ::          -16.285744457028
                                      Virial (-V/T) ::            2.416147041701
                                        Core Energy ::          -15.542519058333
                                          XC Energy ::           -2.163416690174
                                     Coulomb Energy ::            8.160569329715
                       Total Pseudopotential Energy ::          -22.320027271038
                       Local Pseudopotential Energy ::          -23.240219346165
                    Nonlocal Pseudopotential Energy ::            0.920192075127
                                        Confinement ::            0.371301744695

 Orbital energies  State     L     Occupation   Energy[a.u.]          Energy[eV]

                       1     0          2.000      -0.663125          -18.044549

                       1     1          3.000      -0.242345           -6.594545


 Total Electron Density at R=0:                                         0.000019

 Guess for atomic kind: O

 Electronic structure
    Total number of core electrons                                          2.00
    Total number of valence electrons                                       6.00
    Total number of electrons                                               8.00
    Multiplicity                                                   not specified
    S   [  2.00] 2.00
    P      4.00


 *******************************************************************************
                  Iteration          Convergence                     Energy [au]
 *******************************************************************************
                          1        0.702811                     -15.577904332270
                          2        0.612408                     -15.588447180504
                          3        0.955344E-02                 -15.655871208406
                          4        0.223754E-02                 -15.655885053552
                          5        0.157183E-02                 -15.655885461027
                          6        0.124953E-02                 -15.655885607150
                          7        0.312011E-06                 -15.655885858066

 Energy components [Hartree]           Total Energy ::          -15.655885858066
                                        Band Energy ::           -2.983128125584
                                     Kinetic Energy ::           11.754765134683
                                   Potential Energy ::          -27.410650992749
                                      Virial (-V/T) ::            2.331875684345
                                        Core Energy ::          -26.153522949071
                                          XC Energy ::           -3.157392363346
                                     Coulomb Energy ::           13.655029454351
                       Total Pseudopotential Energy ::          -37.943026860963
                       Local Pseudopotential Energy ::          -39.220419683052
                    Nonlocal Pseudopotential Energy ::            1.277392822089
                                        Confinement ::            0.347387772086

 Orbital energies  State     L     Occupation   Energy[a.u.]          Energy[eV]

                       1     0          2.000      -0.861522          -23.443215

                       1     1          4.000      -0.315021           -8.572154


 Total Electron Density at R=0:                                         0.000093

 Guess for atomic kind: F

 Electronic structure
    Total number of core electrons                                          2.00
    Total number of valence electrons                                       7.00
    Total number of electrons                                               9.00
    Multiplicity                                                   not specified
    S   [  2.00] 2.00
    P      5.00


 *******************************************************************************
                  Iteration          Convergence                     Energy [au]
 *******************************************************************************
                          1         1.27670                     -23.767682627776
                          2         1.00587                     -23.792509619348
                          3        0.422975E-01                 -23.938936406232
                          4        0.659061E-03                 -23.939146915818
                          5        0.314489E-03                 -23.939146955472
                          6        0.205787E-03                 -23.939146962157
                          7        0.178888E-05                 -23.939146967162
                          8        0.363113E-06                 -23.939146967163

 Energy components [Hartree]           Total Energy ::          -23.939146967163
                                        Band Energy ::           -4.144744434921
                                     Kinetic Energy ::           18.766429891734
                                   Potential Energy ::          -42.705576858897
                                      Virial (-V/T) ::            2.275636714350
                                        Core Energy ::          -40.734808518017
                                          XC Energy ::           -4.364157245549
                                     Coulomb Energy ::           21.159818796404
                       Total Pseudopotential Energy ::          -59.535269785357
                       Local Pseudopotential Energy ::          -61.232885401575
                    Nonlocal Pseudopotential Energy ::            1.697615616218
                                        Confinement ::            0.340313756054

 Orbital energies  State     L     Occupation   Energy[a.u.]          Energy[eV]

                       1     0          2.000      -1.083668          -29.488103

                       1     1          5.000      -0.395482          -10.761605


 Total Electron Density at R=0:                                         0.000149

 Guess for atomic kind: S

 Electronic structure
    Total number of core electrons                                         10.00
    Total number of valence electrons                                       6.00
    Total number of electrons                                              16.00
    Multiplicity                                                   not specified
    S   [  2.00  2.00] 2.00
    P   [  6.00] 4.00


 *******************************************************************************
                  Iteration          Convergence                     Energy [au]
 *******************************************************************************
                          1        0.506127E-01                  -9.947327174035
                          2        0.268535E-01                  -9.947806097329
                          3        0.416209E-04                  -9.948003730091
                          4        0.374461E-07                  -9.948003730535

 Energy components [Hartree]           Total Energy ::           -9.948003730535
                                        Band Energy ::           -2.105895662988
                                     Kinetic Energy ::            3.753358161068
                                   Potential Energy ::          -13.701361891603
                                      Virial (-V/T) ::            3.650427511480
                                        Core Energy ::          -16.361135329452
                                          XC Energy ::           -2.059734796104
                                     Coulomb Energy ::            8.472866395021
                       Total Pseudopotential Energy ::          -20.171145086058
                       Local Pseudopotential Energy ::          -22.366310416427
                    Nonlocal Pseudopotential Energy ::            2.195165330369
                                        Confinement ::            0.566515955377

 Orbital energies  State     L     Occupation   Energy[a.u.]          Energy[eV]

                       1     0          2.000      -0.599768          -16.320517

                       1     1          4.000      -0.226590           -6.165825


 Total Electron Density at R=0:                                         0.000005
 Re-scaling the density matrix to get the right number of electrons
                  # Electrons              Trace(P)               Scaling factor
                          674               674.000                        1.000


 SCF WAVEFUNCTION OPTIMIZATION

  Step     Update method      Time    Convergence         Total energy    Change
  ------------------------------------------------------------------------------

 *** WARNING in fm/cp_fm_elpa.F:521 :: Setting real_kernel for ELPA failed ***

     1 NoMix/Diag. 0.15E+00   10.4     2.02076502     -1620.3386226261 -1.62E+03

 *** WARNING in fm/cp_fm_elpa.F:521 :: Setting real_kernel for ELPA failed ***

     2 Broy./Diag. 0.15E+00   11.9     0.21093124     -1557.0794690729  6.33E+01

 *** WARNING in fm/cp_fm_elpa.F:521 :: Setting real_kernel for ELPA failed ***

     3 Broy./Diag. 0.15E+00   12.2     0.28991549     -1592.5079315929 -3.54E+01

 *** WARNING in fm/cp_fm_elpa.F:521 :: Setting real_kernel for ELPA failed ***

     4 Broy./Diag. 0.15E+00   11.5     0.20472894     -1617.6188473789 -2.51E+01

 *** WARNING in fm/cp_fm_elpa.F:521 :: Setting real_kernel for ELPA failed ***

     5 Broy./Diag. 0.15E+00   11.9     0.05739599     -1623.9207367628 -6.30E+00

 *** WARNING in fm/cp_fm_elpa.F:521 :: Setting real_kernel for ELPA failed ***

     6 Broy./Diag. 0.15E+00   12.1     0.04382596     -1629.7695627405 -5.85E+00

 *** WARNING in fm/cp_fm_elpa.F:521 :: Setting real_kernel for ELPA failed ***

     7 Broy./Diag. 0.15E+00   12.0     0.03590066     -1629.5811913182  1.88E-01

 *** WARNING in fm/cp_fm_elpa.F:521 :: Setting real_kernel for ELPA failed ***

     8 Broy./Diag. 0.15E+00   12.1     0.01047619     -1628.7473301935  8.34E-01

 *** WARNING in fm/cp_fm_elpa.F:521 :: Setting real_kernel for ELPA failed ***

     9 Broy./Diag. 0.15E+00   12.3     0.01300280     -1627.8384053327  9.09E-01

 *** WARNING in fm/cp_fm_elpa.F:521 :: Setting real_kernel for ELPA failed ***

    10 Broy./Diag. 0.15E+00   12.4     0.01024030     -1627.5178709621  3.21E-01

 *** WARNING in fm/cp_fm_elpa.F:521 :: Setting real_kernel for ELPA failed ***

    11 Broy./Diag. 0.15E+00   12.2     0.00409887     -1627.3998218596  1.18E-01

 *** WARNING in fm/cp_fm_elpa.F:521 :: Setting real_kernel for ELPA failed ***

    12 Broy./Diag. 0.15E+00   12.1     0.00174383     -1627.4556746160 -5.59E-02

 *** WARNING in fm/cp_fm_elpa.F:521 :: Setting real_kernel for ELPA failed ***

    13 Broy./Diag. 0.15E+00   12.0     0.00134995     -1627.5213761896 -6.57E-02

 *** WARNING in fm/cp_fm_elpa.F:521 :: Setting real_kernel for ELPA failed ***

    14 Broy./Diag. 0.15E+00   12.0     0.00072904     -1627.5911064448 -6.97E-02

 *** WARNING in fm/cp_fm_elpa.F:521 :: Setting real_kernel for ELPA failed ***

    15 Broy./Diag. 0.15E+00   12.1     0.00070022     -1627.6039774757 -1.29E-02

 *** WARNING in fm/cp_fm_elpa.F:521 :: Setting real_kernel for ELPA failed ***

    16 Broy./Diag. 0.15E+00   12.1     0.00115462     -1627.5938413377  1.01E-02

 *** WARNING in fm/cp_fm_elpa.F:521 :: Setting real_kernel for ELPA failed ***

    17 Broy./Diag. 0.15E+00   12.2     0.00101978     -1627.5812632467  1.26E-02

 *** WARNING in fm/cp_fm_elpa.F:521 :: Setting real_kernel for ELPA failed ***

    18 Broy./Diag. 0.15E+00   12.4     0.00075415     -1627.5680666303  1.32E-02

 *** WARNING in fm/cp_fm_elpa.F:521 :: Setting real_kernel for ELPA failed ***

    19 Broy./Diag. 0.15E+00   12.4     0.00032924     -1627.5598152223  8.25E-03

 *** WARNING in fm/cp_fm_elpa.F:521 :: Setting real_kernel for ELPA failed ***

    20 Broy./Diag. 0.15E+00   12.2     0.00018916     -1627.5621339594 -2.32E-03

 *** WARNING in fm/cp_fm_elpa.F:521 :: Setting real_kernel for ELPA failed ***

    21 Broy./Diag. 0.15E+00   12.1     0.00011121     -1627.5676163664 -5.48E-03

 *** WARNING in fm/cp_fm_elpa.F:521 :: Setting real_kernel for ELPA failed ***

    22 Broy./Diag. 0.15E+00   11.9     0.00013751     -1627.5717811079 -4.16E-03

 *** WARNING in fm/cp_fm_elpa.F:521 :: Setting real_kernel for ELPA failed ***

    23 Broy./Diag. 0.15E+00   12.1     0.00018590     -1627.5734402303 -1.66E-03

 *** WARNING in fm/cp_fm_elpa.F:521 :: Setting real_kernel for ELPA failed ***

    24 Broy./Diag. 0.15E+00   12.2     0.00015864     -1627.5732471125  1.93E-04

 *** WARNING in fm/cp_fm_elpa.F:521 :: Setting real_kernel for ELPA failed ***

    25 Broy./Diag. 0.15E+00   12.5     0.00008655     -1627.5717952133  1.45E-03

 *** WARNING in fm/cp_fm_elpa.F:521 :: Setting real_kernel for ELPA failed ***

    26 Broy./Diag. 0.15E+00   12.8     0.00003800     -1627.5697634627  2.03E-03

  *** SCF run converged in    26 steps ***


  Electronic density on regular grids:       -673.9999999313        0.0000000687
  Core density on regular grids:              673.9999999670       -0.0000000330
  Total charge density on r-space grids:        0.0000000357
  Total charge density g-space grids:           0.0000000357

  Overlap energy of the core charge distribution:               0.00002176399705
  Self energy of the core charge distribution:              -3774.19779000501012
  Core Hamiltonian energy:                                   1073.02212528898963
  Hartree energy:                                            1424.49547498697279
  Exchange-correlation energy:                               -350.65164019211221
  Dispersion energy:                                           -0.23193718693791
  Electronic entropic energy:                                  -0.00601804027870
  Fermi energy:                                                -0.00412145200065

  Total energy:                                             -1627.56976346271563

 !-----------------------------------------------------------------------------!
                     Mulliken Population Analysis

 #  Atom  Element  Kind  Atomic population                           Net charge
       1     Ti       1         10.960672                              1.039328
       2     Ti       1         10.965885                              1.034115
       3     Ti       1         10.929062                              1.070938
       4     Ti       1         10.937792                              1.062208
       5     Ti       1         10.983420                              1.016580
       6     Ti       1         10.981451                              1.018549
       7     Ti       1         10.943585                              1.056415
       8     Ti       1         10.950465                              1.049535
       9     H        2          0.933679                              0.066321
      10     H        2          0.924110                              0.075890
      11     H        2          0.935433                              0.064567
      12     H        2          0.926707                              0.073293
      13     H        2          0.931728                              0.068272
      14     H        2          0.933248                              0.066752
      15     H        2          0.927142                              0.072858
      16     H        2          0.929795                              0.070205
      17     H        2          0.928095                              0.071905
      18     H        2          0.927619                              0.072381
      19     H        2          0.929500                              0.070500
      20     H        2          0.924103                              0.075897
      21     H        2          0.821323                              0.178677
      22     H        2          0.821149                              0.178851
      23     H        2          0.923511                              0.076489
      24     H        2          0.927465                              0.072535
      25     H        2          0.931689                              0.068311
      26     H        2          0.922605                              0.077395
      27     H        2          0.923534                              0.076466
      28     H        2          0.927446                              0.072554
      29     H        2          0.889031                              0.110969
      30     H        2          0.880087                              0.119913
      31     H        2          0.835392                              0.164608
      32     H        2          0.836427                              0.163573
      33     H        2          0.879483                              0.120517
      34     H        2          0.887140                              0.112860
      35     H        2          0.891702                              0.108298
      36     H        2          0.888217                              0.111783
      37     H        2          0.880734                              0.119266
      38     H        2          0.887742                              0.112258
      39     H        2          0.940523                              0.059477
      40     H        2          0.922976                              0.077024
      41     H        2          0.943371                              0.056629
      42     H        2          0.931870                              0.068130
      43     C        3          3.771574                              0.228426
      44     C        3          3.769016                              0.230984
      45     C        3          3.772812                              0.227188
      46     C        3          3.767817                              0.232183
      47     C        3          4.054855                             -0.054855
      48     C        3          4.025584                             -0.025584
      49     C        3          4.055720                             -0.055720
      50     C        3          4.028145                             -0.028145
      51     C        3          3.980721                              0.019279
      52     C        3          4.037545                             -0.037545
      53     C        3          3.980310                              0.019690
      54     C        3          4.042577                             -0.042577
      55     C        3          4.042615                             -0.042615
      56     C        3          4.015726                             -0.015726
      57     C        3          4.009396                             -0.009396
      58     C        3          4.043844                             -0.043844
      59     C        3          4.032126                             -0.032126
      60     C        3          4.045735                             -0.045735
      61     C        3          4.038083                             -0.038083
      62     C        3          4.031377                             -0.031377
      63     C        3          4.024609                             -0.024609
      64     C        3          4.067973                             -0.067973
      65     C        3          4.057006                             -0.057006
      66     C        3          4.025242                             -0.025242
      67     C        3          3.776785                              0.223215
      68     C        3          3.775904                              0.224096
      69     C        3          3.788610                              0.211390
      70     C        3          3.810077                              0.189923
      71     C        3          3.818379                              0.181621
      72     C        3          3.789434                              0.210566
      73     C        3          4.008413                             -0.008413
      74     C        3          4.037535                             -0.037535
      75     C        3          4.044658                             -0.044658
      76     C        3          4.012341                             -0.012341
      77     C        3          4.042059                             -0.042059
      78     C        3          4.021593                             -0.021593
      79     C        3          4.017217                             -0.017217
      80     C        3          4.050571                             -0.050571
      81     C        3          4.033214                             -0.033214
      82     C        3          4.010703                             -0.010703
      83     C        3          4.018654                             -0.018654
      84     C        3          4.034756                             -0.034756
      85     C        3          3.977581                              0.022419
      86     C        3          4.028648                             -0.028648
      87     C        3          4.028364                             -0.028364
      88     C        3          3.985765                              0.014235
      89     N        4          5.052096                             -0.052096
      90     N        4          5.061225                             -0.061225
      91     N        4          5.032408                             -0.032408
      92     N        4          5.029092                             -0.029092
      93     O        5          6.357044                             -0.357044
      94     O        5          6.314027                             -0.314027
      95     O        5          6.324510                             -0.324510
      96     O        5          6.286715                             -0.286715
      97     O        5          6.317561                             -0.317561
      98     O        5          6.327491                             -0.327491
      99     O        5          6.291997                             -0.291997
     100     O        5          6.282900                             -0.282900
     101     O        5          6.459656                             -0.459656
     102     O        5          6.501224                             -0.501224
     103     O        5          6.500778                             -0.500778
     104     O        5          6.456040                             -0.456040
     105     O        5          6.459809                             -0.459809
     106     O        5          6.509971                             -0.509971
     107     O        5          6.508478                             -0.508478
     108     O        5          6.458583                             -0.458583
     109     O        5          6.363724                             -0.363724
     110     O        5          6.355307                             -0.355307
     111     O        5          6.319560                             -0.319560
     112     O        5          6.348867                             -0.348867
     113     O        5          6.345967                             -0.345967
     114     O        5          6.302487                             -0.302487
     115     O        5          6.355680                             -0.355680
     116     O        5          6.353179                             -0.353179
     117     O        5          6.316049                             -0.316049
     118     O        5          6.306539                             -0.306539
     119     O        5          6.305297                             -0.305297
     120     O        5          6.317232                             -0.317232
     121     O        5          6.541176                             -0.541176
     122     O        5          6.536135                             -0.536135
     123     O        5          6.501652                             -0.501652
     124     O        5          6.500136                             -0.500136
     125     N        4          4.867022                              0.132978
     126     N        4          4.841285                              0.158715
     127     C        3          3.910734                              0.089266
     128     C        3          3.986649                              0.013351
     129     C        3          4.170671                             -0.170671
     130     H        2          0.926543                              0.073457
     131     H        2          0.931144                              0.068856
     132     H        2          0.912103                              0.087897
     133     H        2          0.912727                              0.087273
     134     H        2          0.909999                              0.090001
     135     C        3          3.983580                              0.016420
     136     C        3          4.127431                             -0.127431
     137     H        2          0.915945                              0.084055
     138     H        2          0.912823                              0.087177
     139     H        2          0.916348                              0.083652
     140     C        3          4.268860                             -0.268860
     141     H        2          0.919382                              0.080618
     142     H        2          0.929779                              0.070221
     143     H        2          0.910775                              0.089225
     144     C        3          4.108770                             -0.108770
     145     C        3          4.155606                             -0.155606
     146     H        2          0.909618                              0.090382
     147     H        2          0.913546                              0.086454
     148     H        2          0.915120                              0.084880
     149     H        2          0.939688                              0.060312
     150     F        6          7.105617                             -0.105617
     151     F        6          7.103221                             -0.103221
     152     F        6          7.107428                             -0.107428
     153     F        6          7.119042                             -0.119042
     154     O        5          6.380603                             -0.380603
     155     C        3          3.818472                              0.181528
     156     F        6          7.114962                             -0.114962
     157     C        3          3.817954                              0.182046
     158     F        6          7.123528                             -0.123528
     159     S        7          5.286585                              0.713415
     160     S        7          5.285242                              0.714758
     161     O        5          6.387501                             -0.387501
     162     O        5          6.405008                             -0.405008
     163     O        5          6.354555                             -0.354555
     164     N        4          5.464965                             -0.464965
 # Total charge                            674.000000                  0.000000

 !-----------------------------------------------------------------------------!

 !-----------------------------------------------------------------------------!
                           Hirshfeld Charges

  #Atom  Element  Kind  Ref Charge     Population                    Net charge
      1       Ti     1      12.000         13.353                        -1.353
      2       Ti     1      12.000         13.365                        -1.365
      3       Ti     1      12.000         13.176                        -1.176
      4       Ti     1      12.000         13.181                        -1.181
      5       Ti     1      12.000         13.417                        -1.417
      6       Ti     1      12.000         13.433                        -1.433
      7       Ti     1      12.000         13.193                        -1.193
      8       Ti     1      12.000         13.228                        -1.228
      9       H      2       1.000          0.547                         0.453
     10       H      2       1.000          0.543                         0.457
     11       H      2       1.000          0.549                         0.451
     12       H      2       1.000          0.544                         0.456
     13       H      2       1.000          0.544                         0.456
     14       H      2       1.000          0.545                         0.455
     15       H      2       1.000          0.544                         0.456
     16       H      2       1.000          0.544                         0.456
     17       H      2       1.000          0.543                         0.457
     18       H      2       1.000          0.544                         0.456
     19       H      2       1.000          0.543                         0.457
     20       H      2       1.000          0.543                         0.457
     21       H      2       1.000          0.416                         0.584
     22       H      2       1.000          0.416                         0.584
     23       H      2       1.000          0.543                         0.457
     24       H      2       1.000          0.543                         0.457
     25       H      2       1.000          0.543                         0.457
     26       H      2       1.000          0.541                         0.459
     27       H      2       1.000          0.540                         0.460
     28       H      2       1.000          0.542                         0.458
     29       H      2       1.000          0.465                         0.535
     30       H      2       1.000          0.480                         0.520
     31       H      2       1.000          0.418                         0.582
     32       H      2       1.000          0.419                         0.581
     33       H      2       1.000          0.481                         0.519
     34       H      2       1.000          0.465                         0.535
     35       H      2       1.000          0.476                         0.524
     36       H      2       1.000          0.463                         0.537
     37       H      2       1.000          0.474                         0.526
     38       H      2       1.000          0.461                         0.539
     39       H      2       1.000          0.546                         0.454
     40       H      2       1.000          0.542                         0.458
     41       H      2       1.000          0.545                         0.455
     42       H      2       1.000          0.545                         0.455
     43       C      3       4.000          3.470                         0.530
     44       C      3       4.000          3.455                         0.545
     45       C      3       4.000          3.472                         0.528
     46       C      3       4.000          3.457                         0.543
     47       C      3       4.000          4.026                        -0.026
     48       C      3       4.000          3.985                         0.015
     49       C      3       4.000          4.026                        -0.026
     50       C      3       4.000          3.988                         0.012
     51       C      3       4.000          3.860                         0.140
     52       C      3       4.000          4.419                        -0.419
     53       C      3       4.000          3.860                         0.140
     54       C      3       4.000          4.420                        -0.420
     55       C      3       4.000          4.416                        -0.416
     56       C      3       4.000          4.385                        -0.385
     57       C      3       4.000          4.374                        -0.374
     58       C      3       4.000          4.417                        -0.417
     59       C      3       4.000          3.998                         0.002
     60       C      3       4.000          4.355                        -0.355
     61       C      3       4.000          4.335                        -0.335
     62       C      3       4.000          3.997                         0.003
     63       C      3       4.000          3.985                         0.015
     64       C      3       4.000          4.040                        -0.040
     65       C      3       4.000          4.031                        -0.031
     66       C      3       4.000          3.986                         0.014
     67       C      3       4.000          3.462                         0.538
     68       C      3       4.000          3.460                         0.540
     69       C      3       4.000          3.485                         0.515
     70       C      3       4.000          3.515                         0.485
     71       C      3       4.000          3.528                         0.472
     72       C      3       4.000          3.483                         0.517
     73       C      3       4.000          4.369                        -0.369
     74       C      3       4.000          4.413                        -0.413
     75       C      3       4.000          4.410                        -0.410
     76       C      3       4.000          4.372                        -0.372
     77       C      3       4.000          4.409                        -0.409
     78       C      3       4.000          4.387                        -0.387
     79       C      3       4.000          4.383                        -0.383
     80       C      3       4.000          4.425                        -0.425
     81       C      3       4.000          4.380                        -0.380
     82       C      3       4.000          4.372                        -0.372
     83       C      3       4.000          4.383                        -0.383
     84       C      3       4.000          4.386                        -0.386
     85       C      3       4.000          3.874                         0.126
     86       C      3       4.000          4.401                        -0.401
     87       C      3       4.000          4.402                        -0.402
     88       C      3       4.000          3.881                         0.119
     89       N      4       5.000          5.924                        -0.924
     90       N      4       5.000          5.949                        -0.949
     91       N      4       5.000          5.915                        -0.915
     92       N      4       5.000          5.888                        -0.888
     93       O      5       6.000          6.169                        -0.169
     94       O      5       6.000          6.115                        -0.115
     95       O      5       6.000          6.169                        -0.169
     96       O      5       6.000          6.126                        -0.126
     97       O      5       6.000          6.118                        -0.118
     98       O      5       6.000          6.121                        -0.121
     99       O      5       6.000          6.105                        -0.105
    100       O      5       6.000          6.108                        -0.108
    101       O      5       6.000          5.709                         0.291
    102       O      5       6.000          5.728                         0.272
    103       O      5       6.000          5.728                         0.272
    104       O      5       6.000          5.705                         0.295
    105       O      5       6.000          5.689                         0.311
    106       O      5       6.000          5.757                         0.243
    107       O      5       6.000          5.756                         0.244
    108       O      5       6.000          5.688                         0.312
    109       O      5       6.000          6.128                        -0.128
    110       O      5       6.000          6.111                        -0.111
    111       O      5       6.000          6.121                        -0.121
    112       O      5       6.000          6.091                        -0.091
    113       O      5       6.000          6.094                        -0.094
    114       O      5       6.000          6.084                        -0.084
    115       O      5       6.000          6.112                        -0.112
    116       O      5       6.000          6.116                        -0.116
    117       O      5       6.000          6.036                        -0.036
    118       O      5       6.000          6.099                        -0.099
    119       O      5       6.000          6.086                        -0.086
    120       O      5       6.000          6.036                        -0.036
    121       O      5       6.000          5.991                         0.009
    122       O      5       6.000          5.991                         0.009
    123       O      5       6.000          6.017                        -0.017
    124       O      5       6.000          6.015                        -0.015
    125       N      4       5.000          5.157                        -0.157
    126       N      4       5.000          5.136                        -0.136
    127       C      3       4.000          4.158                        -0.158
    128       C      3       4.000          4.252                        -0.252
    129       C      3       4.000          4.948                        -0.948
    130       H      2       1.000          0.526                         0.474
    131       H      2       1.000          0.526                         0.474
    132       H      2       1.000          0.544                         0.456
    133       H      2       1.000          0.540                         0.460
    134       H      2       1.000          0.542                         0.458
    135       C      3       4.000          4.274                        -0.274
    136       C      3       4.000          4.750                        -0.750
    137       H      2       1.000          0.557                         0.443
    138       H      2       1.000          0.544                         0.456
    139       H      2       1.000          0.566                         0.434
    140       C      3       4.000          5.281                        -1.281
    141       H      2       1.000          0.558                         0.442
    142       H      2       1.000          0.565                         0.435
    143       H      2       1.000          0.554                         0.446
    144       C      3       4.000          4.562                        -0.562
    145       C      3       4.000          4.773                        -0.773
    146       H      2       1.000          0.547                         0.453
    147       H      2       1.000          0.556                         0.444
    148       H      2       1.000          0.559                         0.441
    149       H      2       1.000          0.528                         0.472
    150       F      6       7.000          7.294                        -0.294
    151       F      6       7.000          7.296                        -0.296
    152       F      6       7.000          7.320                        -0.320
    153       F      6       7.000          7.301                        -0.301
    154       O      5       6.000          6.399                        -0.399
    155       C      3       4.000          3.086                         0.914
    156       F      6       7.000          7.317                        -0.317
    157       C      3       4.000          3.087                         0.913
    158       F      6       7.000          7.307                        -0.307
    159       S      7       6.000          5.590                         0.410
    160       S      7       6.000          5.578                         0.422
    161       O      5       6.000          6.486                        -0.486
    162       O      5       6.000          6.439                        -0.439
    163       O      5       6.000          6.440                        -0.440
    164       N      4       5.000          5.234                        -0.234

  Total Charge                                                            0.047
 !-----------------------------------------------------------------------------!

 ENERGY| Total FORCE_EVAL ( QS ) energy [hartree]          -1627.569375454956116

 *******************************************************************************
 **                 BAND EVALUATION OF ENERGIES AND FORCES                    **
 *******************************************************************************
 **                                                                           **
 **                                                                           **
 ** Replica Env Nr. :    0              Replica Band Nr. :    1               **
 ** Band  Step  Nr. :    1                                                    **
 *******************************************************************************

 Number of electrons:                                                        674
 Number of occupied orbitals:                                                362
 Number of molecular orbitals:                                               437

 Number of orbital functions:                                               1844
 Number of independent orbital functions:                                   1844

 Parameters for the always stable predictor-corrector (ASPC) method:

  ASPC order: 0

  B(1) =   2.000000
  B(2) =  -1.000000

 *** WARNING in fm/cp_fm_elpa.F:521 :: Setting real_kernel for ELPA failed ***


 Extrapolation method: ASPC


 SCF WAVEFUNCTION OPTIMIZATION

  Step     Update method      Time    Convergence         Total energy    Change
  ------------------------------------------------------------------------------

 *** WARNING in fm/cp_fm_elpa.F:521 :: Setting real_kernel for ELPA failed ***

     1 Broy./Diag. 0.15E+00    8.2     1.71078217     -1596.6741809505 -1.60E+03

 *** WARNING in fm/cp_fm_elpa.F:521 :: Setting real_kernel for ELPA failed ***

     2 Broy./Diag. 0.15E+00   11.9     1.05506000     -1671.7730807094 -7.51E+01

 *** WARNING in fm/cp_fm_elpa.F:521 :: Setting real_kernel for ELPA failed ***

     3 Broy./Diag. 0.15E+00   12.0     0.28462381     -1655.8228338342  1.60E+01

 *** WARNING in fm/cp_fm_elpa.F:521 :: Setting real_kernel for ELPA failed ***

     4 Broy./Diag. 0.15E+00   12.5     0.21585196     -1640.0413572371  1.58E+01

 *** WARNING in fm/cp_fm_elpa.F:521 :: Setting real_kernel for ELPA failed ***

     5 Broy./Diag. 0.15E+00   12.4     0.40348549     -1629.8880000948  1.02E+01

 *** WARNING in fm/cp_fm_elpa.F:521 :: Setting real_kernel for ELPA failed ***

     6 Broy./Diag. 0.15E+00   11.8     0.10549066     -1627.2158632737  2.67E+00

 *** WARNING in fm/cp_fm_elpa.F:521 :: Setting real_kernel for ELPA failed ***

     7 Broy./Diag. 0.15E+00   11.6     0.08412166     -1626.7295103079  4.86E-01

 *** WARNING in fm/cp_fm_elpa.F:521 :: Setting real_kernel for ELPA failed ***

     8 Broy./Diag. 0.15E+00   11.5     0.18772401     -1626.8054415100 -7.59E-02

 *** WARNING in fm/cp_fm_elpa.F:521 :: Setting real_kernel for ELPA failed ***

     9 Broy./Diag. 0.15E+00   11.4     0.07403144     -1627.2377825652 -4.32E-01

 *** WARNING in fm/cp_fm_elpa.F:521 :: Setting real_kernel for ELPA failed ***

    10 Broy./Diag. 0.15E+00   11.3     0.05032280     -1627.4713887065 -2.34E-01

 *** WARNING in fm/cp_fm_elpa.F:521 :: Setting real_kernel for ELPA failed ***

    11 Broy./Diag. 0.15E+00   11.3     0.02758494     -1627.7014129755 -2.30E-01

 *** WARNING in fm/cp_fm_elpa.F:521 :: Setting real_kernel for ELPA failed ***

    12 Broy./Diag. 0.15E+00   11.3     0.02448826     -1627.7570220031 -5.56E-02

 *** WARNING in fm/cp_fm_elpa.F:521 :: Setting real_kernel for ELPA failed ***

    13 Broy./Diag. 0.15E+00   11.3     0.01480213     -1627.6343173827  1.23E-01

 *** WARNING in fm/cp_fm_elpa.F:521 :: Setting real_kernel for ELPA failed ***

    14 Broy./Diag. 0.15E+00   11.2     0.00401844     -1627.5601542480  7.42E-02

 *** WARNING in fm/cp_fm_elpa.F:521 :: Setting real_kernel for ELPA failed ***

    15 Broy./Diag. 0.15E+00   11.2     0.00205889     -1627.5342644668  2.59E-02

 *** WARNING in fm/cp_fm_elpa.F:521 :: Setting real_kernel for ELPA failed ***

    16 Broy./Diag. 0.15E+00   11.2     0.00119701     -1627.5649260382 -3.07E-02

 *** WARNING in fm/cp_fm_elpa.F:521 :: Setting real_kernel for ELPA failed ***

    17 Broy./Diag. 0.15E+00   11.1     0.00128895     -1627.6019580930 -3.70E-02

 *** WARNING in fm/cp_fm_elpa.F:521 :: Setting real_kernel for ELPA failed ***

    18 Broy./Diag. 0.15E+00   11.1     0.00183719     -1627.6104065007 -8.45E-03

 *** WARNING in fm/cp_fm_elpa.F:521 :: Setting real_kernel for ELPA failed ***

    19 Broy./Diag. 0.15E+00   11.1     0.00114248     -1627.5938766959  1.65E-02

 *** WARNING in fm/cp_fm_elpa.F:521 :: Setting real_kernel for ELPA failed ***

    20 Broy./Diag. 0.15E+00   11.2     0.00063575     -1627.5752265844  1.87E-02

 *** WARNING in fm/cp_fm_elpa.F:521 :: Setting real_kernel for ELPA failed ***

    21 Broy./Diag. 0.15E+00   11.2     0.00027581     -1627.5674763571  7.75E-03

 *** WARNING in fm/cp_fm_elpa.F:521 :: Setting real_kernel for ELPA failed ***

    22 Broy./Diag. 0.15E+00   11.0     0.00019071     -1627.5651608677  2.32E-03

 *** WARNING in fm/cp_fm_elpa.F:521 :: Setting real_kernel for ELPA failed ***

    23 Broy./Diag. 0.15E+00   11.0     0.00017491     -1627.5676174430 -2.46E-03

 *** WARNING in fm/cp_fm_elpa.F:521 :: Setting real_kernel for ELPA failed ***

    24 Broy./Diag. 0.15E+00   11.0     0.00026059     -1627.5704911233 -2.87E-03

 *** WARNING in fm/cp_fm_elpa.F:521 :: Setting real_kernel for ELPA failed ***

    25 Broy./Diag. 0.15E+00   11.0     0.00019105     -1627.5716507818 -1.16E-03

 *** WARNING in fm/cp_fm_elpa.F:521 :: Setting real_kernel for ELPA failed ***

    26 Broy./Diag. 0.15E+00   10.9     0.00014016     -1627.5712421127  4.09E-04

 *** WARNING in fm/cp_fm_elpa.F:521 :: Setting real_kernel for ELPA failed ***

    27 Broy./Diag. 0.15E+00   10.9     0.00007912     -1627.5700666110  1.18E-03

 *** WARNING in fm/cp_fm_elpa.F:521 :: Setting real_kernel for ELPA failed ***

    28 Broy./Diag. 0.15E+00   10.9     0.00004853     -1627.5688702450  1.20E-03

  *** SCF run converged in    28 steps ***


  Electronic density on regular grids:       -673.9999999313        0.0000000687
  Core density on regular grids:              673.9999999670       -0.0000000330
  Total charge density on r-space grids:        0.0000000357
  Total charge density g-space grids:           0.0000000357

  Overlap energy of the core charge distribution:               0.00002176399705
  Self energy of the core charge distribution:              -3774.19779000501012
  Core Hamiltonian energy:                                   1073.02357248558633
  Hartree energy:                                            1424.49472674580511
  Exchange-correlation energy:                               -350.65144921945205
  Dispersion energy:                                           -0.23193718693791
  Electronic entropic energy:                                  -0.00601561549467
  Fermi energy:                                                -0.00415377126360

  Total energy:                                             -1627.56887024501020

 !-----------------------------------------------------------------------------!
                     Mulliken Population Analysis

 #  Atom  Element  Kind  Atomic population                           Net charge
       1     Ti       1         10.960711                              1.039289
       2     Ti       1         10.965861                              1.034139
       3     Ti       1         10.929061                              1.070939
       4     Ti       1         10.937774                              1.062226
       5     Ti       1         10.983494                              1.016506
       6     Ti       1         10.981477                              1.018523
       7     Ti       1         10.943602                              1.056398
       8     Ti       1         10.950447                              1.049553
       9     H        2          0.933678                              0.066322
      10     H        2          0.924104                              0.075896
      11     H        2          0.935427                              0.064573
      12     H        2          0.926722                              0.073278
      13     H        2          0.931729                              0.068271
      14     H        2          0.933261                              0.066739
      15     H        2          0.927141                              0.072859
      16     H        2          0.929811                              0.070189
      17     H        2          0.928100                              0.071900
      18     H        2          0.927604                              0.072396
      19     H        2          0.929508                              0.070492
      20     H        2          0.924084                              0.075916
      21     H        2          0.821351                              0.178649
      22     H        2          0.821170                              0.178830
      23     H        2          0.923490                              0.076510
      24     H        2          0.927444                              0.072556
      25     H        2          0.931700                              0.068300
      26     H        2          0.922620                              0.077380
      27     H        2          0.923536                              0.076464
      28     H        2          0.927437                              0.072563
      29     H        2          0.889040                              0.110960
      30     H        2          0.880057                              0.119943
      31     H        2          0.835405                              0.164595
      32     H        2          0.836436                              0.163564
      33     H        2          0.879470                              0.120530
      34     H        2          0.887149                              0.112851
      35     H        2          0.891705                              0.108295
      36     H        2          0.888211                              0.111789
      37     H        2          0.880731                              0.119269
      38     H        2          0.887756                              0.112244
      39     H        2          0.940538                              0.059462
      40     H        2          0.922976                              0.077024
      41     H        2          0.943384                              0.056616
      42     H        2          0.931865                              0.068135
      43     C        3          3.771551                              0.228449
      44     C        3          3.769024                              0.230976
      45     C        3          3.772798                              0.227202
      46     C        3          3.767792                              0.232208
      47     C        3          4.054829                             -0.054829
      48     C        3          4.025556                             -0.025556
      49     C        3          4.055666                             -0.055666
      50     C        3          4.028069                             -0.028069
      51     C        3          3.980676                              0.019324
      52     C        3          4.037522                             -0.037522
      53     C        3          3.980324                              0.019676
      54     C        3          4.042607                             -0.042607
      55     C        3          4.042596                             -0.042596
      56     C        3          4.015745                             -0.015745
      57     C        3          4.009375                             -0.009375
      58     C        3          4.043835                             -0.043835
      59     C        3          4.032106                             -0.032106
      60     C        3          4.045747                             -0.045747
      61     C        3          4.038090                             -0.038090
      62     C        3          4.031375                             -0.031375
      63     C        3          4.024633                             -0.024633
      64     C        3          4.067996                             -0.067996
      65     C        3          4.057018                             -0.057018
      66     C        3          4.025254                             -0.025254
      67     C        3          3.776768                              0.223232
      68     C        3          3.775901                              0.224099
      69     C        3          3.788633                              0.211367
      70     C        3          3.810112                              0.189888
      71     C        3          3.818410                              0.181590
      72     C        3          3.789479                              0.210521
      73     C        3          4.008407                             -0.008407
      74     C        3          4.037519                             -0.037519
      75     C        3          4.044633                             -0.044633
      76     C        3          4.012315                             -0.012315
      77     C        3          4.042046                             -0.042046
      78     C        3          4.021575                             -0.021575
      79     C        3          4.017220                             -0.017220
      80     C        3          4.050586                             -0.050586
      81     C        3          4.033162                             -0.033162
      82     C        3          4.010665                             -0.010665
      83     C        3          4.018612                             -0.018612
      84     C        3          4.034765                             -0.034765
      85     C        3          3.977581                              0.022419
      86     C        3          4.028669                             -0.028669
      87     C        3          4.028367                             -0.028367
      88     C        3          3.985764                              0.014236
      89     N        4          5.052015                             -0.052015
      90     N        4          5.061174                             -0.061174
      91     N        4          5.032347                             -0.032347
      92     N        4          5.029102                             -0.029102
      93     O        5          6.357013                             -0.357013
      94     O        5          6.314006                             -0.314006
      95     O        5          6.324518                             -0.324518
      96     O        5          6.286710                             -0.286710
      97     O        5          6.317518                             -0.317518
      98     O        5          6.327472                             -0.327472
      99     O        5          6.292007                             -0.292007
     100     O        5          6.282911                             -0.282911
     101     O        5          6.459689                             -0.459689
     102     O        5          6.501235                             -0.501235
     103     O        5          6.500763                             -0.500763
     104     O        5          6.456121                             -0.456121
     105     O        5          6.459875                             -0.459875
     106     O        5          6.509947                             -0.509947
     107     O        5          6.508475                             -0.508475
     108     O        5          6.458657                             -0.458657
     109     O        5          6.363704                             -0.363704
     110     O        5          6.355311                             -0.355311
     111     O        5          6.319576                             -0.319576
     112     O        5          6.348871                             -0.348871
     113     O        5          6.345970                             -0.345970
     114     O        5          6.302499                             -0.302499
     115     O        5          6.355685                             -0.355685
     116     O        5          6.353174                             -0.353174
     117     O        5          6.316061                             -0.316061
     118     O        5          6.306556                             -0.306556
     119     O        5          6.305312                             -0.305312
     120     O        5          6.317238                             -0.317238
     121     O        5          6.541216                             -0.541216
     122     O        5          6.536190                             -0.536190
     123     O        5          6.501687                             -0.501687
     124     O        5          6.500169                             -0.500169
     125     N        4          4.867035                              0.132965
     126     N        4          4.841297                              0.158703
     127     C        3          3.910725                              0.089275
     128     C        3          3.986655                              0.013345
     129     C        3          4.170633                             -0.170633
     130     H        2          0.926541                              0.073459
     131     H        2          0.931151                              0.068849
     132     H        2          0.912112                              0.087888
     133     H        2          0.912739                              0.087261
     134     H        2          0.909992                              0.090008
     135     C        3          3.983569                              0.016431
     136     C        3          4.127412                             -0.127412
     137     H        2          0.915953                              0.084047
     138     H        2          0.912826                              0.087174
     139     H        2          0.916353                              0.083647
     140     C        3          4.268832                             -0.268832
     141     H        2          0.919372                              0.080628
     142     H        2          0.929795                              0.070205
     143     H        2          0.910792                              0.089208
     144     C        3          4.108761                             -0.108761
     145     C        3          4.155578                             -0.155578
     146     H        2          0.909632                              0.090368
     147     H        2          0.913554                              0.086446
     148     H        2          0.915113                              0.084887
     149     H        2          0.939686                              0.060314
     150     F        6          7.105641                             -0.105641
     151     F        6          7.103245                             -0.103245
     152     F        6          7.107427                             -0.107427
     153     F        6          7.119015                             -0.119015
     154     O        5          6.380594                             -0.380594
     155     C        3          3.818540                              0.181460
     156     F        6          7.114998                             -0.114998
     157     C        3          3.818041                              0.181959
     158     F        6          7.123481                             -0.123481
     159     S        7          5.286478                              0.713522
     160     S        7          5.285176                              0.714824
     161     O        5          6.387496                             -0.387496
     162     O        5          6.405022                             -0.405022
     163     O        5          6.354531                             -0.354531
     164     N        4          5.465000                             -0.465000
 # Total charge                            674.000000                  0.000000

 !-----------------------------------------------------------------------------!

 !-----------------------------------------------------------------------------!
                           Hirshfeld Charges

  #Atom  Element  Kind  Ref Charge     Population                    Net charge
      1       Ti     1      12.000         13.353                        -1.353
      2       Ti     1      12.000         13.365                        -1.365
      3       Ti     1      12.000         13.176                        -1.176
      4       Ti     1      12.000         13.181                        -1.181
      5       Ti     1      12.000         13.417                        -1.417
      6       Ti     1      12.000         13.433                        -1.433
      7       Ti     1      12.000         13.193                        -1.193
      8       Ti     1      12.000         13.228                        -1.228
      9       H      2       1.000          0.547                         0.453
     10       H      2       1.000          0.543                         0.457
     11       H      2       1.000          0.549                         0.451
     12       H      2       1.000          0.544                         0.456
     13       H      2       1.000          0.544                         0.456
     14       H      2       1.000          0.545                         0.455
     15       H      2       1.000          0.544                         0.456
     16       H      2       1.000          0.544                         0.456
     17       H      2       1.000          0.543                         0.457
     18       H      2       1.000          0.544                         0.456
     19       H      2       1.000          0.543                         0.457
     20       H      2       1.000          0.543                         0.457
     21       H      2       1.000          0.416                         0.584
     22       H      2       1.000          0.416                         0.584
     23       H      2       1.000          0.543                         0.457
     24       H      2       1.000          0.543                         0.457
     25       H      2       1.000          0.543                         0.457
     26       H      2       1.000          0.541                         0.459
     27       H      2       1.000          0.540                         0.460
     28       H      2       1.000          0.542                         0.458
     29       H      2       1.000          0.465                         0.535
     30       H      2       1.000          0.480                         0.520
     31       H      2       1.000          0.418                         0.582
     32       H      2       1.000          0.419                         0.581
     33       H      2       1.000          0.481                         0.519
     34       H      2       1.000          0.465                         0.535
     35       H      2       1.000          0.476                         0.524
     36       H      2       1.000          0.463                         0.537
     37       H      2       1.000          0.474                         0.526
     38       H      2       1.000          0.461                         0.539
     39       H      2       1.000          0.546                         0.454
     40       H      2       1.000          0.542                         0.458
     41       H      2       1.000          0.545                         0.455
     42       H      2       1.000          0.545                         0.455
     43       C      3       4.000          3.470                         0.530
     44       C      3       4.000          3.455                         0.545
     45       C      3       4.000          3.472                         0.528
     46       C      3       4.000          3.457                         0.543
     47       C      3       4.000          4.026                        -0.026
     48       C      3       4.000          3.985                         0.015
     49       C      3       4.000          4.026                        -0.026
     50       C      3       4.000          3.988                         0.012
     51       C      3       4.000          3.860                         0.140
     52       C      3       4.000          4.419                        -0.419
     53       C      3       4.000          3.860                         0.140
     54       C      3       4.000          4.420                        -0.420
     55       C      3       4.000          4.416                        -0.416
     56       C      3       4.000          4.385                        -0.385
     57       C      3       4.000          4.374                        -0.374
     58       C      3       4.000          4.417                        -0.417
     59       C      3       4.000          3.998                         0.002
     60       C      3       4.000          4.355                        -0.355
     61       C      3       4.000          4.335                        -0.335
     62       C      3       4.000          3.997                         0.003
     63       C      3       4.000          3.985                         0.015
     64       C      3       4.000          4.040                        -0.040
     65       C      3       4.000          4.031                        -0.031
     66       C      3       4.000          3.986                         0.014
     67       C      3       4.000          3.462                         0.538
     68       C      3       4.000          3.460                         0.540
     69       C      3       4.000          3.485                         0.515
     70       C      3       4.000          3.515                         0.485
     71       C      3       4.000          3.528                         0.472
     72       C      3       4.000          3.484                         0.516
     73       C      3       4.000          4.369                        -0.369
     74       C      3       4.000          4.413                        -0.413
     75       C      3       4.000          4.410                        -0.410
     76       C      3       4.000          4.372                        -0.372
     77       C      3       4.000          4.409                        -0.409
     78       C      3       4.000          4.387                        -0.387
     79       C      3       4.000          4.383                        -0.383
     80       C      3       4.000          4.425                        -0.425
     81       C      3       4.000          4.380                        -0.380
     82       C      3       4.000          4.372                        -0.372
     83       C      3       4.000          4.383                        -0.383
     84       C      3       4.000          4.386                        -0.386
     85       C      3       4.000          3.874                         0.126
     86       C      3       4.000          4.401                        -0.401
     87       C      3       4.000          4.402                        -0.402
     88       C      3       4.000          3.881                         0.119
     89       N      4       5.000          5.924                        -0.924
     90       N      4       5.000          5.949                        -0.949
     91       N      4       5.000          5.915                        -0.915
     92       N      4       5.000          5.888                        -0.888
     93       O      5       6.000          6.169                        -0.169
     94       O      5       6.000          6.115                        -0.115
     95       O      5       6.000          6.169                        -0.169
     96       O      5       6.000          6.126                        -0.126
     97       O      5       6.000          6.118                        -0.118
     98       O      5       6.000          6.121                        -0.121
     99       O      5       6.000          6.105                        -0.105
    100       O      5       6.000          6.108                        -0.108
    101       O      5       6.000          5.709                         0.291
    102       O      5       6.000          5.728                         0.272
    103       O      5       6.000          5.728                         0.272
    104       O      5       6.000          5.705                         0.295
    105       O      5       6.000          5.689                         0.311
    106       O      5       6.000          5.757                         0.243
    107       O      5       6.000          5.756                         0.244
    108       O      5       6.000          5.688                         0.312
    109       O      5       6.000          6.128                        -0.128
    110       O      5       6.000          6.111                        -0.111
    111       O      5       6.000          6.121                        -0.121
    112       O      5       6.000          6.091                        -0.091
    113       O      5       6.000          6.094                        -0.094
    114       O      5       6.000          6.084                        -0.084
    115       O      5       6.000          6.112                        -0.112
    116       O      5       6.000          6.116                        -0.116
    117       O      5       6.000          6.036                        -0.036
    118       O      5       6.000          6.099                        -0.099
    119       O      5       6.000          6.086                        -0.086
    120       O      5       6.000          6.036                        -0.036
    121       O      5       6.000          5.991                         0.009
    122       O      5       6.000          5.991                         0.009
    123       O      5       6.000          6.017                        -0.017
    124       O      5       6.000          6.015                        -0.015
    125       N      4       5.000          5.157                        -0.157
    126       N      4       5.000          5.136                        -0.136
    127       C      3       4.000          4.158                        -0.158
    128       C      3       4.000          4.252                        -0.252
    129       C      3       4.000          4.948                        -0.948
    130       H      2       1.000          0.526                         0.474
    131       H      2       1.000          0.526                         0.474
    132       H      2       1.000          0.544                         0.456
    133       H      2       1.000          0.540                         0.460
    134       H      2       1.000          0.542                         0.458
    135       C      3       4.000          4.274                        -0.274
    136       C      3       4.000          4.750                        -0.750
    137       H      2       1.000          0.557                         0.443
    138       H      2       1.000          0.544                         0.456
    139       H      2       1.000          0.566                         0.434
    140       C      3       4.000          5.281                        -1.281
    141       H      2       1.000          0.558                         0.442
    142       H      2       1.000          0.565                         0.435
    143       H      2       1.000          0.554                         0.446
    144       C      3       4.000          4.562                        -0.562
    145       C      3       4.000          4.773                        -0.773
    146       H      2       1.000          0.547                         0.453
    147       H      2       1.000          0.556                         0.444
    148       H      2       1.000          0.559                         0.441
    149       H      2       1.000          0.528                         0.472
    150       F      6       7.000          7.294                        -0.294
    151       F      6       7.000          7.296                        -0.296
    152       F      6       7.000          7.320                        -0.320
    153       F      6       7.000          7.301                        -0.301
    154       O      5       6.000          6.399                        -0.399
    155       C      3       4.000          3.086                         0.914
    156       F      6       7.000          7.317                        -0.317
    157       C      3       4.000          3.087                         0.913
    158       F      6       7.000          7.307                        -0.307
    159       S      7       6.000          5.590                         0.410
    160       S      7       6.000          5.578                         0.422
    161       O      5       6.000          6.486                        -0.486
    162       O      5       6.000          6.439                        -0.439
    163       O      5       6.000          6.440                        -0.440
    164       N      4       5.000          5.234                        -0.234

  Total Charge                                                            0.047
 !-----------------------------------------------------------------------------!

 ENERGY| Total FORCE_EVAL ( QS ) energy [hartree]          -1627.569375418186610
