
 *******************************************************************************
 **                 BAND EVALUATION OF ENERGIES AND FORCES                    **
 *******************************************************************************
 **                                                                           **
 **                                                                           **
 ** Replica Env Nr. :    3              Replica Band Nr. :    4               **
 ** Band  Step  Nr. :    0                                                    **
 *******************************************************************************

 Number of electrons:                                                        674
 Number of occupied orbitals:                                                337
 Number of molecular orbitals:                                               437

 Number of orbital functions:                                               1844
 Number of independent orbital functions:                                   1844

 Extrapolation method: initial_guess

 *** WARNING in qs_initial_guess.F:303 :: User requested to restart the    ***
 *** wavefunction from the file named: BAMOF_NEB-BAND4-RESTART.wfn. This   ***
 *** file does not exist. Please check the existence of the file or change ***
 *** properly the value of the keyword WFN_RESTART_FILE_NAME. Calculation  ***
 *** continues using ATOMIC GUESS.                                         ***


 Atomic guess: The first density matrix is obtained in terms of atomic orbitals
               and electronic configurations assigned to each atomic kind

 Guess for atomic kind: Ti

 Electronic structure
    Total number of core electrons                                         10.00
    Total number of valence electrons                                      12.00
    Total number of electrons                                              22.00
    Multiplicity                                                   not specified
    S   [  2.00  2.00] 2.00  2.00
    P   [  6.00] 6.00
    D      2.00


 *******************************************************************************
                  Iteration          Convergence                     Energy [au]
 *******************************************************************************
                          1         2.59099                     -56.573945749309
                          2        0.737518                     -57.461623245624
                          3        0.123244E-01                 -57.676656834797
                          4        0.338536E-02                 -57.676690535970
                          5        0.252157E-03                 -57.676697146183
                          6        0.162704E-05                 -57.676697160103
                          7        0.846593E-06                 -57.676697160104

 Energy components [Hartree]           Total Energy ::          -57.676697160104
                                        Band Energy ::          -13.440549799540
                                     Kinetic Energy ::           25.008468428382
                                   Potential Energy ::          -82.685165588485
                                      Virial (-V/T) ::            3.306286661467
                                        Core Energy ::          -97.155838374470
                                          XC Energy ::           -6.919409696495
                                     Coulomb Energy ::           46.398550910862
                       Total Pseudopotential Energy ::         -122.259340742081
                       Local Pseudopotential Energy ::         -118.928992669456
                    Nonlocal Pseudopotential Energy ::           -3.330348072625
                                        Confinement ::            0.950339392289

 Orbital energies  State     L     Occupation   Energy[a.u.]          Energy[eV]

                       1     0          2.000      -2.312566          -62.928123
                       2     0          2.000      -0.123060           -3.348633

                       1     1          6.000      -1.385567          -37.703193

                       1     2          2.000      -0.127948           -3.481643


 Total Electron Density at R=0:                                         0.004726

 Guess for atomic kind: H

 Electronic structure
    Total number of core electrons                                          0.00
    Total number of valence electrons                                       1.00
    Total number of electrons                                               1.00
    Multiplicity                                                   not specified
    S      1.00


 *******************************************************************************
                  Iteration          Convergence                     Energy [au]
 *******************************************************************************
                          1        0.250972E-02                  -0.375256815885
                          2        0.570752E-04                  -0.375258666164
                          3        0.832404E-09                  -0.375258667122

 Energy components [Hartree]           Total Energy ::           -0.375258667122
                                        Band Energy ::           -0.076317618391
                                     Kinetic Energy ::            0.771356566341
                                   Potential Energy ::           -1.146615233463
                                      Virial (-V/T) ::            1.486491829455
                                        Core Energy ::           -0.456090715790
                                          XC Energy ::           -0.314218627334
                                     Coulomb Energy ::            0.395050676003
                       Total Pseudopotential Energy ::           -1.238482237174
                       Local Pseudopotential Energy ::           -1.238482237174
                    Nonlocal Pseudopotential Energy ::            0.000000000000
                                        Confinement ::            0.110349550431

 Orbital energies  State     L     Occupation   Energy[a.u.]          Energy[eV]

                       1     0          1.000      -0.076318           -2.076708


 Total Electron Density at R=0:                                         0.425022

 Guess for atomic kind: C

 Electronic structure
    Total number of core electrons                                          2.00
    Total number of valence electrons                                       4.00
    Total number of electrons                                               6.00
    Multiplicity                                                   not specified
    S   [  2.00] 2.00
    P      2.00


 *******************************************************************************
                  Iteration          Convergence                     Energy [au]
 *******************************************************************************
                          1        0.261814E-01                  -5.246264729087
                          2        0.905236E-02                  -5.246529568708
                          3        0.681743E-04                  -5.246565167452
                          4        0.792827E-08                  -5.246565169473

 Energy components [Hartree]           Total Energy ::           -5.246565169473
                                        Band Energy ::           -1.058732595430
                                     Kinetic Energy ::            3.518928170589
                                   Potential Energy ::           -8.765493340062
                                      Virial (-V/T) ::            2.490955460053
                                        Core Energy ::           -8.429377169956
                                          XC Energy ::           -1.450183342358
                                     Coulomb Energy ::            4.632995342842
                       Total Pseudopotential Energy ::          -11.978048809389
                       Local Pseudopotential Energy ::          -12.816738187351
                    Nonlocal Pseudopotential Energy ::            0.838689377962
                                        Confinement ::            0.297434688432

 Orbital energies  State     L     Occupation   Energy[a.u.]          Energy[eV]

                       1     0          2.000      -0.410911          -11.181458

                       1     1          2.000      -0.118455           -3.223332


 Total Electron Density at R=0:                                         0.001337

 Guess for atomic kind: N

 Electronic structure
    Total number of core electrons                                          2.00
    Total number of valence electrons                                       5.00
    Total number of electrons                                               7.00
    Multiplicity                                                   not specified
    S   [  2.00] 2.00
    P      3.00


 *******************************************************************************
                  Iteration          Convergence                     Energy [au]
 *******************************************************************************
                          1        0.314603                      -9.513311037226
                          2        0.240982                      -9.524715106536
                          3        0.171660E-02                  -9.545365478140
                          4        0.189497E-03                  -9.545366407342
                          5        0.115171E-03                  -9.545366414563
                          6        0.842367E-04                  -9.545366416530
                          7        0.416372E-07                  -9.545366418792

 Energy components [Hartree]           Total Energy ::           -9.545366418792
                                        Band Energy ::           -2.053285301135
                                     Kinetic Energy ::            6.740378038236
                                   Potential Energy ::          -16.285744457028
                                      Virial (-V/T) ::            2.416147041701
                                        Core Energy ::          -15.542519058333
                                          XC Energy ::           -2.163416690174
                                     Coulomb Energy ::            8.160569329715
                       Total Pseudopotential Energy ::          -22.320027271038
                       Local Pseudopotential Energy ::          -23.240219346165
                    Nonlocal Pseudopotential Energy ::            0.920192075127
                                        Confinement ::            0.371301744695

 Orbital energies  State     L     Occupation   Energy[a.u.]          Energy[eV]

                       1     0          2.000      -0.663125          -18.044549

                       1     1          3.000      -0.242345           -6.594545


 Total Electron Density at R=0:                                         0.000019

 Guess for atomic kind: O

 Electronic structure
    Total number of core electrons                                          2.00
    Total number of valence electrons                                       6.00
    Total number of electrons                                               8.00
    Multiplicity                                                   not specified
    S   [  2.00] 2.00
    P      4.00


 *******************************************************************************
                  Iteration          Convergence                     Energy [au]
 *******************************************************************************
                          1        0.702811                     -15.577904332270
                          2        0.612408                     -15.588447180504
                          3        0.955344E-02                 -15.655871208406
                          4        0.223754E-02                 -15.655885053552
                          5        0.157183E-02                 -15.655885461027
                          6        0.124953E-02                 -15.655885607150
                          7        0.312011E-06                 -15.655885858066

 Energy components [Hartree]           Total Energy ::          -15.655885858066
                                        Band Energy ::           -2.983128125584
                                     Kinetic Energy ::           11.754765134683
                                   Potential Energy ::          -27.410650992749
                                      Virial (-V/T) ::            2.331875684345
                                        Core Energy ::          -26.153522949071
                                          XC Energy ::           -3.157392363346
                                     Coulomb Energy ::           13.655029454351
                       Total Pseudopotential Energy ::          -37.943026860963
                       Local Pseudopotential Energy ::          -39.220419683052
                    Nonlocal Pseudopotential Energy ::            1.277392822089
                                        Confinement ::            0.347387772086

 Orbital energies  State     L     Occupation   Energy[a.u.]          Energy[eV]

                       1     0          2.000      -0.861522          -23.443215

                       1     1          4.000      -0.315021           -8.572154


 Total Electron Density at R=0:                                         0.000093

 Guess for atomic kind: F

 Electronic structure
    Total number of core electrons                                          2.00
    Total number of valence electrons                                       7.00
    Total number of electrons                                               9.00
    Multiplicity                                                   not specified
    S   [  2.00] 2.00
    P      5.00


 *******************************************************************************
                  Iteration          Convergence                     Energy [au]
 *******************************************************************************
                          1         1.27670                     -23.767682627776
                          2         1.00587                     -23.792509619348
                          3        0.422975E-01                 -23.938936406232
                          4        0.659061E-03                 -23.939146915818
                          5        0.314489E-03                 -23.939146955472
                          6        0.205787E-03                 -23.939146962157
                          7        0.178888E-05                 -23.939146967162
                          8        0.363113E-06                 -23.939146967163

 Energy components [Hartree]           Total Energy ::          -23.939146967163
                                        Band Energy ::           -4.144744434921
                                     Kinetic Energy ::           18.766429891734
                                   Potential Energy ::          -42.705576858897
                                      Virial (-V/T) ::            2.275636714350
                                        Core Energy ::          -40.734808518017
                                          XC Energy ::           -4.364157245549
                                     Coulomb Energy ::           21.159818796404
                       Total Pseudopotential Energy ::          -59.535269785357
                       Local Pseudopotential Energy ::          -61.232885401575
                    Nonlocal Pseudopotential Energy ::            1.697615616218
                                        Confinement ::            0.340313756054

 Orbital energies  State     L     Occupation   Energy[a.u.]          Energy[eV]

                       1     0          2.000      -1.083668          -29.488103

                       1     1          5.000      -0.395482          -10.761605


 Total Electron Density at R=0:                                         0.000149

 Guess for atomic kind: S

 Electronic structure
    Total number of core electrons                                         10.00
    Total number of valence electrons                                       6.00
    Total number of electrons                                              16.00
    Multiplicity                                                   not specified
    S   [  2.00  2.00] 2.00
    P   [  6.00] 4.00


 *******************************************************************************
                  Iteration          Convergence                     Energy [au]
 *******************************************************************************
                          1        0.506127E-01                  -9.947327174035
                          2        0.268535E-01                  -9.947806097329
                          3        0.416209E-04                  -9.948003730091
                          4        0.374461E-07                  -9.948003730535

 Energy components [Hartree]           Total Energy ::           -9.948003730535
                                        Band Energy ::           -2.105895662988
                                     Kinetic Energy ::            3.753358161068
                                   Potential Energy ::          -13.701361891603
                                      Virial (-V/T) ::            3.650427511480
                                        Core Energy ::          -16.361135329452
                                          XC Energy ::           -2.059734796104
                                     Coulomb Energy ::            8.472866395021
                       Total Pseudopotential Energy ::          -20.171145086058
                       Local Pseudopotential Energy ::          -22.366310416427
                    Nonlocal Pseudopotential Energy ::            2.195165330369
                                        Confinement ::            0.566515955377

 Orbital energies  State     L     Occupation   Energy[a.u.]          Energy[eV]

                       1     0          2.000      -0.599768          -16.320517

                       1     1          4.000      -0.226590           -6.165825


 Total Electron Density at R=0:                                         0.000005
 Re-scaling the density matrix to get the right number of electrons
                  # Electrons              Trace(P)               Scaling factor
                          674               674.000                        1.000


 SCF WAVEFUNCTION OPTIMIZATION

  Step     Update method      Time    Convergence         Total energy    Change
  ------------------------------------------------------------------------------

 *** WARNING in fm/cp_fm_elpa.F:521 :: Setting real_kernel for ELPA failed ***

     1 NoMix/Diag. 0.15E+00   10.4 92411.93291402      1027.3918477606  1.03E+03

 *** WARNING in fm/cp_fm_elpa.F:521 :: Setting real_kernel for ELPA failed ***

     2 Broy./Diag. 0.15E+00   12.9 29669.90783610      1591.7961402568  5.64E+02

 *** WARNING in fm/cp_fm_elpa.F:521 :: Setting real_kernel for ELPA failed ***

     3 Broy./Diag. 0.15E+00   12.5 26047.26765056      1199.9218705749 -3.92E+02

 *** WARNING in fm/cp_fm_elpa.F:521 :: Setting real_kernel for ELPA failed ***

     4 Broy./Diag. 0.15E+00   13.1  4991.00223671       937.5197610735 -2.62E+02

 *** WARNING in fm/cp_fm_elpa.F:521 :: Setting real_kernel for ELPA failed ***

     5 Broy./Diag. 0.15E+00   13.0  3248.37411526       854.6727829806 -8.28E+01

 *** WARNING in fm/cp_fm_elpa.F:521 :: Setting real_kernel for ELPA failed ***

     6 Broy./Diag. 0.15E+00   12.7  3974.46094359       831.6126508696 -2.31E+01

 *** WARNING in fm/cp_fm_elpa.F:521 :: Setting real_kernel for ELPA failed ***

     7 Broy./Diag. 0.15E+00   12.4  1782.44284154       805.9486634281 -2.57E+01

 *** WARNING in fm/cp_fm_elpa.F:521 :: Setting real_kernel for ELPA failed ***

     8 Broy./Diag. 0.15E+00   12.4  1390.09631739       836.0848550628  3.01E+01

 *** WARNING in fm/cp_fm_elpa.F:521 :: Setting real_kernel for ELPA failed ***

     9 Broy./Diag. 0.15E+00   12.4  1030.58905507       829.7604662627 -6.32E+00

 *** WARNING in fm/cp_fm_elpa.F:521 :: Setting real_kernel for ELPA failed ***

    10 Broy./Diag. 0.15E+00   12.6   159.19655372       830.6204754552  8.60E-01

 *** WARNING in fm/cp_fm_elpa.F:521 :: Setting real_kernel for ELPA failed ***

    11 Broy./Diag. 0.15E+00   12.5   562.21157231       835.7037228228  5.08E+00

 *** WARNING in fm/cp_fm_elpa.F:521 :: Setting real_kernel for ELPA failed ***

    12 Broy./Diag. 0.15E+00   12.3   244.53773816       832.9866091625 -2.72E+00

 *** WARNING in fm/cp_fm_elpa.F:521 :: Setting real_kernel for ELPA failed ***

    13 Broy./Diag. 0.15E+00   12.5   237.77730492       835.9412578513  2.95E+00

 *** WARNING in fm/cp_fm_elpa.F:521 :: Setting real_kernel for ELPA failed ***

    14 Broy./Diag. 0.15E+00   12.5    28.66733189       835.3772773167 -5.64E-01

 *** WARNING in fm/cp_fm_elpa.F:521 :: Setting real_kernel for ELPA failed ***

    15 Broy./Diag. 0.15E+00   12.4     7.35758410       835.7762109106  3.99E-01

 *** WARNING in fm/cp_fm_elpa.F:521 :: Setting real_kernel for ELPA failed ***

    16 Broy./Diag. 0.15E+00   12.7    30.09266154       835.4759715503 -3.00E-01

 *** WARNING in fm/cp_fm_elpa.F:521 :: Setting real_kernel for ELPA failed ***

    17 Broy./Diag. 0.15E+00   12.9    38.02427110       835.7093712422  2.33E-01

 *** WARNING in fm/cp_fm_elpa.F:521 :: Setting real_kernel for ELPA failed ***

    18 Broy./Diag. 0.15E+00   12.6    20.08358909       835.4461542294 -2.63E-01

 *** WARNING in fm/cp_fm_elpa.F:521 :: Setting real_kernel for ELPA failed ***

    19 Broy./Diag. 0.15E+00   12.6    10.90901035       835.3679108206 -7.82E-02

 *** WARNING in fm/cp_fm_elpa.F:521 :: Setting real_kernel for ELPA failed ***

    20 Broy./Diag. 0.15E+00   12.6     3.18611572       835.4539447759  8.60E-02

 *** WARNING in fm/cp_fm_elpa.F:521 :: Setting real_kernel for ELPA failed ***

    21 Broy./Diag. 0.15E+00   12.5     6.81126095       835.4412206401 -1.27E-02

 *** WARNING in fm/cp_fm_elpa.F:521 :: Setting real_kernel for ELPA failed ***

    22 Broy./Diag. 0.15E+00   12.3     3.22208545       835.5394831867  9.83E-02

 *** WARNING in fm/cp_fm_elpa.F:521 :: Setting real_kernel for ELPA failed ***

    23 Broy./Diag. 0.15E+00   12.3     2.38304949       835.5819896997  4.25E-02

 *** WARNING in fm/cp_fm_elpa.F:521 :: Setting real_kernel for ELPA failed ***

    24 Broy./Diag. 0.15E+00   12.8     1.61961755       835.5496329525 -3.24E-02

 *** WARNING in fm/cp_fm_elpa.F:521 :: Setting real_kernel for ELPA failed ***

    25 Broy./Diag. 0.15E+00   12.6     1.18464541       835.5351982786 -1.44E-02

 *** WARNING in fm/cp_fm_elpa.F:521 :: Setting real_kernel for ELPA failed ***

    26 Broy./Diag. 0.15E+00   12.3     0.37886436       835.4990484631 -3.61E-02

 *** WARNING in fm/cp_fm_elpa.F:521 :: Setting real_kernel for ELPA failed ***

    27 Broy./Diag. 0.15E+00   11.8     0.87828036       835.5028970331  3.85E-03

 *** WARNING in fm/cp_fm_elpa.F:521 :: Setting real_kernel for ELPA failed ***

    28 Broy./Diag. 0.15E+00   11.5     0.46308592       835.4785580345 -2.43E-02

 *** WARNING in fm/cp_fm_elpa.F:521 :: Setting real_kernel for ELPA failed ***

    29 Broy./Diag. 0.15E+00   11.4     0.66816996       835.4800017054  1.44E-03

 *** WARNING in fm/cp_fm_elpa.F:521 :: Setting real_kernel for ELPA failed ***

    30 Broy./Diag. 0.15E+00   11.4     0.27583257       835.4879555659  7.95E-03

 *** WARNING in fm/cp_fm_elpa.F:521 :: Setting real_kernel for ELPA failed ***

    31 Broy./Diag. 0.15E+00   11.5     0.33987093       835.4905487946  2.59E-03

 *** WARNING in fm/cp_fm_elpa.F:521 :: Setting real_kernel for ELPA failed ***

    32 Broy./Diag. 0.15E+00   11.3     0.10924365       835.4967233955  6.17E-03

 *** WARNING in fm/cp_fm_elpa.F:521 :: Setting real_kernel for ELPA failed ***

    33 Broy./Diag. 0.15E+00   11.3     0.11917260       835.4973346534  6.11E-04

 *** WARNING in fm/cp_fm_elpa.F:521 :: Setting real_kernel for ELPA failed ***

    34 Broy./Diag. 0.15E+00   11.2     0.30214085       835.5012569652  3.92E-03

 *** WARNING in fm/cp_fm_elpa.F:521 :: Setting real_kernel for ELPA failed ***

    35 Broy./Diag. 0.15E+00   11.1     0.14130643       835.4970978498 -4.16E-03

 *** WARNING in fm/cp_fm_elpa.F:521 :: Setting real_kernel for ELPA failed ***

    36 Broy./Diag. 0.15E+00   11.0     0.01677299       835.4953366128 -1.76E-03

 *** WARNING in fm/cp_fm_elpa.F:521 :: Setting real_kernel for ELPA failed ***

    37 Broy./Diag. 0.15E+00   11.1     0.05436034       835.4944414664 -8.95E-04

 *** WARNING in fm/cp_fm_elpa.F:521 :: Setting real_kernel for ELPA failed ***

    38 Broy./Diag. 0.15E+00   11.1     0.09108768       835.4926323088 -1.81E-03

 *** WARNING in fm/cp_fm_elpa.F:521 :: Setting real_kernel for ELPA failed ***

    39 Broy./Diag. 0.15E+00   11.0     0.03642284       835.4935609152  9.29E-04

 *** WARNING in fm/cp_fm_elpa.F:521 :: Setting real_kernel for ELPA failed ***

    40 Broy./Diag. 0.15E+00   11.0     0.07156944       835.4934549225 -1.06E-04

 *** WARNING in fm/cp_fm_elpa.F:521 :: Setting real_kernel for ELPA failed ***

    41 Broy./Diag. 0.15E+00   10.9     0.05104413       835.4950602552  1.61E-03

 *** WARNING in fm/cp_fm_elpa.F:521 :: Setting real_kernel for ELPA failed ***

    42 Broy./Diag. 0.15E+00   10.9     0.00269640       835.4956810985  6.21E-04

 *** WARNING in fm/cp_fm_elpa.F:521 :: Setting real_kernel for ELPA failed ***

    43 Broy./Diag. 0.15E+00   10.9     0.01413458       835.4959623957  2.81E-04

 *** WARNING in fm/cp_fm_elpa.F:521 :: Setting real_kernel for ELPA failed ***

    44 Broy./Diag. 0.15E+00   10.9     0.02763796       835.4963391593  3.77E-04

 *** WARNING in fm/cp_fm_elpa.F:521 :: Setting real_kernel for ELPA failed ***

    45 Broy./Diag. 0.15E+00   10.9     0.00603348       835.4958249455 -5.14E-04

 *** WARNING in fm/cp_fm_elpa.F:521 :: Setting real_kernel for ELPA failed ***

    46 Broy./Diag. 0.15E+00   10.9     0.00743411       835.4959061018  8.12E-05

 *** WARNING in fm/cp_fm_elpa.F:521 :: Setting real_kernel for ELPA failed ***

    47 Broy./Diag. 0.15E+00   10.9     0.00157280       835.4955464082 -3.60E-04

 *** WARNING in fm/cp_fm_elpa.F:521 :: Setting real_kernel for ELPA failed ***

    48 Broy./Diag. 0.15E+00   10.9     0.00837456       835.4954719433 -7.45E-05

 *** WARNING in fm/cp_fm_elpa.F:521 :: Setting real_kernel for ELPA failed ***

    49 Broy./Diag. 0.15E+00   10.9     0.00106944       835.4954764180  4.47E-06

 *** WARNING in fm/cp_fm_elpa.F:521 :: Setting real_kernel for ELPA failed ***

    50 Broy./Diag. 0.15E+00   10.9     0.00573679       835.4954771078  6.90E-07

 *** WARNING in fm/cp_fm_elpa.F:521 :: Setting real_kernel for ELPA failed ***

    51 Broy./Diag. 0.15E+00   10.9     0.00075568       835.4956175623  1.40E-04

 *** WARNING in fm/cp_fm_elpa.F:521 :: Setting real_kernel for ELPA failed ***

    52 Broy./Diag. 0.15E+00   10.9     0.00456398       835.4956631573  4.56E-05

 *** WARNING in fm/cp_fm_elpa.F:521 :: Setting real_kernel for ELPA failed ***

    53 Broy./Diag. 0.15E+00   10.9     0.00112637       835.4958167934  1.54E-04

 *** WARNING in fm/cp_fm_elpa.F:521 :: Setting real_kernel for ELPA failed ***

    54 Broy./Diag. 0.15E+00   10.8     0.00073510       835.4957944816 -2.23E-05

 *** WARNING in fm/cp_fm_elpa.F:521 :: Setting real_kernel for ELPA failed ***

    55 Broy./Diag. 0.15E+00   10.8     0.00116575       835.4957695524 -2.49E-05

 *** WARNING in fm/cp_fm_elpa.F:521 :: Setting real_kernel for ELPA failed ***

    56 Broy./Diag. 0.15E+00   10.9     0.00197317       835.4957454455 -2.41E-05

 *** WARNING in fm/cp_fm_elpa.F:521 :: Setting real_kernel for ELPA failed ***

    57 Broy./Diag. 0.15E+00   10.8     0.00094852       835.4956882936 -5.72E-05

 *** WARNING in fm/cp_fm_elpa.F:521 :: Setting real_kernel for ELPA failed ***

    58 Broy./Diag. 0.15E+00   10.8     0.00062323       835.4956906708  2.38E-06

 *** WARNING in fm/cp_fm_elpa.F:521 :: Setting real_kernel for ELPA failed ***

    59 Broy./Diag. 0.15E+00   10.8     0.00089028       835.4956684836 -2.22E-05

 *** WARNING in fm/cp_fm_elpa.F:521 :: Setting real_kernel for ELPA failed ***

    60 Broy./Diag. 0.15E+00   10.9     0.00022479       835.4956937152  2.52E-05

 *** WARNING in fm/cp_fm_elpa.F:521 :: Setting real_kernel for ELPA failed ***

    61 Broy./Diag. 0.15E+00   10.9     0.00005831       835.4957027124  9.00E-06

 *** WARNING in fm/cp_fm_elpa.F:521 :: Setting real_kernel for ELPA failed ***

    62 Broy./Diag. 0.15E+00   10.9     0.00031875       835.4957095047  6.79E-06

 *** WARNING in fm/cp_fm_elpa.F:521 :: Setting real_kernel for ELPA failed ***

    63 Broy./Diag. 0.15E+00   10.8     0.00020580       835.4957185387  9.03E-06

 *** WARNING in fm/cp_fm_elpa.F:521 :: Setting real_kernel for ELPA failed ***

    64 Broy./Diag. 0.15E+00   10.8     0.00012840       835.4957164191 -2.12E-06

 *** WARNING in fm/cp_fm_elpa.F:521 :: Setting real_kernel for ELPA failed ***

    65 Broy./Diag. 0.15E+00   10.8     0.00012590       835.4957175147  1.10E-06

 *** WARNING in fm/cp_fm_elpa.F:521 :: Setting real_kernel for ELPA failed ***

    66 Broy./Diag. 0.15E+00   10.8     0.00007378       835.4957108083 -6.71E-06

 *** WARNING in fm/cp_fm_elpa.F:521 :: Setting real_kernel for ELPA failed ***

    67 Broy./Diag. 0.15E+00   10.8     0.00007358       835.4957088796 -1.93E-06

 *** WARNING in fm/cp_fm_elpa.F:521 :: Setting real_kernel for ELPA failed ***

    68 Broy./Diag. 0.15E+00   10.9     0.00003693       835.4957081519 -7.28E-07

  *** SCF run converged in    68 steps ***


  Electronic density on regular grids:       -673.9999997792        0.0000002208
  Core density on regular grids:              673.9999999671       -0.0000000329
  Total charge density on r-space grids:        0.0000001879
  Total charge density g-space grids:           0.0000001879

  Overlap energy of the core charge distribution:            2116.02704970026571
  Self energy of the core charge distribution:              -3774.19779000501012
  Core Hamiltonian energy:                                   1417.68177909325095
  Hartree energy:                                            1469.35971065757349
  Exchange-correlation energy:                               -393.14260735295949
  Dispersion energy:                                           -0.21155064306383
  Electronic entropic energy:                                  -0.02088329977618
  Fermi energy:                                                 0.01689639791865

  Total energy:                                               835.49570815193010

 !-----------------------------------------------------------------------------!
                     Mulliken Population Analysis

 #  Atom  Element  Kind  Atomic population                           Net charge
       1     Ti       1         10.984791                              1.015209
       2     Ti       1         10.996668                              1.003332
       3     Ti       1         10.969560                              1.030440
       4     Ti       1         10.962794                              1.037206
       5     Ti       1         11.010301                              0.989699
       6     Ti       1         10.995811                              1.004189
       7     Ti       1         10.982985                              1.017015
       8     Ti       1         10.978780                              1.021220
       9     H        2          0.931359                              0.068641
      10     H        2          0.930430                              0.069570
      11     H        2          0.939856                              0.060144
      12     H        2          0.921727                              0.078273
      13     H        2          0.938649                              0.061351
      14     H        2          0.944619                              0.055381
      15     H        2          0.927453                              0.072547
      16     H        2          0.940403                              0.059597
      17     H        2          0.932242                              0.067758
      18     H        2          0.927452                              0.072548
      19     H        2          0.928210                              0.071790
      20     H        2          0.929165                              0.070835
      21     H        2          0.856456                              0.143544
      22     H        2          0.856880                              0.143120
      23     H        2          0.931861                              0.068139
      24     H        2          0.937047                              0.062953
      25     H        2          0.935492                              0.064508
      26     H        2          0.927599                              0.072401
      27     H        2          0.927769                              0.072231
      28     H        2          0.932581                              0.067419
      29     H        2          0.888724                              0.111276
      30     H        2          0.931952                              0.068048
      31     H        2          0.837891                              0.162109
      32     H        2          0.838530                              0.161470
      33     H        2          0.883955                              0.116045
      34     H        2          0.889242                              0.110758
      35     H        2          0.899016                              0.100984
      36     H        2          0.887161                              0.112839
      37     H        2          0.896669                              0.103331
      38     H        2          0.889997                              0.110003
      39     H        2          0.938488                              0.061512
      40     H        2          0.923746                              0.076254
      41     H        2          0.945125                              0.054875
      42     H        2          0.862338                              0.137662
      43     C        3          3.775402                              0.224598
      44     C        3          3.775601                              0.224399
      45     C        3          3.784399                              0.215601
      46     C        3          3.778263                              0.221737
      47     C        3          4.066085                             -0.066085
      48     C        3          4.031097                             -0.031097
      49     C        3          4.070960                             -0.070960
      50     C        3          4.047539                             -0.047539
      51     C        3          3.978177                              0.021823
      52     C        3          4.037796                             -0.037796
      53     C        3          3.953813                              0.046187
      54     C        3          4.000717                             -0.000717
      55     C        3          4.048580                             -0.048580
      56     C        3          4.012525                             -0.012525
      57     C        3          4.002730                             -0.002730
      58     C        3          4.038177                             -0.038177
      59     C        3          4.040352                             -0.040352
      60     C        3          4.047793                             -0.047793
      61     C        3          4.056721                             -0.056721
      62     C        3          4.078308                             -0.078308
      63     C        3          4.025050                             -0.025050
      64     C        3          4.071761                             -0.071761
      65     C        3          4.040066                             -0.040066
      66     C        3          4.032425                             -0.032425
      67     C        3          3.787043                              0.212957
      68     C        3          3.803152                              0.196848
      69     C        3          3.795478                              0.204522
      70     C        3          3.794612                              0.205388
      71     C        3          3.806727                              0.193273
      72     C        3          3.798231                              0.201769
      73     C        3          4.019372                             -0.019372
      74     C        3          4.038794                             -0.038794
      75     C        3          4.032130                             -0.032130
      76     C        3          4.023997                             -0.023997
      77     C        3          4.050903                             -0.050903
      78     C        3          4.043082                             -0.043082
      79     C        3          4.049861                             -0.049861
      80     C        3          4.035731                             -0.035731
      81     C        3          4.063074                             -0.063074
      82     C        3          3.990504                              0.009496
      83     C        3          4.025205                             -0.025205
      84     C        3          4.039894                             -0.039894
      85     C        3          4.000379                             -0.000379
      86     C        3          4.029801                             -0.029801
      87     C        3          3.997847                              0.002153
      88     C        3          4.042038                             -0.042038
      89     N        4          4.970351                              0.029649
      90     N        4          5.094779                             -0.094779
      91     N        4          5.065583                             -0.065583
      92     N        4          5.065714                             -0.065714
      93     O        5          6.364596                             -0.364596
      94     O        5          6.328529                             -0.328529
      95     O        5          6.312344                             -0.312344
      96     O        5          6.292722                             -0.292722
      97     O        5          6.334970                             -0.334970
      98     O        5          6.341909                             -0.341909
      99     O        5          6.293803                             -0.293803
     100     O        5          6.268806                             -0.268806
     101     O        5          6.461673                             -0.461673
     102     O        5          6.510816                             -0.510816
     103     O        5          6.509029                             -0.509029
     104     O        5          6.470259                             -0.470259
     105     O        5          6.481356                             -0.481356
     106     O        5          6.530065                             -0.530065
     107     O        5          6.512360                             -0.512360
     108     O        5          6.459617                             -0.459617
     109     O        5          6.366507                             -0.366507
     110     O        5          6.363751                             -0.363751
     111     O        5          6.382085                             -0.382085
     112     O        5          6.331604                             -0.331604
     113     O        5          6.494990                             -0.494990
     114     O        5          6.292182                             -0.292182
     115     O        5          6.367104                             -0.367104
     116     O        5          6.355938                             -0.355938
     117     O        5          6.296050                             -0.296050
     118     O        5          6.385580                             -0.385580
     119     O        5          6.293057                             -0.293057
     120     O        5          6.460202                             -0.460202
     121     O        5          6.539726                             -0.539726
     122     O        5          6.535618                             -0.535618
     123     O        5          6.515719                             -0.515719
     124     O        5          6.501564                             -0.501564
     125     N        4          4.872275                              0.127725
     126     N        4          4.842481                              0.157519
     127     C        3          3.914310                              0.085690
     128     C        3          3.978984                              0.021016
     129     C        3          4.175149                             -0.175149
     130     H        2          0.925095                              0.074905
     131     H        2          0.933926                              0.066074
     132     H        2          0.913649                              0.086351
     133     H        2          0.906451                              0.093549
     134     H        2          0.913363                              0.086637
     135     C        3          3.987983                              0.012017
     136     C        3          4.148969                             -0.148969
     137     H        2          0.915323                              0.084677
     138     H        2          0.919688                              0.080312
     139     H        2          0.911290                              0.088710
     140     C        3          4.270231                             -0.270231
     141     H        2          0.931214                              0.068786
     142     H        2          0.913550                              0.086450
     143     H        2          0.912508                              0.087492
     144     C        3          4.085259                             -0.085259
     145     C        3          4.152437                             -0.152437
     146     H        2          0.902569                              0.097431
     147     H        2          0.904378                              0.095622
     148     H        2          0.920042                              0.079958
     149     H        2          0.941208                              0.058792
     150     F        6         25.075365                            -18.075365
     151     F        6         10.371083                             -3.371083
     152     F        6         14.474749                             -7.474749
     153     F        6          0.982447                              6.017553
     154     O        5          5.995618                              0.004382
     155     C        3          9.442703                             -5.442703
     156     F        6          9.057572                             -2.057572
     157     C        3         -4.294335                              8.294335
     158     F        6          7.186625                             -0.186625
     159     S        7          8.682592                             -2.682592
     160     S        7         -6.229201                             12.229201
     161     O        5         13.957256                             -7.957256
     162     O        5         12.796756                             -6.796756
     163     O        5          3.280294                              2.719706
     164     N        4        -20.076783                             25.076783
 # Total charge                            674.000000                  0.000000

 !-----------------------------------------------------------------------------!

 !-----------------------------------------------------------------------------!
                           Hirshfeld Charges

  #Atom  Element  Kind  Ref Charge     Population                    Net charge
      1       Ti     1      12.000         13.346                        -1.346
      2       Ti     1      12.000         13.444                        -1.444
      3       Ti     1      12.000         13.209                        -1.209
      4       Ti     1      12.000         13.213                        -1.213
      5       Ti     1      12.000         13.487                        -1.487
      6       Ti     1      12.000         13.376                        -1.376
      7       Ti     1      12.000         13.225                        -1.225
      8       Ti     1      12.000         13.273                        -1.273
      9       H      2       1.000          0.545                         0.455
     10       H      2       1.000          0.542                         0.458
     11       H      2       1.000          0.552                         0.448
     12       H      2       1.000          0.523                         0.477
     13       H      2       1.000          0.552                         0.448
     14       H      2       1.000          0.535                         0.465
     15       H      2       1.000          0.533                         0.467
     16       H      2       1.000          0.534                         0.466
     17       H      2       1.000          0.553                         0.447
     18       H      2       1.000          0.544                         0.456
     19       H      2       1.000          0.542                         0.458
     20       H      2       1.000          0.556                         0.444
     21       H      2       1.000          0.429                         0.571
     22       H      2       1.000          0.432                         0.568
     23       H      2       1.000          0.546                         0.454
     24       H      2       1.000          0.546                         0.454
     25       H      2       1.000          0.555                         0.445
     26       H      2       1.000          0.554                         0.446
     27       H      2       1.000          0.534                         0.466
     28       H      2       1.000          0.554                         0.446
     29       H      2       1.000          0.450                         0.550
     30       H      2       1.000          0.531                         0.469
     31       H      2       1.000          0.419                         0.581
     32       H      2       1.000          0.419                         0.581
     33       H      2       1.000          0.482                         0.518
     34       H      2       1.000          0.466                         0.534
     35       H      2       1.000          0.481                         0.519
     36       H      2       1.000          0.461                         0.539
     37       H      2       1.000          0.485                         0.515
     38       H      2       1.000          0.464                         0.536
     39       H      2       1.000          0.544                         0.456
     40       H      2       1.000          0.542                         0.458
     41       H      2       1.000          0.547                         0.453
     42       H      2       1.000          0.563                         0.437
     43       C      3       4.000          3.475                         0.525
     44       C      3       4.000          3.465                         0.535
     45       C      3       4.000          3.486                         0.514
     46       C      3       4.000          3.474                         0.526
     47       C      3       4.000          4.024                        -0.024
     48       C      3       4.000          3.982                         0.018
     49       C      3       4.000          4.030                        -0.030
     50       C      3       4.000          3.990                         0.010
     51       C      3       4.000          3.870                         0.130
     52       C      3       4.000          4.416                        -0.416
     53       C      3       4.000          3.866                         0.134
     54       C      3       4.000          4.395                        -0.395
     55       C      3       4.000          4.388                        -0.388
     56       C      3       4.000          4.385                        -0.385
     57       C      3       4.000          4.372                        -0.372
     58       C      3       4.000          4.414                        -0.414
     59       C      3       4.000          4.005                        -0.005
     60       C      3       4.000          4.359                        -0.359
     61       C      3       4.000          4.332                        -0.332
     62       C      3       4.000          4.009                        -0.009
     63       C      3       4.000          4.021                        -0.021
     64       C      3       4.000          4.047                        -0.047
     65       C      3       4.000          4.025                        -0.025
     66       C      3       4.000          4.037                        -0.037
     67       C      3       4.000          3.471                         0.529
     68       C      3       4.000          3.490                         0.510
     69       C      3       4.000          3.495                         0.505
     70       C      3       4.000          3.635                         0.365
     71       C      3       4.000          3.656                         0.344
     72       C      3       4.000          3.507                         0.493
     73       C      3       4.000          4.381                        -0.381
     74       C      3       4.000          4.414                        -0.414
     75       C      3       4.000          4.400                        -0.400
     76       C      3       4.000          4.360                        -0.360
     77       C      3       4.000          4.418                        -0.418
     78       C      3       4.000          4.390                        -0.390
     79       C      3       4.000          4.397                        -0.397
     80       C      3       4.000          4.464                        -0.464
     81       C      3       4.000          4.330                        -0.330
     82       C      3       4.000          4.364                        -0.364
     83       C      3       4.000          4.391                        -0.391
     84       C      3       4.000          4.392                        -0.392
     85       C      3       4.000          3.883                         0.117
     86       C      3       4.000          4.384                        -0.384
     87       C      3       4.000          4.441                        -0.441
     88       C      3       4.000          3.907                         0.093
     89       N      4       5.000          5.846                        -0.846
     90       N      4       5.000          5.953                        -0.953
     91       N      4       5.000          5.933                        -0.933
     92       N      4       5.000          5.945                        -0.945
     93       O      5       6.000          6.176                        -0.176
     94       O      5       6.000          6.126                        -0.126
     95       O      5       6.000          6.161                        -0.161
     96       O      5       6.000          6.134                        -0.134
     97       O      5       6.000          6.133                        -0.133
     98       O      5       6.000          6.132                        -0.132
     99       O      5       6.000          6.111                        -0.111
    100       O      5       6.000          6.103                        -0.103
    101       O      5       6.000          5.713                         0.287
    102       O      5       6.000          5.736                         0.264
    103       O      5       6.000          5.752                         0.248
    104       O      5       6.000          5.704                         0.296
    105       O      5       6.000          5.697                         0.303
    106       O      5       6.000          5.788                         0.212
    107       O      5       6.000          5.759                         0.241
    108       O      5       6.000          5.691                         0.309
    109       O      5       6.000          6.132                        -0.132
    110       O      5       6.000          6.125                        -0.125
    111       O      5       6.000          6.136                        -0.136
    112       O      5       6.000          6.074                        -0.074
    113       O      5       6.000          6.154                        -0.154
    114       O      5       6.000          6.055                        -0.055
    115       O      5       6.000          6.124                        -0.124
    116       O      5       6.000          6.120                        -0.120
    117       O      5       6.000          6.010                        -0.010
    118       O      5       6.000          6.123                        -0.123
    119       O      5       6.000          6.051                        -0.051
    120       O      5       6.000          6.090                        -0.090
    121       O      5       6.000          5.992                         0.008
    122       O      5       6.000          5.993                         0.007
    123       O      5       6.000          6.170                        -0.170
    124       O      5       6.000          6.110                        -0.110
    125       N      4       5.000          5.158                        -0.158
    126       N      4       5.000          5.143                        -0.143
    127       C      3       4.000          4.184                        -0.184
    128       C      3       4.000          4.283                        -0.283
    129       C      3       4.000          4.940                        -0.940
    130       H      2       1.000          0.523                         0.477
    131       H      2       1.000          0.524                         0.476
    132       H      2       1.000          0.544                         0.456
    133       H      2       1.000          0.520                         0.480
    134       H      2       1.000          0.550                         0.450
    135       C      3       4.000          4.304                        -0.304
    136       C      3       4.000          4.818                        -0.818
    137       H      2       1.000          0.549                         0.451
    138       H      2       1.000          0.569                         0.431
    139       H      2       1.000          0.558                         0.442
    140       C      3       4.000          5.315                        -1.315
    141       H      2       1.000          0.566                         0.434
    142       H      2       1.000          0.552                         0.448
    143       H      2       1.000          0.556                         0.444
    144       C      3       4.000          4.542                        -0.542
    145       C      3       4.000          4.781                        -0.781
    146       H      2       1.000          0.540                         0.460
    147       H      2       1.000          0.547                         0.453
    148       H      2       1.000          0.564                         0.436
    149       H      2       1.000          0.528                         0.472
    150       F      6       7.000          7.240                        -0.240
    151       F      6       7.000          7.062                        -0.062
    152       F      6       7.000          7.443                        -0.443
    153       F      6       7.000          7.112                        -0.112
    154       O      5       6.000          6.214                        -0.214
    155       C      3       4.000          3.680                         0.320
    156       F      6       7.000          6.789                         0.211
    157       C      3       4.000          3.872                         0.128
    158       F      6       7.000          6.870                         0.130
    159       S      7       6.000          5.813                         0.187
    160       S      7       6.000          6.164                        -0.164
    161       O      5       6.000          6.047                        -0.047
    162       O      5       6.000          6.064                        -0.064
    163       O      5       6.000          5.353                         0.647
    164       N      4       5.000          4.976                         0.024

  Total Charge                                                            0.063
 !-----------------------------------------------------------------------------!

 ENERGY| Total FORCE_EVAL ( QS ) energy [hartree]            835.495711800328422

 *******************************************************************************
 **                 BAND EVALUATION OF ENERGIES AND FORCES                    **
 *******************************************************************************
 **                                                                           **
 **                                                                           **
 ** Replica Env Nr. :    3              Replica Band Nr. :    4               **
 ** Band  Step  Nr. :    1                                                    **
 *******************************************************************************

 Number of electrons:                                                        674
 Number of occupied orbitals:                                                374
 Number of molecular orbitals:                                               437

 Number of orbital functions:                                               1844
 Number of independent orbital functions:                                   1844

 Parameters for the always stable predictor-corrector (ASPC) method:

  ASPC order: 0

  B(1) =   2.000000
  B(2) =  -1.000000

 *** WARNING in fm/cp_fm_elpa.F:521 :: Setting real_kernel for ELPA failed ***


 Extrapolation method: ASPC


 SCF WAVEFUNCTION OPTIMIZATION

  Step     Update method      Time    Convergence         Total energy    Change
  ------------------------------------------------------------------------------

 *** WARNING in fm/cp_fm_elpa.F:521 :: Setting real_kernel for ELPA failed ***

     1 Broy./Diag. 0.15E+00    8.6 15609.88047852      -613.5851721479 -6.14E+02

 *** WARNING in fm/cp_fm_elpa.F:521 :: Setting real_kernel for ELPA failed ***

     2 Broy./Diag. 0.15E+00   12.0  7657.86841062      -299.5287964679  3.14E+02

 *** WARNING in fm/cp_fm_elpa.F:521 :: Setting real_kernel for ELPA failed ***

     3 Broy./Diag. 0.15E+00   12.1  2111.47560064      -549.2122940488 -2.50E+02

 *** WARNING in fm/cp_fm_elpa.F:521 :: Setting real_kernel for ELPA failed ***

     4 Broy./Diag. 0.15E+00   12.6   267.19675377      -670.9414030197 -1.22E+02

 *** WARNING in fm/cp_fm_elpa.F:521 :: Setting real_kernel for ELPA failed ***

     5 Broy./Diag. 0.15E+00   12.7   325.09263038      -695.0652811722 -2.41E+01

 *** WARNING in fm/cp_fm_elpa.F:521 :: Setting real_kernel for ELPA failed ***

     6 Broy./Diag. 0.15E+00   11.8   178.13599780      -725.7970241037 -3.07E+01

 *** WARNING in fm/cp_fm_elpa.F:521 :: Setting real_kernel for ELPA failed ***

     7 Broy./Diag. 0.15E+00   11.9   229.65580590      -727.2820764689 -1.49E+00

 *** WARNING in fm/cp_fm_elpa.F:521 :: Setting real_kernel for ELPA failed ***

     8 Broy./Diag. 0.15E+00   11.7   144.98647606      -733.1090381366 -5.83E+00

 *** WARNING in fm/cp_fm_elpa.F:521 :: Setting real_kernel for ELPA failed ***

     9 Broy./Diag. 0.15E+00   11.8    49.78359420      -735.2714106521 -2.16E+00

 *** WARNING in fm/cp_fm_elpa.F:521 :: Setting real_kernel for ELPA failed ***

    10 Broy./Diag. 0.15E+00   11.8     8.02745608      -734.3096601642  9.62E-01

 *** WARNING in fm/cp_fm_elpa.F:521 :: Setting real_kernel for ELPA failed ***

    11 Broy./Diag. 0.15E+00   11.9    34.86875816      -733.5232315549  7.86E-01

 *** WARNING in fm/cp_fm_elpa.F:521 :: Setting real_kernel for ELPA failed ***

    12 Broy./Diag. 0.15E+00   11.9    44.54032044      -733.2920726318  2.31E-01

 *** WARNING in fm/cp_fm_elpa.F:521 :: Setting real_kernel for ELPA failed ***

    13 Broy./Diag. 0.15E+00   11.9    21.98290758      -732.6435670148  6.49E-01

 *** WARNING in fm/cp_fm_elpa.F:521 :: Setting real_kernel for ELPA failed ***

    14 Broy./Diag. 0.15E+00   11.8     0.88959542      -732.2581594822  3.85E-01

 *** WARNING in fm/cp_fm_elpa.F:521 :: Setting real_kernel for ELPA failed ***

    15 Broy./Diag. 0.15E+00   11.7     4.50520003      -732.3245950095 -6.64E-02

 *** WARNING in fm/cp_fm_elpa.F:521 :: Setting real_kernel for ELPA failed ***

    16 Broy./Diag. 0.15E+00   11.7     6.36704700      -732.4847656423 -1.60E-01

 *** WARNING in fm/cp_fm_elpa.F:521 :: Setting real_kernel for ELPA failed ***

    17 Broy./Diag. 0.15E+00   11.9     1.26649381      -732.6919655155 -2.07E-01

 *** WARNING in fm/cp_fm_elpa.F:521 :: Setting real_kernel for ELPA failed ***

    18 Broy./Diag. 0.15E+00   12.0     6.82290467      -732.7971044633 -1.05E-01

 *** WARNING in fm/cp_fm_elpa.F:521 :: Setting real_kernel for ELPA failed ***

    19 Broy./Diag. 0.15E+00   11.9     6.03219369      -732.8101486284 -1.30E-02

 *** WARNING in fm/cp_fm_elpa.F:521 :: Setting real_kernel for ELPA failed ***

    20 Broy./Diag. 0.15E+00   11.8     2.29992221      -732.7241173100  8.60E-02

 *** WARNING in fm/cp_fm_elpa.F:521 :: Setting real_kernel for ELPA failed ***

    21 Broy./Diag. 0.15E+00   12.0     1.30876411      -732.6966016797  2.75E-02

 *** WARNING in fm/cp_fm_elpa.F:521 :: Setting real_kernel for ELPA failed ***

    22 Broy./Diag. 0.15E+00   12.1     1.12177961      -732.6527224226  4.39E-02

 *** WARNING in fm/cp_fm_elpa.F:521 :: Setting real_kernel for ELPA failed ***

    23 Broy./Diag. 0.15E+00   11.5     1.31518813      -732.6287565293  2.40E-02

 *** WARNING in fm/cp_fm_elpa.F:521 :: Setting real_kernel for ELPA failed ***

    24 Broy./Diag. 0.15E+00   11.5     0.51936767      -732.6442836847 -1.55E-02

 *** WARNING in fm/cp_fm_elpa.F:521 :: Setting real_kernel for ELPA failed ***

    25 Broy./Diag. 0.15E+00   11.4     1.20198726      -732.6579696059 -1.37E-02

 *** WARNING in fm/cp_fm_elpa.F:521 :: Setting real_kernel for ELPA failed ***

    26 Broy./Diag. 0.15E+00   11.3     0.71329812      -732.6833670238 -2.54E-02

 *** WARNING in fm/cp_fm_elpa.F:521 :: Setting real_kernel for ELPA failed ***

    27 Broy./Diag. 0.15E+00   11.3     0.65806985      -732.6913459566 -7.98E-03

 *** WARNING in fm/cp_fm_elpa.F:521 :: Setting real_kernel for ELPA failed ***

    28 Broy./Diag. 0.15E+00   11.2     0.05941987      -732.6984070389 -7.06E-03

 *** WARNING in fm/cp_fm_elpa.F:521 :: Setting real_kernel for ELPA failed ***

    29 Broy./Diag. 0.15E+00   10.8     0.43857031      -732.6928713445  5.54E-03

 *** WARNING in fm/cp_fm_elpa.F:521 :: Setting real_kernel for ELPA failed ***

    30 Broy./Diag. 0.15E+00   10.8     0.17022494      -732.6828291770  1.00E-02

 *** WARNING in fm/cp_fm_elpa.F:521 :: Setting real_kernel for ELPA failed ***

    31 Broy./Diag. 0.15E+00   10.8     0.19172128      -732.6796416452  3.19E-03

 *** WARNING in fm/cp_fm_elpa.F:521 :: Setting real_kernel for ELPA failed ***

    32 Broy./Diag. 0.15E+00   10.8     0.21927245      -732.6769136413  2.73E-03

 *** WARNING in fm/cp_fm_elpa.F:521 :: Setting real_kernel for ELPA failed ***

    33 Broy./Diag. 0.15E+00   10.9     0.13173039      -732.6778436566 -9.30E-04

 *** WARNING in fm/cp_fm_elpa.F:521 :: Setting real_kernel for ELPA failed ***

    34 Broy./Diag. 0.15E+00   10.8     0.08788536      -732.6785049239 -6.61E-04

 *** WARNING in fm/cp_fm_elpa.F:521 :: Setting real_kernel for ELPA failed ***

    35 Broy./Diag. 0.15E+00   10.8     0.06229807      -732.6805347703 -2.03E-03

 *** WARNING in fm/cp_fm_elpa.F:521 :: Setting real_kernel for ELPA failed ***

    36 Broy./Diag. 0.15E+00   10.8     0.07940088      -732.6818314336 -1.30E-03

 *** WARNING in fm/cp_fm_elpa.F:521 :: Setting real_kernel for ELPA failed ***

    37 Broy./Diag. 0.15E+00   10.8     0.05085205      -732.6813288064  5.03E-04

 *** WARNING in fm/cp_fm_elpa.F:521 :: Setting real_kernel for ELPA failed ***

    38 Broy./Diag. 0.15E+00   10.8     0.05381642      -732.6810818988  2.47E-04

 *** WARNING in fm/cp_fm_elpa.F:521 :: Setting real_kernel for ELPA failed ***

    39 Broy./Diag. 0.15E+00   10.8     0.02651080      -732.6801535563  9.28E-04

 *** WARNING in fm/cp_fm_elpa.F:521 :: Setting real_kernel for ELPA failed ***

    40 Broy./Diag. 0.15E+00   10.8     0.02181327      -732.6797471515  4.06E-04

 *** WARNING in fm/cp_fm_elpa.F:521 :: Setting real_kernel for ELPA failed ***

    41 Broy./Diag. 0.15E+00   10.8     0.00787225      -732.6793725011  3.75E-04

 *** WARNING in fm/cp_fm_elpa.F:521 :: Setting real_kernel for ELPA failed ***

    42 Broy./Diag. 0.15E+00   11.0     0.01658869      -732.6795164131 -1.44E-04

 *** WARNING in fm/cp_fm_elpa.F:521 :: Setting real_kernel for ELPA failed ***

    43 Broy./Diag. 0.15E+00   11.7     0.00665247      -732.6797953099 -2.79E-04

 *** WARNING in fm/cp_fm_elpa.F:521 :: Setting real_kernel for ELPA failed ***

    44 Broy./Diag. 0.15E+00   11.4     0.00799464      -732.6798970100 -1.02E-04

 *** WARNING in fm/cp_fm_elpa.F:521 :: Setting real_kernel for ELPA failed ***

    45 Broy./Diag. 0.15E+00   11.4     0.00812768      -732.6800828586 -1.86E-04

 *** WARNING in fm/cp_fm_elpa.F:521 :: Setting real_kernel for ELPA failed ***

    46 Broy./Diag. 0.15E+00   11.8     0.00315203      -732.6800676604  1.52E-05

 *** WARNING in fm/cp_fm_elpa.F:521 :: Setting real_kernel for ELPA failed ***

    47 Broy./Diag. 0.15E+00   11.1     0.00262028      -732.6800576753  9.99E-06

 *** WARNING in fm/cp_fm_elpa.F:521 :: Setting real_kernel for ELPA failed ***

    48 Broy./Diag. 0.15E+00   11.1     0.00112350      -732.6799719903  8.57E-05

 *** WARNING in fm/cp_fm_elpa.F:521 :: Setting real_kernel for ELPA failed ***

    49 Broy./Diag. 0.15E+00   11.2     0.00233376      -732.6799267799  4.52E-05

 *** WARNING in fm/cp_fm_elpa.F:521 :: Setting real_kernel for ELPA failed ***

    50 Broy./Diag. 0.15E+00   11.1     0.00119980      -732.6799417981 -1.50E-05

 *** WARNING in fm/cp_fm_elpa.F:521 :: Setting real_kernel for ELPA failed ***

    51 Broy./Diag. 0.15E+00   11.1     0.00131396      -732.6799537643 -1.20E-05

 *** WARNING in fm/cp_fm_elpa.F:521 :: Setting real_kernel for ELPA failed ***

    52 Broy./Diag. 0.15E+00   11.1     0.00112302      -732.6799857363 -3.20E-05

 *** WARNING in fm/cp_fm_elpa.F:521 :: Setting real_kernel for ELPA failed ***

    53 Broy./Diag. 0.15E+00   11.2     0.00062245      -732.6799885318 -2.80E-06

 *** WARNING in fm/cp_fm_elpa.F:521 :: Setting real_kernel for ELPA failed ***

    54 Broy./Diag. 0.15E+00   11.2     0.00034519      -732.6799944530 -5.92E-06

 *** WARNING in fm/cp_fm_elpa.F:521 :: Setting real_kernel for ELPA failed ***

    55 Broy./Diag. 0.15E+00   11.2     0.00035587      -732.6799837996  1.07E-05

 *** WARNING in fm/cp_fm_elpa.F:521 :: Setting real_kernel for ELPA failed ***

    56 Broy./Diag. 0.15E+00   11.2     0.00041897      -732.6799739157  9.88E-06

 *** WARNING in fm/cp_fm_elpa.F:521 :: Setting real_kernel for ELPA failed ***

    57 Broy./Diag. 0.15E+00   11.2     0.00026739      -732.6799747128 -7.97E-07

 *** WARNING in fm/cp_fm_elpa.F:521 :: Setting real_kernel for ELPA failed ***

    58 Broy./Diag. 0.15E+00   11.2     0.00013218      -732.6799728883  1.82E-06

 *** WARNING in fm/cp_fm_elpa.F:521 :: Setting real_kernel for ELPA failed ***

    59 Broy./Diag. 0.15E+00   11.2     0.00013753      -732.6799757323 -2.84E-06

 *** WARNING in fm/cp_fm_elpa.F:521 :: Setting real_kernel for ELPA failed ***

    60 Broy./Diag. 0.15E+00   11.1     0.00007678      -732.6799757853 -5.30E-08

 *** WARNING in fm/cp_fm_elpa.F:521 :: Setting real_kernel for ELPA failed ***

    61 Broy./Diag. 0.15E+00   11.2     0.00003432      -732.6799769197 -1.13E-06

  *** SCF run converged in    61 steps ***


  Electronic density on regular grids:       -673.9999998238        0.0000001762
  Core density on regular grids:              673.9999999671       -0.0000000329
  Total charge density on r-space grids:        0.0000001433
  Total charge density g-space grids:           0.0000001433

  Overlap energy of the core charge distribution:             597.26809889885214
  Self energy of the core charge distribution:              -3774.19779000501012
  Core Hamiltonian energy:                                   1377.66420705683277
  Hartree energy:                                            1454.16703933886424
  Exchange-correlation energy:                               -387.35508904032241
  Dispersion energy:                                           -0.21191704871845
  Electronic entropic energy:                                  -0.01452611967571
  Fermi energy:                                                 0.02218112302124

  Total energy:                                              -732.67997691974824

 !-----------------------------------------------------------------------------!
                     Mulliken Population Analysis

 #  Atom  Element  Kind  Atomic population                           Net charge
       1     Ti       1         10.988197                              1.011803
       2     Ti       1         11.000923                              0.999077
       3     Ti       1         10.972855                              1.027145
       4     Ti       1         10.970987                              1.029013
       5     Ti       1         11.014298                              0.985702
       6     Ti       1         10.999922                              1.000078
       7     Ti       1         10.983652                              1.016348
       8     Ti       1         10.985038                              1.014962
       9     H        2          0.931454                              0.068546
      10     H        2          0.930902                              0.069098
      11     H        2          0.940056                              0.059944
      12     H        2          0.922228                              0.077772
      13     H        2          0.939392                              0.060608
      14     H        2          0.945086                              0.054914
      15     H        2          0.928073                              0.071927
      16     H        2          0.940981                              0.059019
      17     H        2          0.932974                              0.067026
      18     H        2          0.927797                              0.072203
      19     H        2          0.928289                              0.071711
      20     H        2          0.929381                              0.070619
      21     H        2          0.857967                              0.142033
      22     H        2          0.858690                              0.141310
      23     H        2          0.932573                              0.067427
      24     H        2          0.937571                              0.062429
      25     H        2          0.936051                              0.063949
      26     H        2          0.928552                              0.071448
      27     H        2          0.928723                              0.071277
      28     H        2          0.933255                              0.066745
      29     H        2          0.888756                              0.111244
      30     H        2          0.932476                              0.067524
      31     H        2          0.837923                              0.162077
      32     H        2          0.839016                              0.160984
      33     H        2          0.884020                              0.115980
      34     H        2          0.889144                              0.110856
      35     H        2          0.900916                              0.099084
      36     H        2          0.887126                              0.112874
      37     H        2          0.898089                              0.101911
      38     H        2          0.890124                              0.109876
      39     H        2          0.938442                              0.061558
      40     H        2          0.924341                              0.075659
      41     H        2          0.945567                              0.054433
      42     H        2          0.862872                              0.137128
      43     C        3          3.776455                              0.223545
      44     C        3          3.776571                              0.223429
      45     C        3          3.785404                              0.214596
      46     C        3          3.779532                              0.220468
      47     C        3          4.066480                             -0.066480
      48     C        3          4.031617                             -0.031617
      49     C        3          4.071748                             -0.071748
      50     C        3          4.048509                             -0.048509
      51     C        3          3.978524                              0.021476
      52     C        3          4.040725                             -0.040725
      53     C        3          3.954062                              0.045938
      54     C        3          4.002193                             -0.002193
      55     C        3          4.050136                             -0.050136
      56     C        3          4.014522                             -0.014522
      57     C        3          4.004569                             -0.004569
      58     C        3          4.039229                             -0.039229
      59     C        3          4.042666                             -0.042666
      60     C        3          4.049135                             -0.049135
      61     C        3          4.059181                             -0.059181
      62     C        3          4.079337                             -0.079337
      63     C        3          4.028968                             -0.028968
      64     C        3          4.073912                             -0.073912
      65     C        3          4.043190                             -0.043190
      66     C        3          4.036711                             -0.036711
      67     C        3          3.790879                              0.209121
      68     C        3          3.804270                              0.195730
      69     C        3          3.798552                              0.201448
      70     C        3          3.797166                              0.202834
      71     C        3          3.809792                              0.190208
      72     C        3          3.801218                              0.198782
      73     C        3          4.022721                             -0.022721
      74     C        3          4.040177                             -0.040177
      75     C        3          4.032962                             -0.032962
      76     C        3          4.026207                             -0.026207
      77     C        3          4.055304                             -0.055304
      78     C        3          4.045555                             -0.045555
      79     C        3          4.054246                             -0.054246
      80     C        3          4.039308                             -0.039308
      81     C        3          4.064720                             -0.064720
      82     C        3          3.991719                              0.008281
      83     C        3          4.027928                             -0.027928
      84     C        3          4.041156                             -0.041156
      85     C        3          4.002940                             -0.002940
      86     C        3          4.034232                             -0.034232
      87     C        3          4.001099                             -0.001099
      88     C        3          4.044961                             -0.044961
      89     N        4          4.973394                              0.026606
      90     N        4          5.098092                             -0.098092
      91     N        4          5.069467                             -0.069467
      92     N        4          5.068438                             -0.068438
      93     O        5          6.365813                             -0.365813
      94     O        5          6.329970                             -0.329970
      95     O        5          6.312748                             -0.312748
      96     O        5          6.293488                             -0.293488
      97     O        5          6.336278                             -0.336278
      98     O        5          6.343013                             -0.343013
      99     O        5          6.294752                             -0.294752
     100     O        5          6.269657                             -0.269657
     101     O        5          6.465390                             -0.465390
     102     O        5          6.512086                             -0.512086
     103     O        5          6.509338                             -0.509338
     104     O        5          6.469721                             -0.469721
     105     O        5          6.484828                             -0.484828
     106     O        5          6.530401                             -0.530401
     107     O        5          6.513619                             -0.513619
     108     O        5          6.466004                             -0.466004
     109     O        5          6.367802                             -0.367802
     110     O        5          6.364388                             -0.364388
     111     O        5          6.383622                             -0.383622
     112     O        5          6.332638                             -0.332638
     113     O        5          6.496302                             -0.496302
     114     O        5          6.294025                             -0.294025
     115     O        5          6.368104                             -0.368104
     116     O        5          6.357566                             -0.357566
     117     O        5          6.297541                             -0.297541
     118     O        5          6.386872                             -0.386872
     119     O        5          6.295069                             -0.295069
     120     O        5          6.461478                             -0.461478
     121     O        5          6.539855                             -0.539855
     122     O        5          6.535560                             -0.535560
     123     O        5          6.516121                             -0.516121
     124     O        5          6.501792                             -0.501792
     125     N        4          4.873652                              0.126348
     126     N        4          4.842451                              0.157549
     127     C        3          3.913597                              0.086403
     128     C        3          3.979578                              0.020422
     129     C        3          4.174481                             -0.174481
     130     H        2          0.924786                              0.075214
     131     H        2          0.934099                              0.065901
     132     H        2          0.913838                              0.086162
     133     H        2          0.905959                              0.094041
     134     H        2          0.913423                              0.086577
     135     C        3          3.990118                              0.009882
     136     C        3          4.150606                             -0.150606
     137     H        2          0.914735                              0.085265
     138     H        2          0.925408                              0.074592
     139     H        2          0.909641                              0.090359
     140     C        3          4.274793                             -0.274793
     141     H        2          0.932737                              0.067263
     142     H        2          0.910178                              0.089822
     143     H        2          0.916960                              0.083040
     144     C        3          4.083388                             -0.083388
     145     C        3          4.151936                             -0.151936
     146     H        2          0.901841                              0.098159
     147     H        2          0.903496                              0.096504
     148     H        2          0.920590                              0.079410
     149     H        2          0.941572                              0.058428
     150     F        6         24.242770                            -17.242770
     151     F        6          7.124713                             -0.124713
     152     F        6          8.778136                             -1.778136
     153     F        6          1.794307                              5.205693
     154     O        5          5.971348                              0.028652
     155     C        3          6.927624                             -2.927624
     156     F        6          4.785069                              2.214931
     157     C        3          4.465555                             -0.465555
     158     F        6          7.518075                             -0.518075
     159     S        7          8.489743                             -2.489743
     160     S        7         -2.696559                              8.696559
     161     O        5         13.986135                             -7.986135
     162     O        5         13.388249                             -7.388249
     163     O        5          2.225592                              3.774408
     164     N        4        -16.515022                             21.515022
 # Total charge                            674.000000                  0.000000

 !-----------------------------------------------------------------------------!

 !-----------------------------------------------------------------------------!
                           Hirshfeld Charges

  #Atom  Element  Kind  Ref Charge     Population                    Net charge
      1       Ti     1      12.000         13.349                        -1.349
      2       Ti     1      12.000         13.449                        -1.449
      3       Ti     1      12.000         13.212                        -1.212
      4       Ti     1      12.000         13.221                        -1.221
      5       Ti     1      12.000         13.492                        -1.492
      6       Ti     1      12.000         13.380                        -1.380
      7       Ti     1      12.000         13.225                        -1.225
      8       Ti     1      12.000         13.279                        -1.279
      9       H      2       1.000          0.545                         0.455
     10       H      2       1.000          0.542                         0.458
     11       H      2       1.000          0.552                         0.448
     12       H      2       1.000          0.523                         0.477
     13       H      2       1.000          0.553                         0.447
     14       H      2       1.000          0.536                         0.464
     15       H      2       1.000          0.534                         0.466
     16       H      2       1.000          0.534                         0.466
     17       H      2       1.000          0.554                         0.446
     18       H      2       1.000          0.544                         0.456
     19       H      2       1.000          0.542                         0.458
     20       H      2       1.000          0.557                         0.443
     21       H      2       1.000          0.429                         0.571
     22       H      2       1.000          0.432                         0.568
     23       H      2       1.000          0.546                         0.454
     24       H      2       1.000          0.547                         0.453
     25       H      2       1.000          0.555                         0.445
     26       H      2       1.000          0.555                         0.445
     27       H      2       1.000          0.535                         0.465
     28       H      2       1.000          0.555                         0.445
     29       H      2       1.000          0.450                         0.550
     30       H      2       1.000          0.531                         0.469
     31       H      2       1.000          0.419                         0.581
     32       H      2       1.000          0.419                         0.581
     33       H      2       1.000          0.482                         0.518
     34       H      2       1.000          0.466                         0.534
     35       H      2       1.000          0.482                         0.518
     36       H      2       1.000          0.461                         0.539
     37       H      2       1.000          0.486                         0.514
     38       H      2       1.000          0.464                         0.536
     39       H      2       1.000          0.544                         0.456
     40       H      2       1.000          0.543                         0.457
     41       H      2       1.000          0.547                         0.453
     42       H      2       1.000          0.564                         0.436
     43       C      3       4.000          3.476                         0.524
     44       C      3       4.000          3.467                         0.533
     45       C      3       4.000          3.487                         0.513
     46       C      3       4.000          3.475                         0.525
     47       C      3       4.000          4.024                        -0.024
     48       C      3       4.000          3.983                         0.017
     49       C      3       4.000          4.031                        -0.031
     50       C      3       4.000          3.991                         0.009
     51       C      3       4.000          3.870                         0.130
     52       C      3       4.000          4.418                        -0.418
     53       C      3       4.000          3.867                         0.133
     54       C      3       4.000          4.397                        -0.397
     55       C      3       4.000          4.390                        -0.390
     56       C      3       4.000          4.387                        -0.387
     57       C      3       4.000          4.374                        -0.374
     58       C      3       4.000          4.415                        -0.415
     59       C      3       4.000          4.007                        -0.007
     60       C      3       4.000          4.361                        -0.361
     61       C      3       4.000          4.335                        -0.335
     62       C      3       4.000          4.010                        -0.010
     63       C      3       4.000          4.025                        -0.025
     64       C      3       4.000          4.049                        -0.049
     65       C      3       4.000          4.028                        -0.028
     66       C      3       4.000          4.042                        -0.042
     67       C      3       4.000          3.475                         0.525
     68       C      3       4.000          3.491                         0.509
     69       C      3       4.000          3.499                         0.501
     70       C      3       4.000          3.638                         0.362
     71       C      3       4.000          3.659                         0.341
     72       C      3       4.000          3.510                         0.490
     73       C      3       4.000          4.385                        -0.385
     74       C      3       4.000          4.415                        -0.415
     75       C      3       4.000          4.400                        -0.400
     76       C      3       4.000          4.362                        -0.362
     77       C      3       4.000          4.422                        -0.422
     78       C      3       4.000          4.392                        -0.392
     79       C      3       4.000          4.402                        -0.402
     80       C      3       4.000          4.469                        -0.469
     81       C      3       4.000          4.331                        -0.331
     82       C      3       4.000          4.365                        -0.365
     83       C      3       4.000          4.394                        -0.394
     84       C      3       4.000          4.393                        -0.393
     85       C      3       4.000          3.885                         0.115
     86       C      3       4.000          4.388                        -0.388
     87       C      3       4.000          4.445                        -0.445
     88       C      3       4.000          3.911                         0.089
     89       N      4       5.000          5.849                        -0.849
     90       N      4       5.000          5.956                        -0.956
     91       N      4       5.000          5.937                        -0.937
     92       N      4       5.000          5.947                        -0.947
     93       O      5       6.000          6.177                        -0.177
     94       O      5       6.000          6.128                        -0.128
     95       O      5       6.000          6.161                        -0.161
     96       O      5       6.000          6.135                        -0.135
     97       O      5       6.000          6.134                        -0.134
     98       O      5       6.000          6.133                        -0.133
     99       O      5       6.000          6.112                        -0.112
    100       O      5       6.000          6.104                        -0.104
    101       O      5       6.000          5.716                         0.284
    102       O      5       6.000          5.737                         0.263
    103       O      5       6.000          5.752                         0.248
    104       O      5       6.000          5.704                         0.296
    105       O      5       6.000          5.700                         0.300
    106       O      5       6.000          5.789                         0.211
    107       O      5       6.000          5.760                         0.240
    108       O      5       6.000          5.696                         0.304
    109       O      5       6.000          6.134                        -0.134
    110       O      5       6.000          6.125                        -0.125
    111       O      5       6.000          6.137                        -0.137
    112       O      5       6.000          6.075                        -0.075
    113       O      5       6.000          6.156                        -0.156
    114       O      5       6.000          6.057                        -0.057
    115       O      5       6.000          6.125                        -0.125
    116       O      5       6.000          6.122                        -0.122
    117       O      5       6.000          6.011                        -0.011
    118       O      5       6.000          6.124                        -0.124
    119       O      5       6.000          6.053                        -0.053
    120       O      5       6.000          6.092                        -0.092
    121       O      5       6.000          5.993                         0.007
    122       O      5       6.000          5.994                         0.006
    123       O      5       6.000          6.171                        -0.171
    124       O      5       6.000          6.110                        -0.110
    125       N      4       5.000          5.159                        -0.159
    126       N      4       5.000          5.143                        -0.143
    127       C      3       4.000          4.183                        -0.183
    128       C      3       4.000          4.284                        -0.284
    129       C      3       4.000          4.940                        -0.940
    130       H      2       1.000          0.523                         0.477
    131       H      2       1.000          0.524                         0.476
    132       H      2       1.000          0.544                         0.456
    133       H      2       1.000          0.519                         0.481
    134       H      2       1.000          0.550                         0.450
    135       C      3       4.000          4.306                        -0.306
    136       C      3       4.000          4.821                        -0.821
    137       H      2       1.000          0.548                         0.452
    138       H      2       1.000          0.571                         0.429
    139       H      2       1.000          0.556                         0.444
    140       C      3       4.000          5.316                        -1.316
    141       H      2       1.000          0.568                         0.432
    142       H      2       1.000          0.550                         0.450
    143       H      2       1.000          0.558                         0.442
    144       C      3       4.000          4.541                        -0.541
    145       C      3       4.000          4.780                        -0.780
    146       H      2       1.000          0.539                         0.461
    147       H      2       1.000          0.546                         0.454
    148       H      2       1.000          0.564                         0.436
    149       H      2       1.000          0.528                         0.472
    150       F      6       7.000          7.267                        -0.267
    151       F      6       7.000          6.524                         0.476
    152       F      6       7.000          7.357                        -0.357
    153       F      6       7.000          7.105                        -0.105
    154       O      5       6.000          6.165                        -0.165
    155       C      3       4.000          3.688                         0.312
    156       F      6       7.000          7.051                        -0.051
    157       C      3       4.000          3.867                         0.133
    158       F      6       7.000          6.836                         0.164
    159       S      7       6.000          5.805                         0.195
    160       S      7       6.000          5.938                         0.062
    161       O      5       6.000          6.033                        -0.033
    162       O      5       6.000          6.295                        -0.295
    163       O      5       6.000          5.572                         0.428
    164       N      4       5.000          4.987                         0.013

  Total Charge                                                            0.063
 !-----------------------------------------------------------------------------!

 ENERGY| Total FORCE_EVAL ( QS ) energy [hartree]           -732.679975096051066
