
 *******************************************************************************
 **                 BAND EVALUATION OF ENERGIES AND FORCES                    **
 *******************************************************************************
 **                                                                           **
 **                                                                           **
 ** Replica Env Nr. :    4              Replica Band Nr. :   12               **
 ** Band  Step  Nr. :    0                                                    **
 *******************************************************************************

 Number of electrons:                                                        674
 Number of occupied orbitals:                                                375
 Number of molecular orbitals:                                               437

 Number of orbital functions:                                               1844
 Number of independent orbital functions:                                   1844

 Parameters for the always stable predictor-corrector (ASPC) method:

  ASPC order: 0

  B(1) =   1.000000

 *** WARNING in fm/cp_fm_elpa.F:521 :: Setting real_kernel for ELPA failed ***


 Extrapolation method: ASPC


 SCF WAVEFUNCTION OPTIMIZATION

  Step     Update method      Time    Convergence         Total energy    Change
  ------------------------------------------------------------------------------

 *** WARNING in fm/cp_fm_elpa.F:521 :: Setting real_kernel for ELPA failed ***

     1 Broy./Diag. 0.15E+00    8.5     0.00046399     -1520.7585878054 -1.52E+03

 *** WARNING in fm/cp_fm_elpa.F:521 :: Setting real_kernel for ELPA failed ***

     2 Broy./Diag. 0.15E+00   12.0     0.00058559     -1520.7588536471 -2.66E-04

 *** WARNING in fm/cp_fm_elpa.F:521 :: Setting real_kernel for ELPA failed ***

     3 Broy./Diag. 0.15E+00   12.7     0.00060936     -1520.7583186704  5.35E-04

 *** WARNING in fm/cp_fm_elpa.F:521 :: Setting real_kernel for ELPA failed ***

     4 Broy./Diag. 0.15E+00   13.0     0.00012807     -1520.7585799371 -2.61E-04

 *** WARNING in fm/cp_fm_elpa.F:521 :: Setting real_kernel for ELPA failed ***

     5 Broy./Diag. 0.15E+00   12.7     0.00005443     -1520.7585720523  7.88E-06

 *** WARNING in fm/cp_fm_elpa.F:521 :: Setting real_kernel for ELPA failed ***

     6 Broy./Diag. 0.15E+00   11.8     0.00003802     -1520.7585708391  1.21E-06

  *** SCF run converged in     6 steps ***


  Electronic density on regular grids:       -673.9999999136        0.0000000864
  Core density on regular grids:              673.9999999671       -0.0000000329
  Total charge density on r-space grids:        0.0000000535
  Total charge density g-space grids:           0.0000000535

  Overlap energy of the core charge distribution:              11.95048487075883
  Self energy of the core charge distribution:              -3774.19779000501012
  Core Hamiltonian energy:                                   1211.35777587345751
  Hartree energy:                                            1398.08665463977286
  Exchange-correlation energy:                               -367.72095339150428
  Dispersion energy:                                           -0.21285405241501
  Electronic entropic energy:                                  -0.02188876622207
  Fermi energy:                                                 0.02613766788803

  Total energy:                                             -1520.75857083908181

 !-----------------------------------------------------------------------------!
                     Mulliken Population Analysis

 #  Atom  Element  Kind  Atomic population                           Net charge
       1     Ti       1         11.012993                              0.987007
       2     Ti       1         11.012186                              0.987814
       3     Ti       1         10.984795                              1.015205
       4     Ti       1         10.980682                              1.019318
       5     Ti       1         11.027187                              0.972813
       6     Ti       1         11.019468                              0.980532
       7     Ti       1         11.002422                              0.997578
       8     Ti       1         10.991490                              1.008510
       9     H        2          0.930795                              0.069205
      10     H        2          0.931526                              0.068474
      11     H        2          0.939777                              0.060223
      12     H        2          0.920946                              0.079054
      13     H        2          0.940924                              0.059076
      14     H        2          0.948082                              0.051918
      15     H        2          0.927676                              0.072324
      16     H        2          0.944464                              0.055536
      17     H        2          0.934030                              0.065970
      18     H        2          0.927707                              0.072293
      19     H        2          0.928009                              0.071991
      20     H        2          0.930132                              0.069868
      21     H        2          0.871617                              0.128383
      22     H        2          0.867966                              0.132034
      23     H        2          0.934898                              0.065102
      24     H        2          0.940355                              0.059645
      25     H        2          0.936031                              0.063969
      26     H        2          0.930682                              0.069318
      27     H        2          0.929608                              0.070392
      28     H        2          0.934145                              0.065855
      29     H        2          0.887314                              0.112686
      30     H        2          0.931139                              0.068861
      31     H        2          0.838062                              0.161938
      32     H        2          0.838869                              0.161131
      33     H        2          0.886413                              0.113587
      34     H        2          0.890035                              0.109965
      35     H        2          0.899109                              0.100891
      36     H        2          0.886082                              0.113918
      37     H        2          0.901649                              0.098351
      38     H        2          0.891419                              0.108581
      39     H        2          0.937774                              0.062226
      40     H        2          0.924923                              0.075077
      41     H        2          0.945117                              0.054883
      42     H        2          0.861547                              0.138453
      43     C        3          3.775781                              0.224219
      44     C        3          3.777760                              0.222240
      45     C        3          3.787819                              0.212181
      46     C        3          3.782341                              0.217659
      47     C        3          4.068587                             -0.068587
      48     C        3          4.032657                             -0.032657
      49     C        3          4.079165                             -0.079165
      50     C        3          4.057744                             -0.057744
      51     C        3          3.974800                              0.025200
      52     C        3          4.041741                             -0.041741
      53     C        3          3.941023                              0.058977
      54     C        3          3.983597                              0.016403
      55     C        3          4.048683                             -0.048683
      56     C        3          4.012572                             -0.012572
      57     C        3          4.005578                             -0.005578
      58     C        3          4.037993                             -0.037993
      59     C        3          4.043250                             -0.043250
      60     C        3          4.047226                             -0.047226
      61     C        3          4.057071                             -0.057071
      62     C        3          4.090907                             -0.090907
      63     C        3          4.025539                             -0.025539
      64     C        3          4.069432                             -0.069432
      65     C        3          4.036393                             -0.036393
      66     C        3          4.037187                             -0.037187
      67     C        3          3.791277                              0.208723
      68     C        3          3.812634                              0.187366
      69     C        3          3.802820                              0.197180
      70     C        3          3.800098                              0.199902
      71     C        3          3.810429                              0.189571
      72     C        3          3.804551                              0.195449
      73     C        3          4.024432                             -0.024432
      74     C        3          4.038141                             -0.038141
      75     C        3          4.022395                             -0.022395
      76     C        3          4.025464                             -0.025464
      77     C        3          4.059667                             -0.059667
      78     C        3          4.047298                             -0.047298
      79     C        3          4.056918                             -0.056918
      80     C        3          4.033550                             -0.033550
      81     C        3          4.061375                             -0.061375
      82     C        3          3.994927                              0.005073
      83     C        3          4.027317                             -0.027317
      84     C        3          4.040776                             -0.040776
      85     C        3          4.008665                             -0.008665
      86     C        3          4.041147                             -0.041147
      87     C        3          3.991748                              0.008252
      88     C        3          4.049082                             -0.049082
      89     N        4          4.973949                              0.026051
      90     N        4          5.099565                             -0.099565
      91     N        4          5.068367                             -0.068367
      92     N        4          5.076028                             -0.076028
      93     O        5          6.365344                             -0.365344
      94     O        5          6.333046                             -0.333046
      95     O        5          6.309654                             -0.309654
      96     O        5          6.294198                             -0.294198
      97     O        5          6.338941                             -0.338941
      98     O        5          6.345186                             -0.345186
      99     O        5          6.295159                             -0.295159
     100     O        5          6.264488                             -0.264488
     101     O        5          6.464262                             -0.464262
     102     O        5          6.512542                             -0.512542
     103     O        5          6.507033                             -0.507033
     104     O        5          6.483242                             -0.483242
     105     O        5          6.490207                             -0.490207
     106     O        5          6.531555                             -0.531555
     107     O        5          6.512677                             -0.512677
     108     O        5          6.471188                             -0.471188
     109     O        5          6.367175                             -0.367175
     110     O        5          6.367834                             -0.367834
     111     O        5          6.392895                             -0.392895
     112     O        5          6.331810                             -0.331810
     113     O        5          6.504444                             -0.504444
     114     O        5          6.288975                             -0.288975
     115     O        5          6.370963                             -0.370963
     116     O        5          6.357777                             -0.357777
     117     O        5          6.296468                             -0.296468
     118     O        5          6.402366                             -0.402366
     119     O        5          6.289060                             -0.289060
     120     O        5          6.465388                             -0.465388
     121     O        5          6.539287                             -0.539287
     122     O        5          6.535676                             -0.535676
     123     O        5          6.512245                             -0.512245
     124     O        5          6.495018                             -0.495018
     125     N        4          4.872118                              0.127882
     126     N        4          4.844105                              0.155895
     127     C        3          3.915125                              0.084875
     128     C        3          3.978396                              0.021604
     129     C        3          4.177714                             -0.177714
     130     H        2          0.925724                              0.074276
     131     H        2          0.935256                              0.064744
     132     H        2          0.915251                              0.084749
     133     H        2          0.907980                              0.092020
     134     H        2          0.915882                              0.084118
     135     C        3          3.988897                              0.011103
     136     C        3          4.148749                             -0.148749
     137     H        2          0.916075                              0.083925
     138     H        2          0.923057                              0.076943
     139     H        2          0.912660                              0.087340
     140     C        3          4.272182                             -0.272182
     141     H        2          0.931562                              0.068438
     142     H        2          0.912711                              0.087289
     143     H        2          0.916131                              0.083869
     144     C        3          4.082929                             -0.082929
     145     C        3          4.153448                             -0.153448
     146     H        2          0.902389                              0.097611
     147     H        2          0.904281                              0.095719
     148     H        2          0.920875                              0.079125
     149     H        2          0.941619                              0.058381
     150     F        6          7.184295                             -0.184295
     151     F        6          7.442431                             -0.442431
     152     F        6          6.343036                              0.656964
     153     F        6          6.908607                              0.091393
     154     O        5          5.779052                              0.220948
     155     C        3          1.890602                              2.109398
     156     F        6          6.875978                              0.124022
     157     C        3          2.097025                              1.902975
     158     F        6          6.745663                              0.254337
     159     S        7          6.638583                             -0.638583
     160     S        7          7.914411                             -1.914411
     161     O        5          5.107890                              0.892110
     162     O        5          6.131017                             -0.131017
     163     O        5          5.187972                              0.812028
     164     N        4          8.024703                             -3.024703
 # Total charge                            674.000000                  0.000000

 !-----------------------------------------------------------------------------!

 !-----------------------------------------------------------------------------!
                           Hirshfeld Charges

  #Atom  Element  Kind  Ref Charge     Population                    Net charge
      1       Ti     1      12.000         13.347                        -1.347
      2       Ti     1      12.000         13.468                        -1.468
      3       Ti     1      12.000         13.221                        -1.221
      4       Ti     1      12.000         13.229                        -1.229
      5       Ti     1      12.000         13.512                        -1.512
      6       Ti     1      12.000         13.367                        -1.367
      7       Ti     1      12.000         13.240                        -1.240
      8       Ti     1      12.000         13.287                        -1.287
      9       H      2       1.000          0.545                         0.455
     10       H      2       1.000          0.542                         0.458
     11       H      2       1.000          0.552                         0.448
     12       H      2       1.000          0.517                         0.483
     13       H      2       1.000          0.554                         0.446
     14       H      2       1.000          0.532                         0.468
     15       H      2       1.000          0.531                         0.469
     16       H      2       1.000          0.531                         0.469
     17       H      2       1.000          0.555                         0.445
     18       H      2       1.000          0.544                         0.456
     19       H      2       1.000          0.542                         0.458
     20       H      2       1.000          0.559                         0.441
     21       H      2       1.000          0.433                         0.567
     22       H      2       1.000          0.436                         0.564
     23       H      2       1.000          0.547                         0.453
     24       H      2       1.000          0.547                         0.453
     25       H      2       1.000          0.557                         0.443
     26       H      2       1.000          0.558                         0.442
     27       H      2       1.000          0.533                         0.467
     28       H      2       1.000          0.557                         0.443
     29       H      2       1.000          0.445                         0.555
     30       H      2       1.000          0.545                         0.455
     31       H      2       1.000          0.419                         0.581
     32       H      2       1.000          0.419                         0.581
     33       H      2       1.000          0.483                         0.517
     34       H      2       1.000          0.467                         0.533
     35       H      2       1.000          0.481                         0.519
     36       H      2       1.000          0.460                         0.540
     37       H      2       1.000          0.487                         0.513
     38       H      2       1.000          0.465                         0.535
     39       H      2       1.000          0.543                         0.457
     40       H      2       1.000          0.543                         0.457
     41       H      2       1.000          0.546                         0.454
     42       H      2       1.000          0.577                         0.423
     43       C      3       4.000          3.476                         0.524
     44       C      3       4.000          3.469                         0.531
     45       C      3       4.000          3.490                         0.510
     46       C      3       4.000          3.479                         0.521
     47       C      3       4.000          4.023                        -0.023
     48       C      3       4.000          3.981                         0.019
     49       C      3       4.000          4.030                        -0.030
     50       C      3       4.000          3.991                         0.009
     51       C      3       4.000          3.874                         0.126
     52       C      3       4.000          4.424                        -0.424
     53       C      3       4.000          3.870                         0.130
     54       C      3       4.000          4.386                        -0.386
     55       C      3       4.000          4.380                        -0.380
     56       C      3       4.000          4.389                        -0.389
     57       C      3       4.000          4.372                        -0.372
     58       C      3       4.000          4.410                        -0.410
     59       C      3       4.000          4.008                        -0.008
     60       C      3       4.000          4.359                        -0.359
     61       C      3       4.000          4.326                        -0.326
     62       C      3       4.000          4.014                        -0.014
     63       C      3       4.000          4.028                        -0.028
     64       C      3       4.000          4.051                        -0.051
     65       C      3       4.000          4.028                        -0.028
     66       C      3       4.000          4.054                        -0.054
     67       C      3       4.000          3.475                         0.525
     68       C      3       4.000          3.501                         0.499
     69       C      3       4.000          3.507                         0.493
     70       C      3       4.000          3.665                         0.335
     71       C      3       4.000          3.687                         0.313
     72       C      3       4.000          3.521                         0.479
     73       C      3       4.000          4.386                        -0.386
     74       C      3       4.000          4.413                        -0.413
     75       C      3       4.000          4.402                        -0.402
     76       C      3       4.000          4.362                        -0.362
     77       C      3       4.000          4.423                        -0.423
     78       C      3       4.000          4.388                        -0.388
     79       C      3       4.000          4.405                        -0.405
     80       C      3       4.000          4.477                        -0.477
     81       C      3       4.000          4.308                        -0.308
     82       C      3       4.000          4.357                        -0.357
     83       C      3       4.000          4.393                        -0.393
     84       C      3       4.000          4.393                        -0.393
     85       C      3       4.000          3.887                         0.113
     86       C      3       4.000          4.384                        -0.384
     87       C      3       4.000          4.450                        -0.450
     88       C      3       4.000          3.918                         0.082
     89       N      4       5.000          5.827                        -0.827
     90       N      4       5.000          5.951                        -0.951
     91       N      4       5.000          5.931                        -0.931
     92       N      4       5.000          5.954                        -0.954
     93       O      5       6.000          6.177                        -0.177
     94       O      5       6.000          6.131                        -0.131
     95       O      5       6.000          6.160                        -0.160
     96       O      5       6.000          6.137                        -0.137
     97       O      5       6.000          6.137                        -0.137
     98       O      5       6.000          6.135                        -0.135
     99       O      5       6.000          6.114                        -0.114
    100       O      5       6.000          6.102                        -0.102
    101       O      5       6.000          5.716                         0.284
    102       O      5       6.000          5.738                         0.262
    103       O      5       6.000          5.758                         0.242
    104       O      5       6.000          5.714                         0.286
    105       O      5       6.000          5.704                         0.296
    106       O      5       6.000          5.794                         0.206
    107       O      5       6.000          5.760                         0.240
    108       O      5       6.000          5.702                         0.298
    109       O      5       6.000          6.133                        -0.133
    110       O      5       6.000          6.131                        -0.131
    111       O      5       6.000          6.137                        -0.137
    112       O      5       6.000          6.070                        -0.070
    113       O      5       6.000          6.161                        -0.161
    114       O      5       6.000          6.050                        -0.050
    115       O      5       6.000          6.129                        -0.129
    116       O      5       6.000          6.123                        -0.123
    117       O      5       6.000          6.004                        -0.004
    118       O      5       6.000          6.127                        -0.127
    119       O      5       6.000          6.044                        -0.044
    120       O      5       6.000          6.094                        -0.094
    121       O      5       6.000          5.994                         0.006
    122       O      5       6.000          5.995                         0.005
    123       O      5       6.000          6.206                        -0.206
    124       O      5       6.000          6.139                        -0.139
    125       N      4       5.000          5.158                        -0.158
    126       N      4       5.000          5.144                        -0.144
    127       C      3       4.000          4.182                        -0.182
    128       C      3       4.000          4.283                        -0.283
    129       C      3       4.000          4.931                        -0.931
    130       H      2       1.000          0.523                         0.477
    131       H      2       1.000          0.524                         0.476
    132       H      2       1.000          0.545                         0.455
    133       H      2       1.000          0.516                         0.484
    134       H      2       1.000          0.552                         0.448
    135       C      3       4.000          4.305                        -0.305
    136       C      3       4.000          4.817                        -0.817
    137       H      2       1.000          0.548                         0.452
    138       H      2       1.000          0.569                         0.431
    139       H      2       1.000          0.557                         0.443
    140       C      3       4.000          5.320                        -1.320
    141       H      2       1.000          0.567                         0.433
    142       H      2       1.000          0.552                         0.448
    143       H      2       1.000          0.557                         0.443
    144       C      3       4.000          4.539                        -0.539
    145       C      3       4.000          4.781                        -0.781
    146       H      2       1.000          0.540                         0.460
    147       H      2       1.000          0.547                         0.453
    148       H      2       1.000          0.565                         0.435
    149       H      2       1.000          0.528                         0.472
    150       F      6       7.000          6.888                         0.112
    151       F      6       7.000          6.982                         0.018
    152       F      6       7.000          7.014                        -0.014
    153       F      6       7.000          6.795                         0.205
    154       O      5       6.000          6.246                        -0.246
    155       C      3       4.000          3.871                         0.129
    156       F      6       7.000          6.900                         0.100
    157       C      3       4.000          3.878                         0.122
    158       F      6       7.000          6.952                         0.048
    159       S      7       6.000          6.211                        -0.211
    160       S      7       6.000          6.188                        -0.188
    161       O      5       6.000          5.823                         0.177
    162       O      5       6.000          5.964                         0.036
    163       O      5       6.000          5.733                         0.267
    164       N      4       5.000          4.822                         0.178

  Total Charge                                                            0.067
 !-----------------------------------------------------------------------------!

 ENERGY| Total FORCE_EVAL ( QS ) energy [hartree]          -1520.758587805953994

 *******************************************************************************
 **                 BAND EVALUATION OF ENERGIES AND FORCES                    **
 *******************************************************************************
 **                                                                           **
 **                                                                           **
 ** Replica Env Nr. :    4              Replica Band Nr. :   12               **
 ** Band  Step  Nr. :    1                                                    **
 *******************************************************************************

 Number of electrons:                                                        674
 Number of occupied orbitals:                                                375
 Number of molecular orbitals:                                               437

 Number of orbital functions:                                               1844
 Number of independent orbital functions:                                   1844

 Parameters for the always stable predictor-corrector (ASPC) method:

  ASPC order: 1

  B(1) =   2.500000
  B(2) =  -2.000000
  B(3) =   0.500000

 *** WARNING in fm/cp_fm_elpa.F:521 :: Setting real_kernel for ELPA failed ***


 Extrapolation method: ASPC


 SCF WAVEFUNCTION OPTIMIZATION

  Step     Update method      Time    Convergence         Total energy    Change
  ------------------------------------------------------------------------------

 *** WARNING in fm/cp_fm_elpa.F:521 :: Setting real_kernel for ELPA failed ***

     1 Broy./Diag. 0.15E+00    8.8     0.15963393     -1521.0311189758 -1.52E+03

 *** WARNING in fm/cp_fm_elpa.F:521 :: Setting real_kernel for ELPA failed ***

     2 Broy./Diag. 0.15E+00   12.5     0.03605785     -1520.9908326099  4.03E-02

 *** WARNING in fm/cp_fm_elpa.F:521 :: Setting real_kernel for ELPA failed ***

     3 Broy./Diag. 0.15E+00   12.9     0.01409367     -1520.9925801492 -1.75E-03

 *** WARNING in fm/cp_fm_elpa.F:521 :: Setting real_kernel for ELPA failed ***

     4 Broy./Diag. 0.15E+00   12.8     0.02071536     -1521.0239257555 -3.13E-02

 *** WARNING in fm/cp_fm_elpa.F:521 :: Setting real_kernel for ELPA failed ***

     5 Broy./Diag. 0.15E+00   12.8     0.01994675     -1521.0335884383 -9.66E-03

 *** WARNING in fm/cp_fm_elpa.F:521 :: Setting real_kernel for ELPA failed ***

     6 Broy./Diag. 0.15E+00   13.0     0.00867912     -1521.0463116517 -1.27E-02

 *** WARNING in fm/cp_fm_elpa.F:521 :: Setting real_kernel for ELPA failed ***

     7 Broy./Diag. 0.15E+00   12.3     0.00314865     -1521.0422812911  4.03E-03

 *** WARNING in fm/cp_fm_elpa.F:521 :: Setting real_kernel for ELPA failed ***

     8 Broy./Diag. 0.15E+00   11.2     0.00167174     -1521.0363854351  5.90E-03

 *** WARNING in fm/cp_fm_elpa.F:521 :: Setting real_kernel for ELPA failed ***

     9 Broy./Diag. 0.15E+00   11.0     0.00050907     -1521.0322472640  4.14E-03

 *** WARNING in fm/cp_fm_elpa.F:521 :: Setting real_kernel for ELPA failed ***

    10 Broy./Diag. 0.15E+00   11.1     0.00051658     -1521.0319434902  3.04E-04

 *** WARNING in fm/cp_fm_elpa.F:521 :: Setting real_kernel for ELPA failed ***

    11 Broy./Diag. 0.15E+00   11.1     0.00064571     -1521.0309186766  1.02E-03

 *** WARNING in fm/cp_fm_elpa.F:521 :: Setting real_kernel for ELPA failed ***

    12 Broy./Diag. 0.15E+00   11.2     0.00071007     -1521.0311697001 -2.51E-04

 *** WARNING in fm/cp_fm_elpa.F:521 :: Setting real_kernel for ELPA failed ***

    13 Broy./Diag. 0.15E+00   11.2     0.00021293     -1521.0310304605  1.39E-04

 *** WARNING in fm/cp_fm_elpa.F:521 :: Setting real_kernel for ELPA failed ***

    14 Broy./Diag. 0.15E+00   11.0     0.00005376     -1521.0310882177 -5.78E-05

 *** WARNING in fm/cp_fm_elpa.F:521 :: Setting real_kernel for ELPA failed ***

    15 Broy./Diag. 0.15E+00   11.0     0.00007566     -1521.0312249596 -1.37E-04

 *** WARNING in fm/cp_fm_elpa.F:521 :: Setting real_kernel for ELPA failed ***

    16 Broy./Diag. 0.15E+00   10.9     0.00008401     -1521.0313905091 -1.66E-04

 *** WARNING in fm/cp_fm_elpa.F:521 :: Setting real_kernel for ELPA failed ***

    17 Broy./Diag. 0.15E+00   10.9     0.00004312     -1521.0313913920 -8.83E-07

  *** SCF run converged in    17 steps ***


  Electronic density on regular grids:       -673.9999999137        0.0000000863
  Core density on regular grids:              673.9999999671       -0.0000000329
  Total charge density on r-space grids:        0.0000000535
  Total charge density g-space grids:           0.0000000535

  Overlap energy of the core charge distribution:              11.83780254998880
  Self energy of the core charge distribution:              -3774.19779000501012
  Core Hamiltonian energy:                                   1211.24850876217829
  Hartree energy:                                            1398.02648316914792
  Exchange-correlation energy:                               -367.71168893243942
  Dispersion energy:                                           -0.21285477996810
  Electronic entropic energy:                                  -0.02185215559817
  Fermi energy:                                                 0.02616954844143

  Total energy:                                             -1521.03139139204677

 !-----------------------------------------------------------------------------!
                     Mulliken Population Analysis

 #  Atom  Element  Kind  Atomic population                           Net charge
       1     Ti       1         11.013011                              0.986989
       2     Ti       1         11.012219                              0.987781
       3     Ti       1         10.984834                              1.015166
       4     Ti       1         10.980729                              1.019271
       5     Ti       1         11.027204                              0.972796
       6     Ti       1         11.019499                              0.980501
       7     Ti       1         11.002454                              0.997546
       8     Ti       1         10.991538                              1.008462
       9     H        2          0.930797                              0.069203
      10     H        2          0.931531                              0.068469
      11     H        2          0.939779                              0.060221
      12     H        2          0.920948                              0.079052
      13     H        2          0.940929                              0.059071
      14     H        2          0.948085                              0.051915
      15     H        2          0.927680                              0.072320
      16     H        2          0.944467                              0.055533
      17     H        2          0.934035                              0.065965
      18     H        2          0.927710                              0.072290
      19     H        2          0.928009                              0.071991
      20     H        2          0.930135                              0.069865
      21     H        2          0.871631                              0.128369
      22     H        2          0.867985                              0.132015
      23     H        2          0.934905                              0.065095
      24     H        2          0.940358                              0.059642
      25     H        2          0.936035                              0.063965
      26     H        2          0.930688                              0.069312
      27     H        2          0.929613                              0.070387
      28     H        2          0.934151                              0.065849
      29     H        2          0.887316                              0.112684
      30     H        2          0.931145                              0.068855
      31     H        2          0.838062                              0.161938
      32     H        2          0.838870                              0.161130
      33     H        2          0.886414                              0.113586
      34     H        2          0.890035                              0.109965
      35     H        2          0.899117                              0.100883
      36     H        2          0.886082                              0.113918
      37     H        2          0.901655                              0.098345
      38     H        2          0.891420                              0.108580
      39     H        2          0.937775                              0.062225
      40     H        2          0.924926                              0.075074
      41     H        2          0.945120                              0.054880
      42     H        2          0.861549                              0.138451
      43     C        3          3.775789                              0.224211
      44     C        3          3.777765                              0.222235
      45     C        3          3.787825                              0.212175
      46     C        3          3.782346                              0.217654
      47     C        3          4.068590                             -0.068590
      48     C        3          4.032661                             -0.032661
      49     C        3          4.079167                             -0.079167
      50     C        3          4.057746                             -0.057746
      51     C        3          3.974805                              0.025195
      52     C        3          4.041752                             -0.041752
      53     C        3          3.941029                              0.058971
      54     C        3          3.983612                              0.016388
      55     C        3          4.048692                             -0.048692
      56     C        3          4.012586                             -0.012586
      57     C        3          4.005586                             -0.005586
      58     C        3          4.038000                             -0.038000
      59     C        3          4.043261                             -0.043261
      60     C        3          4.047235                             -0.047235
      61     C        3          4.057092                             -0.057092
      62     C        3          4.090917                             -0.090917
      63     C        3          4.025565                             -0.025565
      64     C        3          4.069447                             -0.069447
      65     C        3          4.036408                             -0.036408
      66     C        3          4.037206                             -0.037206
      67     C        3          3.791300                              0.208700
      68     C        3          3.812651                              0.187349
      69     C        3          3.802842                              0.197158
      70     C        3          3.800115                              0.199885
      71     C        3          3.810447                              0.189553
      72     C        3          3.804566                              0.195434
      73     C        3          4.024444                             -0.024444
      74     C        3          4.038149                             -0.038149
      75     C        3          4.022407                             -0.022407
      76     C        3          4.025483                             -0.025483
      77     C        3          4.059697                             -0.059697
      78     C        3          4.047312                             -0.047312
      79     C        3          4.056940                             -0.056940
      80     C        3          4.033568                             -0.033568
      81     C        3          4.061392                             -0.061392
      82     C        3          3.994941                              0.005059
      83     C        3          4.027333                             -0.027333
      84     C        3          4.040781                             -0.040781
      85     C        3          4.008676                             -0.008676
      86     C        3          4.041162                             -0.041162
      87     C        3          3.991771                              0.008229
      88     C        3          4.049104                             -0.049104
      89     N        4          4.973967                              0.026033
      90     N        4          5.099582                             -0.099582
      91     N        4          5.068389                             -0.068389
      92     N        4          5.076041                             -0.076041
      93     O        5          6.365352                             -0.365352
      94     O        5          6.333052                             -0.333052
      95     O        5          6.309656                             -0.309656
      96     O        5          6.294204                             -0.294204
      97     O        5          6.338946                             -0.338946
      98     O        5          6.345194                             -0.345194
      99     O        5          6.295163                             -0.295163
     100     O        5          6.264494                             -0.264494
     101     O        5          6.464295                             -0.464295
     102     O        5          6.512544                             -0.512544
     103     O        5          6.507034                             -0.507034
     104     O        5          6.483252                             -0.483252
     105     O        5          6.490237                             -0.490237
     106     O        5          6.531557                             -0.531557
     107     O        5          6.512681                             -0.512681
     108     O        5          6.471223                             -0.471223
     109     O        5          6.367183                             -0.367183
     110     O        5          6.367839                             -0.367839
     111     O        5          6.392904                             -0.392904
     112     O        5          6.331817                             -0.331817
     113     O        5          6.504448                             -0.504448
     114     O        5          6.288986                             -0.288986
     115     O        5          6.370970                             -0.370970
     116     O        5          6.357784                             -0.357784
     117     O        5          6.296475                             -0.296475
     118     O        5          6.402371                             -0.402371
     119     O        5          6.289074                             -0.289074
     120     O        5          6.465394                             -0.465394
     121     O        5          6.539289                             -0.539289
     122     O        5          6.535676                             -0.535676
     123     O        5          6.512248                             -0.512248
     124     O        5          6.495020                             -0.495020
     125     N        4          4.872124                              0.127876
     126     N        4          4.844111                              0.155889
     127     C        3          3.915124                              0.084876
     128     C        3          3.978398                              0.021602
     129     C        3          4.177712                             -0.177712
     130     H        2          0.925723                              0.074277
     131     H        2          0.935256                              0.064744
     132     H        2          0.915252                              0.084748
     133     H        2          0.907977                              0.092023
     134     H        2          0.915884                              0.084116
     135     C        3          3.988901                              0.011099
     136     C        3          4.148756                             -0.148756
     137     H        2          0.916073                              0.083927
     138     H        2          0.923072                              0.076928
     139     H        2          0.912655                              0.087345
     140     C        3          4.272203                             -0.272203
     141     H        2          0.931568                              0.068432
     142     H        2          0.912698                              0.087302
     143     H        2          0.916160                              0.083840
     144     C        3          4.082921                             -0.082921
     145     C        3          4.153444                             -0.153444
     146     H        2          0.902386                              0.097614
     147     H        2          0.904277                              0.095723
     148     H        2          0.920875                              0.079125
     149     H        2          0.941619                              0.058381
     150     F        6          7.182098                             -0.182098
     151     F        6          7.435335                             -0.435335
     152     F        6          6.345693                              0.654307
     153     F        6          6.909498                              0.090502
     154     O        5          5.778435                              0.221565
     155     C        3          1.894146                              2.105854
     156     F        6          6.877597                              0.122403
     157     C        3          2.106897                              1.893103
     158     F        6          6.746359                              0.253641
     159     S        7          6.642311                             -0.642311
     160     S        7          7.921534                             -1.921534
     161     O        5          5.104776                              0.895224
     162     O        5          6.115636                             -0.115636
     163     O        5          5.188161                              0.811839
     164     N        4          8.021403                             -3.021403
 # Total charge                            674.000000                  0.000000

 !-----------------------------------------------------------------------------!

 !-----------------------------------------------------------------------------!
                           Hirshfeld Charges

  #Atom  Element  Kind  Ref Charge     Population                    Net charge
      1       Ti     1      12.000         13.347                        -1.347
      2       Ti     1      12.000         13.468                        -1.468
      3       Ti     1      12.000         13.221                        -1.221
      4       Ti     1      12.000         13.229                        -1.229
      5       Ti     1      12.000         13.512                        -1.512
      6       Ti     1      12.000         13.367                        -1.367
      7       Ti     1      12.000         13.240                        -1.240
      8       Ti     1      12.000         13.288                        -1.288
      9       H      2       1.000          0.545                         0.455
     10       H      2       1.000          0.542                         0.458
     11       H      2       1.000          0.552                         0.448
     12       H      2       1.000          0.517                         0.483
     13       H      2       1.000          0.554                         0.446
     14       H      2       1.000          0.532                         0.468
     15       H      2       1.000          0.531                         0.469
     16       H      2       1.000          0.531                         0.469
     17       H      2       1.000          0.555                         0.445
     18       H      2       1.000          0.544                         0.456
     19       H      2       1.000          0.542                         0.458
     20       H      2       1.000          0.559                         0.441
     21       H      2       1.000          0.433                         0.567
     22       H      2       1.000          0.436                         0.564
     23       H      2       1.000          0.547                         0.453
     24       H      2       1.000          0.547                         0.453
     25       H      2       1.000          0.557                         0.443
     26       H      2       1.000          0.558                         0.442
     27       H      2       1.000          0.533                         0.467
     28       H      2       1.000          0.557                         0.443
     29       H      2       1.000          0.445                         0.555
     30       H      2       1.000          0.545                         0.455
     31       H      2       1.000          0.419                         0.581
     32       H      2       1.000          0.419                         0.581
     33       H      2       1.000          0.483                         0.517
     34       H      2       1.000          0.467                         0.533
     35       H      2       1.000          0.481                         0.519
     36       H      2       1.000          0.460                         0.540
     37       H      2       1.000          0.487                         0.513
     38       H      2       1.000          0.465                         0.535
     39       H      2       1.000          0.543                         0.457
     40       H      2       1.000          0.543                         0.457
     41       H      2       1.000          0.546                         0.454
     42       H      2       1.000          0.577                         0.423
     43       C      3       4.000          3.476                         0.524
     44       C      3       4.000          3.469                         0.531
     45       C      3       4.000          3.490                         0.510
     46       C      3       4.000          3.479                         0.521
     47       C      3       4.000          4.023                        -0.023
     48       C      3       4.000          3.981                         0.019
     49       C      3       4.000          4.030                        -0.030
     50       C      3       4.000          3.991                         0.009
     51       C      3       4.000          3.874                         0.126
     52       C      3       4.000          4.424                        -0.424
     53       C      3       4.000          3.870                         0.130
     54       C      3       4.000          4.386                        -0.386
     55       C      3       4.000          4.380                        -0.380
     56       C      3       4.000          4.389                        -0.389
     57       C      3       4.000          4.372                        -0.372
     58       C      3       4.000          4.410                        -0.410
     59       C      3       4.000          4.008                        -0.008
     60       C      3       4.000          4.359                        -0.359
     61       C      3       4.000          4.326                        -0.326
     62       C      3       4.000          4.014                        -0.014
     63       C      3       4.000          4.028                        -0.028
     64       C      3       4.000          4.051                        -0.051
     65       C      3       4.000          4.028                        -0.028
     66       C      3       4.000          4.054                        -0.054
     67       C      3       4.000          3.475                         0.525
     68       C      3       4.000          3.501                         0.499
     69       C      3       4.000          3.507                         0.493
     70       C      3       4.000          3.665                         0.335
     71       C      3       4.000          3.687                         0.313
     72       C      3       4.000          3.521                         0.479
     73       C      3       4.000          4.386                        -0.386
     74       C      3       4.000          4.413                        -0.413
     75       C      3       4.000          4.402                        -0.402
     76       C      3       4.000          4.362                        -0.362
     77       C      3       4.000          4.423                        -0.423
     78       C      3       4.000          4.388                        -0.388
     79       C      3       4.000          4.405                        -0.405
     80       C      3       4.000          4.477                        -0.477
     81       C      3       4.000          4.308                        -0.308
     82       C      3       4.000          4.357                        -0.357
     83       C      3       4.000          4.393                        -0.393
     84       C      3       4.000          4.393                        -0.393
     85       C      3       4.000          3.887                         0.113
     86       C      3       4.000          4.384                        -0.384
     87       C      3       4.000          4.450                        -0.450
     88       C      3       4.000          3.918                         0.082
     89       N      4       5.000          5.827                        -0.827
     90       N      4       5.000          5.951                        -0.951
     91       N      4       5.000          5.931                        -0.931
     92       N      4       5.000          5.954                        -0.954
     93       O      5       6.000          6.177                        -0.177
     94       O      5       6.000          6.131                        -0.131
     95       O      5       6.000          6.160                        -0.160
     96       O      5       6.000          6.137                        -0.137
     97       O      5       6.000          6.137                        -0.137
     98       O      5       6.000          6.135                        -0.135
     99       O      5       6.000          6.114                        -0.114
    100       O      5       6.000          6.102                        -0.102
    101       O      5       6.000          5.716                         0.284
    102       O      5       6.000          5.738                         0.262
    103       O      5       6.000          5.758                         0.242
    104       O      5       6.000          5.714                         0.286
    105       O      5       6.000          5.704                         0.296
    106       O      5       6.000          5.794                         0.206
    107       O      5       6.000          5.760                         0.240
    108       O      5       6.000          5.702                         0.298
    109       O      5       6.000          6.133                        -0.133
    110       O      5       6.000          6.131                        -0.131
    111       O      5       6.000          6.137                        -0.137
    112       O      5       6.000          6.070                        -0.070
    113       O      5       6.000          6.161                        -0.161
    114       O      5       6.000          6.050                        -0.050
    115       O      5       6.000          6.129                        -0.129
    116       O      5       6.000          6.123                        -0.123
    117       O      5       6.000          6.004                        -0.004
    118       O      5       6.000          6.127                        -0.127
    119       O      5       6.000          6.044                        -0.044
    120       O      5       6.000          6.094                        -0.094
    121       O      5       6.000          5.994                         0.006
    122       O      5       6.000          5.995                         0.005
    123       O      5       6.000          6.206                        -0.206
    124       O      5       6.000          6.139                        -0.139
    125       N      4       5.000          5.158                        -0.158
    126       N      4       5.000          5.144                        -0.144
    127       C      3       4.000          4.182                        -0.182
    128       C      3       4.000          4.283                        -0.283
    129       C      3       4.000          4.931                        -0.931
    130       H      2       1.000          0.523                         0.477
    131       H      2       1.000          0.524                         0.476
    132       H      2       1.000          0.545                         0.455
    133       H      2       1.000          0.516                         0.484
    134       H      2       1.000          0.552                         0.448
    135       C      3       4.000          4.305                        -0.305
    136       C      3       4.000          4.817                        -0.817
    137       H      2       1.000          0.548                         0.452
    138       H      2       1.000          0.569                         0.431
    139       H      2       1.000          0.557                         0.443
    140       C      3       4.000          5.320                        -1.320
    141       H      2       1.000          0.567                         0.433
    142       H      2       1.000          0.552                         0.448
    143       H      2       1.000          0.557                         0.443
    144       C      3       4.000          4.539                        -0.539
    145       C      3       4.000          4.781                        -0.781
    146       H      2       1.000          0.540                         0.460
    147       H      2       1.000          0.547                         0.453
    148       H      2       1.000          0.565                         0.435
    149       H      2       1.000          0.528                         0.472
    150       F      6       7.000          6.888                         0.112
    151       F      6       7.000          6.982                         0.018
    152       F      6       7.000          7.014                        -0.014
    153       F      6       7.000          6.794                         0.206
    154       O      5       6.000          6.246                        -0.246
    155       C      3       4.000          3.871                         0.129
    156       F      6       7.000          6.900                         0.100
    157       C      3       4.000          3.878                         0.122
    158       F      6       7.000          6.952                         0.048
    159       S      7       6.000          6.211                        -0.211
    160       S      7       6.000          6.187                        -0.187
    161       O      5       6.000          5.824                         0.176
    162       O      5       6.000          5.964                         0.036
    163       O      5       6.000          5.733                         0.267
    164       N      4       5.000          4.823                         0.177

  Total Charge                                                            0.067
 !-----------------------------------------------------------------------------!

 ENERGY| Total FORCE_EVAL ( QS ) energy [hartree]          -1521.031413074332932

 *******************************************************************************
 **                 BAND EVALUATION OF ENERGIES AND FORCES                    **
 *******************************************************************************
 **                                                                           **
 **                                                                           **
 ** Replica Env Nr. :    4              Replica Band Nr. :   12               **
 ** Band  Step  Nr. :    1                                                    **
 *******************************************************************************

 Number of electrons:                                                        674
 Number of occupied orbitals:                                                375
 Number of molecular orbitals:                                               437

 Number of orbital functions:                                               1844
 Number of independent orbital functions:                                   1844

 Parameters for the always stable predictor-corrector (ASPC) method:

  ASPC order: 3

  B(1) =   3.000000
  B(2) =  -3.428571
  B(3) =   1.928571
  B(4) =  -0.571429
  B(5) =   0.071429

 *** WARNING in fm/cp_fm_elpa.F:521 :: Setting real_kernel for ELPA failed ***


 Extrapolation method: ASPC


 SCF WAVEFUNCTION OPTIMIZATION

  Step     Update method      Time    Convergence         Total energy    Change
  ------------------------------------------------------------------------------

 *** WARNING in fm/cp_fm_elpa.F:521 :: Setting real_kernel for ELPA failed ***

     1 Broy./Diag. 0.15E+00    8.6     0.05301072     -1521.0313803832 -1.52E+03

 *** WARNING in fm/cp_fm_elpa.F:521 :: Setting real_kernel for ELPA failed ***

     2 Broy./Diag. 0.15E+00   11.4     0.01337236     -1521.0176898643  1.37E-02

 *** WARNING in fm/cp_fm_elpa.F:521 :: Setting real_kernel for ELPA failed ***

     3 Broy./Diag. 0.15E+00   12.0     0.00466281     -1521.0182001404 -5.10E-04

 *** WARNING in fm/cp_fm_elpa.F:521 :: Setting real_kernel for ELPA failed ***

     4 Broy./Diag. 0.15E+00   12.2     0.00973368     -1521.0287323676 -1.05E-02

 *** WARNING in fm/cp_fm_elpa.F:521 :: Setting real_kernel for ELPA failed ***

     5 Broy./Diag. 0.15E+00   12.3     0.00691546     -1521.0309161080 -2.18E-03

 *** WARNING in fm/cp_fm_elpa.F:521 :: Setting real_kernel for ELPA failed ***

     6 Broy./Diag. 0.15E+00   12.2     0.00166689     -1521.0357524249 -4.84E-03

 *** WARNING in fm/cp_fm_elpa.F:521 :: Setting real_kernel for ELPA failed ***

     7 Broy./Diag. 0.15E+00   11.5     0.00091562     -1521.0350818175  6.71E-04

 *** WARNING in fm/cp_fm_elpa.F:521 :: Setting real_kernel for ELPA failed ***

     8 Broy./Diag. 0.15E+00   11.1     0.00055976     -1521.0330514387  2.03E-03

 *** WARNING in fm/cp_fm_elpa.F:521 :: Setting real_kernel for ELPA failed ***

     9 Broy./Diag. 0.15E+00   11.1     0.00017291     -1521.0316840136  1.37E-03

 *** WARNING in fm/cp_fm_elpa.F:521 :: Setting real_kernel for ELPA failed ***

    10 Broy./Diag. 0.15E+00   11.3     0.00025034     -1521.0316039455  8.01E-05

 *** WARNING in fm/cp_fm_elpa.F:521 :: Setting real_kernel for ELPA failed ***

    11 Broy./Diag. 0.15E+00   11.2     0.00028345     -1521.0312403207  3.64E-04

 *** WARNING in fm/cp_fm_elpa.F:521 :: Setting real_kernel for ELPA failed ***

    12 Broy./Diag. 0.15E+00   11.2     0.00021225     -1521.0313020284 -6.17E-05

 *** WARNING in fm/cp_fm_elpa.F:521 :: Setting real_kernel for ELPA failed ***

    13 Broy./Diag. 0.15E+00   11.2     0.00003441     -1521.0312939636  8.06E-06

  *** SCF run converged in    13 steps ***


  Electronic density on regular grids:       -673.9999999137        0.0000000863
  Core density on regular grids:              673.9999999671       -0.0000000329
  Total charge density on r-space grids:        0.0000000535
  Total charge density g-space grids:           0.0000000535

  Overlap energy of the core charge distribution:              11.83780254998880
  Self energy of the core charge distribution:              -3774.19779000501012
  Core Hamiltonian energy:                                   1211.24852944333406
  Hartree energy:                                            1398.02655255768695
  Exchange-correlation energy:                               -367.71168171543383
  Dispersion energy:                                           -0.21285477996810
  Electronic entropic energy:                                  -0.02185212122263
  Fermi energy:                                                 0.02616944020614

  Total energy:                                             -1521.03129396364716

 !-----------------------------------------------------------------------------!
                     Mulliken Population Analysis

 #  Atom  Element  Kind  Atomic population                           Net charge
       1     Ti       1         11.013011                              0.986989
       2     Ti       1         11.012202                              0.987798
       3     Ti       1         10.984834                              1.015166
       4     Ti       1         10.980730                              1.019270
       5     Ti       1         11.027214                              0.972786
       6     Ti       1         11.019496                              0.980504
       7     Ti       1         11.002453                              0.997547
       8     Ti       1         10.991538                              1.008462
       9     H        2          0.930797                              0.069203
      10     H        2          0.931531                              0.068469
      11     H        2          0.939779                              0.060221
      12     H        2          0.920948                              0.079052
      13     H        2          0.940929                              0.059071
      14     H        2          0.948084                              0.051916
      15     H        2          0.927680                              0.072320
      16     H        2          0.944467                              0.055533
      17     H        2          0.934034                              0.065966
      18     H        2          0.927710                              0.072290
      19     H        2          0.928009                              0.071991
      20     H        2          0.930135                              0.069865
      21     H        2          0.871631                              0.128369
      22     H        2          0.867985                              0.132015
      23     H        2          0.934905                              0.065095
      24     H        2          0.940358                              0.059642
      25     H        2          0.936035                              0.063965
      26     H        2          0.930687                              0.069313
      27     H        2          0.929613                              0.070387
      28     H        2          0.934151                              0.065849
      29     H        2          0.887316                              0.112684
      30     H        2          0.931145                              0.068855
      31     H        2          0.838062                              0.161938
      32     H        2          0.838870                              0.161130
      33     H        2          0.886414                              0.113586
      34     H        2          0.890035                              0.109965
      35     H        2          0.899118                              0.100882
      36     H        2          0.886082                              0.113918
      37     H        2          0.901655                              0.098345
      38     H        2          0.891420                              0.108580
      39     H        2          0.937774                              0.062226
      40     H        2          0.924925                              0.075075
      41     H        2          0.945120                              0.054880
      42     H        2          0.861549                              0.138451
      43     C        3          3.775789                              0.224211
      44     C        3          3.777765                              0.222235
      45     C        3          3.787825                              0.212175
      46     C        3          3.782347                              0.217653
      47     C        3          4.068590                             -0.068590
      48     C        3          4.032661                             -0.032661
      49     C        3          4.079168                             -0.079168
      50     C        3          4.057747                             -0.057747
      51     C        3          3.974805                              0.025195
      52     C        3          4.041751                             -0.041751
      53     C        3          3.941029                              0.058971
      54     C        3          3.983612                              0.016388
      55     C        3          4.048692                             -0.048692
      56     C        3          4.012586                             -0.012586
      57     C        3          4.005586                             -0.005586
      58     C        3          4.038000                             -0.038000
      59     C        3          4.043261                             -0.043261
      60     C        3          4.047235                             -0.047235
      61     C        3          4.057090                             -0.057090
      62     C        3          4.090918                             -0.090918
      63     C        3          4.025563                             -0.025563
      64     C        3          4.069447                             -0.069447
      65     C        3          4.036410                             -0.036410
      66     C        3          4.037205                             -0.037205
      67     C        3          3.791301                              0.208699
      68     C        3          3.812651                              0.187349
      69     C        3          3.802840                              0.197160
      70     C        3          3.800114                              0.199886
      71     C        3          3.810443                              0.189557
      72     C        3          3.804567                              0.195433
      73     C        3          4.024444                             -0.024444
      74     C        3          4.038149                             -0.038149
      75     C        3          4.022407                             -0.022407
      76     C        3          4.025483                             -0.025483
      77     C        3          4.059696                             -0.059696
      78     C        3          4.047312                             -0.047312
      79     C        3          4.056940                             -0.056940
      80     C        3          4.033569                             -0.033569
      81     C        3          4.061393                             -0.061393
      82     C        3          3.994941                              0.005059
      83     C        3          4.027334                             -0.027334
      84     C        3          4.040781                             -0.040781
      85     C        3          4.008675                             -0.008675
      86     C        3          4.041163                             -0.041163
      87     C        3          3.991771                              0.008229
      88     C        3          4.049103                             -0.049103
      89     N        4          4.973966                              0.026034
      90     N        4          5.099582                             -0.099582
      91     N        4          5.068390                             -0.068390
      92     N        4          5.076041                             -0.076041
      93     O        5          6.365352                             -0.365352
      94     O        5          6.333052                             -0.333052
      95     O        5          6.309656                             -0.309656
      96     O        5          6.294204                             -0.294204
      97     O        5          6.338946                             -0.338946
      98     O        5          6.345194                             -0.345194
      99     O        5          6.295164                             -0.295164
     100     O        5          6.264494                             -0.264494
     101     O        5          6.464296                             -0.464296
     102     O        5          6.512544                             -0.512544
     103     O        5          6.507035                             -0.507035
     104     O        5          6.483252                             -0.483252
     105     O        5          6.490237                             -0.490237
     106     O        5          6.531556                             -0.531556
     107     O        5          6.512681                             -0.512681
     108     O        5          6.471223                             -0.471223
     109     O        5          6.367183                             -0.367183
     110     O        5          6.367838                             -0.367838
     111     O        5          6.392904                             -0.392904
     112     O        5          6.331816                             -0.331816
     113     O        5          6.504448                             -0.504448
     114     O        5          6.288985                             -0.288985
     115     O        5          6.370970                             -0.370970
     116     O        5          6.357784                             -0.357784
     117     O        5          6.296475                             -0.296475
     118     O        5          6.402371                             -0.402371
     119     O        5          6.289074                             -0.289074
     120     O        5          6.465394                             -0.465394
     121     O        5          6.539290                             -0.539290
     122     O        5          6.535676                             -0.535676
     123     O        5          6.512248                             -0.512248
     124     O        5          6.495020                             -0.495020
     125     N        4          4.872124                              0.127876
     126     N        4          4.844111                              0.155889
     127     C        3          3.915124                              0.084876
     128     C        3          3.978398                              0.021602
     129     C        3          4.177712                             -0.177712
     130     H        2          0.925723                              0.074277
     131     H        2          0.935256                              0.064744
     132     H        2          0.915252                              0.084748
     133     H        2          0.907977                              0.092023
     134     H        2          0.915883                              0.084117
     135     C        3          3.988901                              0.011099
     136     C        3          4.148756                             -0.148756
     137     H        2          0.916073                              0.083927
     138     H        2          0.923072                              0.076928
     139     H        2          0.912655                              0.087345
     140     C        3          4.272203                             -0.272203
     141     H        2          0.931568                              0.068432
     142     H        2          0.912699                              0.087301
     143     H        2          0.916160                              0.083840
     144     C        3          4.082921                             -0.082921
     145     C        3          4.153444                             -0.153444
     146     H        2          0.902386                              0.097614
     147     H        2          0.904277                              0.095723
     148     H        2          0.920875                              0.079125
     149     H        2          0.941619                              0.058381
     150     F        6          7.182096                             -0.182096
     151     F        6          7.435334                             -0.435334
     152     F        6          6.345686                              0.654314
     153     F        6          6.909506                              0.090494
     154     O        5          5.778437                              0.221563
     155     C        3          1.894139                              2.105861
     156     F        6          6.877604                              0.122396
     157     C        3          2.106897                              1.893103
     158     F        6          6.746361                              0.253639
     159     S        7          6.642324                             -0.642324
     160     S        7          7.921527                             -1.921527
     161     O        5          5.104777                              0.895223
     162     O        5          6.115637                             -0.115637
     163     O        5          5.188161                              0.811839
     164     N        4          8.021410                             -3.021410
 # Total charge                            674.000000                  0.000000

 !-----------------------------------------------------------------------------!

 !-----------------------------------------------------------------------------!
                           Hirshfeld Charges

  #Atom  Element  Kind  Ref Charge     Population                    Net charge
      1       Ti     1      12.000         13.347                        -1.347
      2       Ti     1      12.000         13.468                        -1.468
      3       Ti     1      12.000         13.221                        -1.221
      4       Ti     1      12.000         13.229                        -1.229
      5       Ti     1      12.000         13.512                        -1.512
      6       Ti     1      12.000         13.367                        -1.367
      7       Ti     1      12.000         13.240                        -1.240
      8       Ti     1      12.000         13.288                        -1.288
      9       H      2       1.000          0.545                         0.455
     10       H      2       1.000          0.542                         0.458
     11       H      2       1.000          0.552                         0.448
     12       H      2       1.000          0.517                         0.483
     13       H      2       1.000          0.554                         0.446
     14       H      2       1.000          0.532                         0.468
     15       H      2       1.000          0.531                         0.469
     16       H      2       1.000          0.531                         0.469
     17       H      2       1.000          0.555                         0.445
     18       H      2       1.000          0.544                         0.456
     19       H      2       1.000          0.542                         0.458
     20       H      2       1.000          0.559                         0.441
     21       H      2       1.000          0.433                         0.567
     22       H      2       1.000          0.436                         0.564
     23       H      2       1.000          0.547                         0.453
     24       H      2       1.000          0.547                         0.453
     25       H      2       1.000          0.557                         0.443
     26       H      2       1.000          0.558                         0.442
     27       H      2       1.000          0.533                         0.467
     28       H      2       1.000          0.557                         0.443
     29       H      2       1.000          0.445                         0.555
     30       H      2       1.000          0.545                         0.455
     31       H      2       1.000          0.419                         0.581
     32       H      2       1.000          0.419                         0.581
     33       H      2       1.000          0.483                         0.517
     34       H      2       1.000          0.467                         0.533
     35       H      2       1.000          0.481                         0.519
     36       H      2       1.000          0.460                         0.540
     37       H      2       1.000          0.487                         0.513
     38       H      2       1.000          0.465                         0.535
     39       H      2       1.000          0.543                         0.457
     40       H      2       1.000          0.543                         0.457
     41       H      2       1.000          0.546                         0.454
     42       H      2       1.000          0.577                         0.423
     43       C      3       4.000          3.476                         0.524
     44       C      3       4.000          3.469                         0.531
     45       C      3       4.000          3.490                         0.510
     46       C      3       4.000          3.479                         0.521
     47       C      3       4.000          4.023                        -0.023
     48       C      3       4.000          3.981                         0.019
     49       C      3       4.000          4.030                        -0.030
     50       C      3       4.000          3.991                         0.009
     51       C      3       4.000          3.874                         0.126
     52       C      3       4.000          4.424                        -0.424
     53       C      3       4.000          3.870                         0.130
     54       C      3       4.000          4.386                        -0.386
     55       C      3       4.000          4.380                        -0.380
     56       C      3       4.000          4.389                        -0.389
     57       C      3       4.000          4.372                        -0.372
     58       C      3       4.000          4.410                        -0.410
     59       C      3       4.000          4.008                        -0.008
     60       C      3       4.000          4.359                        -0.359
     61       C      3       4.000          4.326                        -0.326
     62       C      3       4.000          4.014                        -0.014
     63       C      3       4.000          4.028                        -0.028
     64       C      3       4.000          4.051                        -0.051
     65       C      3       4.000          4.028                        -0.028
     66       C      3       4.000          4.054                        -0.054
     67       C      3       4.000          3.475                         0.525
     68       C      3       4.000          3.501                         0.499
     69       C      3       4.000          3.507                         0.493
     70       C      3       4.000          3.665                         0.335
     71       C      3       4.000          3.687                         0.313
     72       C      3       4.000          3.521                         0.479
     73       C      3       4.000          4.386                        -0.386
     74       C      3       4.000          4.413                        -0.413
     75       C      3       4.000          4.402                        -0.402
     76       C      3       4.000          4.362                        -0.362
     77       C      3       4.000          4.423                        -0.423
     78       C      3       4.000          4.388                        -0.388
     79       C      3       4.000          4.405                        -0.405
     80       C      3       4.000          4.477                        -0.477
     81       C      3       4.000          4.308                        -0.308
     82       C      3       4.000          4.357                        -0.357
     83       C      3       4.000          4.393                        -0.393
     84       C      3       4.000          4.393                        -0.393
     85       C      3       4.000          3.887                         0.113
     86       C      3       4.000          4.384                        -0.384
     87       C      3       4.000          4.450                        -0.450
     88       C      3       4.000          3.918                         0.082
     89       N      4       5.000          5.827                        -0.827
     90       N      4       5.000          5.951                        -0.951
     91       N      4       5.000          5.931                        -0.931
     92       N      4       5.000          5.954                        -0.954
     93       O      5       6.000          6.177                        -0.177
     94       O      5       6.000          6.131                        -0.131
     95       O      5       6.000          6.160                        -0.160
     96       O      5       6.000          6.137                        -0.137
     97       O      5       6.000          6.137                        -0.137
     98       O      5       6.000          6.135                        -0.135
     99       O      5       6.000          6.114                        -0.114
    100       O      5       6.000          6.102                        -0.102
    101       O      5       6.000          5.716                         0.284
    102       O      5       6.000          5.738                         0.262
    103       O      5       6.000          5.758                         0.242
    104       O      5       6.000          5.714                         0.286
    105       O      5       6.000          5.704                         0.296
    106       O      5       6.000          5.794                         0.206
    107       O      5       6.000          5.760                         0.240
    108       O      5       6.000          5.702                         0.298
    109       O      5       6.000          6.133                        -0.133
    110       O      5       6.000          6.131                        -0.131
    111       O      5       6.000          6.137                        -0.137
    112       O      5       6.000          6.070                        -0.070
    113       O      5       6.000          6.161                        -0.161
    114       O      5       6.000          6.050                        -0.050
    115       O      5       6.000          6.129                        -0.129
    116       O      5       6.000          6.123                        -0.123
    117       O      5       6.000          6.004                        -0.004
    118       O      5       6.000          6.127                        -0.127
    119       O      5       6.000          6.044                        -0.044
    120       O      5       6.000          6.094                        -0.094
    121       O      5       6.000          5.994                         0.006
    122       O      5       6.000          5.995                         0.005
    123       O      5       6.000          6.206                        -0.206
    124       O      5       6.000          6.139                        -0.139
    125       N      4       5.000          5.158                        -0.158
    126       N      4       5.000          5.144                        -0.144
    127       C      3       4.000          4.182                        -0.182
    128       C      3       4.000          4.283                        -0.283
    129       C      3       4.000          4.931                        -0.931
    130       H      2       1.000          0.523                         0.477
    131       H      2       1.000          0.524                         0.476
    132       H      2       1.000          0.545                         0.455
    133       H      2       1.000          0.516                         0.484
    134       H      2       1.000          0.552                         0.448
    135       C      3       4.000          4.305                        -0.305
    136       C      3       4.000          4.817                        -0.817
    137       H      2       1.000          0.548                         0.452
    138       H      2       1.000          0.569                         0.431
    139       H      2       1.000          0.557                         0.443
    140       C      3       4.000          5.320                        -1.320
    141       H      2       1.000          0.567                         0.433
    142       H      2       1.000          0.552                         0.448
    143       H      2       1.000          0.557                         0.443
    144       C      3       4.000          4.539                        -0.539
    145       C      3       4.000          4.781                        -0.781
    146       H      2       1.000          0.540                         0.460
    147       H      2       1.000          0.547                         0.453
    148       H      2       1.000          0.565                         0.435
    149       H      2       1.000          0.528                         0.472
    150       F      6       7.000          6.888                         0.112
    151       F      6       7.000          6.982                         0.018
    152       F      6       7.000          7.014                        -0.014
