
 *******************************************************************************
 **                 BAND EVALUATION OF ENERGIES AND FORCES                    **
 *******************************************************************************
 **                                                                           **
 **                                                                           **
 ** Replica Env Nr. :    1              Replica Band Nr. :    9               **
 ** Band  Step  Nr. :    0                                                    **
 *******************************************************************************

 Number of electrons:                                                        674
 Number of occupied orbitals:                                                366
 Number of molecular orbitals:                                               437

 Number of orbital functions:                                               1844
 Number of independent orbital functions:                                   1844

 Parameters for the always stable predictor-corrector (ASPC) method:

  ASPC order: 0

  B(1) =   1.000000

 *** WARNING in fm/cp_fm_elpa.F:521 :: Setting real_kernel for ELPA failed ***


 Extrapolation method: ASPC


 SCF WAVEFUNCTION OPTIMIZATION

  Step     Update method      Time    Convergence         Total energy    Change
  ------------------------------------------------------------------------------

 *** WARNING in fm/cp_fm_elpa.F:521 :: Setting real_kernel for ELPA failed ***

     1 Broy./Diag. 0.15E+00    8.5     0.00029396     -1625.7608456454 -1.63E+03

 *** WARNING in fm/cp_fm_elpa.F:521 :: Setting real_kernel for ELPA failed ***

     2 Broy./Diag. 0.15E+00   12.3     0.00026909     -1625.7664159492 -5.57E-03

 *** WARNING in fm/cp_fm_elpa.F:521 :: Setting real_kernel for ELPA failed ***

     3 Broy./Diag. 0.15E+00   12.4     0.00014814     -1625.7639134695  2.50E-03

 *** WARNING in fm/cp_fm_elpa.F:521 :: Setting real_kernel for ELPA failed ***

     4 Broy./Diag. 0.15E+00   12.9     0.00005910     -1625.7621875082  1.73E-03

 *** WARNING in fm/cp_fm_elpa.F:521 :: Setting real_kernel for ELPA failed ***

     5 Broy./Diag. 0.15E+00   12.7     0.00002500     -1625.7609575384  1.23E-03

  *** SCF run converged in     5 steps ***


  Electronic density on regular grids:       -673.9999999303        0.0000000697
  Core density on regular grids:              673.9999999671       -0.0000000329
  Total charge density on r-space grids:        0.0000000368
  Total charge density g-space grids:           0.0000000368

  Overlap energy of the core charge distribution:               0.00053095058775
  Self energy of the core charge distribution:              -3774.19779000501012
  Core Hamiltonian energy:                                   1084.74619034932925
  Hartree energy:                                            1417.01612079063466
  Exchange-correlation energy:                               -353.09505297875540
  Dispersion energy:                                           -0.22499236743286
  Electronic entropic energy:                                  -0.00596545773238
  Fermi energy:                                                -0.00697619531430

  Total energy:                                             -1625.76095753843515

 !-----------------------------------------------------------------------------!
                     Mulliken Population Analysis

 #  Atom  Element  Kind  Atomic population                           Net charge
       1     Ti       1         10.948968                              1.051032
       2     Ti       1         10.964124                              1.035876
       3     Ti       1         10.929091                              1.070909
       4     Ti       1         10.936566                              1.063434
       5     Ti       1         10.982115                              1.017885
       6     Ti       1         10.965169                              1.034831
       7     Ti       1         10.942693                              1.057307
       8     Ti       1         10.950608                              1.049392
       9     H        2          0.933159                              0.066841
      10     H        2          0.925189                              0.074811
      11     H        2          0.936309                              0.063691
      12     H        2          0.925033                              0.074967
      13     H        2          0.932003                              0.067997
      14     H        2          0.934395                              0.065605
      15     H        2          0.926277                              0.073723
      16     H        2          0.930816                              0.069184
      17     H        2          0.928399                              0.071601
      18     H        2          0.927210                              0.072790
      19     H        2          0.929509                              0.070491
      20     H        2          0.924948                              0.075052
      21     H        2          0.827487                              0.172513
      22     H        2          0.827815                              0.172185
      23     H        2          0.923951                              0.076049
      24     H        2          0.927562                              0.072438
      25     H        2          0.932372                              0.067628
      26     H        2          0.922767                              0.077233
      27     H        2          0.922006                              0.077994
      28     H        2          0.927898                              0.072102
      29     H        2          0.889086                              0.110914
      30     H        2          0.900221                              0.099779
      31     H        2          0.835971                              0.164029
      32     H        2          0.837307                              0.162693
      33     H        2          0.879492                              0.120508
      34     H        2          0.887335                              0.112665
      35     H        2          0.891341                              0.108659
      36     H        2          0.887827                              0.112173
      37     H        2          0.880553                              0.119447
      38     H        2          0.887979                              0.112021
      39     H        2          0.940439                              0.059561
      40     H        2          0.923054                              0.076946
      41     H        2          0.944244                              0.055756
      42     H        2          0.908515                              0.091485
      43     C        3          3.771768                              0.228232
      44     C        3          3.769669                              0.230331
      45     C        3          3.773896                              0.226104
      46     C        3          3.768161                              0.231839
      47     C        3          4.057262                             -0.057262
      48     C        3          4.026063                             -0.026063
      49     C        3          4.056150                             -0.056150
      50     C        3          4.028806                             -0.028806
      51     C        3          3.981622                              0.018378
      52     C        3          4.031969                             -0.031969
      53     C        3          3.977110                              0.022890
      54     C        3          4.034641                             -0.034641
      55     C        3          4.042087                             -0.042087
      56     C        3          4.012253                             -0.012253
      57     C        3          4.005735                             -0.005735
      58     C        3          4.041458                             -0.041458
      59     C        3          4.032121                             -0.032121
      60     C        3          4.046502                             -0.046502
      61     C        3          4.041636                             -0.041636
      62     C        3          4.036156                             -0.036156
      63     C        3          4.025078                             -0.025078
      64     C        3          4.065938                             -0.065938
      65     C        3          4.048312                             -0.048312
      66     C        3          4.026241                             -0.026241
      67     C        3          3.776404                              0.223596
      68     C        3          3.776968                              0.223032
      69     C        3          3.786078                              0.213922
      70     C        3          3.800224                              0.199776
      71     C        3          3.809802                              0.190198
      72     C        3          3.787984                              0.212016
      73     C        3          4.009920                             -0.009920
      74     C        3          4.037138                             -0.037138
      75     C        3          4.042479                             -0.042479
      76     C        3          4.010892                             -0.010892
      77     C        3          4.033084                             -0.033084
      78     C        3          4.024241                             -0.024241
      79     C        3          4.021283                             -0.021283
      80     C        3          4.046306                             -0.046306
      81     C        3          4.048412                             -0.048412
      82     C        3          4.000437                             -0.000437
      83     C        3          4.017619                             -0.017619
      84     C        3          4.036753                             -0.036753
      85     C        3          3.978158                              0.021842
      86     C        3          4.021285                             -0.021285
      87     C        3          4.020389                             -0.020389
      88     C        3          3.997979                              0.002021
      89     N        4          5.012606                             -0.012606
      90     N        4          5.064736                             -0.064736
      91     N        4          5.035078                             -0.035078
      92     N        4          5.035804                             -0.035804
      93     O        5          6.356922                             -0.356922
      94     O        5          6.313433                             -0.313433
      95     O        5          6.321395                             -0.321395
      96     O        5          6.287334                             -0.287334
      97     O        5          6.318904                             -0.318904
      98     O        5          6.328665                             -0.328665
      99     O        5          6.291866                             -0.291866
     100     O        5          6.279645                             -0.279645
     101     O        5          6.457897                             -0.457897
     102     O        5          6.502232                             -0.502232
     103     O        5          6.502200                             -0.502200
     104     O        5          6.456499                             -0.456499
     105     O        5          6.460183                             -0.460183
     106     O        5          6.513440                             -0.513440
     107     O        5          6.507663                             -0.507663
     108     O        5          6.456844                             -0.456844
     109     O        5          6.362876                             -0.362876
     110     O        5          6.355017                             -0.355017
     111     O        5          6.333684                             -0.333684
     112     O        5          6.337865                             -0.337865
     113     O        5          6.406419                             -0.406419
     114     O        5          6.300361                             -0.300361
     115     O        5          6.357231                             -0.357231
     116     O        5          6.353364                             -0.353364
     117     O        5          6.304459                             -0.304459
     118     O        5          6.323343                             -0.323343
     119     O        5          6.302089                             -0.302089
     120     O        5          6.379096                             -0.379096
     121     O        5          6.540646                             -0.540646
     122     O        5          6.535529                             -0.535529
     123     O        5          6.510710                             -0.510710
     124     O        5          6.503964                             -0.503964
     125     N        4          4.869440                              0.130560
     126     N        4          4.833451                              0.166549
     127     C        3          3.910788                              0.089212
     128     C        3          3.978117                              0.021883
     129     C        3          4.168715                             -0.168715
     130     H        2          0.926574                              0.073426
     131     H        2          0.932356                              0.067644
     132     H        2          0.911383                              0.088617
     133     H        2          0.910785                              0.089215
     134     H        2          0.907459                              0.092541
     135     C        3          3.978709                              0.021291
     136     C        3          4.129822                             -0.129822
     137     H        2          0.916100                              0.083900
     138     H        2          0.909857                              0.090143
     139     H        2          0.916853                              0.083147
     140     C        3          4.260537                             -0.260537
     141     H        2          0.916654                              0.083346
     142     H        2          0.929752                              0.070248
     143     H        2          0.907616                              0.092384
     144     C        3          4.104080                             -0.104080
     145     C        3          4.154489                             -0.154489
     146     H        2          0.908101                              0.091899
     147     H        2          0.911489                              0.088511
     148     H        2          0.915208                              0.084792
     149     H        2          0.939679                              0.060321
     150     F        6          6.985092                              0.014908
     151     F        6          6.925413                              0.074587
     152     F        6          7.209909                             -0.209909
     153     F        6          6.990752                              0.009248
     154     O        5          6.453807                             -0.453807
     155     C        3          3.849016                              0.150984
     156     F        6          7.057898                             -0.057898
     157     C        3          3.803254                              0.196746
     158     F        6          7.186432                             -0.186432
     159     S        7          6.395985                             -0.395985
     160     S        7          6.329392                             -0.329392
     161     O        5          5.844473                              0.155527
     162     O        5          5.699633                              0.300367
     163     O        5          6.166189                             -0.166189
     164     N        4          4.982471                              0.017529
 # Total charge                            674.000000                  0.000000

 !-----------------------------------------------------------------------------!

 !-----------------------------------------------------------------------------!
                           Hirshfeld Charges

  #Atom  Element  Kind  Ref Charge     Population                    Net charge
      1       Ti     1      12.000         13.350                        -1.350
      2       Ti     1      12.000         13.377                        -1.377
      3       Ti     1      12.000         13.175                        -1.175
      4       Ti     1      12.000         13.182                        -1.182
      5       Ti     1      12.000         13.427                        -1.427
      6       Ti     1      12.000         13.413                        -1.413
      7       Ti     1      12.000         13.190                        -1.190
      8       Ti     1      12.000         13.233                        -1.233
      9       H      2       1.000          0.547                         0.453
     10       H      2       1.000          0.543                         0.457
     11       H      2       1.000          0.550                         0.450
     12       H      2       1.000          0.539                         0.461
     13       H      2       1.000          0.546                         0.454
     14       H      2       1.000          0.543                         0.457
     15       H      2       1.000          0.541                         0.459
     16       H      2       1.000          0.541                         0.459
     17       H      2       1.000          0.545                         0.455
     18       H      2       1.000          0.544                         0.456
     19       H      2       1.000          0.543                         0.457
     20       H      2       1.000          0.546                         0.454
     21       H      2       1.000          0.418                         0.582
     22       H      2       1.000          0.419                         0.581
     23       H      2       1.000          0.543                         0.457
     24       H      2       1.000          0.543                         0.457
     25       H      2       1.000          0.546                         0.454
     26       H      2       1.000          0.544                         0.456
     27       H      2       1.000          0.537                         0.463
     28       H      2       1.000          0.545                         0.455
     29       H      2       1.000          0.462                         0.538
     30       H      2       1.000          0.489                         0.511
     31       H      2       1.000          0.418                         0.582
     32       H      2       1.000          0.419                         0.581
     33       H      2       1.000          0.481                         0.519
     34       H      2       1.000          0.465                         0.535
     35       H      2       1.000          0.476                         0.524
     36       H      2       1.000          0.463                         0.537
     37       H      2       1.000          0.476                         0.524
     38       H      2       1.000          0.462                         0.538
     39       H      2       1.000          0.545                         0.455
     40       H      2       1.000          0.542                         0.458
     41       H      2       1.000          0.547                         0.453
     42       H      2       1.000          0.545                         0.455
     43       C      3       4.000          3.470                         0.530
     44       C      3       4.000          3.456                         0.544
     45       C      3       4.000          3.473                         0.527
     46       C      3       4.000          3.459                         0.541
     47       C      3       4.000          4.026                        -0.026
     48       C      3       4.000          3.984                         0.016
     49       C      3       4.000          4.026                        -0.026
     50       C      3       4.000          3.987                         0.013
     51       C      3       4.000          3.860                         0.140
     52       C      3       4.000          4.411                        -0.411
     53       C      3       4.000          3.859                         0.141
     54       C      3       4.000          4.413                        -0.413
     55       C      3       4.000          4.407                        -0.407
     56       C      3       4.000          4.381                        -0.381
     57       C      3       4.000          4.372                        -0.372
     58       C      3       4.000          4.416                        -0.416
     59       C      3       4.000          3.998                         0.002
     60       C      3       4.000          4.356                        -0.356
     61       C      3       4.000          4.336                        -0.336
     62       C      3       4.000          3.997                         0.003
     63       C      3       4.000          3.990                         0.010
     64       C      3       4.000          4.039                        -0.039
     65       C      3       4.000          4.026                        -0.026
     66       C      3       4.000          3.993                         0.007
     67       C      3       4.000          3.462                         0.538
     68       C      3       4.000          3.462                         0.538
     69       C      3       4.000          3.482                         0.518
     70       C      3       4.000          3.540                         0.460
     71       C      3       4.000          3.554                         0.446
     72       C      3       4.000          3.484                         0.516
     73       C      3       4.000          4.371                        -0.371
     74       C      3       4.000          4.412                        -0.412
     75       C      3       4.000          4.404                        -0.404
     76       C      3       4.000          4.364                        -0.364
     77       C      3       4.000          4.404                        -0.404
     78       C      3       4.000          4.388                        -0.388
     79       C      3       4.000          4.380                        -0.380
     80       C      3       4.000          4.431                        -0.431
     81       C      3       4.000          4.372                        -0.372
     82       C      3       4.000          4.367                        -0.367
     83       C      3       4.000          4.382                        -0.382
     84       C      3       4.000          4.389                        -0.389
     85       C      3       4.000          3.873                         0.127
     86       C      3       4.000          4.393                        -0.393
     87       C      3       4.000          4.411                        -0.411
     88       C      3       4.000          3.880                         0.120
     89       N      4       5.000          5.900                        -0.900
     90       N      4       5.000          5.947                        -0.947
     91       N      4       5.000          5.915                        -0.915
     92       N      4       5.000          5.907                        -0.907
     93       O      5       6.000          6.169                        -0.169
     94       O      5       6.000          6.114                        -0.114
     95       O      5       6.000          6.166                        -0.166
     96       O      5       6.000          6.127                        -0.127
     97       O      5       6.000          6.119                        -0.119
     98       O      5       6.000          6.121                        -0.121
     99       O      5       6.000          6.105                        -0.105
    100       O      5       6.000          6.107                        -0.107
    101       O      5       6.000          5.708                         0.292
    102       O      5       6.000          5.728                         0.272
    103       O      5       6.000          5.732                         0.268
    104       O      5       6.000          5.700                         0.300
    105       O      5       6.000          5.685                         0.315
    106       O      5       6.000          5.763                         0.237
    107       O      5       6.000          5.755                         0.245
    108       O      5       6.000          5.686                         0.314
    109       O      5       6.000          6.127                        -0.127
    110       O      5       6.000          6.111                        -0.111
    111       O      5       6.000          6.123                        -0.123
    112       O      5       6.000          6.085                        -0.085
    113       O      5       6.000          6.117                        -0.117
    114       O      5       6.000          6.076                        -0.076
    115       O      5       6.000          6.113                        -0.113
    116       O      5       6.000          6.116                        -0.116
    117       O      5       6.000          6.028                        -0.028
    118       O      5       6.000          6.104                        -0.104
    119       O      5       6.000          6.076                        -0.076
    120       O      5       6.000          6.058                        -0.058
    121       O      5       6.000          5.990                         0.010
    122       O      5       6.000          5.990                         0.010
    123       O      5       6.000          6.054                        -0.054
    124       O      5       6.000          6.033                        -0.033
    125       N      4       5.000          5.156                        -0.156
    126       N      4       5.000          5.136                        -0.136
    127       C      3       4.000          4.180                        -0.180
    128       C      3       4.000          4.267                        -0.267
    129       C      3       4.000          4.952                        -0.952
    130       H      2       1.000          0.525                         0.475
    131       H      2       1.000          0.527                         0.473
    132       H      2       1.000          0.543                         0.457
    133       H      2       1.000          0.536                         0.464
    134       H      2       1.000          0.543                         0.457
    135       C      3       4.000          4.284                        -0.284
    136       C      3       4.000          4.780                        -0.780
    137       H      2       1.000          0.556                         0.444
    138       H      2       1.000          0.551                         0.449
    139       H      2       1.000          0.566                         0.434
    140       C      3       4.000          5.283                        -1.283
    141       H      2       1.000          0.556                         0.444
    142       H      2       1.000          0.565                         0.435
    143       H      2       1.000          0.552                         0.448
    144       C      3       4.000          4.558                        -0.558
    145       C      3       4.000          4.779                        -0.779
    146       H      2       1.000          0.546                         0.454
    147       H      2       1.000          0.554                         0.446
    148       H      2       1.000          0.560                         0.440
    149       H      2       1.000          0.528                         0.472
    150       F      6       7.000          7.218                        -0.218
    151       F      6       7.000          7.189                        -0.189
    152       F      6       7.000          7.375                        -0.375
    153       F      6       7.000          7.223                        -0.223
    154       O      5       6.000          6.486                        -0.486
    155       C      3       4.000          3.229                         0.771
    156       F      6       7.000          7.279                        -0.279
    157       C      3       4.000          3.216                         0.784
    158       F      6       7.000          7.348                        -0.348
    159       S      7       6.000          5.513                         0.487
    160       S      7       6.000          5.420                         0.580
    161       O      5       6.000          6.445                        -0.445
    162       O      5       6.000          6.381                        -0.381
    163       O      5       6.000          6.440                        -0.440
    164       N      4       5.000          5.249                        -0.249

  Total Charge                                                            0.050
 !-----------------------------------------------------------------------------!

 ENERGY| Total FORCE_EVAL ( QS ) energy [hartree]          -1625.760845711031607

 *******************************************************************************
 **                 BAND EVALUATION OF ENERGIES AND FORCES                    **
 *******************************************************************************
 **                                                                           **
 **                                                                           **
 ** Replica Env Nr. :    1              Replica Band Nr. :    9               **
 ** Band  Step  Nr. :    1                                                    **
 *******************************************************************************

 Number of electrons:                                                        674
 Number of occupied orbitals:                                                366
 Number of molecular orbitals:                                               437

 Number of orbital functions:                                               1844
 Number of independent orbital functions:                                   1844

 Parameters for the always stable predictor-corrector (ASPC) method:

  ASPC order: 1

  B(1) =   2.500000
  B(2) =  -2.000000
  B(3) =   0.500000

 *** WARNING in fm/cp_fm_elpa.F:521 :: Setting real_kernel for ELPA failed ***


 Extrapolation method: ASPC


 SCF WAVEFUNCTION OPTIMIZATION

  Step     Update method      Time    Convergence         Total energy    Change
  ------------------------------------------------------------------------------

 *** WARNING in fm/cp_fm_elpa.F:521 :: Setting real_kernel for ELPA failed ***

     1 Broy./Diag. 0.15E+00    8.1     0.00059146     -1625.7609790340 -1.63E+03

 *** WARNING in fm/cp_fm_elpa.F:521 :: Setting real_kernel for ELPA failed ***

     2 Broy./Diag. 0.15E+00   11.7     0.00065651     -1625.7626507928 -1.67E-03

 *** WARNING in fm/cp_fm_elpa.F:521 :: Setting real_kernel for ELPA failed ***

     3 Broy./Diag. 0.15E+00   11.8     0.00019777     -1625.7618066199  8.44E-04

 *** WARNING in fm/cp_fm_elpa.F:521 :: Setting real_kernel for ELPA failed ***

     4 Broy./Diag. 0.15E+00   11.8     0.00007168     -1625.7615336074  2.73E-04

 *** WARNING in fm/cp_fm_elpa.F:521 :: Setting real_kernel for ELPA failed ***

     5 Broy./Diag. 0.15E+00   12.1     0.00001624     -1625.7607496528  7.84E-04

  *** SCF run converged in     5 steps ***


  Electronic density on regular grids:       -673.9999999303        0.0000000697
  Core density on regular grids:              673.9999999671       -0.0000000329
  Total charge density on r-space grids:        0.0000000368
  Total charge density g-space grids:           0.0000000368

  Overlap energy of the core charge distribution:               0.00053078203819
  Self energy of the core charge distribution:              -3774.19779000501012
  Core Hamiltonian energy:                                   1084.74601130735573
  Hartree energy:                                            1417.01644097978851
  Exchange-correlation energy:                               -353.09498609644157
  Dispersion energy:                                           -0.22499238828717
  Electronic entropic energy:                                  -0.00596526000806
  Fermi energy:                                                -0.00697690526669

  Total energy:                                             -1625.76074965276030

 !-----------------------------------------------------------------------------!
                     Mulliken Population Analysis

 #  Atom  Element  Kind  Atomic population                           Net charge
       1     Ti       1         10.948969                              1.051031
       2     Ti       1         10.964130                              1.035870
       3     Ti       1         10.929084                              1.070916
       4     Ti       1         10.936565                              1.063435
       5     Ti       1         10.982106                              1.017894
       6     Ti       1         10.965179                              1.034821
       7     Ti       1         10.942690                              1.057310
       8     Ti       1         10.950606                              1.049394
       9     H        2          0.933155                              0.066845
      10     H        2          0.925188                              0.074812
      11     H        2          0.936309                              0.063691
      12     H        2          0.925035                              0.074965
      13     H        2          0.932002                              0.067998
      14     H        2          0.934397                              0.065603
      15     H        2          0.926277                              0.073723
      16     H        2          0.930817                              0.069183
      17     H        2          0.928400                              0.071600
      18     H        2          0.927208                              0.072792
      19     H        2          0.929507                              0.070493
      20     H        2          0.924949                              0.075051
      21     H        2          0.827490                              0.172510
      22     H        2          0.827821                              0.172179
      23     H        2          0.923953                              0.076047
      24     H        2          0.927563                              0.072437
      25     H        2          0.932375                              0.067625
      26     H        2          0.922769                              0.077231
      27     H        2          0.922008                              0.077992
      28     H        2          0.927900                              0.072100
      29     H        2          0.889086                              0.110914
      30     H        2          0.900220                              0.099780
      31     H        2          0.835969                              0.164031
      32     H        2          0.837307                              0.162693
      33     H        2          0.879496                              0.120504
      34     H        2          0.887337                              0.112663
      35     H        2          0.891341                              0.108659
      36     H        2          0.887830                              0.112170
      37     H        2          0.880553                              0.119447
      38     H        2          0.887980                              0.112020
      39     H        2          0.940435                              0.059565
      40     H        2          0.923054                              0.076946
      41     H        2          0.944242                              0.055758
      42     H        2          0.908514                              0.091486
      43     C        3          3.771774                              0.228226
      44     C        3          3.769670                              0.230330
      45     C        3          3.773902                              0.226098
      46     C        3          3.768167                              0.231833
      47     C        3          4.057263                             -0.057263
      48     C        3          4.026063                             -0.026063
      49     C        3          4.056147                             -0.056147
      50     C        3          4.028803                             -0.028803
      51     C        3          3.981619                              0.018381
      52     C        3          4.031973                             -0.031973
      53     C        3          3.977109                              0.022891
      54     C        3          4.034636                             -0.034636
      55     C        3          4.042088                             -0.042088
      56     C        3          4.012249                             -0.012249
      57     C        3          4.005735                             -0.005735
      58     C        3          4.041449                             -0.041449
      59     C        3          4.032123                             -0.032123
      60     C        3          4.046507                             -0.046507
      61     C        3          4.041639                             -0.041639
      62     C        3          4.036157                             -0.036157
      63     C        3          4.025084                             -0.025084
      64     C        3          4.065935                             -0.065935
      65     C        3          4.048311                             -0.048311
      66     C        3          4.026243                             -0.026243
      67     C        3          3.776421                              0.223579
      68     C        3          3.776975                              0.223025
      69     C        3          3.786085                              0.213915
      70     C        3          3.800245                              0.199755
      71     C        3          3.809805                              0.190195
      72     C        3          3.787987                              0.212013
      73     C        3          4.009924                             -0.009924
      74     C        3          4.037137                             -0.037137
      75     C        3          4.042478                             -0.042478
      76     C        3          4.010891                             -0.010891
      77     C        3          4.033082                             -0.033082
      78     C        3          4.024233                             -0.024233
      79     C        3          4.021283                             -0.021283
      80     C        3          4.046301                             -0.046301
      81     C        3          4.048410                             -0.048410
      82     C        3          4.000439                             -0.000439
      83     C        3          4.017618                             -0.017618
      84     C        3          4.036755                             -0.036755
      85     C        3          3.978154                              0.021846
      86     C        3          4.021283                             -0.021283
      87     C        3          4.020376                             -0.020376
      88     C        3          3.997974                              0.002026
      89     N        4          5.012608                             -0.012608
      90     N        4          5.064731                             -0.064731
      91     N        4          5.035065                             -0.035065
      92     N        4          5.035810                             -0.035810
      93     O        5          6.356923                             -0.356923
      94     O        5          6.313442                             -0.313442
      95     O        5          6.321398                             -0.321398
      96     O        5          6.287338                             -0.287338
      97     O        5          6.318907                             -0.318907
      98     O        5          6.328669                             -0.328669
      99     O        5          6.291872                             -0.291872
     100     O        5          6.279650                             -0.279650
     101     O        5          6.457892                             -0.457892
     102     O        5          6.502230                             -0.502230
     103     O        5          6.502196                             -0.502196
     104     O        5          6.456495                             -0.456495
     105     O        5          6.460175                             -0.460175
     106     O        5          6.513439                             -0.513439
     107     O        5          6.507654                             -0.507654
     108     O        5          6.456841                             -0.456841
     109     O        5          6.362872                             -0.362872
     110     O        5          6.355021                             -0.355021
     111     O        5          6.333684                             -0.333684
     112     O        5          6.337869                             -0.337869
     113     O        5          6.406416                             -0.406416
     114     O        5          6.300364                             -0.300364
     115     O        5          6.357230                             -0.357230
     116     O        5          6.353363                             -0.353363
     117     O        5          6.304459                             -0.304459
     118     O        5          6.323344                             -0.323344
     119     O        5          6.302091                             -0.302091
     120     O        5          6.379097                             -0.379097
     121     O        5          6.540640                             -0.540640
     122     O        5          6.535522                             -0.535522
     123     O        5          6.510689                             -0.510689
     124     O        5          6.503950                             -0.503950
     125     N        4          4.869432                              0.130568
     126     N        4          4.833455                              0.166545
     127     C        3          3.910791                              0.089209
     128     C        3          3.978118                              0.021882
     129     C        3          4.168713                             -0.168713
     130     H        2          0.926572                              0.073428
     131     H        2          0.932355                              0.067645
     132     H        2          0.911383                              0.088617
     133     H        2          0.910788                              0.089212
     134     H        2          0.907461                              0.092539
     135     C        3          3.978706                              0.021294
     136     C        3          4.129821                             -0.129821
     137     H        2          0.916096                              0.083904
     138     H        2          0.909857                              0.090143
     139     H        2          0.916852                              0.083148
     140     C        3          4.260536                             -0.260536
     141     H        2          0.916654                              0.083346
     142     H        2          0.929752                              0.070248
     143     H        2          0.907616                              0.092384
     144     C        3          4.104082                             -0.104082
     145     C        3          4.154490                             -0.154490
     146     H        2          0.908100                              0.091900
     147     H        2          0.911488                              0.088512
     148     H        2          0.915206                              0.084794
     149     H        2          0.939680                              0.060320
     150     F        6          6.985093                              0.014907
     151     F        6          6.925419                              0.074581
     152     F        6          7.209894                             -0.209894
     153     F        6          6.990750                              0.009250
     154     O        5          6.453805                             -0.453805
     155     C        3          3.849029                              0.150971
     156     F        6          7.057898                             -0.057898
     157     C        3          3.803257                              0.196743
     158     F        6          7.186425                             -0.186425
     159     S        7          6.395909                             -0.395909
     160     S        7          6.329334                             -0.329334
     161     O        5          5.844532                              0.155468
     162     O        5          5.699704                              0.300296
     163     O        5          6.166176                             -0.166176
     164     N        4          4.982508                              0.017492
 # Total charge                            674.000000                  0.000000

 !-----------------------------------------------------------------------------!

 !-----------------------------------------------------------------------------!
                           Hirshfeld Charges

  #Atom  Element  Kind  Ref Charge     Population                    Net charge
      1       Ti     1      12.000         13.350                        -1.350
      2       Ti     1      12.000         13.377                        -1.377
      3       Ti     1      12.000         13.175                        -1.175
      4       Ti     1      12.000         13.182                        -1.182
      5       Ti     1      12.000         13.427                        -1.427
      6       Ti     1      12.000         13.413                        -1.413
      7       Ti     1      12.000         13.190                        -1.190
      8       Ti     1      12.000         13.233                        -1.233
      9       H      2       1.000          0.547                         0.453
     10       H      2       1.000          0.543                         0.457
     11       H      2       1.000          0.550                         0.450
     12       H      2       1.000          0.539                         0.461
     13       H      2       1.000          0.546                         0.454
     14       H      2       1.000          0.543                         0.457
     15       H      2       1.000          0.541                         0.459
     16       H      2       1.000          0.541                         0.459
     17       H      2       1.000          0.545                         0.455
     18       H      2       1.000          0.544                         0.456
     19       H      2       1.000          0.543                         0.457
     20       H      2       1.000          0.546                         0.454
     21       H      2       1.000          0.419                         0.581
     22       H      2       1.000          0.419                         0.581
     23       H      2       1.000          0.543                         0.457
     24       H      2       1.000          0.543                         0.457
     25       H      2       1.000          0.546                         0.454
     26       H      2       1.000          0.544                         0.456
     27       H      2       1.000          0.537                         0.463
     28       H      2       1.000          0.545                         0.455
     29       H      2       1.000          0.462                         0.538
     30       H      2       1.000          0.489                         0.511
     31       H      2       1.000          0.418                         0.582
     32       H      2       1.000          0.419                         0.581
     33       H      2       1.000          0.481                         0.519
     34       H      2       1.000          0.465                         0.535
     35       H      2       1.000          0.476                         0.524
     36       H      2       1.000          0.463                         0.537
     37       H      2       1.000          0.476                         0.524
     38       H      2       1.000          0.462                         0.538
     39       H      2       1.000          0.545                         0.455
     40       H      2       1.000          0.542                         0.458
     41       H      2       1.000          0.547                         0.453
     42       H      2       1.000          0.545                         0.455
     43       C      3       4.000          3.470                         0.530
     44       C      3       4.000          3.456                         0.544
     45       C      3       4.000          3.473                         0.527
     46       C      3       4.000          3.459                         0.541
     47       C      3       4.000          4.026                        -0.026
     48       C      3       4.000          3.984                         0.016
     49       C      3       4.000          4.026                        -0.026
     50       C      3       4.000          3.987                         0.013
     51       C      3       4.000          3.860                         0.140
     52       C      3       4.000          4.411                        -0.411
     53       C      3       4.000          3.859                         0.141
     54       C      3       4.000          4.413                        -0.413
     55       C      3       4.000          4.407                        -0.407
     56       C      3       4.000          4.381                        -0.381
     57       C      3       4.000          4.372                        -0.372
     58       C      3       4.000          4.416                        -0.416
     59       C      3       4.000          3.998                         0.002
     60       C      3       4.000          4.356                        -0.356
     61       C      3       4.000          4.336                        -0.336
     62       C      3       4.000          3.997                         0.003
     63       C      3       4.000          3.990                         0.010
     64       C      3       4.000          4.039                        -0.039
     65       C      3       4.000          4.026                        -0.026
     66       C      3       4.000          3.993                         0.007
     67       C      3       4.000          3.462                         0.538
     68       C      3       4.000          3.462                         0.538
     69       C      3       4.000          3.482                         0.518
     70       C      3       4.000          3.540                         0.460
     71       C      3       4.000          3.554                         0.446
     72       C      3       4.000          3.484                         0.516
     73       C      3       4.000          4.371                        -0.371
     74       C      3       4.000          4.412                        -0.412
     75       C      3       4.000          4.404                        -0.404
     76       C      3       4.000          4.364                        -0.364
     77       C      3       4.000          4.404                        -0.404
     78       C      3       4.000          4.388                        -0.388
     79       C      3       4.000          4.380                        -0.380
     80       C      3       4.000          4.431                        -0.431
     81       C      3       4.000          4.372                        -0.372
     82       C      3       4.000          4.367                        -0.367
     83       C      3       4.000          4.382                        -0.382
     84       C      3       4.000          4.389                        -0.389
     85       C      3       4.000          3.873                         0.127
     86       C      3       4.000          4.393                        -0.393
     87       C      3       4.000          4.411                        -0.411
     88       C      3       4.000          3.880                         0.120
     89       N      4       5.000          5.900                        -0.900
     90       N      4       5.000          5.947                        -0.947
     91       N      4       5.000          5.915                        -0.915
     92       N      4       5.000          5.907                        -0.907
     93       O      5       6.000          6.169                        -0.169
     94       O      5       6.000          6.114                        -0.114
     95       O      5       6.000          6.166                        -0.166
     96       O      5       6.000          6.127                        -0.127
     97       O      5       6.000          6.119                        -0.119
     98       O      5       6.000          6.121                        -0.121
     99       O      5       6.000          6.105                        -0.105
    100       O      5       6.000          6.107                        -0.107
    101       O      5       6.000          5.708                         0.292
    102       O      5       6.000          5.728                         0.272
    103       O      5       6.000          5.732                         0.268
    104       O      5       6.000          5.700                         0.300
    105       O      5       6.000          5.685                         0.315
    106       O      5       6.000          5.763                         0.237
    107       O      5       6.000          5.755                         0.245
    108       O      5       6.000          5.686                         0.314
    109       O      5       6.000          6.127                        -0.127
    110       O      5       6.000          6.111                        -0.111
    111       O      5       6.000          6.123                        -0.123
    112       O      5       6.000          6.085                        -0.085
    113       O      5       6.000          6.117                        -0.117
    114       O      5       6.000          6.076                        -0.076
    115       O      5       6.000          6.113                        -0.113
    116       O      5       6.000          6.116                        -0.116
    117       O      5       6.000          6.028                        -0.028
    118       O      5       6.000          6.104                        -0.104
    119       O      5       6.000          6.076                        -0.076
    120       O      5       6.000          6.058                        -0.058
    121       O      5       6.000          5.990                         0.010
    122       O      5       6.000          5.990                         0.010
    123       O      5       6.000          6.053                        -0.053
    124       O      5       6.000          6.033                        -0.033
    125       N      4       5.000          5.156                        -0.156
    126       N      4       5.000          5.136                        -0.136
    127       C      3       4.000          4.180                        -0.180
    128       C      3       4.000          4.267                        -0.267
    129       C      3       4.000          4.952                        -0.952
    130       H      2       1.000          0.525                         0.475
    131       H      2       1.000          0.527                         0.473
    132       H      2       1.000          0.543                         0.457
    133       H      2       1.000          0.536                         0.464
    134       H      2       1.000          0.543                         0.457
    135       C      3       4.000          4.284                        -0.284
    136       C      3       4.000          4.780                        -0.780
    137       H      2       1.000          0.556                         0.444
    138       H      2       1.000          0.551                         0.449
    139       H      2       1.000          0.566                         0.434
    140       C      3       4.000          5.283                        -1.283
    141       H      2       1.000          0.556                         0.444
    142       H      2       1.000          0.565                         0.435
    143       H      2       1.000          0.552                         0.448
    144       C      3       4.000          4.558                        -0.558
    145       C      3       4.000          4.779                        -0.779
    146       H      2       1.000          0.546                         0.454
    147       H      2       1.000          0.554                         0.446
    148       H      2       1.000          0.560                         0.440
    149       H      2       1.000          0.528                         0.472
    150       F      6       7.000          7.218                        -0.218
    151       F      6       7.000          7.189                        -0.189
    152       F      6       7.000          7.375                        -0.375
