============================================================
▶ [#1] START  at 2025-06-30 22:55:32
▶ Restart file: MIL125_CLUSTER03-1.restart
▶ Kill interval: 2800s
▶ Container name: cp2k_run_1
============================================================
▶ [#1] END    at 2025-06-30 23:42:13 (exit code: 137)
----- Last 5 lines of simulation.input.log -----
SIRIUS 7.6.1, git hash: https://api.github.com/repos/electronic-structure/SIRIUS/git/ref/tags/v7.6.1
run_cp2k.sh: line 79: 209015 Terminated              ( while true; do
    sleep "${KILL_INTERVAL}"; echo "▶ [watchdog] $(date '+%H:%M:%S') → podman kill ${CONTAINER_NAME}"; echo "$PASSWORD" | sudo -S podman kill "${CONTAINER_NAME}" &> /dev/null;
done ) &> /dev/null
-----------------------------------------------
▶ [#1] Warning 없음 → 3초 후 재시작
============================================================
▶ [#2] START  at 2025-06-30 23:42:16
▶ Restart file: MIL125_CLUSTER03-1.restart
▶ Kill interval: 2800s
▶ Container name: cp2k_run_2
============================================================
▶ [#2] END    at 2025-07-01 00:05:03 (exit code: 0)
----- Last 5 lines of simulation.input.log -----
SIRIUS 7.6.1, git hash: https://api.github.com/repos/electronic-structure/SIRIUS/git/ref/tags/v7.6.1
run_cp2k.sh: line 79: 237474 Terminated              ( while true; do
    sleep "${KILL_INTERVAL}"; echo "▶ [watchdog] $(date '+%H:%M:%S') → podman kill ${CONTAINER_NAME}"; echo "$PASSWORD" | sudo -S podman kill "${CONTAINER_NAME}" &> /dev/null;
done ) &> /dev/null
-----------------------------------------------
▶ [#2] Warning 메시지 발견 – 루프 종료
✅ 전체 완료. 총 반복 횟수: 2
