============================================================
▶ [#1] START  at 2025-07-15 19:54:59
▶ Restart file: Cluster-1.restart
▶ Kill interval: 100000s
▶ Container name: cp2k_run_1
============================================================
============================================================
▶ [#1] START  at 2025-07-15 19:57:11
▶ Restart file: Cluster-1.restart
▶ Kill interval: 200000s
▶ Container name: cp2k_run_1
============================================================
============================================================
▶ [#1] START  at 2025-07-15 20:00:52
▶ Restart file: Cluster-1.restart
▶ Kill interval: 200000s
▶ Container name: cp2k_run_1
============================================================
============================================================
▶ [#1] START  at 2025-07-15 23:32:55
▶ Restart file: Cluster-1.restart
▶ Kill interval: 200000s
▶ Container name: cp2k_run_1
============================================================
