============================================================
▶ [#1] START  at 2025-07-19 00:28:09
▶ Restart file: EMIM01-1.restart
▶ Kill interval: 200000s
▶ Container name: cp2k_run_1
============================================================
============================================================
▶ [#1] START  at 2025-07-19 00:25:08
▶ Restart file: EMIM01-1.restart
▶ Kill interval: 20000s
▶ Container name: cp2k_run_1
============================================================
============================================================
▶ [#1] START  at 2025-07-19 00:28:45
▶ Restart file: EMIM01-1.restart
▶ Kill interval: 20000s
▶ Container name: cp2k_run_1
============================================================
============================================================
▶ [#1] START  at 2025-07-19 00:29:28
▶ Restart file: EMIM01-1.restart
▶ Kill interval: 20000s
▶ Container name: cp2k_run_1
============================================================
============================================================
▶ [#1] START  at 2025-07-19 00:30:04
▶ Restart file: EMIM01-1.restart
▶ Kill interval: 20000s
▶ Container name: cp2k_run_1
============================================================
============================================================
▶ [#1] START  at 2025-07-19 00:30:42
▶ Restart file: EMIM01-1.restart
▶ Kill interval: 20000s
▶ Container name: cp2k_run_1
============================================================
