============================================================
▶ [#1] START  at 2025-07-18 16:45:26
▶ Restart file: BAMOF_EMIM-1.restart
▶ Kill interval: 20000000s
▶ Container name: cp2k_run_1
============================================================
============================================================
▶ [#1] START  at 2025-07-18 16:45:59
▶ Restart file: BAMOF_EMIM-1.restart
▶ Kill interval: 20000000s
▶ Container name: cp2k_run_1
============================================================
[proxy:0:0@2b1330a58edc] HYDU_create_process (utils/launch/launch.c:73): execvp error on file   (No such file or directory)
[proxy:0:0@2b1330a58edc] HYDU_create_process (utils/launch/launch.c:73): execvp error on file   (No such file or directory)
[proxy:0:0@2b1330a58edc] HYDU_create_process (utils/launch/launch.c:73): execvp error on file   (No such file or directory)
[proxy:0:0@2b1330a58edc] HYDU_create_process (utils/launch/launch.c:73): execvp error on file   (No such file or directory)
[proxy:0:0@2b1330a58edc] HYDU_create_process (utils/launch/launch.c:73): execvp error on file   (No such file or directory)
[proxy:0:0@2b1330a58edc] HYDU_create_process (utils/launch/launch.c:73): [proxy:0:0@2b1330a58edc] execvp error on file   (No such file or directory)
HYDU_create_process (utils/launch/launch.c:73): execvp error on file   (No such file or directory)
▶ [#1] END    at 2025-07-18 16:46:02 (exit code: 127)
----- Last 5 lines of simulation.input.log -----
run_cp2k.sh: line 56: cp2k: command not found
run_cp2k.sh: line 79: 952705 Terminated              ( while true; do
    sleep "${KILL_INTERVAL}"; echo "▶ [watchdog] $(date '+%H:%M:%S') → podman kill ${CONTAINER_NAME}"; echo "$PASSWORD" | sudo -S podman kill "${CONTAINER_NAME}" &> /dev/null;
done ) &> /dev/null
-----------------------------------------------
▶ [#1] Warning 없음 → 3초 후 재시작
============================================================
▶ [#2] START  at 2025-07-18 16:46:05
▶ Restart file: BAMOF_EMIM-1.restart
▶ Kill interval: 20000000s
▶ Container name: cp2k_run_2
============================================================
[proxy:0:0@758b9ac9e341] HYDU_create_process (utils/launch/launch.c:73): execvp error on file   (No such file or directory)
[proxy:0:0@758b9ac9e341] HYDU_create_process (utils/launch/launch.c:73): execvp error on file   (No such file or directory)
[proxy:0:0@758b9ac9e341] HYDU_create_process (utils/launch/launch.c:73): execvp error on file   (No such file or directory)
[proxy:0:0@758b9ac9e341] HYDU_create_process (utils/launch/launch.c:73): [proxy:0:0@758b9ac9e341] execvp error on file   (No such file or directory)
HYDU_create_process (utils/launch/launch.c:73): execvp error on file   (No such file or directory)
[proxy:0:0@758b9ac9e341] HYDU_create_process (utils/launch/launch.c:73): execvp error on file   (No such file or directory)
[proxy:0:0@758b9ac9e341] HYDU_create_process (utils/launch/launch.c:73): execvp error on file   (No such file or directory)
▶ [#2] END    at 2025-07-18 16:46:07 (exit code: 127)
----- Last 5 lines of simulation.input.log -----
run_cp2k.sh: line 56: cp2k: command not found
run_cp2k.sh: line 79: 953665 Terminated              ( while true; do
    sleep "${KILL_INTERVAL}"; echo "▶ [watchdog] $(date '+%H:%M:%S') → podman kill ${CONTAINER_NAME}"; echo "$PASSWORD" | sudo -S podman kill "${CONTAINER_NAME}" &> /dev/null;
done ) &> /dev/null
-----------------------------------------------
▶ [#2] Warning 없음 → 3초 후 재시작
============================================================
▶ [#3] START  at 2025-07-18 16:46:10
▶ Restart file: BAMOF_EMIM-1.restart
▶ Kill interval: 20000000s
▶ Container name: cp2k_run_3
============================================================
[proxy:0:0@290fd27f0f02] HYDU_create_process (utils/launch/launch.c:73): execvp error on file   (No such file or directory)
[proxy:0:0@290fd27f0f02] HYDU_create_process (utils/launch/launch.c:73): execvp error on file   (No such file or directory)
[proxy:0:0@290fd27f0f02] HYDU_create_process (utils/launch/launch.c:73): execvp error on file   (No such file or directory)
[proxy:0:0@290fd27f0f02] [proxy:0:0@290fd27f0f02] HYDU_create_process (utils/launch/launch.c:73): HYDU_create_process (utils/launch/launch.c:73): execvp error on file   (No such file or directory)
execvp error on file   (No such file or directory)
[proxy:0:0@290fd27f0f02] HYDU_create_process (utils/launch/launch.c:73): execvp error on file   (No such file or directory)
[proxy:0:0@290fd27f0f02] HYDU_create_process (utils/launch/launch.c:73): execvp error on file   (No such file or directory)
▶ [#3] END    at 2025-07-18 16:46:12 (exit code: 127)
----- Last 5 lines of simulation.input.log -----
run_cp2k.sh: line 56: cp2k: command not found
run_cp2k.sh: line 79: 954827 Terminated              ( while true; do
    sleep "${KILL_INTERVAL}"; echo "▶ [watchdog] $(date '+%H:%M:%S') → podman kill ${CONTAINER_NAME}"; echo "$PASSWORD" | sudo -S podman kill "${CONTAINER_NAME}" &> /dev/null;
done ) &> /dev/null
-----------------------------------------------
▶ [#3] Warning 없음 → 3초 후 재시작
============================================================
▶ [#4] START  at 2025-07-18 16:46:15
▶ Restart file: BAMOF_EMIM-1.restart
▶ Kill interval: 20000000s
▶ Container name: cp2k_run_4
============================================================
[proxy:0:0@1a74e08f28d0] HYDU_create_process (utils/launch/launch.c:73): execvp error on file   (No such file or directory)
[proxy:0:0@1a74e08f28d0] HYDU_create_process (utils/launch/launch.c:73): execvp error on file   (No such file or directory)
[proxy:0:0@1a74e08f28d0] HYDU_create_process (utils/launch/launch.c:73): execvp error on file   (No such file or directory)
[proxy:0:0@1a74e08f28d0] HYDU_create_process (utils/launch/launch.c:73): execvp error on file   (No such file or directory)
[proxy:0:0@1a74e08f28d0] HYDU_create_process (utils/launch/launch.c:73): execvp error on file   (No such file or directory)
[proxy:0:0@1a74e08f28d0] HYDU_create_process (utils/launch/launch.c:73): [proxy:0:0@1a74e08f28d0] HYDU_create_process (utils/launch/launch.c:73): execvp error on file   (No such file or directory)
execvp error on file   (No such file or directory)
▶ [#4] END    at 2025-07-18 16:46:17 (exit code: 127)
----- Last 5 lines of simulation.input.log -----
run_cp2k.sh: line 56: cp2k: command not found
run_cp2k.sh: line 79: 955798 Terminated              ( while true; do
    sleep "${KILL_INTERVAL}"; echo "▶ [watchdog] $(date '+%H:%M:%S') → podman kill ${CONTAINER_NAME}"; echo "$PASSWORD" | sudo -S podman kill "${CONTAINER_NAME}" &> /dev/null;
done ) &> /dev/null
-----------------------------------------------
▶ [#4] Warning 없음 → 3초 후 재시작
============================================================
▶ [#5] START  at 2025-07-18 16:46:20
▶ Restart file: BAMOF_EMIM-1.restart
▶ Kill interval: 20000000s
▶ Container name: cp2k_run_5
============================================================
[proxy:0:0@e4f713488ee2] HYDU_create_process (utils/launch/launch.c:73): execvp error on file   (No such file or directory)
[proxy:0:0@e4f713488ee2] HYDU_create_process (utils/launch/launch.c:73): execvp error on file   (No such file or directory)
[proxy:0:0@e4f713488ee2] HYDU_create_process (utils/launch/launch.c:73): execvp error on file   (No such file or directory)
[proxy:0:0@e4f713488ee2] [proxy:0:0@e4f713488ee2] HYDU_create_process (utils/launch/launch.c:73): HYDU_create_process (utils/launch/launch.c:73): execvp error on file   (No such file or directory)
execvp error on file   (No such file or directory)
[proxy:0:0@e4f713488ee2] HYDU_create_process (utils/launch/launch.c:73): execvp error on file   (No such file or directory)
[proxy:0:0@e4f713488ee2] HYDU_create_process (utils/launch/launch.c:73): execvp error on file   (No such file or directory)
============================================================
▶ [#1] START  at 2025-07-18 16:46:21
▶ Restart file: BAMOF_EMIM-1.restart
▶ Kill interval: 200000s
▶ Container name: cp2k_run_1
============================================================
▶ [#5] END    at 2025-07-18 16:46:22 (exit code: 127)
----- Last 5 lines of simulation.input.log -----
run_cp2k.sh: line 56: cp2k: command not found
run_cp2k.sh: line 79: 956755 Terminated              ( while true; do
    sleep "${KILL_INTERVAL}"; echo "▶ [watchdog] $(date '+%H:%M:%S') → podman kill ${CONTAINER_NAME}"; echo "$PASSWORD" | sudo -S podman kill "${CONTAINER_NAME}" &> /dev/null;
done ) &> /dev/null
-----------------------------------------------
▶ [#5] Warning 없음 → 3초 후 재시작
[proxy:0:0@3ec016687add] HYDU_create_process (utils/launch/launch.c:73): execvp error on file   (No such file or directory)
[proxy:0:0@3ec016687add] HYDU_create_process (utils/launch/launch.c:73): execvp error on file   (No such file or directory)
[proxy:0:0@3ec016687add] HYDU_create_process (utils/launch/launch.c:73): execvp error on file   (No such file or directory)
[proxy:0:0@3ec016687add] HYDU_create_process (utils/launch/launch.c:73): execvp error on file   (No such file or directory)
[proxy:0:0@3ec016687add] HYDU_create_process (utils/launch/launch.c:73): execvp error on file   (No such file or directory)
[proxy:0:0@3ec016687add] HYDU_create_process (utils/launch/launch.c:73): execvp error on file   (No such file or directory)
[proxy:0:0@3ec016687add] HYDU_create_process (utils/launch/launch.c:73): execvp error on file   (No such file or directory)
▶ [#1] END    at 2025-07-18 16:46:24 (exit code: 127)
----- Last 5 lines of simulation.input.log -----
run_cp2k.sh: line 56: cp2k: command not found
run_cp2k.sh: line 79: 957697 Terminated              ( while true; do
    sleep "${KILL_INTERVAL}"; echo "▶ [watchdog] $(date '+%H:%M:%S') → podman kill ${CONTAINER_NAME}"; echo "$PASSWORD" | sudo -S podman kill "${CONTAINER_NAME}" &> /dev/null;
done ) &> /dev/null
-----------------------------------------------
▶ [#1] Warning 없음 → 3초 후 재시작
============================================================
▶ [#6] START  at 2025-07-18 16:46:25
▶ Restart file: BAMOF_EMIM-1.restart
▶ Kill interval: 20000000s
▶ Container name: cp2k_run_6
============================================================
[proxy:0:0@fc7f6fb0cde8] HYDU_create_process (utils/launch/launch.c:73): execvp error on file   (No such file or directory)
[proxy:0:0@fc7f6fb0cde8] HYDU_create_process (utils/launch/launch.c:73): execvp error on file   (No such file or directory)
[proxy:0:0@fc7f6fb0cde8] HYDU_create_process (utils/launch/launch.c:73): execvp error on file   (No such file or directory)
[proxy:0:0@fc7f6fb0cde8] HYDU_create_process (utils/launch/launch.c:73): execvp error on file   (No such file or directory)
[proxy:0:0@fc7f6fb0cde8] HYDU_create_process (utils/launch/launch.c:73): execvp error on file   (No such file or directory)
[proxy:0:0@fc7f6fb0cde8] HYDU_create_process (utils/launch/launch.c:73): execvp error on file   (No such file or directory)
[proxy:0:0@fc7f6fb0cde8] HYDU_create_process (utils/launch/launch.c:73): execvp error on file   (No such file or directory)
============================================================
▶ [#2] START  at 2025-07-18 16:46:27
▶ Restart file: BAMOF_EMIM-1.restart
▶ Kill interval: 200000s
▶ Container name: cp2k_run_2
============================================================
▶ [#6] END    at 2025-07-18 16:46:27 (exit code: 127)
----- Last 5 lines of simulation.input.log -----
run_cp2k.sh: line 56: cp2k: command not found
run_cp2k.sh: line 79: 958655 Terminated              ( while true; do
    sleep "${KILL_INTERVAL}"; echo "▶ [watchdog] $(date '+%H:%M:%S') → podman kill ${CONTAINER_NAME}"; echo "$PASSWORD" | sudo -S podman kill "${CONTAINER_NAME}" &> /dev/null;
done ) &> /dev/null
-----------------------------------------------
▶ [#6] Warning 없음 → 3초 후 재시작
[proxy:0:0@765ed95a9322] HYDU_create_process (utils/launch/launch.c:73): execvp error on file   (No such file or directory)
[proxy:0:0@765ed95a9322] HYDU_create_process (utils/launch/launch.c:73): execvp error on file   (No such file or directory)
[proxy:0:0@765ed95a9322] HYDU_create_process (utils/launch/launch.c:73): execvp error on file   (No such file or directory)
[proxy:0:0@765ed95a9322] HYDU_create_process (utils/launch/launch.c:73): execvp error on file   (No such file or directory)
[proxy:0:0@765ed95a9322] HYDU_create_process (utils/launch/launch.c:73): execvp error on file   (No such file or directory)
[proxy:0:0@765ed95a9322] HYDU_create_process (utils/launch/launch.c:73): execvp error on file   (No such file or directory)
[proxy:0:0@765ed95a9322] HYDU_create_process (utils/launch/launch.c:73): execvp error on file   (No such file or directory)
▶ [#2] END    at 2025-07-18 16:46:29 (exit code: 127)
----- Last 5 lines of simulation.input.log -----
run_cp2k.sh: line 56: cp2k: command not found
run_cp2k.sh: line 79: 959613 Terminated              ( while true; do
    sleep "${KILL_INTERVAL}"; echo "▶ [watchdog] $(date '+%H:%M:%S') → podman kill ${CONTAINER_NAME}"; echo "$PASSWORD" | sudo -S podman kill "${CONTAINER_NAME}" &> /dev/null;
done ) &> /dev/null
-----------------------------------------------
▶ [#2] Warning 없음 → 3초 후 재시작
============================================================
▶ [#7] START  at 2025-07-18 16:46:30
▶ Restart file: BAMOF_EMIM-1.restart
▶ Kill interval: 20000000s
▶ Container name: cp2k_run_7
============================================================
[proxy:0:0@25ff85b4b092] HYDU_create_process (utils/launch/launch.c:73): execvp error on file   (No such file or directory)
[proxy:0:0@25ff85b4b092] HYDU_create_process (utils/launch/launch.c:73): execvp error on file   (No such file or directory)
[proxy:0:0@25ff85b4b092] HYDU_create_process (utils/launch/launch.c:73): execvp error on file   (No such file or directory)
[proxy:0:0@25ff85b4b092] HYDU_create_process (utils/launch/launch.c:73): [proxy:0:0@25ff85b4b092] HYDU_create_process (utils/launch/launch.c:73): execvp error on file   (No such file or directory)
execvp error on file   (No such file or directory)
[proxy:0:0@25ff85b4b092] HYDU_create_process (utils/launch/launch.c:73): execvp error on file   (No such file or directory)
[proxy:0:0@25ff85b4b092] HYDU_create_process (utils/launch/launch.c:73): execvp error on file   (No such file or directory)
============================================================
▶ [#3] START  at 2025-07-18 16:46:32
▶ Restart file: BAMOF_EMIM-1.restart
▶ Kill interval: 200000s
▶ Container name: cp2k_run_3
============================================================
▶ [#7] END    at 2025-07-18 16:46:32 (exit code: 127)
----- Last 5 lines of simulation.input.log -----
run_cp2k.sh: line 56: cp2k: command not found
run_cp2k.sh: line 79: 960550 Terminated              ( while true; do
    sleep "${KILL_INTERVAL}"; echo "▶ [watchdog] $(date '+%H:%M:%S') → podman kill ${CONTAINER_NAME}"; echo "$PASSWORD" | sudo -S podman kill "${CONTAINER_NAME}" &> /dev/null;
done ) &> /dev/null
-----------------------------------------------
▶ [#7] Warning 없음 → 3초 후 재시작
[proxy:0:0@3749197d52af] HYDU_create_process (utils/launch/launch.c:73): execvp error on file   (No such file or directory)
[proxy:0:0@3749197d52af] HYDU_create_process (utils/launch/launch.c:73): execvp error on file   (No such file or directory)
[proxy:0:0@3749197d52af] HYDU_create_process (utils/launch/launch.c:73): execvp error on file   (No such file or directory)
[proxy:0:0@3749197d52af] [proxy:0:0@3749197d52af] HYDU_create_process (utils/launch/launch.c:73): HYDU_create_process (utils/launch/launch.c:73): execvp error on file   (No such file or directory)
execvp error on file   (No such file or directory)
[proxy:0:0@3749197d52af] HYDU_create_process (utils/launch/launch.c:73): execvp error on file   (No such file or directory)
[proxy:0:0@3749197d52af] HYDU_create_process (utils/launch/launch.c:73): execvp error on file   (No such file or directory)
▶ [#3] END    at 2025-07-18 16:46:34 (exit code: 127)
----- Last 5 lines of simulation.input.log -----
run_cp2k.sh: line 56: cp2k: command not found
run_cp2k.sh: line 79: 961495 Terminated              ( while true; do
    sleep "${KILL_INTERVAL}"; echo "▶ [watchdog] $(date '+%H:%M:%S') → podman kill ${CONTAINER_NAME}"; echo "$PASSWORD" | sudo -S podman kill "${CONTAINER_NAME}" &> /dev/null;
done ) &> /dev/null
-----------------------------------------------
▶ [#3] Warning 없음 → 3초 후 재시작
============================================================
▶ [#8] START  at 2025-07-18 16:46:35
▶ Restart file: BAMOF_EMIM-1.restart
▶ Kill interval: 20000000s
▶ Container name: cp2k_run_8
============================================================
============================================================
▶ [#1] START  at 2025-07-18 16:47:01
▶ Restart file: BAMOF_EMIM-1.restart
▶ Kill interval: 200000s
▶ Container name: cp2k_run_1
============================================================
▶ [#1] END    at 2025-07-18 16:59:17 (exit code: 1)
----- Last 5 lines of simulation.input.log -----
SIRIUS 7.6.1, git hash: https://api.github.com/repos/electronic-structure/SIRIUS/git/ref/tags/v7.6.1
Abort(1) on node 0 (rank 0 in comm 0): application called MPI_Abort(MPI_COMM_WORLD, 1) - process 0
run_cp2k.sh: line 79: 962583 Terminated              ( while true; do
    sleep "${KILL_INTERVAL}"; echo "▶ [watchdog] $(date '+%H:%M:%S') → podman kill ${CONTAINER_NAME}"; echo "$PASSWORD" | sudo -S podman kill "${CONTAINER_NAME}" &> /dev/null;
done ) &> /dev/null
-----------------------------------------------
▶ [#1] Warning 없음 → 3초 후 재시작
============================================================
▶ [#2] START  at 2025-07-18 16:59:20
▶ Restart file: BAMOF_EMIM-1.restart
▶ Kill interval: 200000s
▶ Container name: cp2k_run_2
============================================================
▶ [#2] END    at 2025-07-18 17:11:37 (exit code: 1)
----- Last 5 lines of simulation.input.log -----
SIRIUS 7.6.1, git hash: https://api.github.com/repos/electronic-structure/SIRIUS/git/ref/tags/v7.6.1
Abort(1) on node 0 (rank 0 in comm 0): application called MPI_Abort(MPI_COMM_WORLD, 1) - process 0
run_cp2k.sh: line 79: 971591 Terminated              ( while true; do
    sleep "${KILL_INTERVAL}"; echo "▶ [watchdog] $(date '+%H:%M:%S') → podman kill ${CONTAINER_NAME}"; echo "$PASSWORD" | sudo -S podman kill "${CONTAINER_NAME}" &> /dev/null;
done ) &> /dev/null
-----------------------------------------------
▶ [#2] Warning 없음 → 3초 후 재시작
============================================================
▶ [#3] START  at 2025-07-18 17:11:40
▶ Restart file: BAMOF_EMIM-1.restart
▶ Kill interval: 200000s
▶ Container name: cp2k_run_3
============================================================
▶ [#3] END    at 2025-07-18 17:24:02 (exit code: 1)
----- Last 5 lines of simulation.input.log -----
SIRIUS 7.6.1, git hash: https://api.github.com/repos/electronic-structure/SIRIUS/git/ref/tags/v7.6.1
Abort(1) on node 0 (rank 0 in comm 0): application called MPI_Abort(MPI_COMM_WORLD, 1) - process 0
run_cp2k.sh: line 79: 979798 Terminated              ( while true; do
    sleep "${KILL_INTERVAL}"; echo "▶ [watchdog] $(date '+%H:%M:%S') → podman kill ${CONTAINER_NAME}"; echo "$PASSWORD" | sudo -S podman kill "${CONTAINER_NAME}" &> /dev/null;
done ) &> /dev/null
-----------------------------------------------
▶ [#3] Warning 없음 → 3초 후 재시작
============================================================
▶ [#4] START  at 2025-07-18 17:24:05
▶ Restart file: BAMOF_EMIM-1.restart
▶ Kill interval: 200000s
▶ Container name: cp2k_run_4
============================================================
▶ [#4] END    at 2025-07-18 17:36:14 (exit code: 1)
----- Last 5 lines of simulation.input.log -----
SIRIUS 7.6.1, git hash: https://api.github.com/repos/electronic-structure/SIRIUS/git/ref/tags/v7.6.1
Abort(1) on node 0 (rank 0 in comm 0): application called MPI_Abort(MPI_COMM_WORLD, 1) - process 0
run_cp2k.sh: line 79: 988022 Terminated              ( while true; do
    sleep "${KILL_INTERVAL}"; echo "▶ [watchdog] $(date '+%H:%M:%S') → podman kill ${CONTAINER_NAME}"; echo "$PASSWORD" | sudo -S podman kill "${CONTAINER_NAME}" &> /dev/null;
done ) &> /dev/null
-----------------------------------------------
▶ [#4] Warning 없음 → 3초 후 재시작
============================================================
▶ [#5] START  at 2025-07-18 17:36:17
▶ Restart file: BAMOF_EMIM-1.restart
▶ Kill interval: 200000s
▶ Container name: cp2k_run_5
============================================================
▶ [#5] END    at 2025-07-18 17:48:35 (exit code: 1)
----- Last 5 lines of simulation.input.log -----
SIRIUS 7.6.1, git hash: https://api.github.com/repos/electronic-structure/SIRIUS/git/ref/tags/v7.6.1
Abort(1) on node 0 (rank 0 in comm 0): application called MPI_Abort(MPI_COMM_WORLD, 1) - process 0
run_cp2k.sh: line 79: 997019 Terminated              ( while true; do
    sleep "${KILL_INTERVAL}"; echo "▶ [watchdog] $(date '+%H:%M:%S') → podman kill ${CONTAINER_NAME}"; echo "$PASSWORD" | sudo -S podman kill "${CONTAINER_NAME}" &> /dev/null;
done ) &> /dev/null
-----------------------------------------------
▶ [#5] Warning 없음 → 3초 후 재시작
============================================================
▶ [#6] START  at 2025-07-18 17:48:38
▶ Restart file: BAMOF_EMIM-1.restart
▶ Kill interval: 200000s
▶ Container name: cp2k_run_6
============================================================
▶ [#6] END    at 2025-07-18 18:00:54 (exit code: 1)
----- Last 5 lines of simulation.input.log -----
SIRIUS 7.6.1, git hash: https://api.github.com/repos/electronic-structure/SIRIUS/git/ref/tags/v7.6.1
Abort(1) on node 0 (rank 0 in comm 0): application called MPI_Abort(MPI_COMM_WORLD, 1) - process 0
run_cp2k.sh: line 79: 1005224 Terminated              ( while true; do
    sleep "${KILL_INTERVAL}"; echo "▶ [watchdog] $(date '+%H:%M:%S') → podman kill ${CONTAINER_NAME}"; echo "$PASSWORD" | sudo -S podman kill "${CONTAINER_NAME}" &> /dev/null;
done ) &> /dev/null
-----------------------------------------------
▶ [#6] Warning 없음 → 3초 후 재시작
============================================================
▶ [#7] START  at 2025-07-18 18:00:57
▶ Restart file: BAMOF_EMIM-1.restart
▶ Kill interval: 200000s
▶ Container name: cp2k_run_7
============================================================
▶ [#7] END    at 2025-07-18 18:13:16 (exit code: 1)
----- Last 5 lines of simulation.input.log -----
SIRIUS 7.6.1, git hash: https://api.github.com/repos/electronic-structure/SIRIUS/git/ref/tags/v7.6.1
Abort(1) on node 0 (rank 0 in comm 0): application called MPI_Abort(MPI_COMM_WORLD, 1) - process 0
run_cp2k.sh: line 79: 1014067 Terminated              ( while true; do
    sleep "${KILL_INTERVAL}"; echo "▶ [watchdog] $(date '+%H:%M:%S') → podman kill ${CONTAINER_NAME}"; echo "$PASSWORD" | sudo -S podman kill "${CONTAINER_NAME}" &> /dev/null;
done ) &> /dev/null
-----------------------------------------------
▶ [#7] Warning 없음 → 3초 후 재시작
============================================================
▶ [#8] START  at 2025-07-18 18:13:19
▶ Restart file: BAMOF_EMIM-1.restart
▶ Kill interval: 200000s
▶ Container name: cp2k_run_8
============================================================
▶ [#8] END    at 2025-07-18 18:16:20 (exit code: 1)
----- Last 5 lines of simulation.input.log -----
SIRIUS 7.6.1, git hash: https://api.github.com/repos/electronic-structure/SIRIUS/git/ref/tags/v7.6.1
Abort(1) on node 0 (rank 0 in comm 0): application called MPI_Abort(MPI_COMM_WORLD, 1) - process 0
run_cp2k.sh: line 79: 1022475 Terminated              ( while true; do
    sleep "${KILL_INTERVAL}"; echo "▶ [watchdog] $(date '+%H:%M:%S') → podman kill ${CONTAINER_NAME}"; echo "$PASSWORD" | sudo -S podman kill "${CONTAINER_NAME}" &> /dev/null;
done ) &> /dev/null
-----------------------------------------------
▶ [#8] Warning 없음 → 3초 후 재시작
============================================================
▶ [#9] START  at 2025-07-18 18:16:23
▶ Restart file: BAMOF_EMIM-1.restart
▶ Kill interval: 200000s
▶ Container name: cp2k_run_9
============================================================
▶ [#9] END    at 2025-07-18 18:28:46 (exit code: 1)
----- Last 5 lines of simulation.input.log -----
SIRIUS 7.6.1, git hash: https://api.github.com/repos/electronic-structure/SIRIUS/git/ref/tags/v7.6.1
Abort(1) on node 0 (rank 0 in comm 0): application called MPI_Abort(MPI_COMM_WORLD, 1) - process 0
run_cp2k.sh: line 79: 1025191 Terminated              ( while true; do
    sleep "${KILL_INTERVAL}"; echo "▶ [watchdog] $(date '+%H:%M:%S') → podman kill ${CONTAINER_NAME}"; echo "$PASSWORD" | sudo -S podman kill "${CONTAINER_NAME}" &> /dev/null;
done ) &> /dev/null
-----------------------------------------------
▶ [#9] Warning 없음 → 3초 후 재시작
============================================================
▶ [#10] START  at 2025-07-18 18:28:49
▶ Restart file: BAMOF_EMIM-1.restart
▶ Kill interval: 200000s
▶ Container name: cp2k_run_10
============================================================
▶ [#10] END    at 2025-07-18 18:41:05 (exit code: 1)
----- Last 5 lines of simulation.input.log -----
SIRIUS 7.6.1, git hash: https://api.github.com/repos/electronic-structure/SIRIUS/git/ref/tags/v7.6.1
Abort(1) on node 0 (rank 0 in comm 0): application called MPI_Abort(MPI_COMM_WORLD, 1) - process 0
run_cp2k.sh: line 79: 1034078 Terminated              ( while true; do
    sleep "${KILL_INTERVAL}"; echo "▶ [watchdog] $(date '+%H:%M:%S') → podman kill ${CONTAINER_NAME}"; echo "$PASSWORD" | sudo -S podman kill "${CONTAINER_NAME}" &> /dev/null;
done ) &> /dev/null
-----------------------------------------------
▶ [#10] Warning 없음 → 3초 후 재시작
============================================================
▶ [#11] START  at 2025-07-18 18:41:08
▶ Restart file: BAMOF_EMIM-1.restart
▶ Kill interval: 200000s
▶ Container name: cp2k_run_11
============================================================
▶ [#11] END    at 2025-07-18 18:53:29 (exit code: 1)
----- Last 5 lines of simulation.input.log -----
SIRIUS 7.6.1, git hash: https://api.github.com/repos/electronic-structure/SIRIUS/git/ref/tags/v7.6.1
Abort(1) on node 0 (rank 0 in comm 0): application called MPI_Abort(MPI_COMM_WORLD, 1) - process 0
run_cp2k.sh: line 79: 1042263 Terminated              ( while true; do
    sleep "${KILL_INTERVAL}"; echo "▶ [watchdog] $(date '+%H:%M:%S') → podman kill ${CONTAINER_NAME}"; echo "$PASSWORD" | sudo -S podman kill "${CONTAINER_NAME}" &> /dev/null;
done ) &> /dev/null
-----------------------------------------------
▶ [#11] Warning 없음 → 3초 후 재시작
============================================================
▶ [#12] START  at 2025-07-18 18:53:32
▶ Restart file: BAMOF_EMIM-1.restart
▶ Kill interval: 200000s
▶ Container name: cp2k_run_12
============================================================
▶ [#12] END    at 2025-07-18 19:05:47 (exit code: 1)
----- Last 5 lines of simulation.input.log -----
SIRIUS 7.6.1, git hash: https://api.github.com/repos/electronic-structure/SIRIUS/git/ref/tags/v7.6.1
Abort(1) on node 0 (rank 0 in comm 0): application called MPI_Abort(MPI_COMM_WORLD, 1) - process 0
run_cp2k.sh: line 79: 1050644 Terminated              ( while true; do
    sleep "${KILL_INTERVAL}"; echo "▶ [watchdog] $(date '+%H:%M:%S') → podman kill ${CONTAINER_NAME}"; echo "$PASSWORD" | sudo -S podman kill "${CONTAINER_NAME}" &> /dev/null;
done ) &> /dev/null
-----------------------------------------------
▶ [#12] Warning 없음 → 3초 후 재시작
============================================================
▶ [#13] START  at 2025-07-18 19:05:50
▶ Restart file: BAMOF_EMIM-1.restart
▶ Kill interval: 200000s
▶ Container name: cp2k_run_13
============================================================
▶ [#13] END    at 2025-07-18 19:18:09 (exit code: 1)
----- Last 5 lines of simulation.input.log -----
SIRIUS 7.6.1, git hash: https://api.github.com/repos/electronic-structure/SIRIUS/git/ref/tags/v7.6.1
Abort(1) on node 0 (rank 0 in comm 0): application called MPI_Abort(MPI_COMM_WORLD, 1) - process 0
run_cp2k.sh: line 79: 1059495 Terminated              ( while true; do
    sleep "${KILL_INTERVAL}"; echo "▶ [watchdog] $(date '+%H:%M:%S') → podman kill ${CONTAINER_NAME}"; echo "$PASSWORD" | sudo -S podman kill "${CONTAINER_NAME}" &> /dev/null;
done ) &> /dev/null
-----------------------------------------------
▶ [#13] Warning 없음 → 3초 후 재시작
============================================================
▶ [#14] START  at 2025-07-18 19:18:12
▶ Restart file: BAMOF_EMIM-1.restart
▶ Kill interval: 200000s
▶ Container name: cp2k_run_14
============================================================
▶ [#14] END    at 2025-07-18 19:30:36 (exit code: 1)
----- Last 5 lines of simulation.input.log -----
SIRIUS 7.6.1, git hash: https://api.github.com/repos/electronic-structure/SIRIUS/git/ref/tags/v7.6.1
Abort(1) on node 0 (rank 0 in comm 0): application called MPI_Abort(MPI_COMM_WORLD, 1) - process 0
run_cp2k.sh: line 79: 1067855 Terminated              ( while true; do
    sleep "${KILL_INTERVAL}"; echo "▶ [watchdog] $(date '+%H:%M:%S') → podman kill ${CONTAINER_NAME}"; echo "$PASSWORD" | sudo -S podman kill "${CONTAINER_NAME}" &> /dev/null;
done ) &> /dev/null
-----------------------------------------------
▶ [#14] Warning 없음 → 3초 후 재시작
============================================================
▶ [#15] START  at 2025-07-18 19:30:39
▶ Restart file: BAMOF_EMIM-1.restart
▶ Kill interval: 200000s
▶ Container name: cp2k_run_15
============================================================
▶ [#15] END    at 2025-07-18 19:42:52 (exit code: 1)
----- Last 5 lines of simulation.input.log -----
SIRIUS 7.6.1, git hash: https://api.github.com/repos/electronic-structure/SIRIUS/git/ref/tags/v7.6.1
Abort(1) on node 0 (rank 0 in comm 0): application called MPI_Abort(MPI_COMM_WORLD, 1) - process 0
run_cp2k.sh: line 79: 1076745 Terminated              ( while true; do
    sleep "${KILL_INTERVAL}"; echo "▶ [watchdog] $(date '+%H:%M:%S') → podman kill ${CONTAINER_NAME}"; echo "$PASSWORD" | sudo -S podman kill "${CONTAINER_NAME}" &> /dev/null;
done ) &> /dev/null
-----------------------------------------------
▶ [#15] Warning 없음 → 3초 후 재시작
============================================================
▶ [#16] START  at 2025-07-18 19:42:55
▶ Restart file: BAMOF_EMIM-1.restart
▶ Kill interval: 200000s
▶ Container name: cp2k_run_16
============================================================
▶ [#16] END    at 2025-07-18 19:55:15 (exit code: 1)
----- Last 5 lines of simulation.input.log -----
SIRIUS 7.6.1, git hash: https://api.github.com/repos/electronic-structure/SIRIUS/git/ref/tags/v7.6.1
Abort(1) on node 0 (rank 0 in comm 0): application called MPI_Abort(MPI_COMM_WORLD, 1) - process 0
run_cp2k.sh: line 79: 1084929 Terminated              ( while true; do
    sleep "${KILL_INTERVAL}"; echo "▶ [watchdog] $(date '+%H:%M:%S') → podman kill ${CONTAINER_NAME}"; echo "$PASSWORD" | sudo -S podman kill "${CONTAINER_NAME}" &> /dev/null;
done ) &> /dev/null
-----------------------------------------------
▶ [#16] Warning 없음 → 3초 후 재시작
============================================================
▶ [#17] START  at 2025-07-18 19:55:18
▶ Restart file: BAMOF_EMIM-1.restart
▶ Kill interval: 200000s
▶ Container name: cp2k_run_17
============================================================
▶ [#17] END    at 2025-07-18 20:07:35 (exit code: 1)
----- Last 5 lines of simulation.input.log -----
SIRIUS 7.6.1, git hash: https://api.github.com/repos/electronic-structure/SIRIUS/git/ref/tags/v7.6.1
Abort(1) on node 0 (rank 0 in comm 0): application called MPI_Abort(MPI_COMM_WORLD, 1) - process 0
run_cp2k.sh: line 79: 1093784 Terminated              ( while true; do
    sleep "${KILL_INTERVAL}"; echo "▶ [watchdog] $(date '+%H:%M:%S') → podman kill ${CONTAINER_NAME}"; echo "$PASSWORD" | sudo -S podman kill "${CONTAINER_NAME}" &> /dev/null;
done ) &> /dev/null
-----------------------------------------------
▶ [#17] Warning 없음 → 3초 후 재시작
============================================================
▶ [#18] START  at 2025-07-18 20:07:38
▶ Restart file: BAMOF_EMIM-1.restart
▶ Kill interval: 200000s
▶ Container name: cp2k_run_18
============================================================
▶ [#18] END    at 2025-07-18 20:19:57 (exit code: 1)
----- Last 5 lines of simulation.input.log -----
SIRIUS 7.6.1, git hash: https://api.github.com/repos/electronic-structure/SIRIUS/git/ref/tags/v7.6.1
Abort(1) on node 0 (rank 0 in comm 0): application called MPI_Abort(MPI_COMM_WORLD, 1) - process 0
run_cp2k.sh: line 79: 1102196 Terminated              ( while true; do
    sleep "${KILL_INTERVAL}"; echo "▶ [watchdog] $(date '+%H:%M:%S') → podman kill ${CONTAINER_NAME}"; echo "$PASSWORD" | sudo -S podman kill "${CONTAINER_NAME}" &> /dev/null;
done ) &> /dev/null
-----------------------------------------------
▶ [#18] Warning 없음 → 3초 후 재시작
============================================================
▶ [#19] START  at 2025-07-18 20:20:00
▶ Restart file: BAMOF_EMIM-1.restart
▶ Kill interval: 200000s
▶ Container name: cp2k_run_19
============================================================
▶ [#19] END    at 2025-07-18 20:32:23 (exit code: 1)
----- Last 5 lines of simulation.input.log -----
SIRIUS 7.6.1, git hash: https://api.github.com/repos/electronic-structure/SIRIUS/git/ref/tags/v7.6.1
Abort(1) on node 0 (rank 0 in comm 0): application called MPI_Abort(MPI_COMM_WORLD, 1) - process 0
run_cp2k.sh: line 79: 1110468 Terminated              ( while true; do
    sleep "${KILL_INTERVAL}"; echo "▶ [watchdog] $(date '+%H:%M:%S') → podman kill ${CONTAINER_NAME}"; echo "$PASSWORD" | sudo -S podman kill "${CONTAINER_NAME}" &> /dev/null;
done ) &> /dev/null
-----------------------------------------------
▶ [#19] Warning 없음 → 3초 후 재시작
============================================================
▶ [#20] START  at 2025-07-18 20:32:26
▶ Restart file: BAMOF_EMIM-1.restart
▶ Kill interval: 200000s
▶ Container name: cp2k_run_20
============================================================
▶ [#20] END    at 2025-07-18 20:44:47 (exit code: 1)
----- Last 5 lines of simulation.input.log -----
SIRIUS 7.6.1, git hash: https://api.github.com/repos/electronic-structure/SIRIUS/git/ref/tags/v7.6.1
Abort(1) on node 0 (rank 0 in comm 0): application called MPI_Abort(MPI_COMM_WORLD, 1) - process 0
run_cp2k.sh: line 79: 1119531 Terminated              ( while true; do
    sleep "${KILL_INTERVAL}"; echo "▶ [watchdog] $(date '+%H:%M:%S') → podman kill ${CONTAINER_NAME}"; echo "$PASSWORD" | sudo -S podman kill "${CONTAINER_NAME}" &> /dev/null;
done ) &> /dev/null
-----------------------------------------------
▶ [#20] Warning 없음 → 3초 후 재시작
============================================================
▶ [#21] START  at 2025-07-18 20:44:50
▶ Restart file: BAMOF_EMIM-1.restart
▶ Kill interval: 200000s
▶ Container name: cp2k_run_21
============================================================
--------------------------------------------------------------------------
WARNING: There was an error initializing an OpenFabrics device.

  Local host:   ga04
  Local device: mlx5_0
--------------------------------------------------------------------------
Could not open file 'input.in' for reading.
--------------------------------------------------------------------------
MPI_ABORT was invoked on rank 0 in communicator MPI_COMM_WORLD
with errorcode 1.

NOTE: invoking MPI_ABORT causes Open MPI to kill all MPI processes.
You may or may not see output from other processes, depending on
exactly when Open MPI kills them.
--------------------------------------------------------------------------
[ga04:1132824] 27 more processes have sent help message help-mpi-btl-openib.txt / error in device init
[ga04:1132824] Set MCA parameter "orte_base_help_aggregate" to 0 to see all help / error messages
============================================================
▶ [#1] START  at 2025-07-18 20:52:16
▶ Restart file: BAMOF_EMIM-1.restart
▶ Kill interval: 20000s
▶ Container name: cp2k_run_1
============================================================
============================================================
▶ [#1] START  at 2025-07-18 21:20:45
▶ Restart file: BAMOF_EMIM-1.restart
▶ Kill interval: 200000s
▶ Container name: cp2k_run_1
============================================================
