Usage: run_cp2k_docker.sh <restart_file> [kill_interval_seconds]
============================================================
▶ [#1] START  at 2025-07-20 01:24:01
▶ Restart file: BAMOF_Cluster-1.restart
▶ Kill interval: 200000s
▶ Container name: cp2k_run_1
============================================================
▶ [#1] END    at 2025-07-20 03:14:27 (exit code: 9)
----- Last 5 lines of simulation.input.log -----
=   YOU CAN IGNORE THE BELOW CLEANUP MESSAGES
===================================================================================
YOUR APPLICATION TERMINATED WITH THE EXIT STRING: Killed (signal 9)
This typically refers to a problem with your application.
Please see the FAQ page for debugging suggestions
run_cp2k_docker.sh: line 79: 1469224 Terminated              ( while true; do
    sleep "${KILL_INTERVAL}"; echo "▶ [watchdog] $(date '+%H:%M:%S') → docker kill ${CONTAINER_NAME}"; echo "$PASSWORD" | sudo -S docker kill "${CONTAINER_NAME}" &> /dev/null;
done ) &> /dev/null
-----------------------------------------------
▶ [#1] Warning 없음 → 3초 후 재시작
============================================================
▶ [#2] START  at 2025-07-20 03:14:30
▶ Restart file: BAMOF_Cluster-1.restart
▶ Kill interval: 200000s
▶ Container name: cp2k_run_2
============================================================
▶ [#2] END    at 2025-07-20 04:31:54 (exit code: 0)
----- Last 5 lines of simulation.input.log -----
SIRIUS 7.6.1, git hash: https://api.github.com/repos/electronic-structure/SIRIUS/git/ref/tags/v7.6.1
run_cp2k_docker.sh: line 79: 1543919 Terminated              ( while true; do
    sleep "${KILL_INTERVAL}"; echo "▶ [watchdog] $(date '+%H:%M:%S') → docker kill ${CONTAINER_NAME}"; echo "$PASSWORD" | sudo -S docker kill "${CONTAINER_NAME}" &> /dev/null;
done ) &> /dev/null
-----------------------------------------------
▶ [#2] Warning 메시지 발견 – 루프 종료
✅ 전체 완료. 총 반복 횟수: 2
