139
 energy: -349.251170979954 gnorm: 1.031528602741 xtb: 6.7.1 (edcfbbe)
Ti00        -2.86833500000000        2.11544200000000       11.26521400000000
Ti00         7.80278800000000        5.38321000000000        1.84439100000000
Ti00         1.35257200000000       -1.67350000000000        9.41711300000000
Ti00         2.51179200000000        7.54265200000000        3.64841400000000
Ti00         1.44467200000000        9.18741800000000        1.75198900000000
Ti00         3.25945800000000       -1.86425700000000       11.35953000000000
Ti00        -1.86978200000000        0.41602400000000        9.36614000000000
Ti00         5.81598400000000        5.61428400000000        3.70328100000000
H009         3.74689600000000        1.65262600000000        8.58343900000000
H010        -7.02491604905286       10.14276484257823        6.47825700000000
H011         4.43163000000000       11.01061200000001        4.65043800000000
H012        -2.50369400000000        6.02805100000000       11.04846000000000
H013         8.74873700000000        1.50734200000000        2.15525000000000
H014        -6.80154200000000        1.22189300000000       10.90364400000000
H015        11.11424599999999        7.50383800000000        2.02908900000000
H016         4.37272100000000       -5.86202000000000       10.96265300000000
H017        -2.58914300000000        8.45618100000000        2.09570300000000
H018         4.65696600000000        3.20414700000000        6.82695300000000
H019        -0.04522400000000        3.67026800000000        8.40603000000000
H020        12.44091800000000       -1.82816700000000        6.37854000000000
H021        -2.32715878031311        0.33192933949719       12.98424924569802
H022         5.92738500000000        5.07740300000000        0.15458400000000
H023         3.76142600000000       -2.50661700000000        5.84472600000000
H024         0.74556000000000        9.31426200000000        7.27943100000000
H025        -6.05991300000000        3.66121300000000        9.03749000000000
H026        10.64124699999999        3.39337900000000        4.13213400000000
H027        -3.72858700000000        2.29870800000000        5.68887000000000
H028        -1.70397200000000       10.90338600000000        4.12492300000000
H029         1.73345200000000       12.30094500000000        2.60953700000000
H030         8.66798500000000       -0.51706300000000        3.35583100000000
H031         4.60668000000000        7.29745100000001        2.29782500000000
H032         0.21548700000000        0.13462000000000       10.71924600000000
H033         7.41533200000000        0.21868500000000        9.72836600000000
H034         5.95549600000000       -0.30253400000000       10.48329900000000
H035         7.82865600000000        4.67098700000000        8.63253700000000
H036         7.23765099999999        5.01153800000000        7.01770900000000
H037         7.09817700000000       -4.74997700000000        9.53432000000000
H038         5.78402999999999       -3.69502900000000       10.00015700000000
H039         1.41148500000000        1.91154800000000        9.35608500000000
H040         0.86375900000000        5.22704000000000        6.64857400000000
H041         5.74102300000000        9.06933300000000        3.84537100000000
H042         7.99913500000000        8.60999300000000        4.74462300000000
C043         8.42232499999999        4.65919100000000        4.70370600000000
C044        -3.85332800000000        2.34671800000000        8.42389900000000
C045         3.96159500000000       -2.59263000000000        8.47652400000000
C046         0.51354000000000        9.44335700000000        4.62132000000000
C047         9.34433600000000        4.08519200000000        5.69310500000000
C048        -4.81192600000000        2.94002600000000        7.45290700000000
C049         4.91731500000000       -3.17274800000000        7.52327000000000
C050        -0.39266100000000       10.05756100000000        5.62688400000000
C051         9.10104199999999        4.14976300000000        7.10099900000000
C052        -4.59925600000000        2.82934200000000        6.06353800000000
C053         6.07507199999999       -3.89377100000000        7.96908800000000
C054        -1.51605500000000       10.79246900000001        5.18909000000000
C055        -0.12481100000000        9.89423400000000        6.98009500000000
C056         4.65740500000000       -3.04764400000000        6.14091500000000
C057        10.49894700000000        3.42668700000000        5.21005400000000
C058        -5.93267900000000        3.59312400000000        7.95869100000000
C059         2.81368400000000        4.30741100000000        6.63956700000000
C060         1.80210000000000        2.58016800000000        8.59092500000000
C061         6.16147299999999        9.72627600000000        4.60512900000000
C062        -1.73008400000000       -2.94472000000000        6.52823400000000
C063         8.71517500000000        1.58833000000000        0.01126200000000
C064         1.83904000000000       13.14742900000000        0.08858700000000
C065         6.68424321968689        0.19533433949719       12.99003124569802
C066        -6.71970578031311        1.27180133949719       13.04686424569801
C067         3.35051700000000        5.22449200000000        5.60560600000000
C068        -1.14501800000000       -2.03351500000000        7.54024800000000
C069         4.21605821968688       -4.20165966050281       13.10128624569802
C070         1.79608600000000       11.71165100000001        0.04970100000000
C071         5.40895521968689       -0.46628466050281       13.04314124569802
C072        -5.33250078031311        1.73459633949719       13.06403924569802
C073         1.48290600000000        4.44260400000000        7.07873800000000
C074         3.12522200000000        2.43682700000000        8.15461300000000
C075         5.42411999999999       10.82759400000000        5.05874700000000
C076        -8.01891104905286       10.31957384257824        6.07343600000000
C077         8.78465200000000        0.91951500000000        1.23978000000000
C078        -2.50814200000000        6.61524900000000       11.96306500000000
C079        -4.36055200000000        7.73050700000000        1.11030300000000
C080        -7.35136600000000        1.02202500000000       11.82193200000000
C081         7.44137100000000        9.46964400000000        5.11272300000000
C082        12.99119299999999       -2.69455200000000        6.01748100000000
C083         3.63263700000000        3.29805600000000        7.18120800000000
C084         0.98062100000000        3.57870500000000        8.05288900000000
C085         7.36176599999999        0.48952800000000       11.75354800000000
C086        -3.08920100000000        8.25494600000000        1.15247900000000
C087         4.43800300000000       -6.38856000000000       11.91067600000001
C088         8.85557904905286       -0.47964284257823        1.31879700000000
N089         8.93834604905285       -1.07761384257823        2.55596800000000
N090         6.78251600000000        0.28815700000000       10.51742600000000
N091         8.00128299999999        4.75734000000000        7.63912700000000
N092         6.41877500000000       -4.04207800000000        9.28442300000000
O093         7.23466500000000        5.02263700000000        5.07660400000000
O094        -3.05392400000000        1.42370300000000        8.02011300000000
O095         4.34522400000000       -2.45640700000000        9.69570800000000
O096         0.42605400000000        9.87189700000000        3.42268000000000
O097         1.31896100000000        8.51307900000000        5.00222800000000
O098         2.77677600000000       -2.26472400000000        8.07808700000000
O099         8.82439800000000        4.75570100000000        3.48980500000000
O100        -3.90376600000000        2.77975100000000        9.62446700000000
O101         6.15669700000000        4.40912700000000        2.50521800000000
O102        -1.36797500000000        1.99365800000000       10.10962800000000
O103         7.01780100000000        6.72717000000000        2.95318500000000
O104        -3.05627900000000        0.20846100000000       10.60965700000000
O105         1.65962100000000       -2.83731200000000       10.67438300000000
O106         2.96945800000000        9.12193700000000        2.90927900000000
O107         2.53162400000000       -0.54337800000000       10.20804800000000
O108         1.32257500000000        7.30697200000000        2.39889300000000
O109         4.57516700000000        5.08763100000000        5.24433700000000
O110        -1.83614400000000       -1.02252800000000        7.92351600000000
O111         4.06639100000000       -3.61004900000000       11.96209500000000
O112         1.74351400000000       11.00642900000001        1.14435000000000
O113         4.77102600000000       -0.79549800000000       11.95641800000000
O114        -0.42750400000000        9.09402500000000        1.09409800000000
O115         0.02886700000000       -2.28805900000000        7.99125800000000
O116         2.57429500000000        6.11961600000000        5.11779600000000
O117         9.19941899999999        6.45278500000000        1.08329500000000
O118        -4.74811400000000        1.98897500000000       11.94402900000000
O119         8.50025400000000        3.67242000000000        1.11329200000000
O120        -2.54297500000000        3.84924000000000       12.01523100000000
O121         4.26917100000000        6.73557400000000        3.01966800000000
O122        -0.14709300000000       -0.43606200000000       10.01703000000000
O123         6.74805700000000        5.60008600000000        0.07153000000000
O124        -2.23828478031311        1.30233833949719       13.04491124569802
S            1.16021900000000        0.17117900000000        0.90780900000000
S            1.85403800000000       -0.81287900000000        3.47152700000000
F            1.61848700000000        2.74096600000000        1.45996300000000
F           -0.22079600000000        2.36532700000000        0.37012300000000
F           -0.10432600000000        1.92006400000000        2.48963700000000
F            2.64328700000000        0.07749200000000        5.82762000000000
F            4.06178100000000        0.48831200000000        4.23904600000000
F            2.24390800000000        1.66068300000000        4.39901500000000
O           -7.07274400000000       13.77175900000000        0.87471900000000
O           -2.41938200000000       -6.85921100000000       12.79781100000000
O            2.58843100000000       -2.03145800000000        3.69198500000000
O            0.48709600000000       -0.73594200000000        3.91650700000000
N            2.17979300000000       -0.20184300000000        2.04946600000000
C            0.58233400000000        1.89539400000000        1.34307500000000
C            2.75595200000000        0.42946300000000        4.53355300000000
139
 energy: -349.252071147226 gnorm: 1.030197598446 xtb: 6.7.1 (edcfbbe)
Ti00        -2.86833499957287        2.11544199972837       11.26521399931238
Ti00         7.80278799799003        5.38320999779175        1.84439099925226
Ti00         1.35257198988904       -1.67349998976685        9.41711299697003
Ti00         2.51179199658076        7.54265201605997        3.64841396977562
Ti00         1.44467200011860        9.18741799908144        1.75198899979380
Ti00         3.25945800116063       -1.86425700137023       11.35952999357375
Ti00        -1.86978199362758        0.41602400080380        9.36613999021862
Ti00         5.81598402019038        5.61428400139355        3.70328096229994
H009         3.74689611883253        1.65262586801883        8.58343906987621
H010        -7.02491604905196       10.14276484257659        6.47825700000012
H011         4.43162999999962       11.01061199998895        4.65043799999870
H012        -2.50369399999190        6.02805099998703       11.04845999998481
H013         8.74873699924385        1.50734199956212        2.15525000006510
H014        -6.80154199991541        1.22189300002502       10.90364399984550
H015        11.11424599999019        7.50383799999284        2.02908899999881
H016         4.37272099999993       -5.86201999998220       10.96265299996662
H017        -2.58914300005932        8.45618099999236        2.09570299991833
H018         4.65696598609530        3.20414705178232        6.82695297713279
H019        -0.04522410731350        3.67026803660981        8.40603001170446
H020        12.44091799999471       -1.82816700000085        6.37853999999623
H021        -2.32715878030345        0.33192933950527       12.98424924566774
H022         5.92738499775066        5.07740299824666        0.15458400059692
H023         3.76142556966783       -2.50661687543864        5.84472538908107
H024         0.74555999979416        9.31426200011280        7.27943099984178
H025        -6.05991300000262        3.66121300000939        9.03748999976436
H026        10.64124699993427        3.39337900000854        4.13213399956176
H027        -3.72858699599032        2.29870799868030        5.68886999755772
H028        -1.70397199994062       10.90338599995376        4.12492299996953
H029         1.73345200000165       12.30094499999175        2.60953700000033
H030         8.66798499872550       -0.51706299934228        3.35583100075249
H031         4.60668000043155        7.29745100049996        2.29782499846502
H032         0.21548700044756        0.13462000077783       10.71924600050572
H033         7.41533199937066        0.21868500002502        9.72836600064361
H034         5.95549599924092       -0.30253400058055       10.48329900012709
H035         7.82865600040470        4.67098700002289        8.63253699898013
H036         7.23765100019201        5.01153799998276        7.01770899974510
H037         7.09817695154325       -4.74997694532137        9.53431994220255
H038         5.78403002550602       -3.69502900614299       10.00015694026921
H039         1.41148495267890        1.91154793772060        9.35608507458176
H040         0.86375908784515        5.22703993195334        6.64857402235438
H041         5.74102299996298        9.06933299994152        3.84537099995781
H042         7.99913499999643        8.60999299998021        4.74462299999009
C043         8.42232500220993        4.65919099836886        4.70370600116721
C044        -3.85332799669283        2.34671799794796        8.42389900077199
C045         3.96159483409384       -2.59262994064394        8.47652404555503
C046         0.51353999900869        9.44335700073399        4.62132000053586
C047         9.34433599925903        4.08519200033702        5.69310499678325
C048        -4.81192599987494        2.94002600012748        7.45290699730037
C049         4.91731477158891       -3.17274788014539        7.52326948592316
C050        -0.39266099922635       10.05756099938366        5.62688399795646
C051         9.10104200061627        4.14976299950570        7.10099900096719
C052        -4.59925599710424        2.82934199898338        6.06353799936715
C053         6.07507215824545       -3.89377110671712        7.96908802523600
C054        -1.51605500026498       10.79246900014656        5.18909000014881
C055        -0.12481099969608        9.89423399975145        6.98009500133488
C056         4.65740496846222       -3.04764405776295        6.14091505709768
C057        10.49894699948242        3.42668700011472        5.21005400081013
C058        -5.93267900001160        3.59312400004127        7.95869100048519
C059         2.81368407845131        4.30741110754906        6.63956690383746
C060         1.80210009480480        2.58016813665172        8.59092483048327
C061         6.16147300004118        9.72627599994899        4.60512900001785
C062        -1.73008398952554       -2.94471997682521        6.52823397579396
C063         8.71517499825080        1.58832999929809        0.01126200108931
C064         1.83904000000383       13.14742899992975        0.08858700000687
C065         6.68424321983300        0.19533433954565       12.99003124553328
C066        -6.71970578064292        1.27180133936989       13.04686424526562
C067         3.35051711033126        5.22449215137826        5.60560583134533
C068        -1.14501797646756       -2.03351497122950        7.54024798990188
C069         4.21605821980898       -4.20165966090190       13.10128624633509
C070         1.79608600002209       11.71165100010761        0.04970099987755
C071         5.40895521976280       -0.46628466045395       13.04314124571547
C072        -5.33250078019940        1.73459633951333       13.06403924587732
C073         1.48290567764326        4.44260411689120        7.07873803391048
C074         3.12522173522639        2.43682734530582        8.15461282556914
C075         5.42411999997907       10.82759399995648        5.05874699997455
C076        -8.01891104904791       10.31957384257506        6.07343600000273
C077         8.78465199793504        0.91951500267669        1.23977999928473
C078        -2.50814199998750        6.61524899996951       11.96306499996014
C079        -4.36055200045755        7.73050700031487        1.11030300026930
C080        -7.35136599985714        1.02202500005050       11.82193200050348
C081         7.44137099991533        9.46964399997766        5.11272299995469
C082        12.99119299998267       -2.69455199999376        6.01748099999543
C083         3.63263708288904        3.29805569240506        7.18120829711861
C084         0.98062127634557        3.57870481128683        8.05288904314870
C085         7.36176599964430        0.48952799986522       11.75354800028122
C086        -3.08920099973369        8.25494600057813        1.15247900047516
C087         4.43800299999348       -6.38855999996737       11.91067599994642
C088         8.85557904833817       -0.47964284411024        1.31879700146267
N089         8.93834604831643       -1.07761384151212        2.55596799864796
N090         6.78251600161836        0.28815700053077       10.51742599923927
N091         8.00128299881687        4.75734000045822        7.63912700154635
N092         6.41877504177594       -4.04207805257635        9.28442318763297
O093         7.23466499936767        5.02263699997847        5.07660400094342
O094        -3.05392399873212        1.42370299999005        8.02011299738523
O095         4.34522401343931       -2.45640699439016        9.69570804572155
O096         0.42605400011394        9.87189699987157        3.42267999978829
O097         1.31896099972337        8.51307899991562        5.00222800111799
O098         2.77677613423992       -2.26472404582422        8.07808698463759
O099         8.82439799955692        4.75570100000263        3.48980499928627
O100        -3.90376600031434        2.77975100018729        9.62446699907101
O101         6.15669699217993        4.40912700502069        2.50521800803584
O102        -1.36797499986042        1.99365799981027       10.10962799934034
O103         7.01780099184187        6.72716999361969        2.95318500544390
O104        -3.05627900234600        0.20846099969169       10.60965700240731
O105         1.65962100085495       -2.83731200122574       10.67438300104305
O106         2.96945799810314        9.12193699118082        2.90927900460462
O107         2.53162399974226       -0.54337800062615       10.20804799933234
O108         1.32257500750882        7.30697199720351        2.39889300680882
O109         4.57516683057884        5.08763098325790        5.24433709108469
O110        -1.83614399066544       -1.02252800913157        7.92351598323249
O111         4.06639099975178       -3.61004899937008       11.96209499917057
O112         1.74351400001277       11.00642899993557        1.14435000011710
O113         4.77102600000982       -0.79549800000354       11.95641799995929
O114        -0.42750399983879        9.09402499998443        1.09409800012527
O115         0.02886698545925       -2.28805899297543        7.99125798211094
O116         2.57429505079866        6.11961587770723        5.11779609051303
O117         9.19941900015419        6.45278500009228        1.08329499984248
O118        -4.74811399994457        1.98897500001755       11.94402899979501
O119         8.50025399907030        3.67241999978320        1.11329200011767
O120        -2.54297499996813        3.84924000002268       12.01523099995810
O121         4.26917099752416        6.73557399627517        3.01966800072354
O122        -0.14709299914612       -0.43606200152088       10.01702999686905
O123         6.74805699964609        5.60008599948322        0.07153000033115
O124        -2.23828478028974        1.30233833947573       13.04491124565994
S            1.16458903582258        0.16959502446670        0.91239009000882
S            1.85440508286395       -0.81031508929056        3.47361442097304
F            1.61900438809769        2.74128534442616        1.46019339421158
F           -0.21966929759017        2.36467147976107        0.37154677962024
F           -0.10478504443335        1.92008299622651        2.49071837313644
F            2.64335411982558        0.07749694607876        5.82761405771932
F            4.06253003688513        0.48837228200553        4.23892937223531
F            2.24403011818029        1.66055190011006        4.39900700484174
O           -7.07274400000030       13.77175900000160        0.87471900000101
O           -2.41938199999699       -6.85921099999336       12.79781099999533
O            2.58964086551687       -2.03429344521940        3.69260970704936
O            0.48590364095060       -0.73619016200295        3.91662675198389
N            2.17561060807153       -0.19957865848017        2.04251590689447
C            0.58092667807937        1.89601675722981        1.34023318797978
C            2.75466429524621        0.42906243212308        4.53332788691319
139
 energy: -349.252617696864 gnorm: 1.028704330831 xtb: 6.7.1 (edcfbbe)
Ti00        -2.86833499884831        2.11544199923532       11.26521399824213
Ti00         7.80278799530767        5.38320999417027        1.84439099761414
Ti00         1.35257196782720       -1.67349997195532        9.41711299558958
Ti00         2.51179198808095        7.54265206611372        3.64841389025779
Ti00         1.44467200004773        9.18741799790719        1.75198899910974
Ti00         3.25945800301170       -1.86425700410499       11.35952998042200
Ti00        -1.86978198302496        0.41602400284105        9.36613997551460
Ti00         5.81598407925995        5.61428401046925        3.70328086497101
H009         3.74689644234685        1.65262551033423        8.58343925602297
H010        -7.02491604905072       10.14276484257407        6.47825700000045
H011         4.43163000000311       11.01061199997399        4.65043799999981
H012        -2.50369399997936        6.02805099996572       11.04845999996098
H013         8.74873699809214        1.50734199861446        2.15525000022583
H014        -6.80154199970558        1.22189300009107       10.90364399944963
H015        11.11424599997527        7.50383799998202        2.02908899999672
H016         4.37272099999789       -5.86201999994683       10.96265299990440
H017        -2.58914300017125        8.45618099999209        2.09570299977442
H018         4.65696593379981        3.20414718289983        6.82695291046017
H019        -0.04522439848807        3.67026813635610        8.40603004459194
H020        12.44091799998609       -1.82816700000241        6.37853999999077
H021        -2.32715878028605        0.33192933951507       12.98424924561542
H022         5.92738499374269        5.07740299524808        0.15458400161713
H023         3.76142482871011       -2.50661661310512        5.84472443951226
H024         0.74555999926883        9.31426200042617        7.27943099944996
H025        -6.05991300001689        3.66121300003099        9.03748999923031
H026        10.64124699983368        3.39337900004563        4.13213399838480
H027        -3.72858698915990        2.29870799648441        5.68886999330211
H028        -1.70397199979384       10.90338599984655        4.12492299989045
H029         1.73345200000427       12.30094499997965        2.60953700000087
H030         8.66798499657714       -0.51706299805724        3.35583100246115
H031         4.60668000175256        7.29745100224812        2.29782499477480
H032         0.21548700128770        0.13462000226195       10.71924600153949
H033         7.41533199765437        0.21868500009051        9.72836600229726
H034         5.95549599717384       -0.30253400214332       10.48329900039670
H035         7.82865600145971        4.67098700006991        8.63253699631161
H036         7.23765100067778        5.01153799991030        7.01770899912704
H037         7.09817686303846       -4.74997684464824        9.53431982580640
H038         5.78403008822397       -3.69502902437871       10.00015680782887
H039         1.41148482392931        1.91154776907445        9.35608527832255
H040         0.86375932560438        5.22703974812511        6.64857408332123
H041         5.74102299988818        9.06933299983501        3.84537099986752
H042         7.99913500000131        8.60999299993961        4.74462299997111
C043         8.42232500825650        4.65919099458418        4.70370600449617
C044        -3.85332799005217        2.34671799369363        8.42389900310459
C045         3.96159442667057       -2.59262979510306        8.47652413634999
C046         0.51353999650526        9.44335700275166        4.62132000201581
C047         9.34433599774410        4.08519200122530        5.69310498862501
C048        -4.81192599983893        2.94002600044790        7.45290699145386
C049         4.91731432327208       -3.17274764445749        7.52326836697667
C050        -0.39266099729040       10.05756099791612        5.62688399271560
C051         9.10104200225461        4.14976299826324        7.10099900354762
C052        -4.59925599249538        2.82934199744235        6.06353799899387
C053         6.07507247083464       -3.89377131894314        7.96908806393252
C054        -1.51605500094760       10.79246900055996        5.18909000053831
C055        -0.12481099892012        9.89423399918222        6.98009500479962
C056         4.65740503082599       -3.04764420226906        6.14091539911038
C057        10.49894699817043        3.42668700054868        5.21005400308493
C058        -5.93267900023371        3.59312400022097        7.95869100163926
C059         2.81368429443528        4.30741137413385        6.63956663056565
C060         1.80210035865416        2.58016850828626        8.59092437519063
C061         6.16147300018275        9.72627599987795        4.60512900008839
C062        -1.73008397286746       -2.94471994582837        6.52823393220726
C063         8.71517499557590        1.58832999764362        0.01126200366239
C064         1.83904000001038       13.14742899982900        0.08858700001638
C065         6.68424322031166        0.19533433972380       12.99003124512381
C066        -6.71970578153991        1.27180133902965       13.04686424414884
C067         3.35051740576891        5.22449255479615        5.60560537187190
C068        -1.14501792527113       -2.03351491325920        7.54024798773311
C069         4.21605822010882       -4.20165966191819       13.10128624803477
C070         1.79608600005719       11.71165100027766        0.04970099966972
C071         5.40895521981042       -0.46628466041716       13.04314124573817
C072        -5.33250077987773        1.73459633957422       13.06403924632693
C073         1.48290481006203        4.44260443419193        7.07873812189028
C074         3.12522102444764        2.43682827880803        8.15461233669969
C075         5.42411999993461       10.82759399989298        5.05874699992792
C076        -8.01891104904059       10.31957384257028        6.07343600000745
C077         8.78465199463196        0.91951500935213        1.23977999691061
C078        -2.50814199996813        6.61524899991993       11.96306499989771
C079        -4.36055200128394        7.73050700087006        1.11030300072805
C080        -7.35136599950223        1.02202500018246       11.82193200184360
C081         7.44137099972537        9.46964399996614        5.11272299986499
C082        12.99119299995499       -2.69455199998467        6.01748099998932
C083         3.63263731456422        3.29805482741530        7.18120905656381
C084         0.98062202574875        3.57870430581723        8.05288916258939
C085         7.36176599863465        0.48952799949233       11.75354800086701
C086        -3.08920099929362        8.25494600162055        1.15247900128908
C087         4.43800299997642       -6.38855999990070       11.91067599984009
C088         8.85557904754463       -0.47964284877074        1.31879700529922
N089         8.93834604727747       -1.07761383940356        2.55596799476929
N090         6.78251600600161        0.28815700205042       10.51742599728951
N091         8.00128299563514        4.75734000166025        7.63912700564924
N092         6.41877510708273       -4.04207814280911        9.28442358972527
O093         7.23466499763874        5.02263700023287        5.07660400363758
O094        -3.05392399742075        1.42370300071898        8.02011299313576
O095         4.34522405100215       -2.45640698470496        9.69570814667284
O096         0.42605400039209        9.87189699964520        3.42267999914159
O097         1.31896099906609        8.51307899984115        5.00222800399365
O098         2.77677644988406       -2.26472415519199        8.07808696605522
O099         8.82439799869528        4.75570100022411        3.48980499738086
O100        -3.90376600100640        2.77975100048120        9.62446699696432
O101         6.15669697588555        4.40912702183529        2.50521803051283
O102        -1.36797499972324        1.99365799913713       10.10962799808571
O103         7.01780096932566        6.72716997579926        2.95318502064884
O104        -3.05627900589820        0.20846099920127       10.60965700601678
O105         1.65962100227310       -2.83731200227951       10.67438300143675
O106         2.96945799272829        9.12193696648958        2.90927901766808
O107         2.53162399952671       -0.54337800194353       10.20804799842261
O108         1.32257502666859        7.30697199274111        2.39889302534135
O109         4.57516636936535        5.08763093393356        5.24433733976168
O110        -1.83614397298552       -1.02252803228433        7.92351595121050
O111         4.06639099918526       -3.61004899787169       11.96209499706265
O112         1.74351400001832       11.00642899976930        1.14435000031529
O113         4.77102600009715       -0.79549799997300       11.95641799988137
O114        -0.42750399951763        9.09402499999795        1.09409800035806
O115         0.02886695440332       -2.28805898189552        7.99125794271520
O116         2.57429519090578        6.11961554322873        5.11779633816789
O117         9.19941900034947        6.45278500016685        1.08329499959530
O118        -4.74811399980764        1.98897500006453       11.94402899932857
O119         8.50025399759473        3.67241999952265        1.11329200032432
O120        -2.54297499991678        3.84924000005825       12.01523099989194
O121         4.26917099221050        6.73557398872897        3.01966800337290
O122        -0.14709299724342       -0.43606200478979       10.01702999109316
O123         6.74805699913438        5.60008599872585        0.07153000086549
O124        -2.23828478025087        1.30233833944151       13.04491124558836
S            1.17169014122134        0.16702500901888        0.91985958987889
S            1.85491897547643       -0.80727209356537        3.47774661542967
F            1.61998086409149        2.74191292500675        1.46061230047213
F           -0.21765023572309        2.36349522169844        0.37408546973246
F           -0.10559445288075        1.92012548410960        2.49263641193692
F            2.64346204208886        0.07750399807634        5.82756829337159
F            4.06375586605728        0.48846986882208        4.23873749813099
F            2.24423558531930        1.66033214998585        4.39899697503765
O           -7.07274400000099       13.77175900000448        0.87471900000264
O           -2.41938199998972       -6.85921099997976       12.79781099998286
O            2.59134938831803       -2.03818615752694        3.69341410962864
O            0.48422392968803       -0.73641746136007        3.91663127733954
N            2.16887532873038       -0.19571480985534        2.03085955276619
C            0.57837702649819        1.89700729871557        1.33516898296227
C            2.75258088604453        0.42847603721526        4.53301128403460
139
 energy: -349.252630942385 gnorm: 1.028736722784 xtb: 6.7.1 (edcfbbe)
Ti00        -2.86833499885364        2.11544199921720       11.26521399833081
Ti00         7.80278799601120        5.38320999426941        1.84439099731766
Ti00         1.35257196363303       -1.67349997065654        9.41711299941180
Ti00         2.51179198569408        7.54265208734496        3.64841386479254
Ti00         1.44467199977094        9.18741799829147        1.75198899881432
Ti00         3.25945800271977       -1.86425700434897       11.35952997880299
Ti00        -1.86978198327398        0.41602400343889        9.36613997720181
Ti00         5.81598410214569        5.61428401665696        3.70328083482894
H009         3.74689655275895        1.65262538838468        8.58343931718585
H010        -7.02491604905092       10.14276484257425        6.47825700000052
H011         4.43163000000714       11.01061199997716        4.65043800000300
H012        -2.50369399998036        6.02805099996641       11.04845999996253
H013         8.74873699819230        1.50734199842010        2.15525000027059
H014        -6.80154199964838        1.22189300011165       10.90364399933375
H015        11.11424599997675        7.50383799998315        2.02908899999671
H016         4.37272099999742       -5.86201999994496       10.96265299990316
H017        -2.58914300017668        8.45618100000016        2.09570299977371
H018         4.65696590796583        3.20414722228002        6.82695288480205
H019        -0.04522449752533        3.67026817056443        8.40603005637642
H020        12.44091799998695       -1.82816700000233        6.37853999999166
H021        -2.32715878028564        0.33192933951206       12.98424924561548
H022         5.92738499371327        5.07740299530598        0.15458400159503
H023         3.76142482833616       -2.50661658439150        5.84472451528283
H024         0.74555999910697        9.31426200053767        7.27943099933787
H025        -6.05991300002486        3.66121300003570        9.03748999911244
H026        10.64124699984171        3.39337900006595        4.13213399799604
H027        -3.72858698920587        2.29870799653660        5.68886999326369
H028        -1.70397199975326       10.90338599982074        4.12492299986121
H029         1.73345200000400       12.30094499998127        2.60953700000087
H030         8.66798499656761       -0.51706299788951        3.35583100285286
H031         4.60668000227789        7.29745100304928        2.29782499387123
H032         0.21548700135754        0.13462000240932       10.71924600169362
H033         7.41533199707821        0.21868500011645        9.72836600280992
H034         5.95549599648841       -0.30253400264841       10.48329900045550
H035         7.82865600179156        4.67098700007676        8.63253699546779
H036         7.23765100082321        5.01153799986791        7.01770899895985
H037         7.09817686059278       -4.74997684113993        9.53431981208748
H038         5.78403010564863       -3.69502903174548       10.00015678193186
H039         1.41148478001785        1.91154771203190        9.35608534816897
H040         0.86375940633398        5.22703968588880        6.64857410437150
H041         5.74102299987817        9.06933299982976        3.84537099985237
H042         7.99913500001090        8.60999299993303        4.74462299996923
C043         8.42232501032791        4.65919099364381        4.70370600572710
C044        -3.85332798921471        2.34671799306902        8.42389900397801
C045         3.96159431148578       -2.59262975328478        8.47652415068611
C046         0.51353999576937        9.44335700343877        4.62132000254660
C047         9.34433599749007        4.08519200151573        5.69310498618585
C048        -4.81192599996255        2.94002600052050        7.45290699034574
C049         4.91731427953913       -3.17274762158451        7.52326816256152
C050        -0.39266099674961       10.05756099754893        5.62688399109736
C051         9.10104200279001        4.14976299789616        7.10099900438726
C052        -4.59925599281594        2.82934199762312        6.06353799965848
C053         6.07507250662742       -3.89377134420204        7.96908806259885
C054        -1.51605500114313       10.79246900069773        5.18909000067125
C055        -0.12481099867813        9.89423399904297        6.98009500589227
C056         4.65740512517073       -3.04764424234676        6.14091560011187
C057        10.49894699778145        3.42668700076050        5.21005400389063
C058        -5.93267900042304        3.59312400032473        7.95869100193129
C059         2.81368436989747        4.30741145225674        6.63956653169488
C060         1.80210045148807        2.58016863450170        8.59092422316754
C061         6.16147300024740        9.72627599988904        4.60512900012346
C062        -1.73008397488928       -2.94471995334644        6.52823393073144
C063         8.71517499585149        1.58832999722671        0.01126200432865
C064         1.83904000001017       13.14742899984620        0.08858700001430
C065         6.68424322053825        0.19533433982060       12.99003124499579
C066        -6.71970578183621        1.27180133892100       13.04686424381662
C067         3.35051750502727        5.22449268940913        5.60560521385161
C068        -1.14501791570842       -2.03351490637623        7.54024800132746
C069         4.21605822019156       -4.20165966222150       13.10128624859810
C070         1.79608600005430       11.71165100026621        0.04970099966919
C071         5.40895521971479       -0.46628466046969       13.04314124572577
C072        -5.33250077975932        1.73459633960658       13.06403924644438
C073         1.48290451840925        4.44260454298555        7.07873814989232
C074         3.12522078800593        2.43682859455953        8.15461215819807
C075         5.42411999992511       10.82759399990350        5.05874699992565
C076        -8.01891104904134       10.31957384257065        6.07343600000736
C077         8.78465199478328        0.91951501129905        1.23977999590414
C078        -2.50814199996965        6.61524899992199       11.96306499990196
C079        -4.36055200130042        7.73050700087120        1.11030300072034
C080        -7.35136599940452        1.02202500022311       11.82193200226572
C081         7.44137099968379        9.46964399998936        5.11272299985402
C082        12.99119299995808       -2.69455199998601        6.01748099999077
C083         3.63263739687485        3.29805451299013        7.18120929094530
C084         0.98062228061418        3.57870413720969        8.05288920485887
C085         7.36176599827908        0.48952799936645       11.75354800100512
C086        -3.08920099930993        8.25494600163945        1.15247900127784
C087         4.43800299997320       -6.38855999989558       11.91067599983381
C088         8.85557904790429       -0.47964285064843        1.31879700657174
N089         8.93834604744365       -1.07761383909950        2.55596799330205
N090         6.78251600745252        0.28815700259868       10.51742599667859
N091         8.00128299456477        4.75734000204560        7.63912700697340
N092         6.41877509727624       -4.04207813918031        9.28442365513610
O093         7.23466499700169        5.02263700048609        5.07660400460354
O094        -3.05392399814662        1.42370300136103        8.02011299332477
O095         4.34522406472679       -2.45640698544537        9.69570816442628
O096         0.42605400046790        9.87189699963885        3.42267999886799
O097         1.31896099890892        8.51307899988807        5.00222800485881
O098         2.77677652950054       -2.26472418201807        8.07808697355528
O099         8.82439799858558        4.75570100041810        3.48980499673729
O100        -3.90376600113499        2.77975100045650        9.62446699651870
O101         6.15669697332820        4.40912702928437        2.50521803862182
O102        -1.36797499980757        1.99365799884908       10.10962799797735
O103         7.01780096138737        6.72716996938958        2.95318502611556
O104        -3.05627900553518        0.20846099923189       10.60965700561443
O105         1.65962100231577       -2.83731200166842       10.67438300059064
O106         2.96945799073841        9.12193695754384        2.90927902249817
O107         2.53162399962122       -0.54337800220823       10.20804799846622
O108         1.32257503234305        7.30697199321504        2.39889303166667
O109         4.57516621102805        5.08763091482703        5.24433742570627
O110        -1.83614397200788       -1.02252803813076        7.92351594865217
O111         4.06639099906540       -3.61004899750699       11.96209499645084
O112         1.74351400000163       11.00642899971143        1.14435000031689
O113         4.77102600017856       -0.79549799992745       11.95641799989742
O114        -0.42750399947843        9.09402500002791        1.09409800037459
O115         0.02886694808942       -2.28805898262530        7.99125793600413
O116         2.57429524003978        6.11961542751112        5.11779642413525
O117         9.19941900028717        6.45278500008962        1.08329499961603
O118        -4.74811399977593        1.98897500007799       11.94402899923519
O119         8.50025399768827        3.67241999961598        1.11329200034129
O120        -2.54297499991941        3.84924000005556       12.01523099989598
O121         4.26917099133973        6.73557398784475        3.01966800466276
O122        -0.14709299682252       -0.43606200538054       10.01702999073380
O123         6.74805699920454        5.60008599882321        0.07153000083428
O124        -2.23828478025221        1.30233833944433       13.04491124558357
S            1.17130152954419        0.16716946852857        0.91947469907311
S            1.85471493415805       -0.80813562119507        3.47804497631629
F            1.62001962468587        2.74195167456442        1.46062317028738
F           -0.21761701861776        2.36347327650066        0.37412115960483
F           -0.10560837702089        1.92013227700176        2.49266913715593
F            2.64345825447925        0.07749898640168        5.82755232428658
F            4.06372377663291        0.48846409027093        4.23874260894120
F            2.24424313337414        1.66030675667467        4.39900140460854
O           -7.07274400000109       13.77175900000449        0.87471900000255
O           -2.41938199998853       -6.85921099997848       12.79781099998016
O            2.59111950940579       -2.03754284221258        3.69323102408043
O            0.48455833416660       -0.73629243907881        3.91648433449880
N            2.16929893783658       -0.19580543783630        2.03123870499734
C            0.57833717594050        1.89694820886815        1.33508742158069
C            2.75265545835052        0.42858907801555        4.53305725592756
139
 energy: -349.252640712260 gnorm: 1.028723209797 xtb: 6.7.1 (edcfbbe)
Ti00        -2.86833499879564        2.11544199913052       11.26521399844429
Ti00         7.80278799748236        5.38320999403604        1.84439099641710
Ti00         1.35257195109885       -1.67349996333506        9.41711300905313
Ti00         2.51179197862726        7.54265214744666        3.64841379113907
Ti00         1.44467199902022        9.18741799916483        1.75198899801715
Ti00         3.25945800222754       -1.86425700525724       11.35952997318559
Ti00        -1.86978198282441        0.41602400525643        9.36613997987544
Ti00         5.81598416733596        5.61428403340342        3.70328074709860
H009         3.74689687024643        1.65262503652243        8.58343949347067
H010        -7.02491604905118       10.14276484257441        6.47825700000067
H011         4.43163000001723       11.01061199998274        4.65043800001126
H012        -2.50369399998127        6.02805099996603       11.04845999996359
H013         8.74873699830757        1.50734199782928        2.15525000040989
H014        -6.80154199948011        1.22189300017149       10.90364399899559
H015        11.11424599997829        7.50383799998435        2.02908899999654
H016         4.37272099999849       -5.86201999993851       10.96265299989587
H017        -2.58914300019388        8.45618100001469        2.09570299976275
H018         4.65696583673779        3.20414733791710        6.82695281181289
H019        -0.04522478291948        3.67026826908478        8.40603009010457
H020        12.44091799998794       -1.82816700000234        6.37853999999290
H021        -2.32715878028328        0.33192933950602       12.98424924561118
H022         5.92738499338632        5.07740299519914        0.15458400162697
H023         3.76142473420620       -2.50661648994062        5.84472456603760
H024         0.74555999863620        9.31426200085455        7.27943099900795
H025        -6.05991300004930        3.66121300005163        9.03748999876985
H026        10.64124699984878        3.39337900012151        4.13213399687380
H027        -3.72858698871200        2.29870799641044        5.68886999284541
H028        -1.70397199963388       10.90338599974246        4.12492299977660
H029         1.73345200000356       12.30094499998355        2.60953700000109
H030         8.66798499633091       -0.51706299733879        3.35583100400969
H031         4.60668000377392        7.29745100529524        2.29782499121814
H032         0.21548700163677        0.13462000296453       10.71924600221202
H033         7.41533199541775        0.21868500019179        9.72836600430595
H034         5.95549599450960       -0.30253400410611       10.48329900063400
H035         7.82865600275473        4.67098700010013        8.63253699301616
H036         7.23765100124472        5.01153799975291        7.01770899846025
H037         7.09817684381821       -4.74997682023753        9.53431976338300
H038         5.78403015736303       -3.69502905263469       10.00015670060455
H039         1.41148465360998        1.91154754761011        9.35608554904466
H040         0.86375963929834        5.22703950613463        6.64857416496941
H041         5.74102299984341        9.06933299980205        3.84537099980399
H042         7.99913500003500        8.60999299991057        4.74462299996230
C043         8.42232501627196        4.65919099081904        4.70370600923836
C044        -3.85332798638055        2.34671799102217        8.42389900642035
C045         3.96159397007085       -2.59262962879362        8.47652419985227
C046         0.51353999361528        9.44335700540582        4.62132000405016
C047         9.34433599666901        4.08519200235707        5.69310497905486
C048        -4.81192600031019        2.94002600075931        7.45290698689559
C049         4.91731411458092       -3.17274753513477        7.52326751010670
C050        -0.39266099516654       10.05756099645162        5.62688398639962
C051         9.10104200433586        4.14976299682347        7.10099900680715
C052        -4.59925599321469        2.82934199791772        6.06353800142963
C053         6.07507263687799       -3.89377143486420        7.96908806614890
C054        -1.51605500170896       10.79246900108664        5.18909000105417
C055        -0.12481099797249        9.89423399861854        6.98009500905247
C056         4.65740536078182       -3.04764435938805        6.14091613196806
C057        10.49894699663906        3.42668700134883        5.21005400619273
C058        -5.93267900089434        3.59312400058888        7.95869100276991
C059         2.81368458617949        4.30741168216054        6.63956624687328
C060         1.80210071811269        2.58016899741658        8.59092378429292
C061         6.16147300042650        9.72627599990608        4.60512900022260
C062        -1.73008397922073       -2.94471996751528        6.52823392121286
C063         8.71517499618490        1.58832999593756        0.01126200638414
C064         1.83904000001018       13.14742899987813        0.08858700001024
C065         6.68424322116837        0.19533434008735       12.99003124462617
C066        -6.71970578269013        1.27180133860722       13.04686424284919
C067         3.35051779144599        5.22449307812750        5.60560475798469
C068        -1.14501788564307       -2.03351488237186        7.54024803569035
C069         4.21605822044049       -4.20165966311428       13.10128625023705
C070         1.79608600005037       11.71165100025769        0.04970099964374
C071         5.40895521947724       -0.46628466059821       13.04314124569017
C072        -5.33250077942088        1.73459633969730       13.06403924679015
C073         1.48290367650107        4.44260485644987        7.07873823048083
C074         3.12522010517592        2.43682950285725        8.15461164651677
C075         5.42411999989566       10.82759399991857        5.05874699991384
C076        -8.01891104904218       10.31957384257100        6.07343600000759
C077         8.78465199471070        0.91951501700182        1.23977999298900
C078        -2.50814199997092        6.61524899992192       11.96306499990501
C079        -4.36055200138653        7.73050700091393        1.11030300073892
C080        -7.35136599911744        1.02202500034155       11.82193200348751
C081         7.44137099955326        9.46964400004334        5.11272299981470
C082        12.99119299996170       -2.69455199998787        6.01748099999300
C083         3.63263763254853        3.29805361382250        7.18120997679358
C084         0.98062301491022        3.57870365026792        8.05288932619251
C085         7.36176599726633        0.48952799900715       11.75354800142967
C086        -3.08920099930867        8.25494600174592        1.15247900131467
C087         4.43800299996673       -6.38855999987906       11.91067599981177
C088         8.85557904864230       -0.47964285593236        1.31879701022399
N089         8.93834604771066       -1.07761383811107        2.55596798912567
N090         6.78251601163315        0.28815700416476       10.51742599489167
N091         8.00128299147693        4.75734000316399        7.63912701080629
N092         6.41877507979978       -4.04207814053297        9.28442386757144
O093         7.23466499514265        5.02263700116622        5.07660400734059
O094        -3.05392399982284        1.42370300303448        8.02011299332481
O095         4.34522410425036       -2.45640698626005        9.69570822118488
O096         0.42605400069461        9.87189699958694        3.42267999809880
O097         1.31896099846052        8.51307899995019        5.00222800736413
O098         2.77677677019816       -2.26472425968818        8.07808698884935
O099         8.82439799819538        4.75570100093472        3.48980499486218
O100        -3.90376600153558        2.77975100043511        9.62446699518938
O101         6.15669696512374        4.40912705009971        2.50521806190698
O102        -1.36797500001016        1.99365799805424       10.10962799757121
O103         7.01780093854891        6.72716995098029        2.95318504181110
O104        -3.05627900502726        0.20846099925799       10.60965700501216
O105         1.65962100276849       -2.83731200092140       10.67438299930832
O106         2.96945798503428        9.12193693186334        2.90927903633726
O107         2.53162399964259       -0.54337800317560       10.20804799808217
O108         1.32257504879622        7.30697199416470        2.39889304996118
O109         4.57516575424224        5.08763086032261        5.24433767326301
O110        -1.83614396803814       -1.02252805503999        7.92351593841187
O111         4.06639099869996       -3.61004899640948       11.96209499465894
O112         1.74351399995782       11.00642899953839        1.14435000034701
O113         4.77102600040430       -0.79549799980395       11.95641799994189
O114        -0.42750399934782        9.09402500009319        1.09409800044368
O115         0.02886692670400       -2.28805898313968        7.99125791600265
O116         2.57429538141845        6.11961509369429        5.11779667181375
O117         9.19941900015053        6.45278499989908        1.08329499964133
O118        -4.74811399968242        1.98897500011753       11.94402899895002
O119         8.50025399773514        3.67241999980882        1.11329200041528
O120        -2.54297499992071        3.84924000005283       12.01523099989867
O121         4.26917098866758        6.73557398493260        3.01966800834011
O122        -0.14709299549588       -0.43606200725162       10.01702998922450
O123         6.74805699929280        5.60008599893953        0.07153000082173
O124        -2.23828478025216        1.30233833944919       13.04491124556551
S            1.17116521209985        0.16722274408913        0.91937300134655
S            1.85437487703418       -0.80949454821553        3.47895007673437
F            1.62015041730087        2.74205833655043        1.46067001518932
F           -0.21742301968502        2.36335606673713        0.37435517878266
F           -0.10568760472583        1.92014635164987        2.49285593045557
F            2.64345772465511        0.07748484629654        5.82754079804426
F            4.06374956672021        0.48845911617017        4.23874118856474
F            2.24427462442814        1.66023531102441        4.39901142532297
O           -7.07274400000131       13.77175900000474        0.87471900000251
O           -2.41938199998568       -6.85921099997494       12.79781099997407
O            2.59083337151207       -2.03666699420744        3.69295583510611
O            0.48504251466345       -0.73607804452718        3.91620966739868
N            2.16953071926490       -0.19565106990733        2.03097667457015
C            0.57809628778090        1.89692030932098        1.33460282772952
C            2.75264051524786        0.42876503221484        4.53308546494136
139
 energy: -349.252641269301 gnorm: 1.028698671053 xtb: 6.7.1 (edcfbbe)
Ti00        -2.86833499874949        2.11544199907625       11.26521399851159
Ti00         7.80278799846648        5.38320999365626        1.84439099576277
Ti00         1.35257194191417       -1.67349995532550        9.41711301739665
Ti00         2.51179197313011        7.54265219366980        3.64841373479740
Ti00         1.44467199841361        9.18741799980804        1.75198899745313
Ti00         3.25945800196018       -1.86425700596958       11.35952996878153
Ti00        -1.86978198241905        0.41602400675182        9.36613998152451
Ti00         5.81598421738984        5.61428404594507        3.70328067966818
H009         3.74689711347620        1.65262476568362        8.58343962837119
H010        -7.02491604905121       10.14276484257441        6.47825700000071
H011         4.43163000002399       11.01061199998527        4.65043800001738
H012        -2.50369399998129        6.02805099996558       11.04845999996338
H013         8.74873699834150        1.50734199737794        2.15525000052655
H014        -6.80154199935196        1.22189300021736       10.90364399873801
H015        11.11424599997828        7.50383799998428        2.02908899999649
H016         4.37272100000296       -5.86201999993648       10.96265299989333
H017        -2.58914300019721        8.45618100001697        2.09570299976003
H018         4.65696578335783        3.20414742763032        6.82695275590823
H019        -0.04522500210382        3.67026834475435        8.40603011594086
H020        12.44091799998808       -1.82816700000241        6.37853999999309
H021        -2.32715878028219        0.33192933950258       12.98424924560884
H022         5.92738499329950        5.07740299514969        0.15458400164369
H023         3.76142463284090       -2.50661642624638        5.84472452880835
H024         0.74555999827464        9.31426200109398        7.27943099875296
H025        -6.05991300007076        3.66121300006583        9.03748999852512
H026        10.64124699984797        3.39337900016285        4.13213399601404
H027        -3.72858698836259        2.29870799623950        5.68886999262454
H028        -1.70397199954240       10.90338599968104        4.12492299970987
H029         1.73345200000322       12.30094499998422        2.60953700000147
H030         8.66798499612305       -0.51706299692312        3.35583100486726
H031         4.60668000492717        7.29745100701314        2.29782498924095
H032         0.21548700186936        0.13462000342875       10.71924600264160
H033         7.41533199414888        0.21868500025244        9.72836600546061
H034         5.95549599299986       -0.30253400521500       10.48329900077520
H035         7.82865600349349        4.67098700011950        8.63253699113045
H036         7.23765100156401        5.01153799966705        7.01770899806841
H037         7.09817682865696       -4.74997680168140        9.53431972376081
H038         5.78403019756147       -3.69502906867565       10.00015663668693
H039         1.41148455667019        1.91154742145819        9.35608570299524
H040         0.86375981851336        5.22703936771090        6.64857421149741
H041         5.74102299981445        9.06933299977537        3.84537099976629
H042         7.99913500005167        8.60999299989127        4.74462299995662
C043         8.42232502080892        4.65919098861995        4.70370601192408
C044        -3.85332798418046        2.34671798943579        8.42389900821951
C045         3.96159370447719       -2.59262953101877        8.47652424243965
C046         0.51353999196129        9.44335700689446        4.62132000518714
C047         9.34433599601158        4.08519200300476        5.69310497356594
C048        -4.81192600060509        2.94002600096296        7.45290698423193
C049         4.91731397781207       -3.17274746346216        7.52326699306448
C050        -0.39266099396253       10.05756099560604        5.62688398280228
C051         9.10104200551832        4.14976299599948        7.10099900865062
C052        -4.59925599351108        2.82934199810205        6.06353800287796
C053         6.07507274628049       -3.89377151048343        7.96908807364552
C054        -1.51605500213216       10.79246900137270        5.18909000134918
C055        -0.12481099742668        9.89423399828093        6.98009501146531
C056         4.65740551917436       -3.04764444746681        6.14091650545892
C057        10.49894699575442        3.42668700179350        5.21005400794506
C058        -5.93267900120433        3.59312400076422        7.95869100337520
C059         2.81368475119698        4.30741186007897        6.63956602598973
C060         1.80210092257102        2.58016927520250        8.59092344747860
C061         6.16147300056044        9.72627599991198        4.60512900030015
C062        -1.73008398356278       -2.94471997506536        6.52823391194954
C063         8.71517499626748        1.58832999488668        0.01126200806448
C064         1.83904000001010       13.14742899989776        0.08858700000774
C065         6.68424322164940        0.19533434029124       12.99003124434400
C066        -6.71970578334144        1.27180133836858       13.04686424211267
C067         3.35051801141740        5.22449337660868        5.60560440653878
C068        -1.14501786233759       -2.03351486337229        7.54024806096942
C069         4.21605822063813       -4.20165966380758       13.10128625150977
C070         1.79608600004777       11.71165100025863        0.04970099961747
C071         5.40895521930028       -0.46628466069289       13.04314124565583
C072        -5.33250077916121        1.73459633976821       13.06403924705024
C073         1.48290302955941        4.44260509720485        7.07873829140430
C074         3.12521958102631        2.43683019861061        8.15461125277554
C075         5.42411999987224       10.82759399992165        5.05874699990275
C076        -8.01891104904222       10.31957384257104        6.07343600000775
C077         8.78465199443980        0.91951502138356        1.23977999067595
C078        -2.50814199997078        6.61524899992100       11.96306499990452
C079        -4.36055200140709        7.73050700092918        1.11030300074741
C080        -7.35136599889885        1.02202500043250       11.82193200441781
C081         7.44137099944723        9.46964400007753        5.11272299978145
C082        12.99119299996207       -2.69455199998818        6.01748099999337
C083         3.63263781262592        3.29805292503240        7.18121050831807
C084         0.98062357866542        3.57870327621781        8.05288941920592
C085         7.36176599650264        0.48952799873685       11.75354800177521
C086        -3.08920099930388        8.25494600177323        1.15247900132954
C087         4.43800299996695       -6.38855999987158       11.91067599980200
C088         8.85557904903354       -0.47964285993407        1.31879701301188
N089         8.93834604780723       -1.07761383734638        2.55596798593087
N090         6.78251601482531        0.28815700535790       10.51742599350453
N091         8.00128298910504        4.75734000402413        7.63912701374485
N092         6.41877506828055       -4.04207814399821        9.28442403464155
O093         7.23466499366320        5.02263700168085        5.07660400939853
O094        -3.05392400098785        1.42370300422873        8.02011299320089
O095         4.34522413473254       -2.45640698675932        9.69570826530500
O096         0.42605400087236        9.87189699952968        3.42267999750958
O097         1.31896099814401        8.51307899992916        5.00222800926175
O098         2.77677695987246       -2.26472431735687        8.07808699887577
O099         8.82439799786331        4.75570100131777        3.48980499339649
O100        -3.90376600184243        2.77975100043854        9.62446699421084
O101         6.15669695880616        4.40912706584766        2.50521807985255
O102        -1.36797500016332        1.99365799747536       10.10962799725630
O103         7.01780092096088        6.72716993679948        2.95318505389294
O104        -3.05627900476094        0.20846099927075       10.60965700467620
O105         1.65962100331369       -2.83731200106721       10.67438299919910
O106         2.96945798063649        9.12193691207955        2.90927904699655
O107         2.53162399941028       -0.54337800410285       10.20804799738095
O108         1.32257506126219        7.30697199506079        2.39889306410665
O109         4.57516540224333        5.08763081833259        5.24433786370369
O110        -1.83614396542922       -1.02252806720689        7.92351592990918
O111         4.06639099842139       -3.61004899556131       11.96209499328974
O112         1.74351399992305       11.00642899939618        1.14435000038047
O113         4.77102600058763       -0.79549799970522       11.95641799999603
O114        -0.42750399924951        9.09402500012399        1.09409800050215
O115         0.02886690737848       -2.28805898318716        7.99125790250656
O116         2.57429549023119        6.11961483614985        5.11779686255135
O117         9.19941900005491        6.45278499975738        1.08329499965374
O118        -4.74811399961427        1.98897500014774       11.94402899873584
O119         8.50025399769448        3.67241999992195        1.11329200048738
O120        -2.54297499992102        3.84924000005200       12.01523099989866
O121         4.26917098673429        6.73557398281860        3.01966801125585
O122        -0.14709299443186       -0.43606200871251       10.01702998806833
O123         6.74805699929992        5.60008599894331        0.07153000083655
O124        -2.23828478025267        1.30233833945421       13.04491124555383
S            1.17131337743788        0.16716566831506        0.91953401423143
S            1.85430513390120       -0.80969222048008        3.47924792634300
F            1.62017067303330        2.74207152934962        1.46067910639100
F           -0.21738035686334        2.36333111426028        0.37440888345639
F           -0.10570612645121        1.92014748138101        2.49289844420084
F            2.64345709438986        0.07747444468175        5.82756827296009
F            4.06376465905878        0.48845734794691        4.23874282584474
F            2.24428744915746        1.66020528161924        4.39901691596098
O           -7.07274400000136       13.77175900000485        0.87471900000254
O           -2.41938199998487       -6.85921099997383       12.79781099997249
O            2.59082183764414       -2.03659088324093        3.69291933501898
O            0.48510504705643       -0.73604036831351        3.91615077949167
N            2.16941212035434       -0.19551969620898        2.03062870083953
C            0.57804499096405        1.89694021693355        1.33449326040014
C            2.75260931313764        0.42880752499393        4.53303963271490
